Archive member included to satisfy reference by file (symbol)

./lib/usb/libusb.a(dwhcidevice.o)
                              kernel.o (CDWHCIDevice::~CDWHCIDevice())
./lib/usb/libusb.a(dwhciregister.o)
                              ./lib/usb/libusb.a(dwhcidevice.o) (CDWHCIRegister::CDWHCIRegister(unsigned int))
./lib/usb/libusb.a(dwhcixferstagedata.o)
                              ./lib/usb/libusb.a(dwhcidevice.o) (CDWHCITransferStageData::~CDWHCITransferStageData())
./lib/usb/libusb.a(usbdevice.o)
                              ./lib/usb/libusb.a(dwhcixferstagedata.o) (CUSBDevice::GetAddress() const)
./lib/usb/libusb.a(usbendpoint.o)
                              ./lib/usb/libusb.a(usbdevice.o) (CUSBEndpoint::CUSBEndpoint(CUSBDevice*))
./lib/usb/libusb.a(usbhostcontroller.o)
                              ./lib/usb/libusb.a(dwhcidevice.o) (CUSBHostController::CUSBHostController())
./lib/usb/libusb.a(usbrequest.o)
                              ./lib/usb/libusb.a(usbhostcontroller.o) (CUSBRequest::CUSBRequest(CUSBEndpoint*, void*, unsigned int, TSetupData*))
./lib/usb/libusb.a(usbdevicefactory.o)
                              ./lib/usb/libusb.a(usbdevice.o) (CUSBDeviceFactory::GetDevice(CUSBFunction*, CString*))
./lib/usb/libusb.a(usbstandardhub.o)
                              ./lib/usb/libusb.a(usbdevicefactory.o) (CUSBStandardHub::CUSBStandardHub(CUSBFunction*))
./lib/usb/libusb.a(usbmassdevice.o)
                              ./lib/usb/libusb.a(usbdevicefactory.o) (CUSBBulkOnlyMassStorageDevice::CUSBBulkOnlyMassStorageDevice(CUSBFunction*))
./lib/usb/libusb.a(dwhciframeschednper.o)
                              ./lib/usb/libusb.a(dwhcixferstagedata.o) (CDWHCIFrameSchedulerNonPeriodic::CDWHCIFrameSchedulerNonPeriodic())
./lib/usb/libusb.a(dwhciframeschedper.o)
                              ./lib/usb/libusb.a(dwhcixferstagedata.o) (CDWHCIFrameSchedulerPeriodic::CDWHCIFrameSchedulerPeriodic())
./lib/usb/libusb.a(usbkeyboard.o)
                              ./lib/usb/libusb.a(usbdevicefactory.o) (CUSBKeyboardDevice::CUSBKeyboardDevice(CUSBFunction*))
./lib/usb/libusb.a(dwhcirootport.o)
                              ./lib/usb/libusb.a(dwhcidevice.o) (CDWHCIRootPort::CDWHCIRootPort(CDWHCIDevice*))
./lib/usb/libusb.a(usbhiddevice.o)
                              ./lib/usb/libusb.a(usbkeyboard.o) (CUSBHIDDevice::CUSBHIDDevice(CUSBFunction*, unsigned int))
./lib/usb/libusb.a(usbmouse.o)
                              ./lib/usb/libusb.a(usbdevicefactory.o) (CUSBMouseDevice::CUSBMouseDevice(CUSBFunction*))
./lib/usb/libusb.a(usbgamepad.o)
                              ./lib/usb/libusb.a(usbdevicefactory.o) (CUSBGamePadDevice::CUSBGamePadDevice(CUSBFunction*))
./lib/usb/libusb.a(usbfunction.o)
                              ./lib/usb/libusb.a(usbstandardhub.o) (CUSBFunction::Initialize())
./lib/usb/libusb.a(dwhciframeschednsplit.o)
                              ./lib/usb/libusb.a(dwhcixferstagedata.o) (CDWHCIFrameSchedulerNoSplit::CDWHCIFrameSchedulerNoSplit(int))
./lib/usb/libusb.a(usbprinter.o)
                              ./lib/usb/libusb.a(usbdevicefactory.o) (CUSBPrinterDevice::CUSBPrinterDevice(CUSBFunction*))
./lib/usb/libusb.a(usbbluetooth.o)
                              ./lib/usb/libusb.a(usbdevicefactory.o) (CUSBBluetoothDevice::CUSBBluetoothDevice(CUSBFunction*))
./lib/usb/libusb.a(usbmidi.o)
                              ./lib/usb/libusb.a(usbdevicefactory.o) (CUSBMIDIDevice::CUSBMIDIDevice(CUSBFunction*))
./lib/usb/libusb.a(usbcdcethernet.o)
                              ./lib/usb/libusb.a(usbdevicefactory.o) (CUSBCDCEthernetDevice::CUSBCDCEthernetDevice(CUSBFunction*))
./lib/usb/libusb.a(usbconfigparser.o)
                              ./lib/usb/libusb.a(usbdevice.o) (CUSBConfigurationParser::CUSBConfigurationParser(void const*, unsigned int))
./lib/usb/libusb.a(usbstring.o)
                              ./lib/usb/libusb.a(usbcdcethernet.o) (CUSBString::CUSBString(CUSBDevice*))
./lib/usb/libusb.a(smsc951x.o)
                              ./lib/usb/libusb.a(usbdevicefactory.o) (CSMSC951xDevice::CSMSC951xDevice(CUSBFunction*))
./lib/usb/libusb.a(macaddress.o)
                              ./lib/usb/libusb.a(usbcdcethernet.o) (CMACAddress::CMACAddress())
./lib/usb/libusb.a(netdevice.o)
                              ./lib/usb/libusb.a(usbcdcethernet.o) (CNetDevice::CNetDevice(CUSBFunction*))
./lib/input/libinput.a(keyboardbehaviour.o)
                              ./lib/usb/libusb.a(usbkeyboard.o) (CKeyboardBehaviour::CKeyboardBehaviour())
./lib/input/libinput.a(keymap.o)
                              ./lib/input/libinput.a(keyboardbehaviour.o) (CKeyMap::~CKeyMap())
./lib/input/libinput.a(mousebehaviour.o)
                              ./lib/usb/libusb.a(usbmouse.o) (CMouseBehaviour::CMouseBehaviour())
./lib/net/libnet.a(netsubsystem.o)
                              kernel.o (CNetSubSystem::CNetSubSystem(unsigned char const*, unsigned char const*, unsigned char const*, unsigned char const*))
[...]
Memory Configuration

Name             Origin             Length             Attributes
*default*        0x0000000000000000 0xffffffffffffffff

Linker script and memory map

                0x0000000000008000                . = 0x8000

.text           0x0000000000008000    0x221ec
 *(.text*)
 .text          0x0000000000008000       0x70 ./lib/startup.o
                0x0000000000008000                _start
                0x0000000000008064                _start_secondary
 .text          0x0000000000008070        0x0 main.o
 .text.startup  0x0000000000008070       0x60 main.o
                0x0000000000008070                main
 .text          0x00000000000080d0      0xa4c kernel.o
                0x00000000000080d0                CKernel::CKernel()
                0x00000000000080d0                CKernel::CKernel()
                0x0000000000008218                CKernel::Initialize()
                0x00000000000082d8                tfoo(unsigned int, void const*)
                0x0000000000008310                tfooinf(unsigned int, void const*)
                0x0000000000008358                my_strstr(char*, char const*, int&)
                0x0000000000008404                modifysong(char*, char*)
                0x000000000000846c                CKernel::modify(char*, char*)
                0x0000000000008500                CKernel::Run()
                0x0000000000008988                CKernel::TimerHandler(unsigned int, void*, void*)
                0x0000000000008990                CKernel::~CKernel()
                0x0000000000008990                CKernel::~CKernel()
                0x0000000000008a50                CKernel::KeyPressedHandler(char const*)
 .text          0x0000000000008b1c       0xb0 Thread.o
                0x0000000000008b1c                Thread::Run()
                0x0000000000008b2c                Thread::~Thread()
                0x0000000000008b2c                Thread::~Thread()
                0x0000000000008b58                Thread::~Thread()
                0x0000000000008b90                Thread::Thread(void (*)(unsigned int, void const*), unsigned int, void const*)
                0x0000000000008b90                Thread::Thread(void (*)(unsigned int, void const*), unsigned int, void const*)
 .text          0x0000000000008bcc     0x102c HTTPClient.o
                0x0000000000008bcc                HTTPClient::~HTTPClient()
                0x0000000000008bcc                HTTPClient::~HTTPClient()
                0x0000000000008c10                HTTPClient::~HTTPClient()
                0x0000000000008c30                HTTPClient::HTTPClient(CNetSubSystem*, CPWMSoundDevice*, CScreenDevice*, char*, int, int, CSocket*, unsigned int, int)
                0x0000000000008c30                HTTPClient::HTTPClient(CNetSubSystem*, CPWMSoundDevice*, CScreenDevice*, char*, int, int, CSocket*, unsigned int, int)
                0x0000000000008cb4                HTTPClient::GetLinkForPhase2()
                0x0000000000008e2c                HTTPClient::GetDownloadLink()
                0x0000000000009090                HTTPClient::getnewlocation()
                0x0000000000009138                HTTPClient::ParseMethod(char*)
                0x00000000000092a4                HTTPClient::ParseHeaderField(char*)
                0x00000000000093dc                HTTPClient::ParseRequest()
                0x0000000000009678                HTTPClient::Request(char*)
                0x0000000000009ba0                HTTPClient::Run()
 .text          0x0000000000009bf8        0x0 CoreManager.o
 .text          0x0000000000009bf8       0xbc Keyboard.o
                0x0000000000009bf8                Keyboard::Keyboard(CUSBKeyboardDevice*)
                0x0000000000009bf8                Keyboard::Keyboard(CUSBKeyboardDevice*)
                0x0000000000009c18                Keyboard::~Keyboard()
                0x0000000000009c18                Keyboard::~Keyboard()
                0x0000000000009c2c                Keyboard::Get()
                0x0000000000009c3c                Keyboard::AppendToBuffer(char)
                0x0000000000009c98                Keyboard::ClearBuffer()
                0x0000000000009ca8                Keyboard::IsEndOfLine()
                0x0000000000009cb0                Keyboard::GetBuffer()
 .text          0x0000000000009cb4     0x24a4 ./lib/usb/libusb.a(dwhcidevice.o)
                0x0000000000009cb4                CDWHCIDevice::CompletionRoutine(CUSBRequest*, void*, void*)
                0x0000000000009d14                CDWHCIDevice::~CDWHCIDevice()
                0x0000000000009d14                CDWHCIDevice::~CDWHCIDevice()
                0x0000000000009d48                CDWHCIDevice::~CDWHCIDevice()
                0x0000000000009de4                CDWHCIDevice::CDWHCIDevice(CInterruptSystem*, CTimer*)
                0x0000000000009de4                CDWHCIDevice::CDWHCIDevice(CInterruptSystem*, CTimer*)
                0x0000000000009ec8                CDWHCIDevice::GetPortSpeed()
                0x0000000000009f14                CDWHCIDevice::OvercurrentDetected()
                0x0000000000009f4c                CDWHCIDevice::DisableRootPort()
                0x0000000000009f90                CDWHCIDevice::PowerOn()
                0x0000000000009ff8                CDWHCIDevice::EnableGlobalInterrupts()
                0x000000000000a03c                CDWHCIDevice::EnableCommonInterrupts()
                0x000000000000a074                CDWHCIDevice::EnableHostInterrupts()
                0x000000000000a0d0                CDWHCIDevice::EnableChannelInterrupt(unsigned int)
                0x000000000000a144                CDWHCIDevice::DisableChannelInterrupt(unsigned int)
                0x000000000000a1b8                CDWHCIDevice::StartChannel(CDWHCITransferStageData*)
                0x000000000000a580                CDWHCIDevice::StartTransaction(CDWHCITransferStageData*)
                0x000000000000a69c                CDWHCIDevice::TimerHandler(CDWHCITransferStageData*)
                0x000000000000a754                CDWHCIDevice::TimerStub(unsigned int, void*, void*)
                0x000000000000a7c0                CDWHCIDevice::AllocateChannel()
                0x000000000000a898                CDWHCIDevice::FreeChannel(unsigned int)
                0x000000000000a930                CDWHCIDevice::TransferStageAsync(CUSBRequest*, int, int)
                0x000000000000aa8c                CDWHCIDevice::SubmitAsyncRequest(CUSBRequest*)
                0x000000000000ab50                CDWHCIDevice::ChannelInterruptHandler(unsigned int)
                0x000000000000b010                CDWHCIDevice::InterruptHandler()
                0x000000000000b100                CDWHCIDevice::InterruptStub(void*)
                0x000000000000b13c                CDWHCIDevice::AllocateWaitBlock()
                0x000000000000b1b0                CDWHCIDevice::FreeWaitBlock(unsigned int)
                0x000000000000b244                CDWHCIDevice::TransferStage(CUSBRequest*, int, int)
                0x000000000000b330                CDWHCIDevice::SubmitBlockingRequest(CUSBRequest*)
                0x000000000000b554                CDWHCIDevice::WaitForBit(CDWHCIRegister*, unsigned int, int, unsigned int)
                0x000000000000b65c                CDWHCIDevice::EnableRootPort()
                0x000000000000b71c                CDWHCIDevice::Reset()
                0x000000000000b7c0                CDWHCIDevice::InitCore()
                0x000000000000ba0c                CDWHCIDevice::FlushTxFIFO(unsigned int)
                0x000000000000baa8                CDWHCIDevice::FlushRxFIFO()
                0x000000000000bb28                CDWHCIDevice::InitHost()
                0x000000000000bd20                CDWHCIDevice::Initialize()
                0x000000000000bf50                CDWHCIDevice::DumpRegister(char const*, unsigned int)
                0x000000000000bfb0                CDWHCIDevice::DumpStatus(unsigned int)
 .text          0x000000000000c158      0x2f8 ./lib/usb/libusb.a(dwhciregister.o)
                0x000000000000c158                CDWHCIRegister::CDWHCIRegister(unsigned int)
                0x000000000000c158                CDWHCIRegister::CDWHCIRegister(unsigned int)
                0x000000000000c168                CDWHCIRegister::CDWHCIRegister(unsigned int, unsigned int)
                0x000000000000c168                CDWHCIRegister::CDWHCIRegister(unsigned int, unsigned int)
                0x000000000000c178                CDWHCIRegister::~CDWHCIRegister()
                0x000000000000c178                CDWHCIRegister::~CDWHCIRegister()
                0x000000000000c17c                CDWHCIRegister::Read()
                0x000000000000c198                CDWHCIRegister::Write()
                0x000000000000c1d4                CDWHCIRegister::Get() const
                0x000000000000c208                CDWHCIRegister::Set(unsigned int)
                0x000000000000c218                CDWHCIRegister::IsSet(unsigned int) const
                0x000000000000c260                CDWHCIRegister::And(unsigned int)
                0x000000000000c2a0                CDWHCIRegister::Or(unsigned int)
                0x000000000000c2e0                CDWHCIRegister::ClearBit(unsigned int)
                0x000000000000c348                CDWHCIRegister::SetBit(unsigned int)
                0x000000000000c3b0                CDWHCIRegister::ClearAll()
                0x000000000000c3c4                CDWHCIRegister::SetAll()
                0x000000000000c3d8                CDWHCIRegister::Dump() const
 .text          0x000000000000c450      0x964 ./lib/usb/libusb.a(dwhcixferstagedata.o)
                0x000000000000c450                CDWHCITransferStageData::~CDWHCITransferStageData()
                0x000000000000c450                CDWHCITransferStageData::~CDWHCITransferStageData()
                0x000000000000c494                CDWHCITransferStageData::TransactionComplete(unsigned int, unsigned int, unsigned int)
                0x000000000000c658                CDWHCITransferStageData::SetSplitComplete(int)
                0x000000000000c690                CDWHCITransferStageData::SetState(unsigned int)
                0x000000000000c698                CDWHCITransferStageData::GetState() const
                0x000000000000c6a0                CDWHCITransferStageData::SetSubState(unsigned int)
                0x000000000000c6a8                CDWHCITransferStageData::GetSubState() const
                0x000000000000c6b0                CDWHCITransferStageData::BeginSplitCycle()
                0x000000000000c6b8                CDWHCITransferStageData::GetChannelNumber() const
                0x000000000000c6c0                CDWHCITransferStageData::IsPeriodic() const
                0x000000000000c710                CDWHCITransferStageData::CDWHCITransferStageData(unsigned int, CUSBRequest*, int, int)
                0x000000000000c710                CDWHCITransferStageData::CDWHCITransferStageData(unsigned int, CUSBRequest*, int, int)
                0x000000000000c9c4                CDWHCITransferStageData::GetDeviceAddress() const
                0x000000000000ca08                CDWHCITransferStageData::GetEndpointType() const
                0x000000000000ca84                CDWHCITransferStageData::GetEndpointNumber() const
                0x000000000000cac8                CDWHCITransferStageData::GetMaxPacketSize() const
                0x000000000000cad0                CDWHCITransferStageData::GetSpeed() const
                0x000000000000cad8                CDWHCITransferStageData::GetPID() const
                0x000000000000cb58                CDWHCITransferStageData::IsDirectionIn() const
                0x000000000000cb60                CDWHCITransferStageData::IsStatusStage() const
                0x000000000000cb68                CDWHCITransferStageData::GetDMAAddress() const
                0x000000000000cba8                CDWHCITransferStageData::GetBytesToTransfer() const
                0x000000000000cbb0                CDWHCITransferStageData::GetPacketsToTransfer() const
                0x000000000000cbb8                CDWHCITransferStageData::IsSplit() const
                0x000000000000cbc0                CDWHCITransferStageData::IsSplitComplete() const
                0x000000000000cbf4                CDWHCITransferStageData::GetHubAddress() const
                0x000000000000cc64                CDWHCITransferStageData::GetHubPortAddress() const
                0x000000000000ccd4                CDWHCITransferStageData::GetSplitPosition() const
                0x000000000000ccdc                CDWHCITransferStageData::GetStatusMask() const
                0x000000000000cd08                CDWHCITransferStageData::GetTransactionStatus() const
                0x000000000000cd48                CDWHCITransferStageData::IsStageComplete() const
                0x000000000000cd58                CDWHCITransferStageData::GetResultLen() const
                0x000000000000cd6c                CDWHCITransferStageData::GetURB() const
                0x000000000000cdac                CDWHCITransferStageData::GetFrameScheduler() const
 .text          0x000000000000cdb4      0xf1c ./lib/usb/libusb.a(usbdevice.o)
                0x000000000000cdb4                CUSBDevice::~CUSBDevice()
                0x000000000000cdb4                CUSBDevice::~CUSBDevice()
                0x000000000000ce6c                CUSBDevice::~CUSBDevice()
                0x000000000000ce8c                CUSBDevice::CUSBDevice(CUSBHostController*, TUSBSpeed, int, unsigned char, unsigned char)
                0x000000000000ce8c                CUSBDevice::CUSBDevice(CUSBHostController*, TUSBSpeed, int, unsigned char, unsigned char)
                0x000000000000cf78                CUSBDevice::GetName(TDeviceNameSelector) const
                0x000000000000d08c                CUSBDevice::GetNames() const
                0x000000000000d1c8                CUSBDevice::SetAddress(unsigned char)
                0x000000000000d1fc                CUSBDevice::GetAddress() const
                0x000000000000d204                CUSBDevice::GetSpeed() const
                0x000000000000d20c                CUSBDevice::IsSplit() const
                0x000000000000d214                CUSBDevice::GetHubAddress() const
                0x000000000000d21c                CUSBDevice::GetHubPortNumber() const
                0x000000000000d224                CUSBDevice::GetEndpoint0() const
                0x000000000000d264                CUSBDevice::GetHost() const
                0x000000000000d2a4                CUSBDevice::GetDeviceDescriptor() const
                0x000000000000d2e4                CUSBDevice::GetConfigurationDescriptor() const
                0x000000000000d324                CUSBDevice::GetDescriptor(unsigned char)
                0x000000000000d370                CUSBDevice::ConfigurationError(char const*) const
                0x000000000000d3bc                CUSBDevice::LogWrite(TLogSeverity, char const*, ...)
                0x000000000000d470                CUSBDevice::Initialize()
                0x000000000000dbc4                CUSBDevice::Configure()
 .text          0x000000000000dcd0      0x498 ./lib/usb/libusb.a(usbendpoint.o)
                0x000000000000dcd0                CUSBEndpoint::CUSBEndpoint(CUSBDevice*)
                0x000000000000dcd0                CUSBEndpoint::CUSBEndpoint(CUSBDevice*)
                0x000000000000dd30                CUSBEndpoint::CUSBEndpoint(CUSBDevice*, TUSBEndpointDescriptor const*)
                0x000000000000dd30                CUSBEndpoint::CUSBEndpoint(CUSBDevice*, TUSBEndpointDescriptor const*)
                0x000000000000deec                CUSBEndpoint::CUSBEndpoint(CUSBEndpoint*, CUSBDevice*)
                0x000000000000deec                CUSBEndpoint::CUSBEndpoint(CUSBEndpoint*, CUSBDevice*)
                0x000000000000df7c                CUSBEndpoint::~CUSBEndpoint()
                0x000000000000df7c                CUSBEndpoint::~CUSBEndpoint()
                0x000000000000df80                CUSBEndpoint::GetDevice() const
                0x000000000000dfc0                CUSBEndpoint::GetNumber() const
                0x000000000000dfc8                CUSBEndpoint::GetType() const
                0x000000000000dfd0                CUSBEndpoint::IsDirectionIn() const
                0x000000000000dfd8                CUSBEndpoint::SetMaxPacketSize(unsigned int)
                0x000000000000dfe0                CUSBEndpoint::GetMaxPacketSize() const
                0x000000000000dfe8                CUSBEndpoint::GetInterval() const
                0x000000000000e01c                CUSBEndpoint::GetNextPID(int)
                0x000000000000e064                CUSBEndpoint::SkipPID(unsigned int, int)
                0x000000000000e130                CUSBEndpoint::ResetPID()
 .text          0x000000000000e168      0x204 ./lib/usb/libusb.a(usbhostcontroller.o)
                0x000000000000e168                CUSBHostController::CUSBHostController()
                0x000000000000e168                CUSBHostController::CUSBHostController()
                0x000000000000e178                CUSBHostController::~CUSBHostController()
                0x000000000000e178                CUSBHostController::~CUSBHostController()
                0x000000000000e17c                CUSBHostController::~CUSBHostController()
                0x000000000000e194                CUSBHostController::ControlMessage(CUSBEndpoint*, unsigned char, unsigned char, unsigned short, unsigned short, void*, unsigned short)
                0x000000000000e240                CUSBHostController::GetDescriptor(CUSBEndpoint*, unsigned char, unsigned char, void*, unsigned int, unsigned char, unsigned short)
                0x000000000000e274                CUSBHostController::SetAddress(CUSBEndpoint*, unsigned char)
                0x000000000000e2c0                CUSBHostController::SetConfiguration(CUSBEndpoint*, unsigned char)
                0x000000000000e30c                CUSBHostController::Transfer(CUSBEndpoint*, void*, unsigned int)
 .text          0x000000000000e36c      0x264 ./lib/usb/libusb.a(usbrequest.o)
                0x000000000000e36c                CUSBRequest::CUSBRequest(CUSBEndpoint*, void*, unsigned int, TSetupData*)
                0x000000000000e36c                CUSBRequest::CUSBRequest(CUSBEndpoint*, void*, unsigned int, TSetupData*)
                0x000000000000e404                CUSBRequest::~CUSBRequest()
                0x000000000000e404                CUSBRequest::~CUSBRequest()
                0x000000000000e408                CUSBRequest::GetEndpoint() const
                0x000000000000e448                CUSBRequest::SetStatus(int)
                0x000000000000e450                CUSBRequest::SetResultLen(unsigned int)
                0x000000000000e458                CUSBRequest::GetStatus() const
                0x000000000000e460                CUSBRequest::GetResultLength() const
                0x000000000000e494                CUSBRequest::GetSetupData()
                0x000000000000e4f4                CUSBRequest::GetBuffer()
                0x000000000000e540                CUSBRequest::GetBufLen() const
                0x000000000000e548                CUSBRequest::SetCompletionRoutine(void (*)(CUSBRequest*, void*, void*), void*, void*)
                0x000000000000e574                CUSBRequest::CallCompletionRoutine()
                0x000000000000e5bc                CUSBRequest::SetCompleteOnNAK()
                0x000000000000e5c8                CUSBRequest::IsCompleteOnNAK() const
 .text          0x000000000000e5d0      0x2dc ./lib/usb/libusb.a(usbdevicefactory.o)
                0x000000000000e5d0                CUSBDeviceFactory::GetDevice(CUSBFunction*, CString*)
 .text          0x000000000000e8ac      0xac0 ./lib/usb/libusb.a(usbstandardhub.o)
                0x000000000000e8ac                CUSBStandardHub::~CUSBStandardHub()
                0x000000000000e8ac                CUSBStandardHub::~CUSBStandardHub()
                0x000000000000e944                CUSBStandardHub::~CUSBStandardHub()
                0x000000000000e964                CUSBStandardHub::CUSBStandardHub(CUSBFunction*)
                0x000000000000e964                CUSBStandardHub::CUSBStandardHub(CUSBFunction*)
                0x000000000000e9b0                CUSBStandardHub::EnumeratePorts()
                0x000000000000f148                CUSBStandardHub::Configure()
 .text          0x000000000000f36c      0xc9c ./lib/usb/libusb.a(usbmassdevice.o)
                0x000000000000f36c                CUSBBulkOnlyMassStorageDevice::Seek(unsigned long long)
                0x000000000000f37c                CUSBBulkOnlyMassStorageDevice::~CUSBBulkOnlyMassStorageDevice()
                0x000000000000f37c                CUSBBulkOnlyMassStorageDevice::~CUSBBulkOnlyMassStorageDevice()
                0x000000000000f418                CUSBBulkOnlyMassStorageDevice::~CUSBBulkOnlyMassStorageDevice()
                0x000000000000f438                CUSBBulkOnlyMassStorageDevice::CUSBBulkOnlyMassStorageDevice(CUSBFunction*)
                0x000000000000f438                CUSBBulkOnlyMassStorageDevice::CUSBBulkOnlyMassStorageDevice(CUSBFunction*)
                0x000000000000f478                CUSBBulkOnlyMassStorageDevice::GetCapacity() const
                0x000000000000f480                CUSBBulkOnlyMassStorageDevice::Command(void*, unsigned int, void*, unsigned int, int)
                0x000000000000f72c                CUSBBulkOnlyMassStorageDevice::TryRead(void*, unsigned int)
                0x000000000000f840                CUSBBulkOnlyMassStorageDevice::TryWrite(void const*, unsigned int)
                0x000000000000f950                CUSBBulkOnlyMassStorageDevice::Reset()
                0x000000000000faac                CUSBBulkOnlyMassStorageDevice::Read(void*, unsigned int)
                0x000000000000fb14                CUSBBulkOnlyMassStorageDevice::Write(void const*, unsigned int)
                0x000000000000fb7c                CUSBBulkOnlyMassStorageDevice::Configure()
 .text          0x0000000000010008      0x22c ./lib/usb/libusb.a(dwhciframeschednper.o)
                0x0000000000010008                CDWHCIFrameSchedulerNonPeriodic::~CDWHCIFrameSchedulerNonPeriodic()
                0x0000000000010008                CDWHCIFrameSchedulerNonPeriodic::~CDWHCIFrameSchedulerNonPeriodic()
                0x000000000001000c                CDWHCIFrameSchedulerNonPeriodic::StartSplit()
                0x0000000000010018                CDWHCIFrameSchedulerNonPeriodic::WaitForFrame()
                0x000000000001001c                CDWHCIFrameSchedulerNonPeriodic::IsOddFrame() const
                0x0000000000010024                CDWHCIFrameSchedulerNonPeriodic::~CDWHCIFrameSchedulerNonPeriodic()
                0x000000000001003c                CDWHCIFrameSchedulerNonPeriodic::CompleteSplit()
                0x00000000000100bc                CDWHCIFrameSchedulerNonPeriodic::TransactionComplete(unsigned int)
                0x00000000000101e0                CDWHCIFrameSchedulerNonPeriodic::CDWHCIFrameSchedulerNonPeriodic()
                0x00000000000101e0                CDWHCIFrameSchedulerNonPeriodic::CDWHCIFrameSchedulerNonPeriodic()
 .text          0x0000000000010234      0x2c4 ./lib/usb/libusb.a(dwhciframeschedper.o)
                0x0000000000010234                CDWHCIFrameSchedulerPeriodic::~CDWHCIFrameSchedulerPeriodic()
                0x0000000000010234                CDWHCIFrameSchedulerPeriodic::~CDWHCIFrameSchedulerPeriodic()
                0x0000000000010238                CDWHCIFrameSchedulerPeriodic::StartSplit()
                0x000000000001024c                CDWHCIFrameSchedulerPeriodic::IsOddFrame() const
                0x0000000000010258                CDWHCIFrameSchedulerPeriodic::~CDWHCIFrameSchedulerPeriodic()
                0x0000000000010270                CDWHCIFrameSchedulerPeriodic::WaitForFrame()
                0x00000000000102e0                CDWHCIFrameSchedulerPeriodic::CompleteSplit()
                0x000000000001037c                CDWHCIFrameSchedulerPeriodic::TransactionComplete(unsigned int)
                0x000000000001049c                CDWHCIFrameSchedulerPeriodic::CDWHCIFrameSchedulerPeriodic()
                0x000000000001049c                CDWHCIFrameSchedulerPeriodic::CDWHCIFrameSchedulerPeriodic()
 .text          0x00000000000104f8      0x440 ./lib/usb/libusb.a(usbkeyboard.o)
                0x00000000000104f8                CUSBKeyboardDevice::~CUSBKeyboardDevice()
                0x00000000000104f8                CUSBKeyboardDevice::~CUSBKeyboardDevice()
                0x000000000001052c                CUSBKeyboardDevice::~CUSBKeyboardDevice()
                0x000000000001056c                CUSBKeyboardDevice::ReportHandler(unsigned char const*)
                0x00000000000106d0                CUSBKeyboardDevice::CUSBKeyboardDevice(CUSBFunction*)
                0x00000000000106d0                CUSBKeyboardDevice::CUSBKeyboardDevice(CUSBFunction*)
                0x000000000001071c                CUSBKeyboardDevice::RegisterKeyPressedHandler(void (*)(char const*))
                0x0000000000010724                CUSBKeyboardDevice::RegisterSelectConsoleHandler(void (*)(unsigned int))
                0x000000000001072c                CUSBKeyboardDevice::RegisterShutdownHandler(void (*)())
                0x0000000000010734                CUSBKeyboardDevice::GetLEDStatus() const
                0x000000000001075c                CUSBKeyboardDevice::RegisterKeyStatusHandlerRaw(void (*)(unsigned char, unsigned char const*))
                0x0000000000010794                CUSBKeyboardDevice::SetLEDs(unsigned char)
                0x0000000000010804                CUSBKeyboardDevice::UpdateLEDs()
                0x0000000000010860                CUSBKeyboardDevice::FindByte(unsigned char const*, unsigned char, unsigned int)
                0x000000000001088c                CUSBKeyboardDevice::Configure()
 .text          0x0000000000010938      0x1fc ./lib/usb/libusb.a(dwhcirootport.o)
                0x0000000000010938                CDWHCIRootPort::CDWHCIRootPort(CDWHCIDevice*)
                0x0000000000010938                CDWHCIRootPort::CDWHCIRootPort(CDWHCIDevice*)
                0x0000000000010978                CDWHCIRootPort::~CDWHCIRootPort()
                0x0000000000010978                CDWHCIRootPort::~CDWHCIRootPort()
                0x00000000000109a0                CDWHCIRootPort::Initialize()
 .text          0x0000000000010b34      0x558 ./lib/usb/libusb.a(usbhiddevice.o)
                0x0000000000010b34                CUSBHIDDevice::CUSBHIDDevice(CUSBFunction*, unsigned int)
                0x0000000000010b34                CUSBHIDDevice::CUSBHIDDevice(CUSBFunction*, unsigned int)
                0x0000000000010b80                CUSBHIDDevice::~CUSBHIDDevice()
                0x0000000000010b80                CUSBHIDDevice::~CUSBHIDDevice()
                0x0000000000010be4                CUSBHIDDevice::~CUSBHIDDevice()
                0x0000000000010c04                CUSBHIDDevice::StartRequest()
                0x0000000000010d34                CUSBHIDDevice::Configure(unsigned int)
                0x0000000000010f4c                CUSBHIDDevice::CompletionRoutine(CUSBRequest*)
                0x0000000000011044                CUSBHIDDevice::CompletionStub(CUSBRequest*, void*, void*)
 .text          0x000000000001108c      0x228 ./lib/usb/libusb.a(usbmouse.o)
                0x000000000001108c                CUSBMouseDevice::~CUSBMouseDevice()
                0x000000000001108c                CUSBMouseDevice::~CUSBMouseDevice()
                0x00000000000110c0                CUSBMouseDevice::~CUSBMouseDevice()
                0x0000000000011100                CUSBMouseDevice::ReportHandler(unsigned char const*)
                0x000000000001115c                CUSBMouseDevice::CUSBMouseDevice(CUSBFunction*)
                0x000000000001115c                CUSBMouseDevice::CUSBMouseDevice(CUSBFunction*)
                0x0000000000011190                CUSBMouseDevice::Setup(unsigned int, unsigned int)
                0x0000000000011198                CUSBMouseDevice::RegisterEventHandler(void (*)(TMouseEvent, unsigned int, unsigned int, unsigned int))
                0x00000000000111a0                CUSBMouseDevice::SetCursor(unsigned int, unsigned int)
                0x00000000000111a8                CUSBMouseDevice::ShowCursor(int)
                0x00000000000111b0                CUSBMouseDevice::RegisterStatusHandler(void (*)(unsigned int, int, int))
                0x0000000000011208                CUSBMouseDevice::Configure()
 .text          0x00000000000112b4      0xae4 ./lib/usb/libusb.a(usbgamepad.o)
                0x00000000000112b4                CUSBGamePadDevice::~CUSBGamePadDevice()
                0x00000000000112b4                CUSBGamePadDevice::~CUSBGamePadDevice()
                0x00000000000112f8                CUSBGamePadDevice::~CUSBGamePadDevice()
                0x0000000000011318                CUSBGamePadDevice::CUSBGamePadDevice(CUSBFunction*)
                0x0000000000011318                CUSBGamePadDevice::CUSBGamePadDevice(CUSBFunction*)
                0x000000000001139c                CUSBGamePadDevice::RegisterStatusHandler(void (*)(unsigned int, TGamePadState const*))
                0x00000000000113f4                CUSBGamePadDevice::BitGetUnsigned(void const*, unsigned int, unsigned int)
                0x00000000000114f8                CUSBGamePadDevice::BitGetSigned(void const*, unsigned int, unsigned int)
                0x0000000000011520                CUSBGamePadDevice::DecodeReport(unsigned char const*)
                0x000000000001198c                CUSBGamePadDevice::GetReport()
                0x0000000000011a54                CUSBGamePadDevice::ReportHandler(unsigned char const*)
                0x0000000000011a8c                CUSBGamePadDevice::PS3Configure()
                0x0000000000011b64                CUSBGamePadDevice::Configure()
 .text          0x0000000000011d98      0x614 ./lib/usb/libusb.a(usbfunction.o)
                0x0000000000011d98                CUSBFunction::Initialize()
                0x0000000000011da0                CUSBFunction::~CUSBFunction()
                0x0000000000011da0                CUSBFunction::~CUSBFunction()
                0x0000000000011df8                CUSBFunction::~CUSBFunction()
                0x0000000000011e18                CUSBFunction::CUSBFunction(CUSBDevice*, CUSBConfigurationParser*)
                0x0000000000011e18                CUSBFunction::CUSBFunction(CUSBDevice*, CUSBConfigurationParser*)
                0x0000000000011ee4                CUSBFunction::CUSBFunction(CUSBFunction*)
                0x0000000000011ee4                CUSBFunction::CUSBFunction(CUSBFunction*)
                0x0000000000011ff4                CUSBFunction::GetInterfaceName() const
                0x0000000000012060                CUSBFunction::GetNumEndpoints() const
                0x00000000000120a0                CUSBFunction::GetDevice() const
                0x00000000000120e0                CUSBFunction::GetEndpoint0() const
                0x0000000000012124                CUSBFunction::GetHost() const
                0x0000000000012168                CUSBFunction::Configure()
                0x000000000001222c                CUSBFunction::GetDescriptor(unsigned char)
                0x0000000000012278                CUSBFunction::ConfigurationError(char const*) const
                0x00000000000122ec                CUSBFunction::GetInterfaceNumber() const
                0x000000000001232c                CUSBFunction::GetInterfaceSubClass() const
                0x000000000001236c                CUSBFunction::GetInterfaceProtocol() const
 .text          0x00000000000123ac       0xfc ./lib/usb/libusb.a(dwhciframeschednsplit.o)
                0x00000000000123ac                CDWHCIFrameSchedulerNoSplit::~CDWHCIFrameSchedulerNoSplit()
                0x00000000000123ac                CDWHCIFrameSchedulerNoSplit::~CDWHCIFrameSchedulerNoSplit()
                0x00000000000123b0                CDWHCIFrameSchedulerNoSplit::IsOddFrame() const
                0x00000000000123bc                CDWHCIFrameSchedulerNoSplit::~CDWHCIFrameSchedulerNoSplit()
                0x00000000000123d4                CDWHCIFrameSchedulerNoSplit::StartSplit()
                0x00000000000123ec                CDWHCIFrameSchedulerNoSplit::CompleteSplit()
                0x0000000000012410                CDWHCIFrameSchedulerNoSplit::TransactionComplete(unsigned int)
                0x0000000000012428                CDWHCIFrameSchedulerNoSplit::WaitForFrame()
                0x000000000001248c                CDWHCIFrameSchedulerNoSplit::CDWHCIFrameSchedulerNoSplit(int)
                0x000000000001248c                CDWHCIFrameSchedulerNoSplit::CDWHCIFrameSchedulerNoSplit(int)
 .text          0x00000000000124a8      0x36c ./lib/usb/libusb.a(usbprinter.o)
                0x00000000000124a8                CUSBPrinterDevice::~CUSBPrinterDevice()
                0x00000000000124a8                CUSBPrinterDevice::~CUSBPrinterDevice()
                0x000000000001251c                CUSBPrinterDevice::~CUSBPrinterDevice()
                0x000000000001253c                CUSBPrinterDevice::Write(void const*, unsigned int)
                0x00000000000125e0                CUSBPrinterDevice::CUSBPrinterDevice(CUSBFunction*)
                0x00000000000125e0                CUSBPrinterDevice::CUSBPrinterDevice(CUSBFunction*)
                0x0000000000012610                CUSBPrinterDevice::Configure()
 .text          0x0000000000012814      0x694 ./lib/usb/libusb.a(usbbluetooth.o)
                0x0000000000012814                CUSBBluetoothDevice::~CUSBBluetoothDevice()
                0x0000000000012814                CUSBBluetoothDevice::~CUSBBluetoothDevice()
                0x00000000000128d0                CUSBBluetoothDevice::~CUSBBluetoothDevice()
                0x00000000000128f0                CUSBBluetoothDevice::CUSBBluetoothDevice(CUSBFunction*)
                0x00000000000128f0                CUSBBluetoothDevice::CUSBBluetoothDevice(CUSBFunction*)
                0x000000000001292c                CUSBBluetoothDevice::SendHCICommand(void const*, unsigned int)
                0x000000000001298c                CUSBBluetoothDevice::StartRequest()
                0x0000000000012ab0                CUSBBluetoothDevice::RegisterHCIEventHandler(void (*)(void const*, unsigned int))
                0x0000000000012af4                CUSBBluetoothDevice::CompletionRoutine(CUSBRequest*)
                0x0000000000012c34                CUSBBluetoothDevice::CompletionStub(CUSBRequest*, void*, void*)
                0x0000000000012c7c                CUSBBluetoothDevice::Configure()
 .text          0x0000000000012ea8      0x72c ./lib/usb/libusb.a(usbmidi.o)
                0x0000000000012ea8                CUSBMIDIDevice::~CUSBMIDIDevice()
                0x0000000000012ea8                CUSBMIDIDevice::~CUSBMIDIDevice()
                0x0000000000012f0c                CUSBMIDIDevice::~CUSBMIDIDevice()
                0x0000000000012f2c                CUSBMIDIDevice::CUSBMIDIDevice(CUSBFunction*)
                0x0000000000012f2c                CUSBMIDIDevice::CUSBMIDIDevice(CUSBFunction*)
                0x0000000000012f64                CUSBMIDIDevice::RegisterPacketHandler(void (*)(unsigned int, unsigned char*, unsigned int))
                0x0000000000012fbc                CUSBMIDIDevice::StartRequest()
                0x00000000000130f4                CUSBMIDIDevice::CompletionRoutine(CUSBRequest*)
                0x00000000000132d0                CUSBMIDIDevice::CompletionStub(CUSBRequest*, void*, void*)
                0x0000000000013318                CUSBMIDIDevice::TimerHandler(unsigned int)
                0x0000000000013358                CUSBMIDIDevice::TimerStub(unsigned int, void*, void*)
                0x00000000000133a0                CUSBMIDIDevice::Configure()
 .text          0x00000000000135d4      0x5ac ./lib/usb/libusb.a(usbcdcethernet.o)
                0x00000000000135d4                CUSBCDCEthernetDevice::GetMACAddress() const
                0x00000000000135dc                CUSBCDCEthernetDevice::~CUSBCDCEthernetDevice()
                0x00000000000135dc                CUSBCDCEthernetDevice::~CUSBCDCEthernetDevice()
                0x0000000000013658                CUSBCDCEthernetDevice::~CUSBCDCEthernetDevice()
                0x0000000000013678                CUSBCDCEthernetDevice::SendFrame(void const*, unsigned int)
                0x0000000000013718                CUSBCDCEthernetDevice::ReceiveFrame(void*, unsigned int*)
                0x0000000000013814                CUSBCDCEthernetDevice::CUSBCDCEthernetDevice(CUSBFunction*)
                0x0000000000013814                CUSBCDCEthernetDevice::CUSBCDCEthernetDevice(CUSBFunction*)
                0x0000000000013848                CUSBCDCEthernetDevice::InitMACAddress(unsigned char)
                0x0000000000013948                CUSBCDCEthernetDevice::Configure()
 .text          0x0000000000013b80      0x36c ./lib/usb/libusb.a(usbconfigparser.o)
                0x0000000000013b80                CUSBConfigurationParser::CUSBConfigurationParser(void const*, unsigned int)
                0x0000000000013b80                CUSBConfigurationParser::CUSBConfigurationParser(void const*, unsigned int)
                0x0000000000013cd8                CUSBConfigurationParser::CUSBConfigurationParser(CUSBConfigurationParser*)
                0x0000000000013cd8                CUSBConfigurationParser::CUSBConfigurationParser(CUSBConfigurationParser*)
                0x0000000000013d38                CUSBConfigurationParser::~CUSBConfigurationParser()
                0x0000000000013d38                CUSBConfigurationParser::~CUSBConfigurationParser()
                0x0000000000013d3c                CUSBConfigurationParser::IsValid() const
                0x0000000000013d44                CUSBConfigurationParser::GetDescriptor(unsigned char)
                0x0000000000013e24                CUSBConfigurationParser::GetCurrentDescriptor()
                0x0000000000013e80                CUSBConfigurationParser::Error(char const*) const
 .text          0x0000000000013eec      0x5c4 ./lib/usb/libusb.a(usbstring.o)
                0x0000000000013eec                CUSBString::CUSBString(CUSBDevice*)
                0x0000000000013eec                CUSBString::CUSBString(CUSBDevice*)
                0x0000000000013f6c                CUSBString::CUSBString(CUSBString*)
                0x0000000000013f6c                CUSBString::CUSBString(CUSBString*)
                0x0000000000014040                CUSBString::~CUSBString()
                0x0000000000014040                CUSBString::~CUSBString()
                0x0000000000014080                CUSBString::GetFromDescriptor(unsigned char, unsigned short)
                0x0000000000014324                CUSBString::Get() const
                0x000000000001432c                CUSBString::GetLanguageID()
 .text          0x00000000000144b0      0x910 ./lib/usb/libusb.a(smsc951x.o)
                0x00000000000144b0                CSMSC951xDevice::GetMACAddress() const
                0x00000000000144b8                CSMSC951xDevice::~CSMSC951xDevice()
                0x00000000000144b8                CSMSC951xDevice::~CSMSC951xDevice()
                0x0000000000014548                CSMSC951xDevice::~CSMSC951xDevice()
                0x0000000000014568                CSMSC951xDevice::ReceiveFrame(void*, unsigned int*)
                0x00000000000146fc                CSMSC951xDevice::SendFrame(void const*, unsigned int)
                0x00000000000147d8                CSMSC951xDevice::CSMSC951xDevice(CUSBFunction*)
                0x00000000000147d8                CSMSC951xDevice::CSMSC951xDevice(CUSBFunction*)
                0x000000000001481c                CSMSC951xDevice::WriteReg(unsigned int, unsigned int)
                0x0000000000014884                CSMSC951xDevice::ReadReg(unsigned int, unsigned int*)
                0x00000000000148ec                CSMSC951xDevice::DumpReg(char const*, unsigned int)
                0x0000000000014964                CSMSC951xDevice::DumpRegs()
                0x0000000000014afc                CSMSC951xDevice::Configure()
 .text          0x0000000000014dc0      0x2d0 ./lib/usb/libusb.a(macaddress.o)
                0x0000000000014dc0                CMACAddress::CMACAddress()
                0x0000000000014dc0                CMACAddress::CMACAddress()
                0x0000000000014dcc                CMACAddress::~CMACAddress()
                0x0000000000014dcc                CMACAddress::~CMACAddress()
                0x0000000000014dd0                CMACAddress::operator==(CMACAddress const&) const
                0x0000000000014e58                CMACAddress::operator!=(CMACAddress const&) const
                0x0000000000014e6c                CMACAddress::Set(unsigned char const*)
                0x0000000000014eb4                CMACAddress::CMACAddress(unsigned char const*)
                0x0000000000014eb4                CMACAddress::CMACAddress(unsigned char const*)
                0x0000000000014ec8                CMACAddress::SetBroadcast()
                0x0000000000014eec                CMACAddress::Get() const
                0x0000000000014f20                CMACAddress::CopyTo(unsigned char*) const
                0x0000000000014f90                CMACAddress::IsBroadcast() const
                0x0000000000014fec                CMACAddress::GetSize() const
                0x0000000000014ff4                CMACAddress::Format(CString*) const
 .text          0x0000000000015090       0xd8 ./lib/usb/libusb.a(netdevice.o)
                0x0000000000015090                CNetDevice::CNetDevice(CUSBFunction*)
                0x0000000000015090                CNetDevice::CNetDevice(CUSBFunction*)
                0x00000000000150b0                CNetDevice::~CNetDevice()
                0x00000000000150b0                CNetDevice::~CNetDevice()
                0x00000000000150d0                CNetDevice::~CNetDevice()
                0x00000000000150fc                CNetDevice::AddNetDevice()
 .text          0x0000000000015168      0x374 ./lib/input/libinput.a(keyboardbehaviour.o)
                0x0000000000015168                CKeyboardBehaviour::CKeyboardBehaviour()
                0x0000000000015168                CKeyboardBehaviour::CKeyboardBehaviour()
                0x000000000001519c                CKeyboardBehaviour::~CKeyboardBehaviour()
                0x000000000001519c                CKeyboardBehaviour::~CKeyboardBehaviour()
                0x00000000000151c4                CKeyboardBehaviour::RegisterKeyPressedHandler(void (*)(char const*))
                0x00000000000151fc                CKeyboardBehaviour::RegisterSelectConsoleHandler(void (*)(unsigned int))
                0x0000000000015234                CKeyboardBehaviour::RegisterShutdownHandler(void (*)())
                0x000000000001526c                CKeyboardBehaviour::GetLEDStatus() const
                0x0000000000015274                CKeyboardBehaviour::GenerateKeyEvent(unsigned char)
                0x0000000000015354                CKeyboardBehaviour::KeyPressed(unsigned char)
                0x0000000000015398                CKeyboardBehaviour::KeyReleased(unsigned char)
                0x0000000000015400                CKeyboardBehaviour::TimerHandler(unsigned int)
                0x0000000000015494                CKeyboardBehaviour::TimerStub(unsigned int, void*, void*)
 .text          0x00000000000154dc      0x3c4 ./lib/input/libinput.a(keymap.o)
                0x00000000000154dc                CKeyMap::~CKeyMap()
                0x00000000000154dc                CKeyMap::~CKeyMap()
                0x00000000000154e0                CKeyMap::ClearTable(unsigned char)
                0x0000000000015518                CKeyMap::SetEntry(unsigned char, unsigned char, unsigned short)
                0x0000000000015568                CKeyMap::Translate(unsigned char, unsigned char)
                0x0000000000015680                CKeyMap::GetString(unsigned short, unsigned char, char*) const
                0x000000000001573c                CKeyMap::GetLEDStatus() const
                0x000000000001576c                CKeyMap::LookupDefaultMap(char const*)
                0x00000000000157fc                CKeyMap::CKeyMap()
                0x00000000000157fc                CKeyMap::CKeyMap()
 .text          0x00000000000158a0      0x500 ./lib/input/libinput.a(mousebehaviour.o)
                0x00000000000158a0                CMouseBehaviour::CMouseBehaviour()
                0x00000000000158a0                CMouseBehaviour::CMouseBehaviour()
                0x00000000000158c4                CMouseBehaviour::~CMouseBehaviour()
                0x00000000000158c4                CMouseBehaviour::~CMouseBehaviour()
                0x00000000000158c8                CMouseBehaviour::Setup(unsigned int, unsigned int)
                0x0000000000015a24                CMouseBehaviour::RegisterEventHandler(void (*)(TMouseEvent, unsigned int, unsigned int, unsigned int))
                0x0000000000015a7c                CMouseBehaviour::SetCursorState(unsigned int, unsigned int, int)
                0x0000000000015af4                CMouseBehaviour::SetCursor(unsigned int, unsigned int)
                0x0000000000015ba4                CMouseBehaviour::ShowCursor(int)
                0x0000000000015c20                CMouseBehaviour::MouseStatusChanged(unsigned int, int, int)
 .text          0x0000000000015da0      0x308 ./lib/net/libnet.a(netsubsystem.o)
                0x0000000000015da0                CNetSubSystem::CNetSubSystem(unsigned char const*, unsigned char const*, unsigned char const*, unsigned char const*)
                0x0000000000015da0                CNetSubSystem::CNetSubSystem(unsigned char const*, unsigned char const*, unsigned char const*, unsigned char const*)
                0x0000000000015e7c                CNetSubSystem::~CNetSubSystem()
                0x0000000000015e7c                CNetSubSystem::~CNetSubSystem()
                0x0000000000015ed4                CNetSubSystem::Initialize()
                0x0000000000016010                CNetSubSystem::Process()
                0x000000000001603c                CNetSubSystem::GetConfig()
                0x0000000000016040                CNetSubSystem::GetNetDeviceLayer()
                0x0000000000016048                CNetSubSystem::GetTransportLayer()
                0x0000000000016050                CNetSubSystem::IsRunning() const
 .text          0x00000000000160a8       0xd4 ./lib/net/libnet.a(nettask.o)
                0x00000000000160a8                CNetTask::~CNetTask()
                0x00000000000160a8                CNetTask::~CNetTask()
                0x00000000000160d0                CNetTask::~CNetTask()
                0x0000000000016104                CNetTask::Run()
                0x0000000000016150                CNetTask::CNetTask(CNetSubSystem*)
                0x0000000000016150                CNetTask::CNetTask(CNetSubSystem*)
 .text          0x000000000001617c      0x928 ./lib/net/libnet.a(socket.o)
                0x000000000001617c                CSocket::CSocket(CNetSubSystem*, int)
                0x000000000001617c                CSocket::CSocket(CNetSubSystem*, int)
                0x0000000000016230                CSocket::CSocket(CSocket&)
                0x0000000000016230                CSocket::CSocket(CSocket&)
                0x00000000000162cc                CSocket::~CSocket()
                0x00000000000162cc                CSocket::~CSocket()
                0x0000000000016330                CSocket::Bind(unsigned short)
                0x0000000000016390                CSocket::Connect(CIPAddress&, unsigned short)
                0x0000000000016490                CSocket::Listen()
                0x000000000001650c                CSocket::Accept(CIPAddress*, unsigned short*)
                0x0000000000016630                CSocket::Send(void const*, unsigned int, int)
                0x00000000000166dc                CSocket::Receive(void*, unsigned int, int)
                0x00000000000167cc                CSocket::SendTo(void const*, unsigned int, int, CIPAddress&, unsigned short)
                0x00000000000168d0                CSocket::ReceiveFrom(void*, unsigned int, int, CIPAddress*, unsigned short*)
                0x00000000000169d8                CSocket::SetOptionBroadcast(int)
                0x0000000000016a48                CSocket::GetForeignIP() const
 .text          0x0000000000016aa4      0xffc ./lib/net/libnet.a(transportlayer.o)
                0x0000000000016aa4                CTransportLayer::CTransportLayer(CNetConfig*, CNetworkLayer*)
                0x0000000000016aa4                CTransportLayer::CTransportLayer(CNetConfig*, CNetworkLayer*)
                0x0000000000016b50                CTransportLayer::Initialize()
                0x0000000000016b90                CTransportLayer::Bind(unsigned short, int)
                0x0000000000016d10                CTransportLayer::Connect(CIPAddress&, unsigned short, unsigned short, int)
                0x0000000000016fb0                CTransportLayer::Listen(unsigned short, int)
                0x0000000000017128                CTransportLayer::Accept(CIPAddress*, unsigned short*, int)
                0x0000000000017200                CTransportLayer::Disconnect(int)
                0x0000000000017280                CTransportLayer::Send(void const*, unsigned int, int, int)
                0x0000000000017368                CTransportLayer::Receive(void*, int, int)
                0x000000000001741c                CTransportLayer::SendTo(void const*, unsigned int, int, CIPAddress&, unsigned short, int)
                0x0000000000017514                CTransportLayer::ReceiveFrom(void*, int, CIPAddress*, unsigned short*, int)
                0x00000000000175e0                CTransportLayer::SetOptionBroadcast(int, int)
                0x0000000000017668                CTransportLayer::GetForeignIP(int) const
                0x00000000000176d8                CTransportLayer::~CTransportLayer()
                0x00000000000176d8                CTransportLayer::~CTransportLayer()
                0x0000000000017770                CTransportLayer::Process()
 .text          0x0000000000017aa0      0x9e0 ./lib/net/libnet.a(networklayer.o)
                0x0000000000017aa0                CNetworkLayer::CNetworkLayer(CNetConfig*, CLinkLayer*)
                0x0000000000017aa0                CNetworkLayer::CNetworkLayer(CNetConfig*, CLinkLayer*)
                0x0000000000017b34                CNetworkLayer::~CNetworkLayer()
                0x0000000000017b34                CNetworkLayer::~CNetworkLayer()
                0x0000000000017ba8                CNetworkLayer::Initialize()
                0x0000000000017c54                CNetworkLayer::Process()
                0x0000000000017edc                CNetworkLayer::Send(CIPAddress const&, void const*, unsigned int, int)
                0x0000000000018140                CNetworkLayer::Receive(void*, unsigned int*, CIPAddress*, CIPAddress*, int*)
                0x000000000001828c                CNetworkLayer::ReceiveNotification(TICMPNotificationType*, CIPAddress*, CIPAddress*, unsigned short*, unsigned short*, int*)
                0x0000000000018400                CNetworkLayer::AddRoute(unsigned char const*, unsigned char const*)
                0x0000000000018408                CNetworkLayer::GetGateway(unsigned char const*) const
 .text          0x0000000000018480      0x5b8 ./lib/net/libnet.a(linklayer.o)
                0x0000000000018480                CLinkLayer::CLinkLayer(CNetConfig*, CNetDeviceLayer*)
                0x0000000000018480                CLinkLayer::CLinkLayer(CNetConfig*, CNetDeviceLayer*)
                0x0000000000018504                CLinkLayer::~CLinkLayer()
                0x0000000000018504                CLinkLayer::~CLinkLayer()
                0x0000000000018564                CLinkLayer::Initialize()
                0x00000000000185e8                CLinkLayer::Process()
                0x00000000000187f8                CLinkLayer::Send(CIPAddress const&, void const*, unsigned int)
                0x00000000000189c4                CLinkLayer::Receive(void*, unsigned int*)
 .text          0x0000000000018a38      0x300 ./lib/net/libnet.a(netdevlayer.o)
                0x0000000000018a38                CNetDeviceLayer::CNetDeviceLayer(CNetConfig*)
                0x0000000000018a38                CNetDeviceLayer::CNetDeviceLayer(CNetConfig*)
                0x0000000000018a68                CNetDeviceLayer::~CNetDeviceLayer()
                0x0000000000018a68                CNetDeviceLayer::~CNetDeviceLayer()
                0x0000000000018aa8                CNetDeviceLayer::Initialize()
                0x0000000000018b54                CNetDeviceLayer::Process()
                0x0000000000018c84                CNetDeviceLayer::GetMACAddress() const
                0x0000000000018cd8                CNetDeviceLayer::Send(void const*, unsigned int)
                0x0000000000018ce4                CNetDeviceLayer::Receive(void*, unsigned int*)
 .text          0x0000000000018d38      0x980 ./lib/net/libnet.a(arphandler.o)
                0x0000000000018d38                CARPHandler::TimerHandler(unsigned int, void*, void*)
                0x0000000000018dfc                CARPHandler::CARPHandler(CNetConfig*, CNetDeviceLayer*, CNetQueue*)
                0x0000000000018dfc                CARPHandler::CARPHandler(CNetConfig*, CNetDeviceLayer*, CNetQueue*)
                0x0000000000018ec8                CARPHandler::~CARPHandler()
                0x0000000000018ec8                CARPHandler::~CARPHandler()
                0x0000000000018ee8                CARPHandler::ReplyReceived(CIPAddress const&, CMACAddress const&)
                0x0000000000018f90                CARPHandler::RequestReceived(CIPAddress const&, CMACAddress const&)
                0x0000000000019070                CARPHandler::SendPacket(int, CIPAddress const&, CMACAddress const&)
                0x00000000000191c8                CARPHandler::Process()
                0x000000000001943c                CARPHandler::Resolve(CIPAddress const&, CMACAddress*)
 .text          0x00000000000196b8      0x628 ./lib/net/libnet.a(icmphandler.o)
                0x00000000000196b8                CICMPHandler::CICMPHandler(CNetConfig*, CNetworkLayer*, CNetQueue*, CNetQueue*)
                0x00000000000196b8                CICMPHandler::CICMPHandler(CNetConfig*, CNetworkLayer*, CNetQueue*, CNetQueue*)
                0x000000000001979c                CICMPHandler::~CICMPHandler()
                0x000000000001979c                CICMPHandler::~CICMPHandler()
                0x00000000000197bc                CICMPHandler::EnqueueNotification(TICMPNotificationType, TIPHeader*, TICMPDataDatagramHeader*)
                0x00000000000198c8                CICMPHandler::Process()
 .text          0x0000000000019ce0      0x264 ./lib/net/libnet.a(routecache.o)
                0x0000000000019ce0                CRouteCache::CRouteCache()
                0x0000000000019ce0                CRouteCache::CRouteCache()
                0x0000000000019cfc                CRouteCache::Flush()
                0x0000000000019d44                CRouteCache::~CRouteCache()
                0x0000000000019d44                CRouteCache::~CRouteCache()
                0x0000000000019d60                CRouteCache::AddRoute(unsigned char const*, unsigned char const*)
                0x0000000000019e6c                CRouteCache::GetRoute(unsigned char const*) const
 .text          0x0000000000019f44      0x230 ./lib/net/libnet.a(netconnection.o)
                0x0000000000019f44                CNetConnection::CNetConnection(CNetConfig*, CNetworkLayer*, CIPAddress&, unsigned short, unsigned short, int)
                0x0000000000019f44                CNetConnection::CNetConnection(CNetConfig*, CNetworkLayer*, CIPAddress&, unsigned short, unsigned short, int)
                0x000000000001a004                CNetConnection::CNetConnection(CNetConfig*, CNetworkLayer*, unsigned short, int)
                0x000000000001a004                CNetConnection::CNetConnection(CNetConfig*, CNetworkLayer*, unsigned short, int)
                0x000000000001a0b0                CNetConnection::~CNetConnection()
                0x000000000001a0b0                CNetConnection::~CNetConnection()
                0x000000000001a0e4                CNetConnection::~CNetConnection()
                0x000000000001a124                CNetConnection::GetForeignIP() const
                0x000000000001a12c                CNetConnection::GetOwnPort() const
                0x000000000001a16c                CNetConnection::GetProtocol() const
 .text          0x000000000001a174      0xa40 ./lib/net/libnet.a(udpconnection.o)
                0x000000000001a174                CUDPConnection::Accept(CIPAddress*, unsigned short*)
                0x000000000001a17c                CUDPConnection::Close()
                0x000000000001a198                CUDPConnection::SetOptionBroadcast(int)
                0x000000000001a1a4                CUDPConnection::IsTerminated() const
                0x000000000001a1b4                CUDPConnection::Process()
                0x000000000001a1b8                CUDPConnection::~CUDPConnection()
                0x000000000001a1b8                CUDPConnection::~CUDPConnection()
                0x000000000001a210                CUDPConnection::~CUDPConnection()
                0x000000000001a230                CUDPConnection::Send(void const*, unsigned int, int)
                0x000000000001a40c                CUDPConnection::Receive(void*, int)
                0x000000000001a510                CUDPConnection::ReceiveFrom(void*, int, CIPAddress*, unsigned short*)
                0x000000000001a648                CUDPConnection::Connect()
                0x000000000001a680                CUDPConnection::SendTo(void const*, unsigned int, int, CIPAddress&, unsigned short)
                0x000000000001a87c                CUDPConnection::PacketReceived(void const*, unsigned int, CIPAddress&, CIPAddress&, int)
                0x000000000001aa2c                CUDPConnection::NotificationReceived(TICMPNotificationType, CIPAddress&, CIPAddress&, unsigned short, unsigned short, int)
                0x000000000001aaec                CUDPConnection::CUDPConnection(CNetConfig*, CNetworkLayer*, CIPAddress&, unsigned short, unsigned short)
                0x000000000001aaec                CUDPConnection::CUDPConnection(CNetConfig*, CNetworkLayer*, CIPAddress&, unsigned short, unsigned short)
                0x000000000001ab58                CUDPConnection::CUDPConnection(CNetConfig*, CNetworkLayer*, unsigned short)
                0x000000000001ab58                CUDPConnection::CUDPConnection(CNetConfig*, CNetworkLayer*, unsigned short)
 .text          0x000000000001abb4     0x2108 ./lib/net/libnet.a(tcpconnection.o)
                0x000000000001abb4                CTCPConnection::SendTo(void const*, unsigned int, int, CIPAddress&, unsigned short)
                0x000000000001abcc                CTCPConnection::SetOptionBroadcast(int)
                0x000000000001abd4                CTCPConnection::IsTerminated() const
                0x000000000001abe4                CTCPConnection::ReceiveFrom(void*, int, CIPAddress*, unsigned short*)
                0x000000000001ac38                CTCPConnection::Send(void const*, unsigned int, int)
                0x000000000001ad50                CTCPConnection::Receive(void*, int)
                0x000000000001ae10                CTCPConnection::NotificationReceived(TICMPNotificationType, CIPAddress&, CIPAddress&, unsigned short, unsigned short, int)
                0x000000000001aecc                CTCPConnection::CTCPConnection(CNetConfig*, CNetworkLayer*, unsigned short)
                0x000000000001aecc                CTCPConnection::CTCPConnection(CNetConfig*, CNetworkLayer*, unsigned short)
                0x000000000001afa4                CTCPConnection::SendSegment(unsigned int, unsigned int, unsigned int, void const*, unsigned int)
                0x000000000001b17c                CTCPConnection::ScanOptions(TTCPHeader*)
                0x000000000001b230                CTCPConnection::CalculateISN()
                0x000000000001b29c                CTCPConnection::StopTimer(unsigned int)
                0x000000000001b348                CTCPConnection::~CTCPConnection()
                0x000000000001b348                CTCPConnection::~CTCPConnection()
                0x000000000001b404                CTCPConnection::~CTCPConnection()
                0x000000000001b424                CTCPConnection::Close()
                0x000000000001b54c                CTCPConnection::StartTimer(unsigned int, unsigned int)
                0x000000000001b614                CTCPConnection::CTCPConnection(CNetConfig*, CNetworkLayer*, CIPAddress&, unsigned short, unsigned short)
                0x000000000001b614                CTCPConnection::CTCPConnection(CNetConfig*, CNetworkLayer*, CIPAddress&, unsigned short, unsigned short)
                0x000000000001b780                CTCPConnection::Process()
                0x000000000001ba88                CTCPConnection::DumpStatus()
                0x000000000001bb04                CTCPConnection::NewState(TTCPState, unsigned int)
                0x000000000001bbac                CTCPConnection::UnexpectedState(unsigned int)
                0x000000000001bbf0                CTCPConnection::Connect()
                0x000000000001bc74                CTCPConnection::Accept(CIPAddress*, unsigned short*)
                0x000000000001bd64                CTCPConnection::PacketReceived(void const*, unsigned int, CIPAddress&, CIPAddress&, int)
                0x000000000001ca7c                CTCPConnection::TimerHandler(unsigned int)
                0x000000000001cc60                CTCPConnection::TimerStub(unsigned int, void*, void*)
 .text          0x000000000001ccbc      0x484 ./lib/net/libnet.a(retransmissionqueue.o)
                0x000000000001ccbc                CRetransmissionQueue::CRetransmissionQueue(unsigned int)
                0x000000000001ccbc                CRetransmissionQueue::CRetransmissionQueue(unsigned int)
                0x000000000001cd14                CRetransmissionQueue::~CRetransmissionQueue()
                0x000000000001cd14                CRetransmissionQueue::~CRetransmissionQueue()
                0x000000000001cd30                CRetransmissionQueue::IsEmpty() const
                0x000000000001cd48                CRetransmissionQueue::GetFreeSpace() const
                0x000000000001cdfc                CRetransmissionQueue::Write(void const*, unsigned int)
                0x000000000001cee8                CRetransmissionQueue::GetBytesAvailable() const
                0x000000000001cf94                CRetransmissionQueue::Read(void*, unsigned int)
                0x000000000001d080                CRetransmissionQueue::Advance(unsigned int)
                0x000000000001d120                CRetransmissionQueue::Reset()
                0x000000000001d12c                CRetransmissionQueue::Flush()
 .text          0x000000000001d140      0x30c ./lib/net/libnet.a(retranstimeoutcalc.o)
                0x000000000001d140                CRetransmissionTimeoutCalculator::CRetransmissionTimeoutCalculator()
                0x000000000001d140                CRetransmissionTimeoutCalculator::CRetransmissionTimeoutCalculator()
                0x000000000001d1a4                CRetransmissionTimeoutCalculator::~CRetransmissionTimeoutCalculator()
                0x000000000001d1a4                CRetransmissionTimeoutCalculator::~CRetransmissionTimeoutCalculator()
                0x000000000001d1a8                CRetransmissionTimeoutCalculator::GetRTO() const
                0x000000000001d1b0                CRetransmissionTimeoutCalculator::Initialize(unsigned int)
                0x000000000001d224                CRetransmissionTimeoutCalculator::SegmentSent(unsigned int, unsigned int)
                0x000000000001d2c4                CRetransmissionTimeoutCalculator::RetransmissionTimerExpired()
                0x000000000001d32c                CRetransmissionTimeoutCalculator::Calculate(unsigned int)
                0x000000000001d3b8                CRetransmissionTimeoutCalculator::SegmentAcknowledged(unsigned int)
 .text          0x000000000001d44c      0x320 ./lib/net/libnet.a(tcprejector.o)
                0x000000000001d44c                CTCPRejector::~CTCPRejector()
                0x000000000001d44c                CTCPRejector::~CTCPRejector()
                0x000000000001d484                CTCPRejector::~CTCPRejector()
                0x000000000001d4a4                CTCPRejector::CTCPRejector(CNetConfig*, CNetworkLayer*)
                0x000000000001d4a4                CTCPRejector::CTCPRejector(CNetConfig*, CNetworkLayer*)
                0x000000000001d4e4                CTCPRejector::SendSegment(unsigned int, unsigned int, unsigned int)
                0x000000000001d604                CTCPRejector::PacketReceived(void const*, unsigned int, CIPAddress&, CIPAddress&, int)
 .text._ZN12CTCPRejector7ConnectEv
                0x000000000001d76c        0x8 ./lib/net/libnet.a(tcprejector.o)
                0x000000000001d76c                CTCPRejector::Connect()
 .text._ZN12CTCPRejector6AcceptEP10CIPAddressPt
                0x000000000001d774        0x8 ./lib/net/libnet.a(tcprejector.o)
                0x000000000001d774                CTCPRejector::Accept(CIPAddress*, unsigned short*)
 .text._ZN12CTCPRejector5CloseEv
                0x000000000001d77c        0x8 ./lib/net/libnet.a(tcprejector.o)
                0x000000000001d77c                CTCPRejector::Close()
 .text._ZN12CTCPRejector4SendEPKvji
                0x000000000001d784        0x8 ./lib/net/libnet.a(tcprejector.o)
                0x000000000001d784                CTCPRejector::Send(void const*, unsigned int, int)
 .text._ZN12CTCPRejector7ReceiveEPvi
                0x000000000001d78c        0x8 ./lib/net/libnet.a(tcprejector.o)
                0x000000000001d78c                CTCPRejector::Receive(void*, int)
 .text._ZN12CTCPRejector6SendToEPKvjiR10CIPAddresst
                0x000000000001d794        0x8 ./lib/net/libnet.a(tcprejector.o)
                0x000000000001d794                CTCPRejector::SendTo(void const*, unsigned int, int, CIPAddress&, unsigned short)
 .text._ZN12CTCPRejector11ReceiveFromEPviP10CIPAddressPt
                0x000000000001d79c        0x8 ./lib/net/libnet.a(tcprejector.o)
                0x000000000001d79c                CTCPRejector::ReceiveFrom(void*, int, CIPAddress*, unsigned short*)
 .text._ZN12CTCPRejector18SetOptionBroadcastEi
                0x000000000001d7a4        0x8 ./lib/net/libnet.a(tcprejector.o)
                0x000000000001d7a4                CTCPRejector::SetOptionBroadcast(int)
 .text._ZNK12CTCPRejector12IsTerminatedEv
                0x000000000001d7ac        0x8 ./lib/net/libnet.a(tcprejector.o)
                0x000000000001d7ac                CTCPRejector::IsTerminated() const
 .text._ZN12CTCPRejector7ProcessEv
                0x000000000001d7b4        0x4 ./lib/net/libnet.a(tcprejector.o)
                0x000000000001d7b4                CTCPRejector::Process()
 .text._ZN12CTCPRejector20NotificationReceivedE21TICMPNotificationTypeR10CIPAddressS2_tti
                0x000000000001d7b8        0x8 ./lib/net/libnet.a(tcprejector.o)
                0x000000000001d7b8                CTCPRejector::NotificationReceived(TICMPNotificationType, CIPAddress&, CIPAddress&, unsigned short, unsigned short, int)
 .text          0x000000000001d7c0      0x1d0 ./lib/net/libnet.a(netconfig.o)
                0x000000000001d7c0                CNetConfig::~CNetConfig()
                0x000000000001d7c0                CNetConfig::~CNetConfig()
                0x000000000001d7f8                CNetConfig::SetDHCP(int)
                0x000000000001d800                CNetConfig::SetDefaultGateway(unsigned int)
                0x000000000001d808                CNetConfig::SetDNSServer(unsigned int)
                0x000000000001d810                CNetConfig::SetDefaultGateway(unsigned char const*)
                0x000000000001d818                CNetConfig::SetDNSServer(unsigned char const*)
                0x000000000001d820                CNetConfig::GetIPAddress() const
                0x000000000001d828                CNetConfig::IsDHCPUsed() const
                0x000000000001d830                CNetConfig::GetNetMask() const
                0x000000000001d838                CNetConfig::GetDefaultGateway() const
                0x000000000001d840                CNetConfig::GetDNSServer() const
                0x000000000001d848                CNetConfig::GetBroadcastAddress() const
                0x000000000001d850                CNetConfig::UpdateBroadcastAddress()
                0x000000000001d890                CNetConfig::Reset()
                0x000000000001d8dc                CNetConfig::CNetConfig()
                0x000000000001d8dc                CNetConfig::CNetConfig()
                0x000000000001d920                CNetConfig::SetIPAddress(unsigned int)
                0x000000000001d93c                CNetConfig::SetNetMask(unsigned int)
                0x000000000001d958                CNetConfig::SetIPAddress(unsigned char const*)
                0x000000000001d974                CNetConfig::SetNetMask(unsigned char const*)
 .text          0x000000000001d990      0x5ac ./lib/net/libnet.a(ipaddress.o)
                0x000000000001d990                CIPAddress::CIPAddress()
                0x000000000001d990                CIPAddress::CIPAddress()
                0x000000000001d99c                CIPAddress::CIPAddress(unsigned int)
                0x000000000001d99c                CIPAddress::CIPAddress(unsigned int)
                0x000000000001d9ac                CIPAddress::CIPAddress(CIPAddress const&)
                0x000000000001d9ac                CIPAddress::CIPAddress(CIPAddress const&)
                0x000000000001d9f4                CIPAddress::~CIPAddress()
                0x000000000001d9f4                CIPAddress::~CIPAddress()
                0x000000000001d9f8                CIPAddress::operator==(CIPAddress const&) const
                0x000000000001da68                CIPAddress::operator!=(CIPAddress const&) const
                0x000000000001dad4                CIPAddress::operator==(unsigned char const*) const
                0x000000000001db48                CIPAddress::operator!=(unsigned char const*) const
                0x000000000001db5c                CIPAddress::operator==(unsigned int) const
                0x000000000001dba0                CIPAddress::operator!=(unsigned int) const
                0x000000000001dbe0                CIPAddress::operator=(unsigned int)
                0x000000000001dbf0                CIPAddress::Set(unsigned int)
                0x000000000001dc00                CIPAddress::Set(unsigned char const*)
                0x000000000001dc48                CIPAddress::CIPAddress(unsigned char const*)
                0x000000000001dc48                CIPAddress::CIPAddress(unsigned char const*)
                0x000000000001dc5c                CIPAddress::Set(CIPAddress const&)
                0x000000000001dc9c                CIPAddress::SetBroadcast()
                0x000000000001dcac                CIPAddress::operator unsigned int() const
                0x000000000001dce0                CIPAddress::Get() const
                0x000000000001dd14                CIPAddress::CopyTo(unsigned char*) const
                0x000000000001dd84                CIPAddress::IsNull() const
                0x000000000001ddc0                CIPAddress::IsBroadcast() const
                0x000000000001de00                CIPAddress::GetSize() const
                0x000000000001de08                CIPAddress::Format(CString*) const
                0x000000000001de6c                CIPAddress::OnSameNetwork(CIPAddress const&, unsigned char const*) const
 .text          0x000000000001df3c      0x3a0 ./lib/net/libnet.a(netqueue.o)
                0x000000000001df3c                CNetQueue::CNetQueue()
                0x000000000001df3c                CNetQueue::CNetQueue()
                0x000000000001df50                CNetQueue::IsEmpty() const
                0x000000000001df60                CNetQueue::Flush()
                0x000000000001e04c                CNetQueue::~CNetQueue()
                0x000000000001e04c                CNetQueue::~CNetQueue()
                0x000000000001e060                CNetQueue::Enqueue(void const*, unsigned int, void*)
                0x000000000001e1a4                CNetQueue::Dequeue(void*, void**)
 .text          0x000000000001e2dc      0x2e8 ./lib/net/libnet.a(checksumcalculator.o)
                0x000000000001e2dc                CChecksumCalculator::CChecksumCalculator(CIPAddress const&, int)
                0x000000000001e2dc                CChecksumCalculator::CChecksumCalculator(CIPAddress const&, int)
                0x000000000001e30c                CChecksumCalculator::CChecksumCalculator(CIPAddress const&, CIPAddress const&, int)
                0x000000000001e30c                CChecksumCalculator::CChecksumCalculator(CIPAddress const&, CIPAddress const&, int)
                0x000000000001e350                CChecksumCalculator::~CChecksumCalculator()
                0x000000000001e350                CChecksumCalculator::~CChecksumCalculator()
                0x000000000001e354                CChecksumCalculator::SetSourceAddress(CIPAddress const&)
                0x000000000001e364                CChecksumCalculator::SetDestinationAddress(CIPAddress const&)
                0x000000000001e384                CChecksumCalculator::CalculateChunk(void const*, unsigned int, unsigned int)
                0x000000000001e438                CChecksumCalculator::Calculate(void const*, unsigned int)
                0x000000000001e510                CChecksumCalculator::SimpleCalculate(void const*, unsigned int)
                0x000000000001e59c                CChecksumCalculator::FoldResult(unsigned int)
 .text          0x000000000001e5c4      0x4cc ./lib/net/libnet.a(dnsclient.o)
                0x000000000001e5c4                CDNSClient::CDNSClient(CNetSubSystem*)
                0x000000000001e5c4                CDNSClient::CDNSClient(CNetSubSystem*)
                0x000000000001e600                CDNSClient::~CDNSClient()
                0x000000000001e600                CDNSClient::~CDNSClient()
                0x000000000001e604                CDNSClient::Resolve(char const*, CIPAddress*)
 .text          0x000000000001ea90     0x12a0 ./lib/net/libnet.a(dhcpclient.o)
                0x000000000001ea90                CDHCPClient::~CDHCPClient()
                0x000000000001ea90                CDHCPClient::~CDHCPClient()
                0x000000000001eac4                CDHCPClient::~CDHCPClient()
                0x000000000001eb04                CDHCPClient::CDHCPClient(CNetSubSystem*)
                0x000000000001eb04                CDHCPClient::CDHCPClient(CNetSubSystem*)
                0x000000000001eba8                CDHCPClient::IsBound() const
                0x000000000001ebb0                CDHCPClient::HaltNetwork()
                0x000000000001ebfc                CDHCPClient::SendMessage(unsigned char const*, unsigned int)
                0x000000000001ed44                CDHCPClient::SendDiscover()
                0x000000000001ed5c                CDHCPClient::CheckConfig()
                0x000000000001eec4                CDHCPClient::GetUnaligned(void const*)
                0x000000000001eef8                CDHCPClient::ScanOptions(unsigned char const*, unsigned int)
                0x000000000001f12c                CDHCPClient::ReceiveMessage()
                0x000000000001f2e8                CDHCPClient::GetXID() const
                0x000000000001f368                CDHCPClient::SetUnaligned(void*, unsigned int)
                0x000000000001f3b4                CDHCPClient::SendRequest(unsigned int)
                0x000000000001f410                CDHCPClient::SendAndReceive(int, unsigned int)
                0x000000000001f5a8                CDHCPClient::RenewOrRebind(int, unsigned int)
                0x000000000001f8ec                CDHCPClient::SelectAndRequest()
                0x000000000001fbb4                CDHCPClient::Run()
 .text          0x000000000001fd30      0x2a8 ./lib/fs/libfs.a(partitionmanager.o)
                0x000000000001fd30                CPartitionManager::CPartitionManager(CDevice*, char const*)
                0x000000000001fd30                CPartitionManager::CPartitionManager(CDevice*, char const*)
                0x000000000001fd60                CPartitionManager::~CPartitionManager()
                0x000000000001fd60                CPartitionManager::~CPartitionManager()
                0x000000000001fdb0                CPartitionManager::Initialize()
 .text          0x000000000001ffd8      0x304 ./lib/fs/libfs.a(partition.o)
                0x000000000001ffd8                CPartition::Read(void*, unsigned int)
                0x0000000000020088                CPartition::Write(void const*, unsigned int)
                0x0000000000020138                CPartition::~CPartition()
                0x0000000000020138                CPartition::~CPartition()
                0x0000000000020160                CPartition::~CPartition()
                0x0000000000020194                CPartition::Seek(unsigned long long)
                0x000000000002026c                CPartition::CPartition(CDevice*, unsigned int, unsigned int)
                0x000000000002026c                CPartition::CPartition(CDevice*, unsigned int, unsigned int)
 .text          0x00000000000202dc      0x208 ./lib/sched/libsched.a(task.o)
                0x00000000000202dc                CTask::Run()
                0x00000000000202f4                CTask::~CTask()
                0x00000000000202f4                CTask::~CTask()
                0x000000000002034c                CTask::~CTask()
                0x000000000002036c                CTask::TaskEntry(void*)
                0x00000000000203d0                CTask::InitializeRegs()
                0x0000000000020434                CTask::CTask(unsigned int)
                0x0000000000020434                CTask::CTask(unsigned int)
 .text          0x00000000000204e4      0x67c ./lib/sched/libsched.a(scheduler.o)
                0x00000000000204e4                CScheduler::CScheduler()
                0x00000000000204e4                CScheduler::CScheduler()
                0x000000000002054c                CScheduler::AddTask(CTask*)
                0x00000000000205f8                CScheduler::RemoveTask(CTask*)
                0x0000000000020670                CScheduler::~CScheduler()
                0x0000000000020670                CScheduler::~CScheduler()
                0x0000000000020700                CScheduler::WakeTask(CTask**)
                0x0000000000020788                CScheduler::GetNextTask()
                0x0000000000020870                CScheduler::Yield()
                0x0000000000020a08                CScheduler::usSleep(unsigned int)
                0x0000000000020a14                CScheduler::Sleep(unsigned int)
                0x0000000000020a70                CScheduler::MsSleep(unsigned int)
                0x0000000000020a8c                CScheduler::BlockTask(CTask**)
                0x0000000000020b28                CScheduler::Get()
 .text          0x0000000000020b60        0xc ./lib/sched/libsched.a(taskswitch.o)
                0x0000000000020b60                TaskSwitch
 .text          0x0000000000020b6c       0xfc ./lib/sched/libsched.a(synchronizationevent.o)
                0x0000000000020b6c                CSynchronizationEvent::CSynchronizationEvent(int)
                0x0000000000020b6c                CSynchronizationEvent::CSynchronizationEvent(int)
                0x0000000000020b7c                CSynchronizationEvent::~CSynchronizationEvent()
                0x0000000000020b7c                CSynchronizationEvent::~CSynchronizationEvent()
                0x0000000000020bb0                CSynchronizationEvent::GetState()
                0x0000000000020bb8                CSynchronizationEvent::Clear()
                0x0000000000020bc4                CSynchronizationEvent::Set()
                0x0000000000020bfc                CSynchronizationEvent::Wait()
 .text          0x0000000000020c68      0x210 ./lib/libcircle.a(actled.o)
                0x0000000000020c68                CActLED::~CActLED()
                0x0000000000020c68                CActLED::~CActLED()
                0x0000000000020c7c                CActLED::On()
                0x0000000000020cbc                CActLED::Off()
                0x0000000000020cfc                CActLED::CActLED()
                0x0000000000020cfc                CActLED::CActLED()
                0x0000000000020e1c                CActLED::Blink(unsigned int, unsigned int, unsigned int)
                0x0000000000020e68                CActLED::Get()
 .text          0x0000000000020e78      0x1d0 ./lib/libcircle.a(bcmpropertytags.o)
                0x0000000000020e78                CBcmPropertyTags::CBcmPropertyTags()
                0x0000000000020e78                CBcmPropertyTags::CBcmPropertyTags()
                0x0000000000020e90                CBcmPropertyTags::~CBcmPropertyTags()
                0x0000000000020e90                CBcmPropertyTags::~CBcmPropertyTags()
                0x0000000000020ea4                CBcmPropertyTags::GetTags(void*, unsigned int)
                0x0000000000020f98                CBcmPropertyTags::GetTag(unsigned int, void*, unsigned int, unsigned int)
 .text          0x0000000000021048      0xc98 ./lib/libcircle.a(gpiopin.o)
                0x0000000000021048                CGPIOPin::~CGPIOPin()
                0x0000000000021048                CGPIOPin::~CGPIOPin()
                0x000000000002104c                CGPIOPin::~CGPIOPin()
                0x0000000000021064                CGPIOPin::Write(unsigned int)
                0x00000000000210f4                CGPIOPin::Read() const
                0x000000000002114c                CGPIOPin::Invert()
                0x000000000002118c                CGPIOPin::ConnectInterrupt(void (*)(void*), void*)
                0x00000000000212a0                CGPIOPin::DisconnectInterrupt()
                0x000000000002138c                CGPIOPin::EnableInterrupt(TGPIOInterrupt)
                0x00000000000214c0                CGPIOPin::DisableInterrupt()
                0x0000000000021580                CGPIOPin::EnableInterrupt2(TGPIOInterrupt)
                0x00000000000216b4                CGPIOPin::DisableInterrupt2()
                0x0000000000021774                CGPIOPin::ReadAll()
                0x0000000000021784                CGPIOPin::SetPullUpMode(unsigned int)
                0x0000000000021824                CGPIOPin::SetAlternateFunction(unsigned int)
                0x00000000000218f8                CGPIOPin::SetMode(TGPIOMode, int)
                0x0000000000021abc                CGPIOPin::CGPIOPin(unsigned int, TGPIOMode, CGPIOManager*)
                0x0000000000021abc                CGPIOPin::CGPIOPin(unsigned int, TGPIOMode, CGPIOManager*)
                0x0000000000021b74                CGPIOPin::InterruptHandler()
                0x0000000000021c24                CGPIOPin::DisableAllInterrupts(unsigned int)
 .text.startup  0x0000000000021ce0       0x14 ./lib/libcircle.a(gpiopin.o)
 .text          0x0000000000021cf4       0x30 ./lib/libcircle.a(libstub.o)
                0x0000000000021cf4                __aeabi_uidiv
                0x0000000000021d04                __aeabi_uidivmod
                0x0000000000021d20                __aeabi_idiv
 .text          0x0000000000021d24      0x274 ./lib/libcircle.a(memory.o)
                0x0000000000021d24                CMemorySystem::~CMemorySystem()
                0x0000000000021d24                CMemorySystem::~CMemorySystem()
                0x0000000000021da0                CMemorySystem::GetMemSize() const
                0x0000000000021da8                CMemorySystem::EnableMMU()
                0x0000000000021eb4                CMemorySystem::CMemorySystem(int)
                0x0000000000021eb4                CMemorySystem::CMemorySystem(int)
 .text          0x0000000000021f98       0x18 ./lib/libcircle.a(new.o)
                0x0000000000021f98                operator new(unsigned int)
                0x0000000000021f9c                operator new[](unsigned int)
                0x0000000000021fa0                operator delete(void*)
                0x0000000000021fa4                operator delete[](void*)
                0x0000000000021fa8                operator delete(void*, unsigned int)
                0x0000000000021fac                operator delete[](void*, unsigned int)
 .text          0x0000000000021fb0       0x18 ./lib/libcircle.a(purecall.o)
                0x0000000000021fb0                __cxa_pure_virtual
 .text          0x0000000000021fc8      0x128 ./lib/libcircle.a(synchronize.o)
                0x0000000000021fc8                EnterCritical
                0x0000000000022080                LeaveCritical
                0x00000000000220d0                SyncDataAndInstructionCache
 .text          0x00000000000220f0       0xe0 ./lib/libcircle.a(sysinit.o)
                0x00000000000220f0                __aeabi_atexit
                0x00000000000220f4                halt
                0x0000000000022100                reboot
                0x0000000000022124                sysinit
 .text          0x00000000000221d0      0xb98 ./lib/libcircle.a(timer.o)
                0x00000000000221d0                CTimer::CTimer(CInterruptSystem*)
                0x00000000000221d0                CTimer::CTimer(CInterruptSystem*)
                0x0000000000022250                CTimer::~CTimer()
                0x0000000000022250                CTimer::~CTimer()
                0x0000000000022338                CTimer::SetTimeZone(int)
                0x0000000000022358                CTimer::GetTimeZone() const
                0x0000000000022360                CTimer::SetTime(unsigned int, int)
                0x00000000000223e0                CTimer::GetClockTicks()
                0x00000000000223f0                CTimer::GetTicks() const
                0x00000000000223f8                CTimer::GetUptime() const
                0x0000000000022400                CTimer::GetTime() const
                0x0000000000022408                CTimer::GetUniversalTime() const
                0x0000000000022428                CTimer::GetTimeString()
                0x0000000000022614                CTimer::StartKernelTimer(unsigned int, void (*)(unsigned int, void*, void*), void*, void*)
                0x0000000000022774                CTimer::CancelKernelTimer(unsigned int)
                0x000000000002282c                CTimer::PollKernelTimers()
                0x0000000000022988                CTimer::InterruptHandler()
                0x0000000000022a9c                CTimer::InterruptHandler(void*)
                0x0000000000022ad8                CTimer::TuneMsDelay()
                0x0000000000022b80                CTimer::Initialize()
                0x0000000000022bfc                CTimer::SimpleMsDelay(unsigned int)
                0x0000000000022c3c                CTimer::SimpleusDelay(unsigned int)
                0x0000000000022c6c                CTimer::IsLeapYear(unsigned int)
                0x0000000000022cb8                CTimer::GetDaysOfMonth(unsigned int, unsigned int)
                0x0000000000022d30                CTimer::Get()
 .text          0x0000000000022d68      0x460 ./lib/libcircle.a(util.o)
                0x0000000000022d68                memset
                0x0000000000022d8c                memcmp
                0x0000000000022de8                strlen
                0x0000000000022e10                strcmp
                0x0000000000022e7c                strcpy
                0x0000000000022ea8                strncpy
                0x0000000000022ef4                strcat
                0x0000000000022f38                strchr
                0x0000000000022f78                strtok_r
                0x0000000000023044                strtoul
                0x00000000000231c4                char2int
 .text          0x00000000000231c8       0x5c ./lib/libcircle.a(util_fast.o)
                0x00000000000231c8                memcpy
 .text          0x0000000000023224       0x40 ./lib/libcircle.a(device.o)
                0x0000000000023224                CDevice::~CDevice()
                0x0000000000023224                CDevice::~CDevice()
                0x0000000000023228                CDevice::Write(void const*, unsigned int)
                0x0000000000023228                CDevice::Read(void*, unsigned int)
                0x0000000000023230                CDevice::Seek(unsigned long long)
                0x000000000002323c                CDevice::~CDevice()
                0x0000000000023254                CDevice::CDevice()
                0x0000000000023254                CDevice::CDevice()
 .text          0x0000000000023264      0x514 ./lib/libcircle.a(koptions.o)
                0x00000000000232c4                CKernelOptions::~CKernelOptions()
                0x00000000000232c4                CKernelOptions::~CKernelOptions()
                0x00000000000232d8                CKernelOptions::GetWidth() const
                0x00000000000232e0                CKernelOptions::GetHeight() const
                0x00000000000232e8                CKernelOptions::GetLogDevice() const
                0x00000000000232f4                CKernelOptions::GetLogLevel() const
                0x00000000000232fc                CKernelOptions::GetKeyMap() const
                0x0000000000023304                CKernelOptions::GetUSBPowerDelay() const
                0x000000000002330c                CKernelOptions::GetCPUSpeed() const
                0x0000000000023314                CKernelOptions::GetSoCMaxTemp() const
                0x000000000002331c                CKernelOptions::Get()
                0x000000000002332c                CKernelOptions::GetToken()
                0x00000000000233a8                CKernelOptions::CKernelOptions()
                0x00000000000233a8                CKernelOptions::CKernelOptions()
                0x0000000000023720                CKernelOptions::GetOptionValue(char*)
                0x0000000000023758                CKernelOptions::GetDecimal(char*)
 .text          0x0000000000023778      0x220 ./lib/libcircle.a(pagetable.o)
                0x0000000000023778                CPageTable::CPageTable()
                0x0000000000023778                CPageTable::CPageTable()
                0x0000000000023828                CPageTable::CPageTable(unsigned int)
                0x0000000000023828                CPageTable::CPageTable(unsigned int)
                0x0000000000023968                CPageTable::~CPageTable()
                0x0000000000023968                CPageTable::~CPageTable()
                0x000000000002398c                CPageTable::GetBaseAddress() const
 .text          0x0000000000023998     0x1208 ./lib/libcircle.a(screen.o)
                0x0000000000023998                CScreenDevice::~CScreenDevice()
                0x0000000000023998                CScreenDevice::~CScreenDevice()
                0x0000000000023a10                CScreenDevice::~CScreenDevice()
                0x0000000000023acc                CScreenDevice::CScreenDevice(unsigned int, unsigned int, int)
                0x0000000000023acc                CScreenDevice::CScreenDevice(unsigned int, unsigned int, int)
                0x0000000000023b44                CScreenDevice::GetWidth() const
                0x0000000000023b4c                CScreenDevice::GetHeight() const
                0x0000000000023b54                CScreenDevice::GetColumns() const
                0x0000000000023b70                CScreenDevice::GetRows() const
                0x0000000000023b8c                CScreenDevice::GetStatus()
                0x0000000000023bfc                CScreenDevice::SetStatus(TScreenStatus)
                0x0000000000023d0c                CScreenDevice::CarriageReturn()
                0x0000000000023d18                CScreenDevice::CursorHome()
                0x0000000000023d2c                CScreenDevice::CursorLeft()
                0x0000000000023d98                CScreenDevice::CursorMove(unsigned int, unsigned int)
                0x0000000000023df8                CScreenDevice::CursorUp()
                0x0000000000023e28                CScreenDevice::DeleteChars(unsigned int)
                0x0000000000023e2c                CScreenDevice::DeleteLines(unsigned int)
                0x0000000000023e30                CScreenDevice::InsertLines(unsigned int)
                0x0000000000023e34                CScreenDevice::InsertMode(int)
                0x0000000000023e3c                CScreenDevice::ReverseScroll()
                0x0000000000023e40                CScreenDevice::SetCursorMode(int)