Archive member included to satisfy reference by file (symbol)

./lib/libcircle.a(actled.o)   kernel.o (CActLED::~CActLED())
./lib/libcircle.a(bcmpropertytags.o)
                              ./lib/libcircle.a(actled.o) (CBcmPropertyTags::CBcmPropertyTags())
./lib/libcircle.a(gpiopin.o)  ./lib/libcircle.a(actled.o) (CGPIOPin::Write(unsigned int))
./lib/libcircle.a(memory.o)   kernel.o (CMemorySystem::~CMemorySystem())
./lib/libcircle.a(new.o)      kernel.o (operator new(unsigned int))
./lib/libcircle.a(sysinit.o)  ./lib/libcircle.a(gpiopin.o) (__aeabi_atexit)
./lib/libcircle.a(timer.o)    kernel.o (CTimer::CTimer(CInterruptSystem*))
./lib/libcircle.a(util.o)     thread.o (memset)
./lib/libcircle.a(util_fast.o)
                              ./lib/libcircle.a(bcmpropertytags.o) (memcpy)
./lib/libcircle.a(koptions.o)
                              kernel.o (CKernelOptions::~CKernelOptions())
./lib/libcircle.a(pagetable.o)
                              ./lib/libcircle.a(memory.o) (CPageTable::CPageTable())
./lib/libcircle.a(screen.o)   kernel.o (CScreenDevice::~CScreenDevice())
./lib/libcircle.a(assert.o)   CoreManager.o (assertion_failed)
./lib/libcircle.a(chargenerator.o)
                              ./lib/libcircle.a(screen.o) (CCharGenerator::CCharGenerator())
./lib/libcircle.a(debug.o)    ./lib/libcircle.a(assert.o) (debug_stacktrace(unsigned int const*, char const*))
./lib/libcircle.a(devicenameservice.o)
                              kernel.o (CDeviceNameService::CDeviceNameService())
./lib/libcircle.a(logger.o)   kernel.o (CLogger::CLogger(unsigned int, CTimer*))
./lib/libcircle.a(serial.o)   kernel.o (CSerialDevice::CSerialDevice(CInterruptSystem*, int))
./lib/libcircle.a(string.o)   ./lib/libcircle.a(assert.o) (CString::~CString())
./lib/libcircle.a(delayloop.o)
                              ./lib/libcircle.a(timer.o) (DelayLoop)
./lib/libcircle.a(exceptionhandler.o)
                              kernel.o (CExceptionHandler::CExceptionHandler())
./lib/libcircle.a(exceptionstub.o)
                              ./lib/libcircle.a(exceptionhandler.o) (UndefinedInstructionStub)
./lib/libcircle.a(interrupt.o)
                              kernel.o (CInterruptSystem::CInterruptSystem())
./lib/libcircle.a(gpiomanager.o)
                              ./lib/libcircle.a(gpiopin.o) (CGPIOManager::ConnectInterrupt(CGPIOPin*))
./lib/libcircle.a(virtualgpiopin.o)
                              ./lib/libcircle.a(actled.o) (CVirtualGPIOPin::Write(unsigned int))
./lib/libcircle.a(machineinfo.o)
                              ./lib/libcircle.a(sysinit.o) (CMachineInfo::CMachineInfo())
./lib/libcircle.a(multicore.o)
                              CoreManager.o (CMultiCoreSupport::CMultiCoreSupport(CMemorySystem*))
./lib/libcircle.a(spinlock.o)
                              ./lib/libcircle.a(gpiopin.o) (CSpinLock::CSpinLock(unsigned int))
./lib/libcircle.a(cache-v7.o)
                              ./lib/libcircle.a(memory.o) (InvalidateDataCacheL1Only)
./lib/libcircle.a(ptrlist.o)  ./lib/libcircle.a(timer.o) (CPtrList::CPtrList())
./lib/libcircle.a(alloc.o)    ./lib/libcircle.a(memory.o) (mem_init)
./lib/libcircle.a(bcmmailbox.o)
                              ./lib/libcircle.a(bcmpropertytags.o) (CBcmMailBox::CBcmMailBox(unsigned int))
./lib/libcircle.a(purecall.o)
                              ./lib/libcircle.a(multicore.o) (__cxa_pure_virtual)
./lib/libcircle.a(synchronize.o)
                              ./lib/libcircle.a(exceptionhandler.o) (SyncDataAndInstructionCache)
./lib/libcircle.a(bcmframebuffer.o)
                              ./lib/libcircle.a(screen.o) (CBcmFrameBuffer::CBcmFrameBuffer(unsigned int, unsigned int, unsigned int, unsigned int, unsigned int))
./lib/libcircle.a(device.o)   ./lib/libcircle.a(screen.o) (CDevice::~CDevice())
./lib/sched/libsched.a(task.o)
                              myTask.o (CTask::~CTask())
./lib/sched/libsched.a(scheduler.o)
                              kernel.o (CScheduler::CScheduler())
./lib/sched/libsched.a(taskswitch.o)
                              ./lib/sched/libsched.a(scheduler.o) (TaskSwitch)

Memory Configuration

Name             Origin             Length             Attributes
*default*        0x00000000         0xffffffff

Linker script and memory map

                0x00008000                . = 0x8000

.text           0x00008000     0x9c4c
 *(.text*)
 .text          0x00008000       0xe8 ./lib/startup.o
                0x00008000                _start
                0x00008064                _start_secondary
 .text          0x000080e8        0x0 main.o
 .text.startup  0x000080e8       0x58 main.o
                0x000080e8                main
 .text          0x00008140      0x328 kernel.o
                0x00008140                CKernel::CKernel()
                0x00008140                CKernel::CKernel()
                0x00008244                CKernel::Initialize()
                0x000082f4                CKernel::Run()
                0x000083cc                CKernel::TimerHandler(unsigned int, void*, void*)
                0x000083d4                CKernel::~CKernel()
                0x000083d4                CKernel::~CKernel()
 .text          0x00008468        0xc contextswitch.o
                0x00008468                ContextSwitch
 .text          0x00008474      0x11c thread.o
                0x00008474                stub(void (*)(), ThreadManager*)
                0x000084a8                ThreadManager::ThreadManager()
                0x000084a8                ThreadManager::ThreadManager()
                0x000084d8                ThreadManager::thread_create(void (*)(), ThreadManager*)
                0x00008560                ThreadManager::thread_switch(Thread*, Thread*)
                0x00008580                ThreadManager::getCurrentThread()
                0x00008588                ThreadManager::getParentThread()
 .text          0x00008590      0x20c CoreManager.o
                0x00008590                CoreManager::~CoreManager()
                0x00008590                CoreManager::~CoreManager()
                0x000085bc                CoreManager::~CoreManager()
                0x000085f4                CoreManager::Run(unsigned int)
                0x00008660                CoreManager::IPIHandler(unsigned int, unsigned int)
                0x00008740                CoreManager::CoreManager(CLogger*, CScreenDevice*, CMemorySystem*)
                0x00008740                CoreManager::CoreManager(CLogger*, CScreenDevice*, CMemorySystem*)
                0x00008774                CoreManager::AssignTask(unsigned int, void (*)())
                0x00008790                CoreManager::WakeUp(unsigned int)
 .text          0x0000879c       0xd8 myTask.o
                0x0000879c                myTask::~myTask()
                0x0000879c                myTask::~myTask()
                0x000087bc                myTask::~myTask()
                0x000087e8                myTask::myTask(char)
                0x000087e8                myTask::myTask(char)
                0x00008814                myTask::foo()
                0x0000886c                myTask::Run()
 .text          0x00008874      0x214 ./lib/libcircle.a(actled.o)
                0x00008874                CActLED::~CActLED()
                0x00008874                CActLED::~CActLED()
                0x00008888                CActLED::On()
                0x000088c8                CActLED::Off()
                0x00008908                CActLED::CActLED()
                0x00008908                CActLED::CActLED()
                0x00008a28                CActLED::Blink(unsigned int, unsigned int, unsigned int)
                0x00008a78                CActLED::Get()
 .text          0x00008a88      0x1d0 ./lib/libcircle.a(bcmpropertytags.o)
                0x00008a88                CBcmPropertyTags::CBcmPropertyTags()
                0x00008a88                CBcmPropertyTags::CBcmPropertyTags()
                0x00008aa0                CBcmPropertyTags::~CBcmPropertyTags()
                0x00008aa0                CBcmPropertyTags::~CBcmPropertyTags()
                0x00008ab4                CBcmPropertyTags::GetTags(void*, unsigned int)
                0x00008ba8                CBcmPropertyTags::GetTag(unsigned int, void*, unsigned int, unsigned int)
 .text          0x00008c58      0xbcc ./lib/libcircle.a(gpiopin.o)
                0x00008c58                CGPIOPin::~CGPIOPin()
                0x00008c58                CGPIOPin::~CGPIOPin()
                0x00008c5c                CGPIOPin::~CGPIOPin()
                0x00008c74                CGPIOPin::Write(unsigned int)
                0x00008d04                CGPIOPin::Read() const
                0x00008d5c                CGPIOPin::Invert()
                0x00008d9c                CGPIOPin::ConnectInterrupt(void (*)(void*), void*)
                0x00008eb0                CGPIOPin::DisconnectInterrupt()
                0x00008f9c                CGPIOPin::EnableInterrupt(TGPIOInterrupt)
                0x000090bc                CGPIOPin::DisableInterrupt()
                0x00009164                CGPIOPin::EnableInterrupt2(TGPIOInterrupt)
                0x00009284                CGPIOPin::DisableInterrupt2()
                0x0000932c                CGPIOPin::ReadAll()
                0x0000933c                CGPIOPin::SetPullUpMode(unsigned int)
                0x000093c4                CGPIOPin::SetAlternateFunction(unsigned int)
                0x00009484                CGPIOPin::SetMode(TGPIOMode, int)
                0x0000962c                CGPIOPin::CGPIOPin(unsigned int, TGPIOMode, CGPIOManager*)
                0x0000962c                CGPIOPin::CGPIOPin(unsigned int, TGPIOMode, CGPIOManager*)
                0x000096e4                CGPIOPin::InterruptHandler()
                0x00009794                CGPIOPin::DisableAllInterrupts(unsigned int)
 .text.startup  0x00009824       0x34 ./lib/libcircle.a(gpiopin.o)
 .text          0x00009858      0x2b0 ./lib/libcircle.a(memory.o)
                0x00009858                CMemorySystem::~CMemorySystem()
                0x00009858                CMemorySystem::~CMemorySystem()
                0x000098d4                CMemorySystem::GetMemSize() const
                0x000098dc                CMemorySystem::EnableMMU()
                0x000099e8                CMemorySystem::CMemorySystem(int)
                0x000099e8                CMemorySystem::CMemorySystem(int)
                0x00009ad0                CMemorySystem::InitializeSecondary()
 .text          0x00009b08       0x18 ./lib/libcircle.a(new.o)
                0x00009b08                operator new(unsigned int)
                0x00009b0c                operator new[](unsigned int)
                0x00009b10                operator delete(void*)
                0x00009b14                operator delete[](void*)
                0x00009b18                operator delete(void*, unsigned int)
                0x00009b1c                operator delete[](void*, unsigned int)
 .text          0x00009b20      0x154 ./lib/libcircle.a(sysinit.o)
                0x00009b20                __aeabi_atexit
                0x00009b24                halt
                0x00009b84                reboot
                0x00009ba8                sysinit
                0x00009c40                sysinit_secondary
 .text          0x00009c74      0xb10 ./lib/libcircle.a(timer.o)
                0x00009c74                CTimer::CTimer(CInterruptSystem*)
                0x00009c74                CTimer::CTimer(CInterruptSystem*)
                0x00009d00                CTimer::~CTimer()
                0x00009d00                CTimer::~CTimer()
                0x00009df4                CTimer::SetTimeZone(int)
                0x00009e14                CTimer::GetTimeZone() const
                0x00009e1c                CTimer::SetTime(unsigned int, int)
                0x00009e78                CTimer::GetClockTicks()
                0x00009e88                CTimer::GetTicks() const
                0x00009e90                CTimer::GetUptime() const
                0x00009e98                CTimer::GetTime() const
                0x00009ea0                CTimer::GetUniversalTime() const
                0x00009ec0                CTimer::GetTimeString()
                0x0000a0d8                CTimer::StartKernelTimer(unsigned int, void (*)(unsigned int, void*, void*), void*, void*)
                0x0000a214                CTimer::CancelKernelTimer(unsigned int)
                0x0000a2bc                CTimer::PollKernelTimers()
                0x0000a3e8                CTimer::InterruptHandler()
                0x0000a4c4                CTimer::InterruptHandler(void*)
                0x0000a500                CTimer::TuneMsDelay()
                0x0000a5a0                CTimer::Initialize()
                0x0000a61c                CTimer::SimpleMsDelay(unsigned int)
                0x0000a65c                CTimer::SimpleusDelay(unsigned int)
                0x0000a68c                CTimer::IsLeapYear(unsigned int)
                0x0000a6d4                CTimer::GetDaysOfMonth(unsigned int, unsigned int)
                0x0000a74c                CTimer::Get()
 .text          0x0000a784      0x464 ./lib/libcircle.a(util.o)
                0x0000a784                memset
                0x0000a7a8                memcmp
                0x0000a804                strlen
                0x0000a82c                strcmp
                0x0000a898                strcpy
                0x0000a8c4                strncpy
                0x0000a914                strcat
                0x0000a958                strchr
                0x0000a998                strtok_r
                0x0000aa64                strtoul
                0x0000abe4                char2int
 .text          0x0000abe8       0x5c ./lib/libcircle.a(util_fast.o)
                0x0000abe8                memcpy
 .text          0x0000ac44      0x4d4 ./lib/libcircle.a(koptions.o)
                0x0000aca4                CKernelOptions::~CKernelOptions()
                0x0000aca4                CKernelOptions::~CKernelOptions()
                0x0000acb8                CKernelOptions::GetWidth() const
                0x0000acc0                CKernelOptions::GetHeight() const
                0x0000acc8                CKernelOptions::GetLogDevice() const
                0x0000acd4                CKernelOptions::GetLogLevel() const
                0x0000acdc                CKernelOptions::GetKeyMap() const
                0x0000ace4                CKernelOptions::GetUSBPowerDelay() const
                0x0000acec                CKernelOptions::GetCPUSpeed() const
                0x0000acf4                CKernelOptions::GetSoCMaxTemp() const
                0x0000acfc                CKernelOptions::Get()
                0x0000ad0c                CKernelOptions::GetToken()
                0x0000ad80                CKernelOptions::CKernelOptions()
                0x0000ad80                CKernelOptions::CKernelOptions()
                0x0000b0c0                CKernelOptions::GetOptionValue(char*)
                0x0000b0f8                CKernelOptions::GetDecimal(char*)
 .text          0x0000b118      0x208 ./lib/libcircle.a(pagetable.o)
                0x0000b118                CPageTable::CPageTable()
                0x0000b118                CPageTable::CPageTable()
                0x0000b1cc                CPageTable::CPageTable(unsigned int)
                0x0000b1cc                CPageTable::CPageTable(unsigned int)
                0x0000b2f0                CPageTable::~CPageTable()
                0x0000b2f0                CPageTable::~CPageTable()
                0x0000b314                CPageTable::GetBaseAddress() const
 .text          0x0000b320     0x11f0 ./lib/libcircle.a(screen.o)
                0x0000b320                CScreenDevice::~CScreenDevice()
                0x0000b320                CScreenDevice::~CScreenDevice()
                0x0000b3a0                CScreenDevice::~CScreenDevice()
                0x0000b45c                CScreenDevice::CScreenDevice(unsigned int, unsigned int, int)
                0x0000b45c                CScreenDevice::CScreenDevice(unsigned int, unsigned int, int)
                0x0000b4dc                CScreenDevice::GetWidth() const
                0x0000b4e4                CScreenDevice::GetHeight() const
                0x0000b4ec                CScreenDevice::GetColumns() const
                0x0000b508                CScreenDevice::GetRows() const
                0x0000b524                CScreenDevice::GetStatus()
                0x0000b594                CScreenDevice::SetStatus(TScreenStatus)
                0x0000b678                CScreenDevice::CarriageReturn()
                0x0000b684                CScreenDevice::CursorHome()
                0x0000b698                CScreenDevice::CursorLeft()
                0x0000b704                CScreenDevice::CursorMove(unsigned int, unsigned int)
                0x0000b764                CScreenDevice::CursorUp()
                0x0000b794                CScreenDevice::DeleteChars(unsigned int)
                0x0000b798                CScreenDevice::DeleteLines(unsigned int)
                0x0000b79c                CScreenDevice::InsertLines(unsigned int)
                0x0000b7a0                CScreenDevice::InsertMode(int)
                0x0000b7a8                CScreenDevice::ReverseScroll()
                0x0000b7ac                CScreenDevice::SetCursorMode(int)
                0x0000b7b4                CScreenDevice::SetScrollRegion(unsigned int, unsigned int)
                0x0000b830                CScreenDevice::SetStandoutMode(unsigned int)
                0x0000b8d0                CScreenDevice::Scroll()
                0x0000b974                CScreenDevice::CursorDown()
                0x0000b9c0                CScreenDevice::NewLine()
                0x0000b9cc                CScreenDevice::CursorRight()
                0x0000ba08                CScreenDevice::Tabulator()
                0x0000ba50                CScreenDevice::DisplayChar(char, unsigned int, unsigned int, unsigned short)
                0x0000bb20                CScreenDevice::DisplayChar(char)
                0x0000bb5c                CScreenDevice::EraseChar(unsigned int, unsigned int)
                0x0000bbe0                CScreenDevice::ClearLineEnd()
                0x0000bc8c                CScreenDevice::EraseChars(unsigned int)
                0x0000bc98                CScreenDevice::ClearDisplayEnd()
                0x0000bd1c                CScreenDevice::Write(char)
                0x0000c228                CScreenDevice::Write(void const*, unsigned int)
                0x0000c2dc                CScreenDevice::Initialize()
                0x0000c440                CScreenDevice::InvertCursor()
                0x0000c450                CScreenDevice::SetPixel(unsigned int, unsigned int, unsigned short)
                0x0000c47c                CScreenDevice::GetPixel(unsigned int, unsigned int)
                0x0000c4b4                CScreenDevice::Rotor(unsigned int, unsigned int)
 .text          0x0000c510       0x90 ./lib/libcircle.a(assert.o)
                0x0000c510                assertion_failed
 .text          0x0000c5a0       0xa8 ./lib/libcircle.a(chargenerator.o)
                0x0000c5a0                CCharGenerator::CCharGenerator()
                0x0000c5a0                CCharGenerator::CCharGenerator()
                0x0000c5ac                CCharGenerator::~CCharGenerator()
                0x0000c5ac                CCharGenerator::~CCharGenerator()
                0x0000c5b0                CCharGenerator::GetCharWidth() const
                0x0000c5b8                CCharGenerator::GetCharHeight() const
                0x0000c5c0                CCharGenerator::GetUnderline() const
                0x0000c5c8                CCharGenerator::GetPixel(char, unsigned int, unsigned int) const
 .text          0x0000c648      0x188 ./lib/libcircle.a(debug.o)
                0x0000c648                debug_hexdump(void const*, unsigned int, char const*)
                0x0000c74c                debug_stacktrace(unsigned int const*, char const*)
 .text          0x0000c7d0      0x284 ./lib/libcircle.a(devicenameservice.o)
                0x0000c7d0                CDeviceNameService::CDeviceNameService()
                0x0000c7d0                CDeviceNameService::CDeviceNameService()
                0x0000c820                CDeviceNameService::~CDeviceNameService()
                0x0000c820                CDeviceNameService::~CDeviceNameService()
                0x0000c890                CDeviceNameService::AddDevice(char const*, CDevice*, int)
                0x0000c940                CDeviceNameService::GetDevice(char const*, int)
                0x0000ca1c                CDeviceNameService::Get()
 .text          0x0000ca54      0x440 ./lib/libcircle.a(logger.o)
                0x0000ca54                CLogger::CLogger(unsigned int, CTimer*)
                0x0000ca54                CLogger::CLogger(unsigned int, CTimer*)
                0x0000caa0                CLogger::~CLogger()
                0x0000caa0                CLogger::~CLogger()
                0x0000cae8                CLogger::Get()
                0x0000caf8                CLogger::Write(char const*)
                0x0000cb8c                CLogger::Read(void*, unsigned int)
                0x0000cc20                CLogger::WriteV(char const*, TLogSeverity, char const*, std::__va_list)
                0x0000ce20                CLogger::Write(char const*, TLogSeverity, char const*, ...)
                0x0000ce50                CLogger::Initialize(CDevice*)
 .text          0x0000ce94      0x8e4 ./lib/libcircle.a(serial.o)
                0x0000ce94                CSerialDevice::Read(void*, unsigned int)
                0x0000d01c                CSerialDevice::CSerialDevice(CInterruptSystem*, int)
                0x0000d01c                CSerialDevice::CSerialDevice(CInterruptSystem*, int)
                0x0000d0ec                CSerialDevice::Initialize(unsigned int)
                0x0000d2ac                CSerialDevice::GetOptions() const
                0x0000d2b8                CSerialDevice::SetOptions(unsigned int)
                0x0000d2c4                CSerialDevice::Write(unsigned char)
                0x0000d368                CSerialDevice::Write(void const*, unsigned int)
                0x0000d4dc                CSerialDevice::InterruptHandler()
                0x0000d650                CSerialDevice::InterruptStub(void*)
                0x0000d68c                CSerialDevice::~CSerialDevice()
                0x0000d68c                CSerialDevice::~CSerialDevice()
                0x0000d758                CSerialDevice::~CSerialDevice()
 .text          0x0000d778      0xd9c ./lib/libcircle.a(string.o)
                0x0000d778                CString::~CString()
                0x0000d778                CString::~CString()
                0x0000d7a4                CString::~CString()
                0x0000d844                CString::CString()
                0x0000d844                CString::CString()
                0x0000d85c                CString::CString(char const*)
                0x0000d85c                CString::CString(char const*)
                0x0000d8a0                CString::operator char const*() const
                0x0000d8b8                CString::operator=(char const*)
                0x0000d900                CString::GetLength() const
                0x0000d910                CString::Append(char const*)
                0x0000d994                CString::Compare(char const*) const
                0x0000d99c                CString::Find(char) const
                0x0000d9e0                CString::PutChar(char, unsigned int)
                0x0000da24                CString::PutString(char const*)
                0x0000da68                CString::ReserveSpace(unsigned int)
                0x0000da74                CString::ntoa(char*, unsigned long, unsigned int, int)
                0x0000daf8                CString::ftoa(char*, double, unsigned int)
                0x0000dd30                CString::FormatV(char const*, std::__va_list)
                0x0000e4e4                CString::Format(char const*, ...)
 *fill*         0x0000e514        0x4 
 .text          0x0000e518        0xc ./lib/libcircle.a(delayloop.o)
                0x0000e518                DelayLoop
 .text          0x0000e524      0x2c4 ./lib/libcircle.a(exceptionhandler.o)
                0x0000e524                CExceptionHandler::CExceptionHandler()
                0x0000e524                CExceptionHandler::CExceptionHandler()
                0x0000e5b4                CExceptionHandler::~CExceptionHandler()
                0x0000e5b4                CExceptionHandler::~CExceptionHandler()
                0x0000e5c8                CExceptionHandler::Get()
                0x0000e600                CExceptionHandler::Throw(unsigned int)
                0x0000e674                CExceptionHandler::Throw(unsigned int, TAbortFrame*)
                0x0000e78c                ExceptionHandler
 .text          0x0000e7e8      0x10c ./lib/libcircle.a(exceptionstub.o)
                0x0000e7e8                UndefinedInstructionStub
                0x0000e828                PrefetchAbortStub
                0x0000e868                DataAbortStub
                0x0000e8a8                IRQStub
                0x0000e8b8                FIQStub
 .text          0x0000e8f4      0x54c ./lib/libcircle.a(interrupt.o)
                0x0000e8f4                CInterruptSystem::CInterruptSystem()
                0x0000e8f4                CInterruptSystem::CInterruptSystem()
                0x0000e92c                CInterruptSystem::~CInterruptSystem()
                0x0000e92c                CInterruptSystem::~CInterruptSystem()
                0x0000e940                CInterruptSystem::Initialize()
                0x0000e9a4                CInterruptSystem::ConnectFIQ(unsigned int, void (*)(void*), void*)
                0x0000ea60                CInterruptSystem::DisconnectFIQ()
                0x0000eab0                CInterruptSystem::EnableIRQ(unsigned int)
                0x0000eb20                CInterruptSystem::ConnectIRQ(unsigned int, void (*)(void*), void*)
                0x0000eb94                CInterruptSystem::DisableIRQ(unsigned int)
                0x0000ec04                CInterruptSystem::DisconnectIRQ(unsigned int)
                0x0000ec84                CInterruptSystem::EnableFIQ(unsigned int)
                0x0000ecc0                CInterruptSystem::DisableFIQ()
                0x0000ecd4                CInterruptSystem::Get()
                0x0000ed0c                CInterruptSystem::CallIRQHandler(unsigned int)
                0x0000ed78                CInterruptSystem::InterruptHandler()
                0x0000ee3c                InterruptHandler
 .text          0x0000ee40      0x398 ./lib/libcircle.a(gpiomanager.o)
                0x0000ee40                CGPIOManager::CGPIOManager(CInterruptSystem*)
                0x0000ee40                CGPIOManager::CGPIOManager(CInterruptSystem*)
                0x0000ee6c                CGPIOManager::~CGPIOManager()
                0x0000ee6c                CGPIOManager::~CGPIOManager()
                0x0000eef0                CGPIOManager::Initialize()
                0x0000ef78                CGPIOManager::ConnectInterrupt(CGPIOPin*)
                0x0000f028                CGPIOManager::DisconnectInterrupt(CGPIOPin*)
                0x0000f0ec                CGPIOManager::InterruptHandler()
                0x0000f19c                CGPIOManager::InterruptStub(void*)
 .text          0x0000f1d8      0x1a0 ./lib/libcircle.a(virtualgpiopin.o)
                0x0000f1d8                CVirtualGPIOPin::~CVirtualGPIOPin()
                0x0000f1d8                CVirtualGPIOPin::~CVirtualGPIOPin()
                0x0000f1dc                CVirtualGPIOPin::~CVirtualGPIOPin()
                0x0000f1f4                CVirtualGPIOPin::Write(unsigned int)
                0x0000f2b0                CVirtualGPIOPin::CVirtualGPIOPin(unsigned int)
                0x0000f2b0                CVirtualGPIOPin::CVirtualGPIOPin(unsigned int)
                0x0000f36c                CVirtualGPIOPin::Invert()
 .text.startup  0x0000f378       0x34 ./lib/libcircle.a(virtualgpiopin.o)
 .text          0x0000f3ac      0x3fc ./lib/libcircle.a(machineinfo.o)
                0x0000f3ac                CMachineInfo::CMachineInfo()
                0x0000f3ac                CMachineInfo::CMachineInfo()
                0x0000f578                CMachineInfo::~CMachineInfo()
                0x0000f578                CMachineInfo::~CMachineInfo()
                0x0000f59c                CMachineInfo::GetMachineModel() const
                0x0000f5a4                CMachineInfo::GetMachineName() const
                0x0000f5bc                CMachineInfo::GetModelMajor() const
                0x0000f5c4                CMachineInfo::GetModelRevision() const
                0x0000f5cc                CMachineInfo::GetSoCType() const
                0x0000f5d4                CMachineInfo::GetRAMSize() const
                0x0000f5dc                CMachineInfo::GetSoCName() const
                0x0000f5f4                CMachineInfo::GetRevisionRaw() const
                0x0000f5fc                CMachineInfo::GetClockRate(unsigned int) const
                0x0000f6c4                CMachineInfo::GetGPIOPin(TGPIOVirtualPin) const
                0x0000f734                CMachineInfo::GetDevice(TDeviceId) const
                0x0000f770                CMachineInfo::Get()
 .text          0x0000f7a8      0x470 ./lib/libcircle.a(multicore.o)
                0x0000f7a8                CMultiCoreSupport::IPIHandler(unsigned int, unsigned int)
                0x0000f840                CMultiCoreSupport::CMultiCoreSupport(CMemorySystem*)
                0x0000f840                CMultiCoreSupport::CMultiCoreSupport(CMemorySystem*)
                0x0000f890                CMultiCoreSupport::~CMultiCoreSupport()
                0x0000f890                CMultiCoreSupport::~CMultiCoreSupport()
                0x0000f8a4                CMultiCoreSupport::~CMultiCoreSupport()
                0x0000f8cc                CMultiCoreSupport::Initialize()
                0x0000f9d0                CMultiCoreSupport::SendIPI(unsigned int, unsigned int)
                0x0000fa3c                CMultiCoreSupport::HaltAll()
                0x0000fa74                CMultiCoreSupport::LocalInterruptHandler()
                0x0000fb14                CMultiCoreSupport::EntrySecondary()
                0x0000fc14                main_secondary
 .text          0x0000fc18      0x168 ./lib/libcircle.a(spinlock.o)
                0x0000fc18                CSpinLock::CSpinLock(unsigned int)
                0x0000fc18                CSpinLock::CSpinLock(unsigned int)
                0x0000fc54                CSpinLock::~CSpinLock()
                0x0000fc54                CSpinLock::~CSpinLock()
                0x0000fc88                CSpinLock::Acquire()
                0x0000fcf8                CSpinLock::Release()
                0x0000fd44                CSpinLock::Enable()
 .text          0x0000fd80      0x1f4 ./lib/libcircle.a(cache-v7.o)
                0x0000fd80                InvalidateDataCacheL1Only
                0x0000fdec                InvalidateDataCache
                0x0000fe94                CleanDataCache
                0x0000ff3c                CleanAndInvalidateDataCacheRange
 .text          0x0000ff74      0x500 ./lib/libcircle.a(ptrlist.o)
                0x0000ff74                CPtrList::CPtrList()
                0x0000ff74                CPtrList::CPtrList()
                0x0000ff80                CPtrList::~CPtrList()
                0x0000ff80                CPtrList::~CPtrList()
                0x0000ffb4                CPtrList::GetFirst()
                0x0000ffbc                CPtrList::GetNext(TPtrListElement*)
                0x00010018                CPtrList::GetPtr(TPtrListElement*)
                0x00010074                CPtrList::InsertBefore(TPtrListElement*, void*)
                0x0001018c                CPtrList::InsertAfter(TPtrListElement*, void*)
                0x00010298                CPtrList::Remove(TPtrListElement*)
                0x00010408                CPtrList::Find(void*)
 .text          0x00010474      0x374 ./lib/libcircle.a(alloc.o)
                0x00010474                mem_init
                0x000104ac                mem_get_size
                0x000104d0                malloc
                0x0001063c                free
                0x000106dc                palloc
                0x000107a4                pfree
 .text.startup  0x000107e8       0x60 ./lib/libcircle.a(alloc.o)
 .text          0x00010848      0x180 ./lib/libcircle.a(bcmmailbox.o)
                0x00010848                CBcmMailBox::CBcmMailBox(unsigned int)
                0x00010848                CBcmMailBox::CBcmMailBox(unsigned int)
                0x00010864                CBcmMailBox::~CBcmMailBox()
                0x00010864                CBcmMailBox::~CBcmMailBox()
                0x0001087c                CBcmMailBox::Flush()
                0x000108b0                CBcmMailBox::Read()
                0x000108e4                CBcmMailBox::Write(unsigned int)
                0x0001093c                CBcmMailBox::WriteRead(unsigned int)
 .text          0x000109c8       0x18 ./lib/libcircle.a(purecall.o)
                0x000109c8                __cxa_pure_virtual
 .text          0x000109e0      0x150 ./lib/libcircle.a(synchronize.o)
                0x000109e0                EnterCritical
                0x00010aac                LeaveCritical
                0x00010b10                SyncDataAndInstructionCache
 .text          0x00010b30      0x3c4 ./lib/libcircle.a(bcmframebuffer.o)
                0x00010bb4                CBcmFrameBuffer::CBcmFrameBuffer(unsigned int, unsigned int, unsigned int, unsigned int, unsigned int)
                0x00010bb4                CBcmFrameBuffer::CBcmFrameBuffer(unsigned int, unsigned int, unsigned int, unsigned int, unsigned int)
                0x00010cf0                CBcmFrameBuffer::~CBcmFrameBuffer()
                0x00010cf0                CBcmFrameBuffer::~CBcmFrameBuffer()
                0x00010d0c                CBcmFrameBuffer::SetPalette(unsigned char, unsigned short)
                0x00010d48                CBcmFrameBuffer::SetPalette32(unsigned char, unsigned int)
                0x00010d60                CBcmFrameBuffer::Initialize()
                0x00010e24                CBcmFrameBuffer::GetWidth() const
                0x00010e2c                CBcmFrameBuffer::GetHeight() const
                0x00010e34                CBcmFrameBuffer::GetVirtWidth() const
                0x00010e3c                CBcmFrameBuffer::GetVirtHeight() const
                0x00010e44                CBcmFrameBuffer::GetPitch() const
                0x00010e4c                CBcmFrameBuffer::GetDepth() const
                0x00010e54                CBcmFrameBuffer::GetBuffer() const
                0x00010e5c                CBcmFrameBuffer::GetSize() const
                0x00010e64                CBcmFrameBuffer::UpdatePalette()
                0x00010e7c                CBcmFrameBuffer::SetVirtualOffset(unsigned int, unsigned int)
 .text          0x00010ef4       0x40 ./lib/libcircle.a(device.o)
                0x00010ef4                CDevice::~CDevice()
                0x00010ef4                CDevice::~CDevice()
                0x00010ef8                CDevice::Write(void const*, unsigned int)
                0x00010ef8                CDevice::Read(void*, unsigned int)
                0x00010f00                CDevice::Seek(unsigned long long)
                0x00010f0c                CDevice::~CDevice()
                0x00010f24                CDevice::CDevice()
                0x00010f24                CDevice::CDevice()
 .text          0x00010f34      0x280 ./lib/sched/libsched.a(task.o)
                0x00010f34                CTask::Run()
                0x00010f4c                CTask::~CTask()
                0x00010f4c                CTask::~CTask()
                0x00010fc8                CTask::~CTask()
                0x00010fe8                CTask::TaskEntry(void*)
                0x00011098                CTask::InitializeRegs()
                0x000110fc                CTask::CTask(unsigned int)
                0x000110fc                CTask::CTask(unsigned int)
 .text          0x000111b4      0xa30 ./lib/sched/libsched.a(scheduler.o)
                0x000111b4                CScheduler::CScheduler()
                0x000111b4                CScheduler::CScheduler()
                0x000112c0                CScheduler::AddTask(CTask*)
                0x00011398                CScheduler::RemoveTask(CTask*)
                0x00011424                CScheduler::~CScheduler()
                0x00011424                CScheduler::~CScheduler()
                0x000114f0                CScheduler::WakeTask(CTask**)
                0x000115a0                CScheduler::GetNextTask()
                0x000116dc                CScheduler::Yield()
                0x00011900                CScheduler::startFromSecondary()
                0x000119f8                CScheduler::usSleep(unsigned int)
                0x00011a04                CScheduler::Sleep(unsigned int)
                0x00011a5c                CScheduler::MsSleep(unsigned int)
                0x00011a78                CScheduler::BlockTask(CTask**)
                0x00011b40                CScheduler::Get()
                0x00011bbc                CScheduler::GetCore()
 .text.startup  0x00011be4       0x5c ./lib/sched/libsched.a(scheduler.o)
 .text          0x00011c40        0xc ./lib/sched/libsched.a(taskswitch.o)
                0x00011c40                TaskSwitch
                0x00011c4c                _etext = .

.glue_7         0x00011c4c        0x0
 .glue_7        0x00011c4c        0x0 linker stubs

.glue_7t        0x00011c4c        0x0
 .glue_7t       0x00011c4c        0x0 linker stubs

.vfp11_veneer   0x00011c4c        0x0
 .vfp11_veneer  0x00011c4c        0x0 linker stubs

.v4_bx          0x00011c4c        0x0
 .v4_bx         0x00011c4c        0x0 linker stubs

.iplt           0x00011c4c        0x0
 .iplt          0x00011c4c        0x0 ./lib/startup.o

.rodata         0x00011c4c     0x232c
 *(.rodata*)
 .rodata        0x00011c4c        0x7 kernel.o
 *fill*         0x00011c53        0x1 
 .rodata.str1.4
                0x00011c54       0x48 kernel.o
 .rodata        0x00011c9c       0x18 CoreManager.o
                0x00011c9c                vtable for CoreManager
 .rodata.str1.4
                0x00011cb4       0xd5 CoreManager.o
 *fill*         0x00011d89        0x3 
 .rodata        0x00011d8c       0x14 myTask.o
                0x00011d8c                vtable for myTask
 .rodata.str1.4
                0x00011da0       0x20 myTask.o
 .rodata.str1.4
                0x00011dc0       0x98 ./lib/libcircle.a(bcmpropertytags.o)
 .rodata        0x00011e58       0x28 ./lib/libcircle.a(gpiopin.o)
                0x00011e70                vtable for CGPIOPin
 .rodata.str1.4
                0x00011e80      0x28d ./lib/libcircle.a(gpiopin.o)
                                0x29d (size before relaxing)
 *fill*         0x0001210d        0x3 
 .rodata.str1.4
                0x00012110       0x94 ./lib/libcircle.a(memory.o)
 .rodata        0x000121a4       0x36 ./lib/libcircle.a(timer.o)
                0x000121a4                CTimer::s_nDaysOfMonth
 *fill*         0x000121da        0x2 
 .rodata.str1.4
                0x000121dc      0x158 ./lib/libcircle.a(timer.o)
                                0x168 (size before relaxing)
 .rodata.str1.4
                0x00012334       0x62 ./lib/libcircle.a(koptions.o)
 *fill*         0x00012396        0x2 
 .rodata.str1.4
                0x00012398       0x3e ./lib/libcircle.a(pagetable.o)
 *fill*         0x000123d6        0x2 
 .rodata        0x000123d8       0x21 ./lib/libcircle.a(screen.o)
                0x000123d8                vtable for CScreenDevice
 .rodata.str1.4
                0x000123f9        0x5 ./lib/libcircle.a(screen.o)
 *fill*         0x000123f9        0x3 
 .rodata.str1.4
                0x000123fc       0x1d ./lib/libcircle.a(assert.o)
 *fill*         0x00012419        0x3 
 .rodata        0x0001241c      0xdf0 ./lib/libcircle.a(chargenerator.o)
 .rodata.str1.4
                0x0001320c       0x29 ./lib/libcircle.a(chargenerator.o)
 *fill*         0x00013235        0x3 
 .rodata        0x00013238        0x6 ./lib/libcircle.a(debug.o)
 *fill*         0x0001323e        0x2 
 .rodata.str1.4
                0x00013240       0x8e ./lib/libcircle.a(debug.o)
 *fill*         0x000132ce        0x2 
 .rodata.str1.4
                0x000132d0       0x70 ./lib/libcircle.a(devicenameservice.o)
 .rodata.str1.4
                0x00013340       0x3b ./lib/libcircle.a(logger.o)
 *fill*         0x0001337b        0x1 
 .rodata        0x0001337c       0x1c ./lib/libcircle.a(serial.o)
                0x0001337c                vtable for CSerialDevice
 .rodata.str1.4
                0x00013398       0x92 ./lib/libcircle.a(serial.o)
                                 0xb8 (size before relaxing)
 *fill*         0x0001342a        0x2 
 .rodata        0x0001342c       0x10 ./lib/libcircle.a(string.o)
                0x0001342c                vtable for CString
 .rodata.str1.4
                0x0001343c        0x9 ./lib/libcircle.a(string.o)
                                  0xd (size before relaxing)
 *fill*         0x00013445        0x3 
 .rodata.str1.4
                0x00013448       0xc3 ./lib/libcircle.a(exceptionhandler.o)
                                 0xe3 (size before relaxing)
 *fill*         0x0001350b        0x1 
 .rodata.str1.4
                0x0001350c       0x9e ./lib/libcircle.a(interrupt.o)
                                 0xbd (size before relaxing)
 *fill*         0x000135aa        0x2 
 .rodata.str1.4
                0x000135ac       0x88 ./lib/libcircle.a(gpiomanager.o)
                                 0x9c (size before relaxing)
 .rodata        0x00013634       0x10 ./lib/libcircle.a(virtualgpiopin.o)
                0x00013634                vtable for CVirtualGPIOPin
 .rodata        0x00013644      0x1cc ./lib/libcircle.a(machineinfo.o)
 .rodata.str1.4
                0x00013810      0x119 ./lib/libcircle.a(machineinfo.o)
                                0x135 (size before relaxing)
 *fill*         0x00013929        0x3 
 .rodata        0x0001392c       0x20 ./lib/libcircle.a(multicore.o)
                0x00013934                vtable for CMultiCoreSupport
 .rodata.str1.4
                0x0001394c       0x9c ./lib/libcircle.a(multicore.o)
                                 0xd8 (size before relaxing)
 .rodata.str1.4
                0x000139e8       0x44 ./lib/libcircle.a(spinlock.o)
 .rodata.str1.4
                0x00013a2c      0x176 ./lib/libcircle.a(ptrlist.o)
 *fill*         0x00013ba2        0x2 
 .rodata.str1.4
                0x00013ba4       0xa8 ./lib/libcircle.a(alloc.o)
 .rodata.str1.4
                0x00013c4c       0x23 ./lib/libcircle.a(bcmmailbox.o)
 *fill*         0x00013c6f        0x1 
 .rodata.str1.4
                0x00013c70        0xd ./lib/libcircle.a(purecall.o)
                                 0x12 (size before relaxing)
 *fill*         0x00013c7d        0x3 
 .rodata.str1.4
                0x00013c80       0xc4 ./lib/libcircle.a(synchronize.o)
 .rodata        0x00013d44       0x1c ./lib/libcircle.a(device.o)
                0x00013d44                vtable for CDevice
 .rodata        0x00013d60       0x14 ./lib/sched/libsched.a(task.o)
                0x00013d60                vtable for CTask
 .rodata.str1.4
                0x00013d74       0x94 ./lib/sched/libsched.a(task.o)
                                 0xa4 (size before relaxing)
 .rodata        0x00013e08        0x6 ./lib/sched/libsched.a(scheduler.o)
 *fill*         0x00013e0e        0x2 
 .rodata.str1.4
                0x00013e10      0x168 ./lib/sched/libsched.a(scheduler.o)
                                0x16c (size before relaxing)
                0x00013f78                __init_start = .

.rel.dyn        0x00013f78        0x0
 .rel.iplt      0x00013f78        0x0 ./lib/startup.o

.init_array     0x00013f78       0x10
 *(.init_array*)
 .init_array    0x00013f78        0x4 ./lib/libcircle.a(gpiopin.o)
 .init_array    0x00013f7c        0x4 ./lib/libcircle.a(virtualgpiopin.o)
 .init_array    0x00013f80        0x4 ./lib/libcircle.a(alloc.o)
 .init_array    0x00013f84        0x4 ./lib/sched/libsched.a(scheduler.o)
                0x00013f88                __init_end = .

.data           0x00013f88       0xf0
 *(.data*)
 .data          0x00013f88        0x0 ./lib/startup.o
 .data          0x00013f88        0x0 main.o
 .data          0x00013f88        0x0 kernel.o
 .data          0x00013f88        0x0 contextswitch.o
 .data          0x00013f88        0x0 thread.o
 .data          0x00013f88        0x0 CoreManager.o
 .data          0x00013f88        0x0 myTask.o
 .data          0x00013f88        0x0 ./lib/libcircle.a(actled.o)
 .data          0x00013f88        0x0 ./lib/libcircle.a(bcmpropertytags.o)
 .data          0x00013f88        0x0 ./lib/libcircle.a(gpiopin.o)
 .data          0x00013f88        0x0 ./lib/libcircle.a(memory.o)
 .data          0x00013f88        0x0 ./lib/libcircle.a(new.o)
 .data          0x00013f88        0x0 ./lib/libcircle.a(sysinit.o)
 .data          0x00013f88       0x30 ./lib/libcircle.a(timer.o)
                0x00013f88                CTimer::s_pMonthName
 .data          0x00013fb8        0x0 ./lib/libcircle.a(util.o)
 .data          0x00013fb8        0x0 ./lib/libcircle.a(util_fast.o)
 .data          0x00013fb8        0x0 ./lib/libcircle.a(koptions.o)
 .data          0x00013fb8        0x0 ./lib/libcircle.a(pagetable.o)
 .data          0x00013fb8        0x0 ./lib/libcircle.a(screen.o)
 .data          0x00013fb8        0x0 ./lib/libcircle.a(assert.o)
 .data          0x00013fb8        0x0 ./lib/libcircle.a(chargenerator.o)
 .data          0x00013fb8        0x0 ./lib/libcircle.a(debug.o)
 .data          0x00013fb8        0x0 ./lib/libcircle.a(devicenameservice.o)
 .data          0x00013fb8        0x0 ./lib/libcircle.a(logger.o)
 .data          0x00013fb8        0x0 ./lib/libcircle.a(serial.o)
 .data          0x00013fb8        0x0 ./lib/libcircle.a(string.o)
 .data          0x00013fb8        0x0 ./lib/libcircle.a(delayloop.o)
 .data          0x00013fb8       0x10 ./lib/libcircle.a(exceptionhandler.o)
                0x00013fb8                CExceptionHandler::s_pExceptionName
 .data          0x00013fc8        0x8 ./lib/libcircle.a(exceptionstub.o)
                0x00013fc8                FIQData
 .data          0x00013fd0        0x0 ./lib/libcircle.a(interrupt.o)
 .data          0x00013fd0        0x0 ./lib/libcircle.a(gpiomanager.o)
 .data          0x00013fd0        0x0 ./lib/libcircle.a(virtualgpiopin.o)
 .data          0x00013fd0        0x0 ./lib/libcircle.a(machineinfo.o)
 .data          0x00013fd0        0x0 ./lib/libcircle.a(multicore.o)
 .data          0x00013fd0        0x0 ./lib/libcircle.a(spinlock.o)
 .data          0x00013fd0        0x0 ./lib/libcircle.a(cache-v7.o)
 .data          0x00013fd0        0x0 ./lib/libcircle.a(ptrlist.o)
 .data          0x00013fd0       0x38 ./lib/libcircle.a(alloc.o)
 .data          0x00014008        0x0 ./lib/libcircle.a(bcmmailbox.o)
 .data          0x00014008        0x0 ./lib/libcircle.a(purecall.o)
 .data          0x00014008        0x0 ./lib/libcircle.a(synchronize.o)
 .data          0x00014008       0x70 ./lib/libcircle.a(bcmframebuffer.o)
 .data          0x00014078        0x0 ./lib/libcircle.a(device.o)
 .data          0x00014078        0x0 ./lib/sched/libsched.a(task.o)
 .data          0x00014078        0x0 ./lib/sched/libsched.a(scheduler.o)
 .data          0x00014078        0x0 ./lib/sched/libsched.a(taskswitch.o)
                0x00014078                __bss_start = .

.igot.plt       0x00014078        0x0
 .igot.plt      0x00014078        0x0 ./lib/startup.o

.bss            0x00014078      0x298
 *(.bss*)
 .bss           0x00014078        0x0 ./lib/startup.o
 .bss           0x00014078        0x0 main.o
 .bss           0x00014078        0x0 kernel.o
 .bss           0x00014078        0x0 contextswitch.o
 .bss           0x00014078        0x0 thread.o
 .bss           0x00014078        0x0 CoreManager.o
 .bss           0x00014078        0x0 myTask.o
 .bss           0x00014078        0x4 ./lib/libcircle.a(actled.o)
                0x00014078                CActLED::s_pThis
 .bss           0x0001407c        0x0 ./lib/libcircle.a(bcmpropertytags.o)
 .bss           0x0001407c       0x18 ./lib/libcircle.a(gpiopin.o)
                0x0001407c                CGPIOPin::s_SpinLock
 .bss           0x00014094        0x0 ./lib/libcircle.a(memory.o)
 .bss           0x00014094        0x0 ./lib/libcircle.a(new.o)
 .bss           0x00014094       0x14 ./lib/libcircle.a(sysinit.o)
                0x000140a4                __dso_handle
 .bss           0x000140a8        0x4 ./lib/libcircle.a(timer.o)
                0x000140a8                CTimer::s_pThis
 .bss           0x000140ac        0x0 ./lib/libcircle.a(util.o)
 .bss           0x000140ac        0x0 ./lib/libcircle.a(util_fast.o)
 .bss           0x000140ac        0x4 ./lib/libcircle.a(koptions.o)
                0x000140ac                CKernelOptions::s_pThis
 .bss           0x000140b0        0x0 ./lib/libcircle.a(pagetable.o)
 .bss           0x000140b0        0x0 ./lib/libcircle.a(screen.o)
 .bss           0x000140b0        0x0 ./lib/libcircle.a(assert.o)
 .bss           0x000140b0        0x0 ./lib/libcircle.a(chargenerator.o)
 .bss           0x000140b0        0x0 ./lib/libcircle.a(debug.o)
 .bss           0x000140b0        0x4 ./lib/libcircle.a(devicenameservice.o)
                0x000140b0                CDeviceNameService::s_This
 .bss           0x000140b4        0x4 ./lib/libcircle.a(logger.o)
                0x000140b4                CLogger::s_pThis
 .bss           0x000140b8        0x0 ./lib/libcircle.a(serial.o)
 .bss           0x000140b8        0x0 ./lib/libcircle.a(string.o)
 .bss           0x000140b8        0x0 ./lib/libcircle.a(delayloop.o)
 .bss           0x000140b8        0x4 ./lib/libcircle.a(exceptionhandler.o)
                0x000140b8                CExceptionHandler::s_pThis
 .bss           0x000140bc        0x0 ./lib/libcircle.a(exceptionstub.o)
 .bss           0x000140bc        0x4 ./lib/libcircle.a(interrupt.o)
                0x000140bc                CInterruptSystem::s_pThis
 .bss           0x000140c0        0x0 ./lib/libcircle.a(gpiomanager.o)
 .bss           0x000140c0       0x1c ./lib/libcircle.a(virtualgpiopin.o)
                0x000140c0                CVirtualGPIOPin::s_nGPIOBaseAddress
                0x000140c4                CVirtualGPIOPin::s_SpinLock
 .bss           0x000140dc        0x4 ./lib/libcircle.a(machineinfo.o)
                0x000140dc                CMachineInfo::s_pThis
 .bss           0x000140e0        0x4 ./lib/libcircle.a(multicore.o)
                0x000140e0                CMultiCoreSupport::s_pThis
 .bss           0x000140e4        0x4 ./lib/libcircle.a(spinlock.o)
                0x000140e4                CSpinLock::s_bEnabled
 .bss           0x000140e8        0x0 ./lib/libcircle.a(cache-v7.o)
 .bss           0x000140e8        0x0 ./lib/libcircle.a(ptrlist.o)
 .bss           0x000140e8       0x44 ./lib/libcircle.a(alloc.o)
 .bss           0x0001412c        0x0 ./lib/libcircle.a(bcmmailbox.o)
 .bss           0x0001412c        0x0 ./lib/libcircle.a(purecall.o)
 .bss           0x0001412c      0x150 ./lib/libcircle.a(synchronize.o)
 .bss           0x0001427c        0x0 ./lib/libcircle.a(bcmframebuffer.o)
 .bss           0x0001427c        0x0 ./lib/libcircle.a(device.o)
 .bss           0x0001427c        0x0 ./lib/sched/libsched.a(task.o)
 .bss           0x0001427c       0x94 ./lib/sched/libsched.a(scheduler.o)
                0x00014294                CScheduler::s_pThis
                0x000142bc                m_nTasks
                0x000142c0                m_pTask
 .bss           0x00014310        0x0 ./lib/sched/libsched.a(taskswitch.o)
                0x00014310                _end = .
LOAD ./lib/startup.o
LOAD main.o
LOAD kernel.o
LOAD contextswitch.o
LOAD thread.o
LOAD CoreManager.o
LOAD myTask.o
LOAD ./lib/libcircle.a
LOAD ./lib/sched/libsched.a
OUTPUT(kernel8-32.elf elf32-littlearm)

.ARM.attributes
                0x00000000       0x35
 .ARM.attributes
                0x00000000       0x25 ./lib/startup.o
 .ARM.attributes
                0x00000025       0x39 main.o
 .ARM.attributes
                0x0000005e       0x39 kernel.o
 .ARM.attributes
                0x00000097       0x25 contextswitch.o
 .ARM.attributes
                0x000000bc       0x39 thread.o
 .ARM.attributes
                0x000000f5       0x39 CoreManager.o
 .ARM.attributes
                0x0000012e       0x39 myTask.o
 .ARM.attributes
                0x00000167       0x39 ./lib/libcircle.a(actled.o)
 .ARM.attributes
                0x000001a0       0x39 ./lib/libcircle.a(bcmpropertytags.o)
 .ARM.attributes
                0x000001d9       0x39 ./lib/libcircle.a(gpiopin.o)
 .ARM.attributes
                0x00000212       0x39 ./lib/libcircle.a(memory.o)
 .ARM.attributes
                0x0000024b       0x39 ./lib/libcircle.a(new.o)
 .ARM.attributes
                0x00000284       0x39 ./lib/libcircle.a(sysinit.o)
 .ARM.attributes
                0x000002bd       0x39 ./lib/libcircle.a(timer.o)
 .ARM.attributes
                0x000002f6       0x39 ./lib/libcircle.a(util.o)
 .ARM.attributes
                0x0000032f       0x25 ./lib/libcircle.a(util_fast.o)
 .ARM.attributes
                0x00000354       0x39 ./lib/libcircle.a(koptions.o)
 .ARM.attributes
                0x0000038d       0x39 ./lib/libcircle.a(pagetable.o)
 .ARM.attributes
                0x000003c6       0x39 ./lib/libcircle.a(screen.o)
 .ARM.attributes
                0x000003ff       0x39 ./lib/libcircle.a(assert.o)
 .ARM.attributes
                0x00000438       0x39 ./lib/libcircle.a(chargenerator.o)
 .ARM.attributes
                0x00000471       0x39 ./lib/libcircle.a(debug.o)
 .ARM.attributes
                0x000004aa       0x39 ./lib/libcircle.a(devicenameservice.o)
 .ARM.attributes
                0x000004e3       0x39 ./lib/libcircle.a(logger.o)
 .ARM.attributes
                0x0000051c       0x39 ./lib/libcircle.a(serial.o)
 .ARM.attributes
                0x00000555       0x39 ./lib/libcircle.a(string.o)
 .ARM.attributes
                0x0000058e       0x25 ./lib/libcircle.a(delayloop.o)
 .ARM.attributes
                0x000005b3       0x39 ./lib/libcircle.a(exceptionhandler.o)
 .ARM.attributes
                0x000005ec       0x25 ./lib/libcircle.a(exceptionstub.o)
 .ARM.attributes
                0x00000611       0x39 ./lib/libcircle.a(interrupt.o)
 .ARM.attributes
                0x0000064a       0x39 ./lib/libcircle.a(gpiomanager.o)
 .ARM.attributes
                0x00000683       0x39 ./lib/libcircle.a(virtualgpiopin.o)
 .ARM.attributes
                0x000006bc       0x39 ./lib/libcircle.a(machineinfo.o)
 .ARM.attributes
                0x000006f5       0x39 ./lib/libcircle.a(multicore.o)
 .ARM.attributes
                0x0000072e       0x39 ./lib/libcircle.a(spinlock.o)
 .ARM.attributes
                0x00000767       0x25 ./lib/libcircle.a(cache-v7.o)
 .ARM.attributes
                0x0000078c       0x39 ./lib/libcircle.a(ptrlist.o)
 .ARM.attributes
                0x000007c5       0x39 ./lib/libcircle.a(alloc.o)
 .ARM.attributes
                0x000007fe       0x39 ./lib/libcircle.a(bcmmailbox.o)
 .ARM.attributes
                0x00000837       0x39 ./lib/libcircle.a(purecall.o)
 .ARM.attributes
                0x00000870       0x39 ./lib/libcircle.a(synchronize.o)
 .ARM.attributes
                0x000008a9       0x39 ./lib/libcircle.a(bcmframebuffer.o)
 .ARM.attributes
                0x000008e2       0x39 ./lib/libcircle.a(device.o)
 .ARM.attributes
                0x0000091b       0x39 ./lib/sched/libsched.a(task.o)
 .ARM.attributes
                0x00000954       0x39 ./lib/sched/libsched.a(scheduler.o)
 .ARM.attributes
                0x0000098d       0x25 ./lib/sched/libsched.a(taskswitch.o)

.comment        0x00000000       0x6e
 .comment       0x00000000       0x6e main.o
                                 0x6f (size before relaxing)
 .comment       0x0000006e       0x6f kernel.o
 .comment       0x0000006e       0x6f thread.o
 .comment       0x0000006e       0x6f CoreManager.o
 .comment       0x0000006e       0x6f myTask.o
 .comment       0x0000006e       0x6f ./lib/libcircle.a(actled.o)
 .comment       0x0000006e       0x6f ./lib/libcircle.a(bcmpropertytags.o)
 .comment       0x0000006e       0x6f ./lib/libcircle.a(gpiopin.o)
 .comment       0x0000006e       0x6f ./lib/libcircle.a(memory.o)
 .comment       0x0000006e       0x6f ./lib/libcircle.a(new.o)
 .comment       0x0000006e       0x6f ./lib/libcircle.a(sysinit.o)
 .comment       0x0000006e       0x6f ./lib/libcircle.a(timer.o)
 .comment       0x0000006e       0x6f ./lib/libcircle.a(util.o)
 .comment       0x0000006e       0x6f ./lib/libcircle.a(koptions.o)
 .comment       0x0000006e       0x6f ./lib/libcircle.a(pagetable.o)
 .comment       0x0000006e       0x6f ./lib/libcircle.a(screen.o)
 .comment       0x0000006e       0x6f ./lib/libcircle.a(assert.o)
 .comment       0x0000006e       0x6f ./lib/libcircle.a(chargenerator.o)
 .comment       0x0000006e       0x6f ./lib/libcircle.a(debug.o)
 .comment       0x0000006e       0x6f ./lib/libcircle.a(devicenameservice.o)
 .comment       0x0000006e       0x6f ./lib/libcircle.a(logger.o)
 .comment       0x0000006e       0x6f ./lib/libcircle.a(serial.o)
 .comment       0x0000006e       0x6f ./lib/libcircle.a(string.o)
 .comment       0x0000006e       0x6f ./lib/libcircle.a(exceptionhandler.o)
 .comment       0x0000006e       0x6f ./lib/libcircle.a(interrupt.o)
 .comment       0x0000006e       0x6f ./lib/libcircle.a(gpiomanager.o)
 .comment       0x0000006e       0x6f ./lib/libcircle.a(virtualgpiopin.o)
 .comment       0x0000006e       0x6f ./lib/libcircle.a(machineinfo.o)
 .comment       0x0000006e       0x6f ./lib/libcircle.a(multicore.o)
 .comment       0x0000006e       0x6f ./lib/libcircle.a(spinlock.o)
 .comment       0x0000006e       0x6f ./lib/libcircle.a(ptrlist.o)
 .comment       0x0000006e       0x6f ./lib/libcircle.a(alloc.o)
 .comment       0x0000006e       0x6f ./lib/libcircle.a(bcmmailbox.o)
 .comment       0x0000006e       0x6f ./lib/libcircle.a(purecall.o)
 .comment       0x0000006e       0x6f ./lib/libcircle.a(synchronize.o)
 .comment       0x0000006e       0x6f ./lib/libcircle.a(bcmframebuffer.o)
 .comment       0x0000006e       0x6f ./lib/libcircle.a(device.o)
 .comment       0x0000006e       0x6f ./lib/sched/libsched.a(task.o)
 .comment       0x0000006e       0x6f ./lib/sched/libsched.a(scheduler.o)

.debug_info     0x00000000    0x21993
 .debug_info    0x00000000     0x185c main.o
 .debug_info    0x0000185c     0x1e37 kernel.o
 .debug_info    0x00003693      0x618 thread.o
 .debug_info    0x00003cab     0x15c8 CoreManager.o
 .debug_info    0x00005273      0xfa5 myTask.o
 .debug_info    0x00006218      0xfa4 ./lib/libcircle.a(actled.o)
 .debug_info    0x000071bc      0x660 ./lib/libcircle.a(bcmpropertytags.o)
 .debug_info    0x0000781c     0x21d4 ./lib/libcircle.a(gpiopin.o)
 .debug_info    0x000099f0      0xa30 ./lib/libcircle.a(memory.o)
 .debug_info    0x0000a420      0x147 ./lib/libcircle.a(new.o)
 .debug_info    0x0000a567      0x65a ./lib/libcircle.a(sysinit.o)
 .debug_info    0x0000abc1     0x1ca8 ./lib/libcircle.a(timer.o)
 .debug_info    0x0000c869      0x459 ./lib/libcircle.a(util.o)
 .debug_info    0x0000ccc2      0xd70 ./lib/libcircle.a(koptions.o)
 .debug_info    0x0000da32      0x483 ./lib/libcircle.a(pagetable.o)
 .debug_info    0x0000deb5     0x25f5 ./lib/libcircle.a(screen.o)
 .debug_info    0x000104aa      0xbf1 ./lib/libcircle.a(assert.o)
 .debug_info    0x0001109b      0x371 ./lib/libcircle.a(chargenerator.o)
 .debug_info    0x0001140c      0xc52 ./lib/libcircle.a(debug.o)
 .debug_info    0x0001205e      0x688 ./lib/libcircle.a(devicenameservice.o)
 .debug_info    0x000126e6     0x14ee ./lib/libcircle.a(logger.o)
 .debug_info    0x00013bd4     0x16a2 ./lib/libcircle.a(serial.o)
 .debug_info    0x00015276     0x1870 ./lib/libcircle.a(string.o)
 .debug_info    0x00016ae6     0x1189 ./lib/libcircle.a(exceptionhandler.o)
 .debug_info    0x00017c6f      0xb54 ./lib/libcircle.a(interrupt.o)
 .debug_info    0x000187c3      0x8fa ./lib/libcircle.a(gpiomanager.o)
 .debug_info    0x000190bd      0x814 ./lib/libcircle.a(virtualgpiopin.o)
 .debug_info    0x000198d1      0xbf0 ./lib/libcircle.a(machineinfo.o)
 .debug_info    0x0001a4c1     0x16f4 ./lib/libcircle.a(multicore.o)
 .debug_info    0x0001bbb5      0x37d ./lib/libcircle.a(spinlock.o)
 .debug_info    0x0001bf32      0x751 ./lib/libcircle.a(ptrlist.o)
 .debug_info    0x0001c683      0x6ad ./lib/libcircle.a(alloc.o)
 .debug_info    0x0001cd30      0xda5 ./lib/libcircle.a(bcmmailbox.o)
 .debug_info    0x0001dad5       0x68 ./lib/libcircle.a(purecall.o)
 .debug_info    0x0001db3d      0x21e ./lib/libcircle.a(synchronize.o)
 .debug_info    0x0001dd5b      0xcf9 ./lib/libcircle.a(bcmframebuffer.o)
 .debug_info    0x0001ea54      0x2c0 ./lib/libcircle.a(device.o)
 .debug_info    0x0001ed14      0xa77 ./lib/sched/libsched.a(task.o)
 .debug_info    0x0001f78b     0x2208 ./lib/sched/libsched.a(scheduler.o)

.debug_abbrev   0x00000000     0x7b06
 .debug_abbrev  0x00000000      0x38a main.o
 .debug_abbrev  0x0000038a      0x4b8 kernel.o
 .debug_abbrev  0x00000842      0x2a6 thread.o
 .debug_abbrev  0x00000ae8      0x4e3 CoreManager.o
 .debug_abbrev  0x00000fcb      0x3b4 myTask.o
 .debug_abbrev  0x0000137f      0x3ae ./lib/libcircle.a(actled.o)
 .debug_abbrev  0x0000172d      0x228 ./lib/libcircle.a(bcmpropertytags.o)
 .debug_abbrev  0x00001955      0x58c ./lib/libcircle.a(gpiopin.o)
 .debug_abbrev  0x00001ee1      0x2a7 ./lib/libcircle.a(memory.o)
 .debug_abbrev  0x00002188       0xa3 ./lib/libcircle.a(new.o)
 .debug_abbrev  0x0000222b      0x27a ./lib/libcircle.a(sysinit.o)
 .debug_abbrev  0x000024a5      0x523 ./lib/libcircle.a(timer.o)
 .debug_abbrev  0x000029c8      0x17c ./lib/libcircle.a(util.o)
 .debug_abbrev  0x00002b44      0x39a ./lib/libcircle.a(koptions.o)
 .debug_abbrev  0x00002ede      0x1ff ./lib/libcircle.a(pagetable.o)
 .debug_abbrev  0x000030dd      0x4e0 ./lib/libcircle.a(screen.o)
 .debug_abbrev  0x000035bd      0x2d3 ./lib/libcircle.a(assert.o)
 .debug_abbrev  0x00003890      0x18f ./lib/libcircle.a(chargenerator.o)
 .debug_abbrev  0x00003a1f      0x2dc ./lib/libcircle.a(debug.o)
 .debug_abbrev  0x00003cfb      0x256 ./lib/libcircle.a(devicenameservice.o)
 .debug_abbrev  0x00003f51      0x3c7 ./lib/libcircle.a(logger.o)
 .debug_abbrev  0x00004318      0x4b6 ./lib/libcircle.a(serial.o)
 .debug_abbrev  0x000047ce      0x3f8 ./lib/libcircle.a(string.o)
 .debug_abbrev  0x00004bc6      0x41b ./lib/libcircle.a(exceptionhandler.o)
 .debug_abbrev  0x00004fe1      0x39d ./lib/libcircle.a(interrupt.o)
 .debug_abbrev  0x0000537e      0x31e ./lib/libcircle.a(gpiomanager.o)
 .debug_abbrev  0x0000569c      0x379 ./lib/libcircle.a(virtualgpiopin.o)
 .debug_abbrev  0x00005a15      0x330 ./lib/libcircle.a(machineinfo.o)
 .debug_abbrev  0x00005d45      0x50d ./lib/libcircle.a(multicore.o)
 .debug_abbrev  0x00006252      0x200 ./lib/libcircle.a(spinlock.o)
 .debug_abbrev  0x00006452      0x1b8 ./lib/libcircle.a(ptrlist.o)
 .debug_abbrev  0x0000660a      0x24f ./lib/libcircle.a(alloc.o)
 .debug_abbrev  0x00006859      0x33e ./lib/libcircle.a(bcmmailbox.o)
 .debug_abbrev  0x00006b97       0x57 ./lib/libcircle.a(purecall.o)
 .debug_abbrev  0x00006bee       0xd5 ./lib/libcircle.a(synchronize.o)
 .debug_abbrev  0x00006cc3      0x323 ./lib/libcircle.a(bcmframebuffer.o)
 .debug_abbrev  0x00006fe6      0x1b7 ./lib/libcircle.a(device.o)
 .debug_abbrev  0x0000719d      0x383 ./lib/sched/libsched.a(task.o)
 .debug_abbrev  0x00007520      0x5e6 ./lib/sched/libsched.a(scheduler.o)

.debug_loc      0x00000000     0xabb7
 .debug_loc     0x00000000       0x1e main.o
 .debug_loc     0x0000001e      0x167 kernel.o
 .debug_loc     0x00000185      0x1cb thread.o
 .debug_loc     0x00000350      0x31b CoreManager.o
 .debug_loc     0x0000066b       0xee myTask.o
 .debug_loc     0x00000759      0x25e ./lib/libcircle.a(actled.o)
 .debug_loc     0x000009b7      0x214 ./lib/libcircle.a(bcmpropertytags.o)
 .debug_loc     0x00000bcb      0xcb2 ./lib/libcircle.a(gpiopin.o)
 .debug_loc     0x0000187d      0x15c ./lib/libcircle.a(memory.o)
 .debug_loc     0x000019d9       0x84 ./lib/libcircle.a(new.o)
 .debug_loc     0x00001a5d      0x121 ./lib/libcircle.a(sysinit.o)
 .debug_loc     0x00001b7e      0xdd4 ./lib/libcircle.a(timer.o)
 .debug_loc     0x00002952      0x856 ./lib/libcircle.a(util.o)
 .debug_loc     0x000031a8      0x360 ./lib/libcircle.a(koptions.o)
 .debug_loc     0x00003508      0x154 ./lib/libcircle.a(pagetable.o)
 .debug_loc     0x0000365c     0x1556 ./lib/libcircle.a(screen.o)
 .debug_loc     0x00004bb2       0x5a ./lib/libcircle.a(assert.o)
 .debug_loc     0x00004c0c      0x1b4 ./lib/libcircle.a(chargenerator.o)
 .debug_loc     0x00004dc0      0x167 ./lib/libcircle.a(debug.o)
 .debug_loc     0x00004f27      0x293 ./lib/libcircle.a(devicenameservice.o)
 .debug_loc     0x000051ba      0x3dd ./lib/libcircle.a(logger.o)
 .debug_loc     0x00005597      0xbf7 ./lib/libcircle.a(serial.o)
 .debug_loc     0x0000618e     0x1ad5 ./lib/libcircle.a(string.o)
 .debug_loc     0x00007c63      0x249 ./lib/libcircle.a(exceptionhandler.o)
 .debug_loc     0x00007eac      0x66d ./lib/libcircle.a(interrupt.o)
 .debug_loc     0x00008519      0x388 ./lib/libcircle.a(gpiomanager.o)
 .debug_loc     0x000088a1      0x202 ./lib/libcircle.a(virtualgpiopin.o)
 .debug_loc     0x00008aa3      0x357 ./lib/libcircle.a(machineinfo.o)
 .debug_loc     0x00008dfa      0x59c ./lib/libcircle.a(multicore.o)
 .debug_loc     0x00009396      0x136 ./lib/libcircle.a(spinlock.o)
 .debug_loc     0x000094cc      0x334 ./lib/libcircle.a(ptrlist.o)
 .debug_loc     0x00009800      0x230 ./lib/libcircle.a(alloc.o)
 .debug_loc     0x00009a30      0x26c ./lib/libcircle.a(bcmmailbox.o)
 .debug_loc     0x00009c9c       0x5d ./lib/libcircle.a(synchronize.o)
 .debug_loc     0x00009cf9      0x363 ./lib/libcircle.a(bcmframebuffer.o)
 .debug_loc     0x0000a05c       0x60 ./lib/libcircle.a(device.o)
 .debug_loc     0x0000a0bc      0x185 ./lib/sched/libsched.a(task.o)
 .debug_loc     0x0000a241      0x976 ./lib/sched/libsched.a(scheduler.o)

.debug_aranges  0x00000000      0x500
 .debug_aranges
                0x00000000       0x20 main.o
 .debug_aranges
                0x00000020       0x20 kernel.o
 .debug_aranges
                0x00000040       0x20 thread.o
 .debug_aranges
                0x00000060       0x20 CoreManager.o
 .debug_aranges
                0x00000080       0x20 myTask.o
 .debug_aranges
                0x000000a0       0x20 ./lib/libcircle.a(actled.o)
 .debug_aranges
                0x000000c0       0x20 ./lib/libcircle.a(bcmpropertytags.o)
 .debug_aranges
                0x000000e0       0x28 ./lib/libcircle.a(gpiopin.o)
 .debug_aranges
                0x00000108       0x20 ./lib/libcircle.a(memory.o)
 .debug_aranges
                0x00000128       0x20 ./lib/libcircle.a(new.o)
 .debug_aranges
                0x00000148       0x20 ./lib/libcircle.a(sysinit.o)
 .debug_aranges
                0x00000168       0x20 ./lib/libcircle.a(timer.o)
 .debug_aranges
                0x00000188       0x20 ./lib/libcircle.a(util.o)
 .debug_aranges
                0x000001a8       0x20 ./lib/libcircle.a(koptions.o)
 .debug_aranges
                0x000001c8       0x20 ./lib/libcircle.a(pagetable.o)
 .debug_aranges
                0x000001e8       0x20 ./lib/libcircle.a(screen.o)
 .debug_aranges
                0x00000208       0x20 ./lib/libcircle.a(assert.o)
 .debug_aranges
                0x00000228       0x20 ./lib/libcircle.a(chargenerator.o)
 .debug_aranges
                0x00000248       0x20 ./lib/libcircle.a(debug.o)
 .debug_aranges
                0x00000268       0x20 ./lib/libcircle.a(devicenameservice.o)
 .debug_aranges
                0x00000288       0x20 ./lib/libcircle.a(logger.o)
 .debug_aranges
                0x000002a8       0x20 ./lib/libcircle.a(serial.o)
 .debug_aranges
                0x000002c8       0x20 ./lib/libcircle.a(string.o)
 .debug_aranges
                0x000002e8       0x20 ./lib/libcircle.a(exceptionhandler.o)
 .debug_aranges
                0x00000308       0x20 ./lib/libcircle.a(interrupt.o)
 .debug_aranges
                0x00000328       0x20 ./lib/libcircle.a(gpiomanager.o)
 .debug_aranges
                0x00000348       0x28 ./lib/libcircle.a(virtualgpiopin.o)
 .debug_aranges
                0x00000370       0x20 ./lib/libcircle.a(machineinfo.o)
 .debug_aranges
                0x00000390       0x20 ./lib/libcircle.a(multicore.o)
 .debug_aranges
                0x000003b0       0x20 ./lib/libcircle.a(spinlock.o)
 .debug_aranges
                0x000003d0       0x20 ./lib/libcircle.a(ptrlist.o)
 .debug_aranges
                0x000003f0       0x28 ./lib/libcircle.a(alloc.o)
 .debug_aranges
                0x00000418       0x20 ./lib/libcircle.a(bcmmailbox.o)
 .debug_aranges
                0x00000438       0x20 ./lib/libcircle.a(purecall.o)
 .debug_aranges
                0x00000458       0x20 ./lib/libcircle.a(synchronize.o)
 .debug_aranges
                0x00000478       0x20 ./lib/libcircle.a(bcmframebuffer.o)
 .debug_aranges
                0x00000498       0x20 ./lib/libcircle.a(device.o)
 .debug_aranges
                0x000004b8       0x20 ./lib/sched/libsched.a(task.o)
 .debug_aranges
                0x000004d8       0x28 ./lib/sched/libsched.a(scheduler.o)

.debug_ranges   0x00000000     0x1378
 .debug_ranges  0x00000000       0x10 main.o
 .debug_ranges  0x00000010       0x18 thread.o
 .debug_ranges  0x00000028       0x48 CoreManager.o
 .debug_ranges  0x00000070       0x70 ./lib/libcircle.a(actled.o)
 .debug_ranges  0x000000e0       0xe8 ./lib/libcircle.a(gpiopin.o)
 .debug_ranges  0x000001c8       0x20 ./lib/libcircle.a(memory.o)
 .debug_ranges  0x000001e8       0x48 ./lib/libcircle.a(sysinit.o)
 .debug_ranges  0x00000230      0x200 ./lib/libcircle.a(timer.o)
 .debug_ranges  0x00000430       0x20 ./lib/libcircle.a(util.o)
 .debug_ranges  0x00000450       0xa0 ./lib/libcircle.a(koptions.o)
 .debug_ranges  0x000004f0       0x58 ./lib/libcircle.a(pagetable.o)
 .debug_ranges  0x00000548      0x298 ./lib/libcircle.a(screen.o)
 .debug_ranges  0x000007e0       0x38 ./lib/libcircle.a(debug.o)
 .debug_ranges  0x00000818       0x30 ./lib/libcircle.a(devicenameservice.o)
 .debug_ranges  0x00000848      0x238 ./lib/libcircle.a(serial.o)
 .debug_ranges  0x00000a80      0x218 ./lib/libcircle.a(string.o)
 .debug_ranges  0x00000c98       0x38 ./lib/libcircle.a(exceptionhandler.o)
 .debug_ranges  0x00000cd0       0xc0 ./lib/libcircle.a(interrupt.o)
 .debug_ranges  0x00000d90       0x60 ./lib/libcircle.a(gpiomanager.o)
 .debug_ranges  0x00000df0       0x80 ./lib/libcircle.a(virtualgpiopin.o)
 .debug_ranges  0x00000e70       0x68 ./lib/libcircle.a(machineinfo.o)
 .debug_ranges  0x00000ed8      0x150 ./lib/libcircle.a(multicore.o)
 .debug_ranges  0x00001028       0x50 ./lib/libcircle.a(alloc.o)
 .debug_ranges  0x00001078       0x80 ./lib/libcircle.a(bcmmailbox.o)
 .debug_ranges  0x000010f8       0x60 ./lib/libcircle.a(bcmframebuffer.o)
 .debug_ranges  0x00001158      0x220 ./lib/sched/libsched.a(scheduler.o)

.debug_line     0x00000000     0x43ad
 .debug_line    0x00000000      0x1ac main.o
 .debug_line    0x000001ac      0x1ed kernel.o
 .debug_line    0x00000399       0xb1 thread.o
 .debug_line    0x0000044a      0x1d3 CoreManager.o
 .debug_line    0x0000061d      0x123 myTask.o
 .debug_line    0x00000740      0x165 ./lib/libcircle.a(actled.o)
 .debug_line    0x000008a5      0x10e ./lib/libcircle.a(bcmpropertytags.o)
 .debug_line    0x000009b3      0x4b6 ./lib/libcircle.a(gpiopin.o)
 .debug_line    0x00000e69      0x17d ./lib/libcircle.a(memory.o)
 .debug_line    0x00000fe6       0x5d ./lib/libcircle.a(new.o)
 .debug_line    0x00001043      0x10c ./lib/libcircle.a(sysinit.o)
 .debug_line    0x0000114f      0x3d2 ./lib/libcircle.a(timer.o)
 .debug_line    0x00001521      0x150 ./lib/libcircle.a(util.o)
 .debug_line    0x00001671      0x1a8 ./lib/libcircle.a(koptions.o)
 .debug_line    0x00001819      0x161 ./lib/libcircle.a(pagetable.o)
 .debug_line    0x0000197a      0x46b ./lib/libcircle.a(screen.o)
 .debug_line    0x00001de5       0xeb ./lib/libcircle.a(assert.o)
 .debug_line    0x00001ed0       0xbd ./lib/libcircle.a(chargenerator.o)
 .debug_line    0x00001f8d       0xf1 ./lib/libcircle.a(debug.o)
 .debug_line    0x0000207e      0x149 ./lib/libcircle.a(devicenameservice.o)
 .debug_line    0x000021c7      0x19e ./lib/libcircle.a(logger.o)
 .debug_line    0x00002365      0x39b ./lib/libcircle.a(serial.o)
 .debug_line    0x00002700      0x38d ./lib/libcircle.a(string.o)
 .debug_line    0x00002a8d      0x1ba ./lib/libcircle.a(exceptionhandler.o)
 .debug_line    0x00002c47      0x272 ./lib/libcircle.a(interrupt.o)
 .debug_line    0x00002eb9      0x1ad ./lib/libcircle.a(gpiomanager.o)
 .debug_line    0x00003066      0x138 ./lib/libcircle.a(virtualgpiopin.o)
 .debug_line    0x0000319e      0x1a0 ./lib/libcircle.a(machineinfo.o)
 .debug_line    0x0000333e      0x2a8 ./lib/libcircle.a(multicore.o)
 .debug_line    0x000035e6       0xcd ./lib/libcircle.a(spinlock.o)
 .debug_line    0x000036b3      0x176 ./lib/libcircle.a(ptrlist.o)
 .debug_line    0x00003829      0x14c ./lib/libcircle.a(alloc.o)
 .debug_line    0x00003975      0x18c ./lib/libcircle.a(bcmmailbox.o)
 .debug_line    0x00003b01       0x54 ./lib/libcircle.a(purecall.o)
 .debug_line    0x00003b55       0xc7 ./lib/libcircle.a(synchronize.o)
 .debug_line    0x00003c1c      0x170 ./lib/libcircle.a(bcmframebuffer.o)
 .debug_line    0x00003d8c       0x68 ./lib/libcircle.a(device.o)
 .debug_line    0x00003df4      0x161 ./lib/sched/libsched.a(task.o)
 .debug_line    0x00003f55      0x458 ./lib/sched/libsched.a(scheduler.o)

.debug_str      0x00000000     0x556f
 .debug_str     0x00000000     0x182c main.o
                               0x19d2 (size before relaxing)
 .debug_str     0x0000182c       0xe5 kernel.o
                               0x1aa8 (size before relaxing)
 .debug_str     0x00001911      0x2bc thread.o
                                0x45b (size before relaxing)
 .debug_str     0x00001bcd      0x23d CoreManager.o
                               0x1498 (size before relaxing)
 .debug_str     0x00001e0a       0x92 myTask.o
                                0xfe4 (size before relaxing)
 .debug_str     0x00001e9c      0x267 ./lib/libcircle.a(actled.o)
                                0xec2 (size before relaxing)
 .debug_str     0x00002103       0xb3 ./lib/libcircle.a(bcmpropertytags.o)
                                0x4f5 (size before relaxing)
 .debug_str     0x000021b6      0xc0b ./lib/libcircle.a(gpiopin.o)
                               0x1887 (size before relaxing)
 .debug_str     0x00002dc1       0x91 ./lib/libcircle.a(memory.o)
                                0x7ed (size before relaxing)
 .debug_str     0x00002e52       0x38 ./lib/libcircle.a(new.o)
                                0x173 (size before relaxing)
 .debug_str     0x00002e8a       0x98 ./lib/libcircle.a(sysinit.o)
                                0x73e (size before relaxing)
 .debug_str     0x00002f22      0x197 ./lib/libcircle.a(timer.o)
                                0xf8c (size before relaxing)
 .debug_str     0x000030b9       0xef ./lib/libcircle.a(util.o)
                                0x2b0 (size before relaxing)
 .debug_str     0x000031a8       0x75 ./lib/libcircle.a(koptions.o)
                                0x81d (size before relaxing)
 .debug_str     0x0000321d       0x7b ./lib/libcircle.a(pagetable.o)
                                0x337 (size before relaxing)
 .debug_str     0x00003298      0xcbf ./lib/libcircle.a(screen.o)
                               0x1258 (size before relaxing)
 .debug_str     0x00003f57       0x7d ./lib/libcircle.a(assert.o)
                                0xd9f (size before relaxing)
 .debug_str     0x00003fd4       0x6d ./lib/libcircle.a(chargenerator.o)
                                0x352 (size before relaxing)
 .debug_str     0x00004041       0x63 ./lib/libcircle.a(debug.o)
                                0xd81 (size before relaxing)
 .debug_str     0x000040a4       0x74 ./lib/libcircle.a(devicenameservice.o)
                                0x492 (size before relaxing)
 .debug_str     0x00004118       0xd2 ./lib/libcircle.a(logger.o)
                               0x132c (size before relaxing)
 .debug_str     0x000041ea      0x2b7 ./lib/libcircle.a(serial.o)
                                0xfaf (size before relaxing)
 .debug_str     0x000044a1      0x26f ./lib/libcircle.a(string.o)
                                0x5dd (size before relaxing)
 .debug_str     0x00004710      0x14c ./lib/libcircle.a(exceptionhandler.o)
                                0xff6 (size before relaxing)
 .debug_str     0x0000485c       0x7d ./lib/libcircle.a(interrupt.o)
                                0x5c2 (size before relaxing)
 .debug_str     0x000048d9       0x5b ./lib/libcircle.a(gpiomanager.o)
                                0x70d (size before relaxing)
 .debug_str     0x00004934      0x17e ./lib/libcircle.a(virtualgpiopin.o)
                                0x6de (size before relaxing)
 .debug_str     0x00004ab2       0xaf ./lib/libcircle.a(machineinfo.o)
                                0x9ea (size before relaxing)
 .debug_str     0x00004b61      0x272 ./lib/libcircle.a(multicore.o)
                               0x1351 (size before relaxing)
 .debug_str     0x00004dd3       0x4c ./lib/libcircle.a(spinlock.o)
                                0x307 (size before relaxing)
 .debug_str     0x00004e1f       0x48 ./lib/libcircle.a(ptrlist.o)
                                0x350 (size before relaxing)
 .debug_str     0x00004e67      0x12a ./lib/libcircle.a(alloc.o)
                                0x440 (size before relaxing)
 .debug_str     0x00004f91       0x3f ./lib/libcircle.a(bcmmailbox.o)
                                0xcb4 (size before relaxing)
 .debug_str     0x00004fd0       0x20 ./lib/libcircle.a(purecall.o)
                                0x13e (size before relaxing)
 .debug_str     0x00004ff0       0x45 ./lib/libcircle.a(synchronize.o)
                                0x220 (size before relaxing)
 .debug_str     0x00005035      0x120 ./lib/libcircle.a(bcmframebuffer.o)
                                0x95f (size before relaxing)
 .debug_str     0x00005155       0xd3 ./lib/libcircle.a(device.o)
                                0x25d (size before relaxing)
 .debug_str     0x00005228      0x264 ./lib/sched/libsched.a(task.o)
                                0x758 (size before relaxing)
 .debug_str     0x0000548c       0xe3 ./lib/sched/libsched.a(scheduler.o)
                               0x1237 (size before relaxing)

.debug_frame    0x00000000     0x2684
 .debug_frame   0x00000000       0x34 main.o
 .debug_frame   0x00000034       0xa0 kernel.o
 .debug_frame   0x000000d4       0x98 thread.o
 .debug_frame   0x0000016c       0xd8 CoreManager.o
 .debug_frame   0x00000244       0x8c myTask.o
 .debug_frame   0x000002d0       0x98 ./lib/libcircle.a(actled.o)
 .debug_frame   0x00000368       0x84 ./lib/libcircle.a(bcmpropertytags.o)
 .debug_frame   0x000003ec      0x2c0 ./lib/libcircle.a(gpiopin.o)
 .debug_frame   0x000006ac       0x94 ./lib/libcircle.a(memory.o)
 .debug_frame   0x00000740       0x70 ./lib/libcircle.a(new.o)
 .debug_frame   0x000007b0       0x74 ./lib/libcircle.a(sysinit.o)
 .debug_frame   0x00000824      0x284 ./lib/libcircle.a(timer.o)
 .debug_frame   0x00000aa8       0xd8 ./lib/libcircle.a(util.o)
 .debug_frame   0x00000b80      0x11c ./lib/libcircle.a(koptions.o)
 .debug_frame   0x00000c9c       0x70 ./lib/libcircle.a(pagetable.o)
 .debug_frame   0x00000d0c      0x490 ./lib/libcircle.a(screen.o)
 .debug_frame   0x0000119c       0x34 ./lib/libcircle.a(assert.o)
 .debug_frame   0x000011d0       0x7c ./lib/libcircle.a(chargenerator.o)
 .debug_frame   0x0000124c       0x64 ./lib/libcircle.a(debug.o)
 .debug_frame   0x000012b0       0xb4 ./lib/libcircle.a(devicenameservice.o)
 .debug_frame   0x00001364      0x110 ./lib/libcircle.a(logger.o)
 .debug_frame   0x00001474      0x158 ./lib/libcircle.a(serial.o)
 .debug_frame   0x000015cc      0x224 ./lib/libcircle.a(string.o)
 .debug_frame   0x000017f0       0xd0 ./lib/libcircle.a(exceptionhandler.o)
 .debug_frame   0x000018c0      0x190 ./lib/libcircle.a(interrupt.o)
 .debug_frame   0x00001a50       0xd4 ./lib/libcircle.a(gpiomanager.o)
 .debug_frame   0x00001b24       0xc0 ./lib/libcircle.a(virtualgpiopin.o)
 .debug_frame   0x00001be4      0x134 ./lib/libcircle.a(machineinfo.o)
 .debug_frame   0x00001d18      0x144 ./lib/libcircle.a(multicore.o)
 .debug_frame   0x00001e5c       0x78 ./lib/libcircle.a(spinlock.o)
 .debug_frame   0x00001ed4       0xfc ./lib/libcircle.a(ptrlist.o)
 .debug_frame   0x00001fd0       0xdc ./lib/libcircle.a(alloc.o)
 .debug_frame   0x000020ac       0xa4 ./lib/libcircle.a(bcmmailbox.o)
 .debug_frame   0x00002150       0x20 ./lib/libcircle.a(purecall.o)
 .debug_frame   0x00002170       0x60 ./lib/libcircle.a(synchronize.o)
 .debug_frame   0x000021d0      0x168 ./lib/libcircle.a(bcmframebuffer.o)
 .debug_frame   0x00002338       0x68 ./lib/libcircle.a(device.o)
 .debug_frame   0x000023a0       0xac ./lib/sched/libsched.a(task.o)
 .debug_frame   0x0000244c      0x238 ./lib/sched/libsched.a(scheduler.o)
