Archive member included to satisfy reference by file (symbol)

./lib/usb/libusb.a(dwhcidevice.o)
                              kernel.o (CDWHCIDevice::~CDWHCIDevice())
./lib/usb/libusb.a(dwhciregister.o)
                              ./lib/usb/libusb.a(dwhcidevice.o) (CDWHCIRegister::CDWHCIRegister(unsigned int))
./lib/usb/libusb.a(dwhcixferstagedata.o)
                              ./lib/usb/libusb.a(dwhcidevice.o) (CDWHCITransferStageData::~CDWHCITransferStageData())
./lib/usb/libusb.a(usbdevice.o)
                              ./lib/usb/libusb.a(dwhcixferstagedata.o) (CUSBDevice::GetAddress() const)
./lib/usb/libusb.a(usbendpoint.o)
                              ./lib/usb/libusb.a(usbdevice.o) (CUSBEndpoint::CUSBEndpoint(CUSBDevice*))
./lib/usb/libusb.a(usbhostcontroller.o)
                              ./lib/usb/libusb.a(dwhcidevice.o) (CUSBHostController::CUSBHostController())
./lib/usb/libusb.a(usbrequest.o)
                              ./lib/usb/libusb.a(usbhostcontroller.o) (CUSBRequest::CUSBRequest(CUSBEndpoint*, void*, unsigned int, TSetupData*))
./lib/usb/libusb.a(usbdevicefactory.o)
                              ./lib/usb/libusb.a(usbdevice.o) (CUSBDeviceFactory::GetDevice(CUSBFunction*, CString*))
./lib/usb/libusb.a(usbstandardhub.o)
                              ./lib/usb/libusb.a(usbdevicefactory.o) (CUSBStandardHub::CUSBStandardHub(CUSBFunction*))
./lib/usb/libusb.a(usbmassdevice.o)
                              ./lib/usb/libusb.a(usbdevicefactory.o) (CUSBBulkOnlyMassStorageDevice::CUSBBulkOnlyMassStorageDevice(CUSBFunction*))
./lib/usb/libusb.a(dwhciframeschednper.o)
                              ./lib/usb/libusb.a(dwhcixferstagedata.o) (CDWHCIFrameSchedulerNonPeriodic::CDWHCIFrameSchedulerNonPeriodic())
./lib/usb/libusb.a(dwhciframeschedper.o)
                              ./lib/usb/libusb.a(dwhcixferstagedata.o) (CDWHCIFrameSchedulerPeriodic::CDWHCIFrameSchedulerPeriodic())
./lib/usb/libusb.a(usbkeyboard.o)
                              ./lib/usb/libusb.a(usbdevicefactory.o) (CUSBKeyboardDevice::CUSBKeyboardDevice(CUSBFunction*))
./lib/usb/libusb.a(dwhcirootport.o)
                              ./lib/usb/libusb.a(dwhcidevice.o) (CDWHCIRootPort::CDWHCIRootPort(CDWHCIDevice*))
./lib/usb/libusb.a(usbhiddevice.o)
                              ./lib/usb/libusb.a(usbkeyboard.o) (CUSBHIDDevice::CUSBHIDDevice(CUSBFunction*, unsigned int))
./lib/usb/libusb.a(usbmouse.o)
                              ./lib/usb/libusb.a(usbdevicefactory.o) (CUSBMouseDevice::CUSBMouseDevice(CUSBFunction*))
./lib/usb/libusb.a(usbgamepad.o)
                              ./lib/usb/libusb.a(usbdevicefactory.o) (CUSBGamePadDevice::CUSBGamePadDevice(CUSBFunction*))
./lib/usb/libusb.a(usbfunction.o)
                              ./lib/usb/libusb.a(usbstandardhub.o) (CUSBFunction::Initialize())
./lib/usb/libusb.a(dwhciframeschednsplit.o)
                              ./lib/usb/libusb.a(dwhcixferstagedata.o) (CDWHCIFrameSchedulerNoSplit::CDWHCIFrameSchedulerNoSplit(int))
./lib/usb/libusb.a(usbprinter.o)
                              ./lib/usb/libusb.a(usbdevicefactory.o) (CUSBPrinterDevice::CUSBPrinterDevice(CUSBFunction*))
./lib/usb/libusb.a(usbbluetooth.o)
                              ./lib/usb/libusb.a(usbdevicefactory.o) (CUSBBluetoothDevice::CUSBBluetoothDevice(CUSBFunction*))
./lib/usb/libusb.a(usbmidi.o)
                              ./lib/usb/libusb.a(usbdevicefactory.o) (CUSBMIDIDevice::CUSBMIDIDevice(CUSBFunction*))
./lib/usb/libusb.a(usbcdcethernet.o)
                              ./lib/usb/libusb.a(usbdevicefactory.o) (CUSBCDCEthernetDevice::CUSBCDCEthernetDevice(CUSBFunction*))
./lib/usb/libusb.a(usbconfigparser.o)
                              ./lib/usb/libusb.a(usbdevice.o) (CUSBConfigurationParser::CUSBConfigurationParser(void const*, unsigned int))
./lib/usb/libusb.a(usbstring.o)
                              ./lib/usb/libusb.a(usbcdcethernet.o) (CUSBString::CUSBString(CUSBDevice*))
./lib/usb/libusb.a(smsc951x.o)
                              ./lib/usb/libusb.a(usbdevicefactory.o) (CSMSC951xDevice::CSMSC951xDevice(CUSBFunction*))
./lib/usb/libusb.a(macaddress.o)
                              ./lib/usb/libusb.a(usbcdcethernet.o) (CMACAddress::CMACAddress())
./lib/usb/libusb.a(netdevice.o)
                              ./lib/usb/libusb.a(usbcdcethernet.o) (CNetDevice::CNetDevice(CUSBFunction*))
./lib/input/libinput.a(keyboardbehaviour.o)
                              ./lib/usb/libusb.a(usbkeyboard.o) (CKeyboardBehaviour::CKeyboardBehaviour())
./lib/input/libinput.a(keymap.o)
                              ./lib/input/libinput.a(keyboardbehaviour.o) (CKeyMap::~CKeyMap())
./lib/input/libinput.a(mousebehaviour.o)
                              ./lib/usb/libusb.a(usbmouse.o) (CMouseBehaviour::CMouseBehaviour())
./lib/net/libnet.a(netsubsystem.o)
                              kernel.o (CNetSubSystem::CNetSubSystem(unsigned char const*, unsigned char const*, unsigned char const*, unsigned char const*))
[...]
Memory Configuration

Name             Origin             Length             Attributes
*default*        0x0000000000000000 0xffffffffffffffff

Linker script and memory map

                0x0000000000008000                . = 0x8000

.text           0x0000000000008000    0x21f28
 *(.text*)
 .text          0x0000000000008000       0x70 ./lib/startup.o
                0x0000000000008000                _start
                0x0000000000008064                _start_secondary
 .text          0x0000000000008070        0x0 main.o
 .text.startup  0x0000000000008070       0x60 main.o
                0x0000000000008070                main
 .text          0x00000000000080d0      0x64c kernel.o
                0x00000000000080d0                CKernel::CKernel()
                0x00000000000080d0                CKernel::CKernel()
                0x0000000000008218                CKernel::Initialize()
                0x00000000000082d8                tfoo(unsigned int, void const*)
                0x0000000000008310                tfooinf(unsigned int, void const*)
                0x0000000000008358                my_strstr(char*, char const*, int&)
                0x0000000000008404                modifysong(char*, char*)
                0x000000000000846c                CKernel::modify(char*, char*)
                0x0000000000008500                CKernel::Run()
                0x0000000000008588                CKernel::TimerHandler(unsigned int, void*, void*)
                0x0000000000008590                CKernel::~CKernel()
                0x0000000000008590                CKernel::~CKernel()
                0x0000000000008650                CKernel::KeyPressedHandler(char const*)
 .text          0x000000000000871c       0xb0 Thread.o
                0x000000000000871c                Thread::Run()
                0x000000000000872c                Thread::~Thread()
                0x000000000000872c                Thread::~Thread()
                0x0000000000008758                Thread::~Thread()
                0x0000000000008790                Thread::Thread(void (*)(unsigned int, void const*), unsigned int, void const*)
                0x0000000000008790                Thread::Thread(void (*)(unsigned int, void const*), unsigned int, void const*)
 .text          0x00000000000087cc      0xff8 HTTPClient.o
                0x00000000000087cc                HTTPClient::~HTTPClient()
                0x00000000000087cc                HTTPClient::~HTTPClient()
                0x0000000000008810                HTTPClient::~HTTPClient()
                0x0000000000008830                HTTPClient::HTTPClient(CNetSubSystem*, CPWMSoundDevice*, CScreenDevice*, char*, int, int, CSocket*, unsigned int, int)
                0x0000000000008830                HTTPClient::HTTPClient(CNetSubSystem*, CPWMSoundDevice*, CScreenDevice*, char*, int, int, CSocket*, unsigned int, int)
                0x00000000000088b4                HTTPClient::GetLinkForPhase2()
                0x0000000000008a2c                HTTPClient::GetDownloadLink()
                0x0000000000008c90                HTTPClient::getnewlocation()
                0x0000000000008d20                HTTPClient::ParseMethod(char*)
                0x0000000000008e8c                HTTPClient::ParseHeaderField(char*)
                0x0000000000008fc4                HTTPClient::ParseRequest()
                0x0000000000009260                HTTPClient::Request(char*)
                0x000000000000976c                HTTPClient::Run()
 .text          0x00000000000097c4        0x0 CoreManager.o
 .text          0x00000000000097c4       0xbc Keyboard.o
                0x00000000000097c4                Keyboard::Keyboard(CUSBKeyboardDevice*)
                0x00000000000097c4                Keyboard::Keyboard(CUSBKeyboardDevice*)
                0x00000000000097e4                Keyboard::~Keyboard()
                0x00000000000097e4                Keyboard::~Keyboard()
                0x00000000000097f8                Keyboard::Get()
                0x0000000000009808                Keyboard::AppendToBuffer(char)
                0x0000000000009864                Keyboard::ClearBuffer()
                0x0000000000009874                Keyboard::IsEndOfLine()
                0x000000000000987c                Keyboard::GetBuffer()
 .text          0x0000000000009880     0x24a4 ./lib/usb/libusb.a(dwhcidevice.o)
                0x0000000000009880                CDWHCIDevice::CompletionRoutine(CUSBRequest*, void*, void*)
                0x00000000000098e0                CDWHCIDevice::~CDWHCIDevice()
                0x00000000000098e0                CDWHCIDevice::~CDWHCIDevice()
                0x0000000000009914                CDWHCIDevice::~CDWHCIDevice()
                0x00000000000099b0                CDWHCIDevice::CDWHCIDevice(CInterruptSystem*, CTimer*)
                0x00000000000099b0                CDWHCIDevice::CDWHCIDevice(CInterruptSystem*, CTimer*)
                0x0000000000009a94                CDWHCIDevice::GetPortSpeed()
                0x0000000000009ae0                CDWHCIDevice::OvercurrentDetected()
                0x0000000000009b18                CDWHCIDevice::DisableRootPort()
                0x0000000000009b5c                CDWHCIDevice::PowerOn()
                0x0000000000009bc4                CDWHCIDevice::EnableGlobalInterrupts()
                0x0000000000009c08                CDWHCIDevice::EnableCommonInterrupts()
                0x0000000000009c40                CDWHCIDevice::EnableHostInterrupts()
                0x0000000000009c9c                CDWHCIDevice::EnableChannelInterrupt(unsigned int)
                0x0000000000009d10                CDWHCIDevice::DisableChannelInterrupt(unsigned int)
                0x0000000000009d84                CDWHCIDevice::StartChannel(CDWHCITransferStageData*)
                0x000000000000a14c                CDWHCIDevice::StartTransaction(CDWHCITransferStageData*)
                0x000000000000a268                CDWHCIDevice::TimerHandler(CDWHCITransferStageData*)
                0x000000000000a320                CDWHCIDevice::TimerStub(unsigned int, void*, void*)
                0x000000000000a38c                CDWHCIDevice::AllocateChannel()
                0x000000000000a464                CDWHCIDevice::FreeChannel(unsigned int)
                0x000000000000a4fc                CDWHCIDevice::TransferStageAsync(CUSBRequest*, int, int)
                0x000000000000a658                CDWHCIDevice::SubmitAsyncRequest(CUSBRequest*)
                0x000000000000a71c                CDWHCIDevice::ChannelInterruptHandler(unsigned int)
                0x000000000000abdc                CDWHCIDevice::InterruptHandler()
                0x000000000000accc                CDWHCIDevice::InterruptStub(void*)
                0x000000000000ad08                CDWHCIDevice::AllocateWaitBlock()
                0x000000000000ad7c                CDWHCIDevice::FreeWaitBlock(unsigned int)
                0x000000000000ae10                CDWHCIDevice::TransferStage(CUSBRequest*, int, int)
                0x000000000000aefc                CDWHCIDevice::SubmitBlockingRequest(CUSBRequest*)
                0x000000000000b120                CDWHCIDevice::WaitForBit(CDWHCIRegister*, unsigned int, int, unsigned int)
                0x000000000000b228                CDWHCIDevice::EnableRootPort()
                0x000000000000b2e8                CDWHCIDevice::Reset()
                0x000000000000b38c                CDWHCIDevice::InitCore()
                0x000000000000b5d8                CDWHCIDevice::FlushTxFIFO(unsigned int)
                0x000000000000b674                CDWHCIDevice::FlushRxFIFO()
                0x000000000000b6f4                CDWHCIDevice::InitHost()
                0x000000000000b8ec                CDWHCIDevice::Initialize()
                0x000000000000bb1c                CDWHCIDevice::DumpRegister(char const*, unsigned int)
                0x000000000000bb7c                CDWHCIDevice::DumpStatus(unsigned int)
 .text          0x000000000000bd24      0x2f8 ./lib/usb/libusb.a(dwhciregister.o)
                0x000000000000bd24                CDWHCIRegister::CDWHCIRegister(unsigned int)
                0x000000000000bd24                CDWHCIRegister::CDWHCIRegister(unsigned int)
                0x000000000000bd34                CDWHCIRegister::CDWHCIRegister(unsigned int, unsigned int)
                0x000000000000bd34                CDWHCIRegister::CDWHCIRegister(unsigned int, unsigned int)
                0x000000000000bd44                CDWHCIRegister::~CDWHCIRegister()
                0x000000000000bd44                CDWHCIRegister::~CDWHCIRegister()
                0x000000000000bd48                CDWHCIRegister::Read()
                0x000000000000bd64                CDWHCIRegister::Write()
                0x000000000000bda0                CDWHCIRegister::Get() const
                0x000000000000bdd4                CDWHCIRegister::Set(unsigned int)
                0x000000000000bde4                CDWHCIRegister::IsSet(unsigned int) const
                0x000000000000be2c                CDWHCIRegister::And(unsigned int)
                0x000000000000be6c                CDWHCIRegister::Or(unsigned int)
                0x000000000000beac                CDWHCIRegister::ClearBit(unsigned int)
                0x000000000000bf14                CDWHCIRegister::SetBit(unsigned int)
                0x000000000000bf7c                CDWHCIRegister::ClearAll()
                0x000000000000bf90                CDWHCIRegister::SetAll()
                0x000000000000bfa4                CDWHCIRegister::Dump() const
 .text          0x000000000000c01c      0x964 ./lib/usb/libusb.a(dwhcixferstagedata.o)
                0x000000000000c01c                CDWHCITransferStageData::~CDWHCITransferStageData()
                0x000000000000c01c                CDWHCITransferStageData::~CDWHCITransferStageData()
                0x000000000000c060                CDWHCITransferStageData::TransactionComplete(unsigned int, unsigned int, unsigned int)
                0x000000000000c224                CDWHCITransferStageData::SetSplitComplete(int)
                0x000000000000c25c                CDWHCITransferStageData::SetState(unsigned int)
                0x000000000000c264                CDWHCITransferStageData::GetState() const
                0x000000000000c26c                CDWHCITransferStageData::SetSubState(unsigned int)
                0x000000000000c274                CDWHCITransferStageData::GetSubState() const
                0x000000000000c27c                CDWHCITransferStageData::BeginSplitCycle()
                0x000000000000c284                CDWHCITransferStageData::GetChannelNumber() const
                0x000000000000c28c                CDWHCITransferStageData::IsPeriodic() const
                0x000000000000c2dc                CDWHCITransferStageData::CDWHCITransferStageData(unsigned int, CUSBRequest*, int, int)
                0x000000000000c2dc                CDWHCITransferStageData::CDWHCITransferStageData(unsigned int, CUSBRequest*, int, int)
                0x000000000000c590                CDWHCITransferStageData::GetDeviceAddress() const
                0x000000000000c5d4                CDWHCITransferStageData::GetEndpointType() const
                0x000000000000c650                CDWHCITransferStageData::GetEndpointNumber() const
                0x000000000000c694                CDWHCITransferStageData::GetMaxPacketSize() const
                0x000000000000c69c                CDWHCITransferStageData::GetSpeed() const
                0x000000000000c6a4                CDWHCITransferStageData::GetPID() const
                0x000000000000c724                CDWHCITransferStageData::IsDirectionIn() const
                0x000000000000c72c                CDWHCITransferStageData::IsStatusStage() const
                0x000000000000c734                CDWHCITransferStageData::GetDMAAddress() const
                0x000000000000c774                CDWHCITransferStageData::GetBytesToTransfer() const
                0x000000000000c77c                CDWHCITransferStageData::GetPacketsToTransfer() const
                0x000000000000c784                CDWHCITransferStageData::IsSplit() const
                0x000000000000c78c                CDWHCITransferStageData::IsSplitComplete() const
                0x000000000000c7c0                CDWHCITransferStageData::GetHubAddress() const
                0x000000000000c830                CDWHCITransferStageData::GetHubPortAddress() const
                0x000000000000c8a0                CDWHCITransferStageData::GetSplitPosition() const
                0x000000000000c8a8                CDWHCITransferStageData::GetStatusMask() const
                0x000000000000c8d4                CDWHCITransferStageData::GetTransactionStatus() const
                0x000000000000c914                CDWHCITransferStageData::IsStageComplete() const
                0x000000000000c924                CDWHCITransferStageData::GetResultLen() const
                0x000000000000c938                CDWHCITransferStageData::GetURB() const
                0x000000000000c978                CDWHCITransferStageData::GetFrameScheduler() const
 .text          0x000000000000c980      0xf1c ./lib/usb/libusb.a(usbdevice.o)
                0x000000000000c980                CUSBDevice::~CUSBDevice()
                0x000000000000c980                CUSBDevice::~CUSBDevice()
                0x000000000000ca38                CUSBDevice::~CUSBDevice()
                0x000000000000ca58                CUSBDevice::CUSBDevice(CUSBHostController*, TUSBSpeed, int, unsigned char, unsigned char)
                0x000000000000ca58                CUSBDevice::CUSBDevice(CUSBHostController*, TUSBSpeed, int, unsigned char, unsigned char)
                0x000000000000cb44                CUSBDevice::GetName(TDeviceNameSelector) const
                0x000000000000cc58                CUSBDevice::GetNames() const
                0x000000000000cd94                CUSBDevice::SetAddress(unsigned char)
                0x000000000000cdc8                CUSBDevice::GetAddress() const
                0x000000000000cdd0                CUSBDevice::GetSpeed() const
                0x000000000000cdd8                CUSBDevice::IsSplit() const
                0x000000000000cde0                CUSBDevice::GetHubAddress() const
                0x000000000000cde8                CUSBDevice::GetHubPortNumber() const
                0x000000000000cdf0                CUSBDevice::GetEndpoint0() const
                0x000000000000ce30                CUSBDevice::GetHost() const
                0x000000000000ce70                CUSBDevice::GetDeviceDescriptor() const
                0x000000000000ceb0                CUSBDevice::GetConfigurationDescriptor() const
                0x000000000000cef0                CUSBDevice::GetDescriptor(unsigned char)
                0x000000000000cf3c                CUSBDevice::ConfigurationError(char const*) const
                0x000000000000cf88                CUSBDevice::LogWrite(TLogSeverity, char const*, ...)
                0x000000000000d03c                CUSBDevice::Initialize()
                0x000000000000d790                CUSBDevice::Configure()
 .text          0x000000000000d89c      0x498 ./lib/usb/libusb.a(usbendpoint.o)
                0x000000000000d89c                CUSBEndpoint::CUSBEndpoint(CUSBDevice*)
                0x000000000000d89c                CUSBEndpoint::CUSBEndpoint(CUSBDevice*)
                0x000000000000d8fc                CUSBEndpoint::CUSBEndpoint(CUSBDevice*, TUSBEndpointDescriptor const*)
                0x000000000000d8fc                CUSBEndpoint::CUSBEndpoint(CUSBDevice*, TUSBEndpointDescriptor const*)
                0x000000000000dab8                CUSBEndpoint::CUSBEndpoint(CUSBEndpoint*, CUSBDevice*)
                0x000000000000dab8                CUSBEndpoint::CUSBEndpoint(CUSBEndpoint*, CUSBDevice*)
                0x000000000000db48                CUSBEndpoint::~CUSBEndpoint()
                0x000000000000db48                CUSBEndpoint::~CUSBEndpoint()
                0x000000000000db4c                CUSBEndpoint::GetDevice() const
                0x000000000000db8c                CUSBEndpoint::GetNumber() const
                0x000000000000db94                CUSBEndpoint::GetType() const
                0x000000000000db9c                CUSBEndpoint::IsDirectionIn() const
                0x000000000000dba4                CUSBEndpoint::SetMaxPacketSize(unsigned int)
                0x000000000000dbac                CUSBEndpoint::GetMaxPacketSize() const
                0x000000000000dbb4                CUSBEndpoint::GetInterval() const
                0x000000000000dbe8                CUSBEndpoint::GetNextPID(int)
                0x000000000000dc30                CUSBEndpoint::SkipPID(unsigned int, int)
                0x000000000000dcfc                CUSBEndpoint::ResetPID()
 .text          0x000000000000dd34      0x204 ./lib/usb/libusb.a(usbhostcontroller.o)
                0x000000000000dd34                CUSBHostController::CUSBHostController()
                0x000000000000dd34                CUSBHostController::CUSBHostController()
                0x000000000000dd44                CUSBHostController::~CUSBHostController()
                0x000000000000dd44                CUSBHostController::~CUSBHostController()
                0x000000000000dd48                CUSBHostController::~CUSBHostController()
                0x000000000000dd60                CUSBHostController::ControlMessage(CUSBEndpoint*, unsigned char, unsigned char, unsigned short, unsigned short, void*, unsigned short)
                0x000000000000de0c                CUSBHostController::GetDescriptor(CUSBEndpoint*, unsigned char, unsigned char, void*, unsigned int, unsigned char, unsigned short)
                0x000000000000de40                CUSBHostController::SetAddress(CUSBEndpoint*, unsigned char)
                0x000000000000de8c                CUSBHostController::SetConfiguration(CUSBEndpoint*, unsigned char)
                0x000000000000ded8                CUSBHostController::Transfer(CUSBEndpoint*, void*, unsigned int)
 .text          0x000000000000df38      0x264 ./lib/usb/libusb.a(usbrequest.o)
                0x000000000000df38                CUSBRequest::CUSBRequest(CUSBEndpoint*, void*, unsigned int, TSetupData*)
                0x000000000000df38                CUSBRequest::CUSBRequest(CUSBEndpoint*, void*, unsigned int, TSetupData*)
                0x000000000000dfd0                CUSBRequest::~CUSBRequest()
                0x000000000000dfd0                CUSBRequest::~CUSBRequest()
                0x000000000000dfd4                CUSBRequest::GetEndpoint() const
                0x000000000000e014                CUSBRequest::SetStatus(int)
                0x000000000000e01c                CUSBRequest::SetResultLen(unsigned int)
                0x000000000000e024                CUSBRequest::GetStatus() const
                0x000000000000e02c                CUSBRequest::GetResultLength() const
                0x000000000000e060                CUSBRequest::GetSetupData()
                0x000000000000e0c0                CUSBRequest::GetBuffer()
                0x000000000000e10c                CUSBRequest::GetBufLen() const
                0x000000000000e114                CUSBRequest::SetCompletionRoutine(void (*)(CUSBRequest*, void*, void*), void*, void*)
                0x000000000000e140                CUSBRequest::CallCompletionRoutine()
                0x000000000000e188                CUSBRequest::SetCompleteOnNAK()
                0x000000000000e194                CUSBRequest::IsCompleteOnNAK() const
 .text          0x000000000000e19c      0x2dc ./lib/usb/libusb.a(usbdevicefactory.o)
                0x000000000000e19c                CUSBDeviceFactory::GetDevice(CUSBFunction*, CString*)
 .text          0x000000000000e478      0xac0 ./lib/usb/libusb.a(usbstandardhub.o)
                0x000000000000e478                CUSBStandardHub::~CUSBStandardHub()
                0x000000000000e478                CUSBStandardHub::~CUSBStandardHub()
                0x000000000000e510                CUSBStandardHub::~CUSBStandardHub()
                0x000000000000e530                CUSBStandardHub::CUSBStandardHub(CUSBFunction*)
                0x000000000000e530                CUSBStandardHub::CUSBStandardHub(CUSBFunction*)
                0x000000000000e57c                CUSBStandardHub::EnumeratePorts()
                0x000000000000ed14                CUSBStandardHub::Configure()
 .text          0x000000000000ef38      0xc9c ./lib/usb/libusb.a(usbmassdevice.o)
                0x000000000000ef38                CUSBBulkOnlyMassStorageDevice::Seek(unsigned long long)
                0x000000000000ef48                CUSBBulkOnlyMassStorageDevice::~CUSBBulkOnlyMassStorageDevice()
                0x000000000000ef48                CUSBBulkOnlyMassStorageDevice::~CUSBBulkOnlyMassStorageDevice()
                0x000000000000efe4                CUSBBulkOnlyMassStorageDevice::~CUSBBulkOnlyMassStorageDevice()
                0x000000000000f004                CUSBBulkOnlyMassStorageDevice::CUSBBulkOnlyMassStorageDevice(CUSBFunction*)
                0x000000000000f004                CUSBBulkOnlyMassStorageDevice::CUSBBulkOnlyMassStorageDevice(CUSBFunction*)
                0x000000000000f044                CUSBBulkOnlyMassStorageDevice::GetCapacity() const
                0x000000000000f04c                CUSBBulkOnlyMassStorageDevice::Command(void*, unsigned int, void*, unsigned int, int)
                0x000000000000f2f8                CUSBBulkOnlyMassStorageDevice::TryRead(void*, unsigned int)
                0x000000000000f40c                CUSBBulkOnlyMassStorageDevice::TryWrite(void const*, unsigned int)
                0x000000000000f51c                CUSBBulkOnlyMassStorageDevice::Reset()
                0x000000000000f678                CUSBBulkOnlyMassStorageDevice::Read(void*, unsigned int)
                0x000000000000f6e0                CUSBBulkOnlyMassStorageDevice::Write(void const*, unsigned int)
                0x000000000000f748                CUSBBulkOnlyMassStorageDevice::Configure()
 .text          0x000000000000fbd4      0x22c ./lib/usb/libusb.a(dwhciframeschednper.o)
                0x000000000000fbd4                CDWHCIFrameSchedulerNonPeriodic::~CDWHCIFrameSchedulerNonPeriodic()
                0x000000000000fbd4                CDWHCIFrameSchedulerNonPeriodic::~CDWHCIFrameSchedulerNonPeriodic()
                0x000000000000fbd8                CDWHCIFrameSchedulerNonPeriodic::StartSplit()
                0x000000000000fbe4                CDWHCIFrameSchedulerNonPeriodic::WaitForFrame()
                0x000000000000fbe8                CDWHCIFrameSchedulerNonPeriodic::IsOddFrame() const
                0x000000000000fbf0                CDWHCIFrameSchedulerNonPeriodic::~CDWHCIFrameSchedulerNonPeriodic()
                0x000000000000fc08                CDWHCIFrameSchedulerNonPeriodic::CompleteSplit()
                0x000000000000fc88                CDWHCIFrameSchedulerNonPeriodic::TransactionComplete(unsigned int)
                0x000000000000fdac                CDWHCIFrameSchedulerNonPeriodic::CDWHCIFrameSchedulerNonPeriodic()
                0x000000000000fdac                CDWHCIFrameSchedulerNonPeriodic::CDWHCIFrameSchedulerNonPeriodic()
 .text          0x000000000000fe00      0x2c4 ./lib/usb/libusb.a(dwhciframeschedper.o)
                0x000000000000fe00                CDWHCIFrameSchedulerPeriodic::~CDWHCIFrameSchedulerPeriodic()
                0x000000000000fe00                CDWHCIFrameSchedulerPeriodic::~CDWHCIFrameSchedulerPeriodic()
                0x000000000000fe04                CDWHCIFrameSchedulerPeriodic::StartSplit()
                0x000000000000fe18                CDWHCIFrameSchedulerPeriodic::IsOddFrame() const
                0x000000000000fe24                CDWHCIFrameSchedulerPeriodic::~CDWHCIFrameSchedulerPeriodic()
                0x000000000000fe3c                CDWHCIFrameSchedulerPeriodic::WaitForFrame()
                0x000000000000feac                CDWHCIFrameSchedulerPeriodic::CompleteSplit()
                0x000000000000ff48                CDWHCIFrameSchedulerPeriodic::TransactionComplete(unsigned int)
                0x0000000000010068                CDWHCIFrameSchedulerPeriodic::CDWHCIFrameSchedulerPeriodic()
                0x0000000000010068                CDWHCIFrameSchedulerPeriodic::CDWHCIFrameSchedulerPeriodic()
 .text          0x00000000000100c4      0x440 ./lib/usb/libusb.a(usbkeyboard.o)
                0x00000000000100c4                CUSBKeyboardDevice::~CUSBKeyboardDevice()
                0x00000000000100c4                CUSBKeyboardDevice::~CUSBKeyboardDevice()
                0x00000000000100f8                CUSBKeyboardDevice::~CUSBKeyboardDevice()
                0x0000000000010138                CUSBKeyboardDevice::ReportHandler(unsigned char const*)
                0x000000000001029c                CUSBKeyboardDevice::CUSBKeyboardDevice(CUSBFunction*)
                0x000000000001029c                CUSBKeyboardDevice::CUSBKeyboardDevice(CUSBFunction*)
                0x00000000000102e8                CUSBKeyboardDevice::RegisterKeyPressedHandler(void (*)(char const*))
                0x00000000000102f0                CUSBKeyboardDevice::RegisterSelectConsoleHandler(void (*)(unsigned int))
                0x00000000000102f8                CUSBKeyboardDevice::RegisterShutdownHandler(void (*)())
                0x0000000000010300                CUSBKeyboardDevice::GetLEDStatus() const
                0x0000000000010328                CUSBKeyboardDevice::RegisterKeyStatusHandlerRaw(void (*)(unsigned char, unsigned char const*))
                0x0000000000010360                CUSBKeyboardDevice::SetLEDs(unsigned char)
                0x00000000000103d0                CUSBKeyboardDevice::UpdateLEDs()
                0x000000000001042c                CUSBKeyboardDevice::FindByte(unsigned char const*, unsigned char, unsigned int)
                0x0000000000010458                CUSBKeyboardDevice::Configure()
 .text          0x0000000000010504      0x1fc ./lib/usb/libusb.a(dwhcirootport.o)
                0x0000000000010504                CDWHCIRootPort::CDWHCIRootPort(CDWHCIDevice*)
                0x0000000000010504                CDWHCIRootPort::CDWHCIRootPort(CDWHCIDevice*)
                0x0000000000010544                CDWHCIRootPort::~CDWHCIRootPort()
                0x0000000000010544                CDWHCIRootPort::~CDWHCIRootPort()
                0x000000000001056c                CDWHCIRootPort::Initialize()
 .text          0x0000000000010700      0x558 ./lib/usb/libusb.a(usbhiddevice.o)
                0x0000000000010700                CUSBHIDDevice::CUSBHIDDevice(CUSBFunction*, unsigned int)
                0x0000000000010700                CUSBHIDDevice::CUSBHIDDevice(CUSBFunction*, unsigned int)
                0x000000000001074c                CUSBHIDDevice::~CUSBHIDDevice()
                0x000000000001074c                CUSBHIDDevice::~CUSBHIDDevice()
                0x00000000000107b0                CUSBHIDDevice::~CUSBHIDDevice()
                0x00000000000107d0                CUSBHIDDevice::StartRequest()
                0x0000000000010900                CUSBHIDDevice::Configure(unsigned int)
                0x0000000000010b18                CUSBHIDDevice::CompletionRoutine(CUSBRequest*)
                0x0000000000010c10                CUSBHIDDevice::CompletionStub(CUSBRequest*, void*, void*)
 .text          0x0000000000010c58      0x228 ./lib/usb/libusb.a(usbmouse.o)
                0x0000000000010c58                CUSBMouseDevice::~CUSBMouseDevice()
                0x0000000000010c58                CUSBMouseDevice::~CUSBMouseDevice()
                0x0000000000010c8c                CUSBMouseDevice::~CUSBMouseDevice()
                0x0000000000010ccc                CUSBMouseDevice::ReportHandler(unsigned char const*)
                0x0000000000010d28                CUSBMouseDevice::CUSBMouseDevice(CUSBFunction*)
                0x0000000000010d28                CUSBMouseDevice::CUSBMouseDevice(CUSBFunction*)
                0x0000000000010d5c                CUSBMouseDevice::Setup(unsigned int, unsigned int)
                0x0000000000010d64                CUSBMouseDevice::RegisterEventHandler(void (*)(TMouseEvent, unsigned int, unsigned int, unsigned int))
                0x0000000000010d6c                CUSBMouseDevice::SetCursor(unsigned int, unsigned int)
                0x0000000000010d74                CUSBMouseDevice::ShowCursor(int)
                0x0000000000010d7c                CUSBMouseDevice::RegisterStatusHandler(void (*)(unsigned int, int, int))
                0x0000000000010dd4                CUSBMouseDevice::Configure()
 .text          0x0000000000010e80      0xae4 ./lib/usb/libusb.a(usbgamepad.o)
                0x0000000000010e80                CUSBGamePadDevice::~CUSBGamePadDevice()
                0x0000000000010e80                CUSBGamePadDevice::~CUSBGamePadDevice()
                0x0000000000010ec4                CUSBGamePadDevice::~CUSBGamePadDevice()
                0x0000000000010ee4                CUSBGamePadDevice::CUSBGamePadDevice(CUSBFunction*)
                0x0000000000010ee4                CUSBGamePadDevice::CUSBGamePadDevice(CUSBFunction*)
                0x0000000000010f68                CUSBGamePadDevice::RegisterStatusHandler(void (*)(unsigned int, TGamePadState const*))
                0x0000000000010fc0                CUSBGamePadDevice::BitGetUnsigned(void const*, unsigned int, unsigned int)
                0x00000000000110c4                CUSBGamePadDevice::BitGetSigned(void const*, unsigned int, unsigned int)
                0x00000000000110ec                CUSBGamePadDevice::DecodeReport(unsigned char const*)
                0x0000000000011558                CUSBGamePadDevice::GetReport()
                0x0000000000011620                CUSBGamePadDevice::ReportHandler(unsigned char const*)
                0x0000000000011658                CUSBGamePadDevice::PS3Configure()
                0x0000000000011730                CUSBGamePadDevice::Configure()
 .text          0x0000000000011964      0x614 ./lib/usb/libusb.a(usbfunction.o)
                0x0000000000011964                CUSBFunction::Initialize()
                0x000000000001196c                CUSBFunction::~CUSBFunction()
                0x000000000001196c                CUSBFunction::~CUSBFunction()
                0x00000000000119c4                CUSBFunction::~CUSBFunction()
                0x00000000000119e4                CUSBFunction::CUSBFunction(CUSBDevice*, CUSBConfigurationParser*)
                0x00000000000119e4                CUSBFunction::CUSBFunction(CUSBDevice*, CUSBConfigurationParser*)
                0x0000000000011ab0                CUSBFunction::CUSBFunction(CUSBFunction*)
                0x0000000000011ab0                CUSBFunction::CUSBFunction(CUSBFunction*)
                0x0000000000011bc0                CUSBFunction::GetInterfaceName() const
                0x0000000000011c2c                CUSBFunction::GetNumEndpoints() const
                0x0000000000011c6c                CUSBFunction::GetDevice() const
                0x0000000000011cac                CUSBFunction::GetEndpoint0() const
                0x0000000000011cf0                CUSBFunction::GetHost() const
                0x0000000000011d34                CUSBFunction::Configure()
                0x0000000000011df8                CUSBFunction::GetDescriptor(unsigned char)
                0x0000000000011e44                CUSBFunction::ConfigurationError(char const*) const
                0x0000000000011eb8                CUSBFunction::GetInterfaceNumber() const
                0x0000000000011ef8                CUSBFunction::GetInterfaceSubClass() const
                0x0000000000011f38                CUSBFunction::GetInterfaceProtocol() const
 .text          0x0000000000011f78       0xfc ./lib/usb/libusb.a(dwhciframeschednsplit.o)
                0x0000000000011f78                CDWHCIFrameSchedulerNoSplit::~CDWHCIFrameSchedulerNoSplit()
                0x0000000000011f78                CDWHCIFrameSchedulerNoSplit::~CDWHCIFrameSchedulerNoSplit()
                0x0000000000011f7c                CDWHCIFrameSchedulerNoSplit::IsOddFrame() const
                0x0000000000011f88                CDWHCIFrameSchedulerNoSplit::~CDWHCIFrameSchedulerNoSplit()
                0x0000000000011fa0                CDWHCIFrameSchedulerNoSplit::StartSplit()
                0x0000000000011fb8                CDWHCIFrameSchedulerNoSplit::CompleteSplit()
                0x0000000000011fdc                CDWHCIFrameSchedulerNoSplit::TransactionComplete(unsigned int)
                0x0000000000011ff4                CDWHCIFrameSchedulerNoSplit::WaitForFrame()
                0x0000000000012058                CDWHCIFrameSchedulerNoSplit::CDWHCIFrameSchedulerNoSplit(int)
                0x0000000000012058                CDWHCIFrameSchedulerNoSplit::CDWHCIFrameSchedulerNoSplit(int)
 .text          0x0000000000012074      0x36c ./lib/usb/libusb.a(usbprinter.o)
                0x0000000000012074                CUSBPrinterDevice::~CUSBPrinterDevice()
                0x0000000000012074                CUSBPrinterDevice::~CUSBPrinterDevice()
                0x00000000000120e8                CUSBPrinterDevice::~CUSBPrinterDevice()
                0x0000000000012108                CUSBPrinterDevice::Write(void const*, unsigned int)
                0x00000000000121ac                CUSBPrinterDevice::CUSBPrinterDevice(CUSBFunction*)
                0x00000000000121ac                CUSBPrinterDevice::CUSBPrinterDevice(CUSBFunction*)
                0x00000000000121dc                CUSBPrinterDevice::Configure()
 .text          0x00000000000123e0      0x694 ./lib/usb/libusb.a(usbbluetooth.o)
                0x00000000000123e0                CUSBBluetoothDevice::~CUSBBluetoothDevice()
                0x00000000000123e0                CUSBBluetoothDevice::~CUSBBluetoothDevice()
                0x000000000001249c                CUSBBluetoothDevice::~CUSBBluetoothDevice()
                0x00000000000124bc                CUSBBluetoothDevice::CUSBBluetoothDevice(CUSBFunction*)
                0x00000000000124bc                CUSBBluetoothDevice::CUSBBluetoothDevice(CUSBFunction*)
                0x00000000000124f8                CUSBBluetoothDevice::SendHCICommand(void const*, unsigned int)
                0x0000000000012558                CUSBBluetoothDevice::StartRequest()
                0x000000000001267c                CUSBBluetoothDevice::RegisterHCIEventHandler(void (*)(void const*, unsigned int))
                0x00000000000126c0                CUSBBluetoothDevice::CompletionRoutine(CUSBRequest*)
                0x0000000000012800                CUSBBluetoothDevice::CompletionStub(CUSBRequest*, void*, void*)
                0x0000000000012848                CUSBBluetoothDevice::Configure()
 .text          0x0000000000012a74      0x72c ./lib/usb/libusb.a(usbmidi.o)
                0x0000000000012a74                CUSBMIDIDevice::~CUSBMIDIDevice()
                0x0000000000012a74                CUSBMIDIDevice::~CUSBMIDIDevice()
                0x0000000000012ad8                CUSBMIDIDevice::~CUSBMIDIDevice()
                0x0000000000012af8                CUSBMIDIDevice::CUSBMIDIDevice(CUSBFunction*)
                0x0000000000012af8                CUSBMIDIDevice::CUSBMIDIDevice(CUSBFunction*)
                0x0000000000012b30                CUSBMIDIDevice::RegisterPacketHandler(void (*)(unsigned int, unsigned char*, unsigned int))
                0x0000000000012b88                CUSBMIDIDevice::StartRequest()
                0x0000000000012cc0                CUSBMIDIDevice::CompletionRoutine(CUSBRequest*)
                0x0000000000012e9c                CUSBMIDIDevice::CompletionStub(CUSBRequest*, void*, void*)
                0x0000000000012ee4                CUSBMIDIDevice::TimerHandler(unsigned int)
                0x0000000000012f24                CUSBMIDIDevice::TimerStub(unsigned int, void*, void*)
                0x0000000000012f6c                CUSBMIDIDevice::Configure()
 .text          0x00000000000131a0      0x5ac ./lib/usb/libusb.a(usbcdcethernet.o)
                0x00000000000131a0                CUSBCDCEthernetDevice::GetMACAddress() const
                0x00000000000131a8                CUSBCDCEthernetDevice::~CUSBCDCEthernetDevice()
                0x00000000000131a8                CUSBCDCEthernetDevice::~CUSBCDCEthernetDevice()
                0x0000000000013224                CUSBCDCEthernetDevice::~CUSBCDCEthernetDevice()
                0x0000000000013244                CUSBCDCEthernetDevice::SendFrame(void const*, unsigned int)
                0x00000000000132e4                CUSBCDCEthernetDevice::ReceiveFrame(void*, unsigned int*)
                0x00000000000133e0                CUSBCDCEthernetDevice::CUSBCDCEthernetDevice(CUSBFunction*)
                0x00000000000133e0                CUSBCDCEthernetDevice::CUSBCDCEthernetDevice(CUSBFunction*)
                0x0000000000013414                CUSBCDCEthernetDevice::InitMACAddress(unsigned char)
                0x0000000000013514                CUSBCDCEthernetDevice::Configure()
 .text          0x000000000001374c      0x36c ./lib/usb/libusb.a(usbconfigparser.o)
                0x000000000001374c                CUSBConfigurationParser::CUSBConfigurationParser(void const*, unsigned int)
                0x000000000001374c                CUSBConfigurationParser::CUSBConfigurationParser(void const*, unsigned int)
                0x00000000000138a4                CUSBConfigurationParser::CUSBConfigurationParser(CUSBConfigurationParser*)
                0x00000000000138a4                CUSBConfigurationParser::CUSBConfigurationParser(CUSBConfigurationParser*)
                0x0000000000013904                CUSBConfigurationParser::~CUSBConfigurationParser()
                0x0000000000013904                CUSBConfigurationParser::~CUSBConfigurationParser()
                0x0000000000013908                CUSBConfigurationParser::IsValid() const
                0x0000000000013910                CUSBConfigurationParser::GetDescriptor(unsigned char)
                0x00000000000139f0                CUSBConfigurationParser::GetCurrentDescriptor()
                0x0000000000013a4c                CUSBConfigurationParser::Error(char const*) const
 .text          0x0000000000013ab8      0x5c4 ./lib/usb/libusb.a(usbstring.o)
                0x0000000000013ab8                CUSBString::CUSBString(CUSBDevice*)
                0x0000000000013ab8                CUSBString::CUSBString(CUSBDevice*)
                0x0000000000013b38                CUSBString::CUSBString(CUSBString*)
                0x0000000000013b38                CUSBString::CUSBString(CUSBString*)
                0x0000000000013c0c                CUSBString::~CUSBString()
                0x0000000000013c0c                CUSBString::~CUSBString()
                0x0000000000013c4c                CUSBString::GetFromDescriptor(unsigned char, unsigned short)
                0x0000000000013ef0                CUSBString::Get() const
                0x0000000000013ef8                CUSBString::GetLanguageID()
 .text          0x000000000001407c      0x910 ./lib/usb/libusb.a(smsc951x.o)
                0x000000000001407c                CSMSC951xDevice::GetMACAddress() const
                0x0000000000014084                CSMSC951xDevice::~CSMSC951xDevice()
                0x0000000000014084                CSMSC951xDevice::~CSMSC951xDevice()
                0x0000000000014114                CSMSC951xDevice::~CSMSC951xDevice()
                0x0000000000014134                CSMSC951xDevice::ReceiveFrame(void*, unsigned int*)
                0x00000000000142c8                CSMSC951xDevice::SendFrame(void const*, unsigned int)
                0x00000000000143a4                CSMSC951xDevice::CSMSC951xDevice(CUSBFunction*)
                0x00000000000143a4                CSMSC951xDevice::CSMSC951xDevice(CUSBFunction*)
                0x00000000000143e8                CSMSC951xDevice::WriteReg(unsigned int, unsigned int)
                0x0000000000014450                CSMSC951xDevice::ReadReg(unsigned int, unsigned int*)
                0x00000000000144b8                CSMSC951xDevice::DumpReg(char const*, unsigned int)
                0x0000000000014530                CSMSC951xDevice::DumpRegs()
                0x00000000000146c8                CSMSC951xDevice::Configure()
 .text          0x000000000001498c      0x2d0 ./lib/usb/libusb.a(macaddress.o)
                0x000000000001498c                CMACAddress::CMACAddress()
                0x000000000001498c                CMACAddress::CMACAddress()
                0x0000000000014998                CMACAddress::~CMACAddress()
                0x0000000000014998                CMACAddress::~CMACAddress()
                0x000000000001499c                CMACAddress::operator==(CMACAddress const&) const
                0x0000000000014a24                CMACAddress::operator!=(CMACAddress const&) const
                0x0000000000014a38                CMACAddress::Set(unsigned char const*)
                0x0000000000014a80                CMACAddress::CMACAddress(unsigned char const*)
                0x0000000000014a80                CMACAddress::CMACAddress(unsigned char const*)
                0x0000000000014a94                CMACAddress::SetBroadcast()
                0x0000000000014ab8                CMACAddress::Get() const
                0x0000000000014aec                CMACAddress::CopyTo(unsigned char*) const
                0x0000000000014b5c                CMACAddress::IsBroadcast() const
                0x0000000000014bb8                CMACAddress::GetSize() const
                0x0000000000014bc0                CMACAddress::Format(CString*) const
 .text          0x0000000000014c5c       0xd8 ./lib/usb/libusb.a(netdevice.o)
                0x0000000000014c5c                CNetDevice::CNetDevice(CUSBFunction*)
                0x0000000000014c5c                CNetDevice::CNetDevice(CUSBFunction*)
                0x0000000000014c7c                CNetDevice::~CNetDevice()
                0x0000000000014c7c                CNetDevice::~CNetDevice()
                0x0000000000014c9c                CNetDevice::~CNetDevice()
                0x0000000000014cc8                CNetDevice::AddNetDevice()
 .text          0x0000000000014d34      0x374 ./lib/input/libinput.a(keyboardbehaviour.o)
                0x0000000000014d34                CKeyboardBehaviour::CKeyboardBehaviour()
                0x0000000000014d34                CKeyboardBehaviour::CKeyboardBehaviour()
                0x0000000000014d68                CKeyboardBehaviour::~CKeyboardBehaviour()
                0x0000000000014d68                CKeyboardBehaviour::~CKeyboardBehaviour()
                0x0000000000014d90                CKeyboardBehaviour::RegisterKeyPressedHandler(void (*)(char const*))
                0x0000000000014dc8                CKeyboardBehaviour::RegisterSelectConsoleHandler(void (*)(unsigned int))
                0x0000000000014e00                CKeyboardBehaviour::RegisterShutdownHandler(void (*)())
                0x0000000000014e38                CKeyboardBehaviour::GetLEDStatus() const
                0x0000000000014e40                CKeyboardBehaviour::GenerateKeyEvent(unsigned char)
                0x0000000000014f20                CKeyboardBehaviour::KeyPressed(unsigned char)
                0x0000000000014f64                CKeyboardBehaviour::KeyReleased(unsigned char)
                0x0000000000014fcc                CKeyboardBehaviour::TimerHandler(unsigned int)
                0x0000000000015060                CKeyboardBehaviour::TimerStub(unsigned int, void*, void*)
 .text          0x00000000000150a8      0x3c4 ./lib/input/libinput.a(keymap.o)
                0x00000000000150a8                CKeyMap::~CKeyMap()
                0x00000000000150a8                CKeyMap::~CKeyMap()
                0x00000000000150ac                CKeyMap::ClearTable(unsigned char)
                0x00000000000150e4                CKeyMap::SetEntry(unsigned char, unsigned char, unsigned short)
                0x0000000000015134                CKeyMap::Translate(unsigned char, unsigned char)
                0x000000000001524c                CKeyMap::GetString(unsigned short, unsigned char, char*) const
                0x0000000000015308                CKeyMap::GetLEDStatus() const
                0x0000000000015338                CKeyMap::LookupDefaultMap(char const*)
                0x00000000000153c8                CKeyMap::CKeyMap()
                0x00000000000153c8                CKeyMap::CKeyMap()
 .text          0x000000000001546c      0x500 ./lib/input/libinput.a(mousebehaviour.o)
                0x000000000001546c                CMouseBehaviour::CMouseBehaviour()
                0x000000000001546c                CMouseBehaviour::CMouseBehaviour()
                0x0000000000015490                CMouseBehaviour::~CMouseBehaviour()
                0x0000000000015490                CMouseBehaviour::~CMouseBehaviour()
                0x0000000000015494                CMouseBehaviour::Setup(unsigned int, unsigned int)
                0x00000000000155f0                CMouseBehaviour::RegisterEventHandler(void (*)(TMouseEvent, unsigned int, unsigned int, unsigned int))
                0x0000000000015648                CMouseBehaviour::SetCursorState(unsigned int, unsigned int, int)
                0x00000000000156c0                CMouseBehaviour::SetCursor(unsigned int, unsigned int)
                0x0000000000015770                CMouseBehaviour::ShowCursor(int)
                0x00000000000157ec                CMouseBehaviour::MouseStatusChanged(unsigned int, int, int)
 .text          0x000000000001596c      0x308 ./lib/net/libnet.a(netsubsystem.o)
                0x000000000001596c                CNetSubSystem::CNetSubSystem(unsigned char const*, unsigned char const*, unsigned char const*, unsigned char const*)
                0x000000000001596c                CNetSubSystem::CNetSubSystem(unsigned char const*, unsigned char const*, unsigned char const*, unsigned char const*)
                0x0000000000015a48                CNetSubSystem::~CNetSubSystem()
                0x0000000000015a48                CNetSubSystem::~CNetSubSystem()
                0x0000000000015aa0                CNetSubSystem::Initialize()
                0x0000000000015bdc                CNetSubSystem::Process()
                0x0000000000015c08                CNetSubSystem::GetConfig()
                0x0000000000015c0c                CNetSubSystem::GetNetDeviceLayer()
                0x0000000000015c14                CNetSubSystem::GetTransportLayer()
                0x0000000000015c1c                CNetSubSystem::IsRunning() const
 .text          0x0000000000015c74       0xd4 ./lib/net/libnet.a(nettask.o)
                0x0000000000015c74                CNetTask::~CNetTask()
                0x0000000000015c74                CNetTask::~CNetTask()
                0x0000000000015c9c                CNetTask::~CNetTask()
                0x0000000000015cd0                CNetTask::Run()
                0x0000000000015d1c                CNetTask::CNetTask(CNetSubSystem*)
                0x0000000000015d1c                CNetTask::CNetTask(CNetSubSystem*)
 .text          0x0000000000015d48      0x928 ./lib/net/libnet.a(socket.o)
                0x0000000000015d48                CSocket::CSocket(CNetSubSystem*, int)
                0x0000000000015d48                CSocket::CSocket(CNetSubSystem*, int)
                0x0000000000015dfc                CSocket::CSocket(CSocket&)
                0x0000000000015dfc                CSocket::CSocket(CSocket&)
                0x0000000000015e98                CSocket::~CSocket()
                0x0000000000015e98                CSocket::~CSocket()
                0x0000000000015efc                CSocket::Bind(unsigned short)
                0x0000000000015f5c                CSocket::Connect(CIPAddress&, unsigned short)
                0x000000000001605c                CSocket::Listen()
                0x00000000000160d8                CSocket::Accept(CIPAddress*, unsigned short*)
                0x00000000000161fc                CSocket::Send(void const*, unsigned int, int)
                0x00000000000162a8                CSocket::Receive(void*, unsigned int, int)
                0x0000000000016398                CSocket::SendTo(void const*, unsigned int, int, CIPAddress&, unsigned short)
                0x000000000001649c                CSocket::ReceiveFrom(void*, unsigned int, int, CIPAddress*, unsigned short*)
                0x00000000000165a4                CSocket::SetOptionBroadcast(int)
                0x0000000000016614                CSocket::GetForeignIP() const
 .text          0x0000000000016670      0xffc ./lib/net/libnet.a(transportlayer.o)
                0x0000000000016670                CTransportLayer::CTransportLayer(CNetConfig*, CNetworkLayer*)
                0x0000000000016670                CTransportLayer::CTransportLayer(CNetConfig*, CNetworkLayer*)
                0x000000000001671c                CTransportLayer::Initialize()
                0x000000000001675c                CTransportLayer::Bind(unsigned short, int)
                0x00000000000168dc                CTransportLayer::Connect(CIPAddress&, unsigned short, unsigned short, int)
                0x0000000000016b7c                CTransportLayer::Listen(unsigned short, int)
                0x0000000000016cf4                CTransportLayer::Accept(CIPAddress*, unsigned short*, int)
                0x0000000000016dcc                CTransportLayer::Disconnect(int)
                0x0000000000016e4c                CTransportLayer::Send(void const*, unsigned int, int, int)
                0x0000000000016f34                CTransportLayer::Receive(void*, int, int)
                0x0000000000016fe8                CTransportLayer::SendTo(void const*, unsigned int, int, CIPAddress&, unsigned short, int)
                0x00000000000170e0                CTransportLayer::ReceiveFrom(void*, int, CIPAddress*, unsigned short*, int)
                0x00000000000171ac                CTransportLayer::SetOptionBroadcast(int, int)
                0x0000000000017234                CTransportLayer::GetForeignIP(int) const
                0x00000000000172a4                CTransportLayer::~CTransportLayer()
                0x00000000000172a4                CTransportLayer::~CTransportLayer()
                0x000000000001733c                CTransportLayer::Process()
 .text          0x000000000001766c      0x9e0 ./lib/net/libnet.a(networklayer.o)
                0x000000000001766c                CNetworkLayer::CNetworkLayer(CNetConfig*, CLinkLayer*)
                0x000000000001766c                CNetworkLayer::CNetworkLayer(CNetConfig*, CLinkLayer*)
                0x0000000000017700                CNetworkLayer::~CNetworkLayer()
                0x0000000000017700                CNetworkLayer::~CNetworkLayer()
                0x0000000000017774                CNetworkLayer::Initialize()
                0x0000000000017820                CNetworkLayer::Process()
                0x0000000000017aa8                CNetworkLayer::Send(CIPAddress const&, void const*, unsigned int, int)
                0x0000000000017d0c                CNetworkLayer::Receive(void*, unsigned int*, CIPAddress*, CIPAddress*, int*)
                0x0000000000017e58                CNetworkLayer::ReceiveNotification(TICMPNotificationType*, CIPAddress*, CIPAddress*, unsigned short*, unsigned short*, int*)
                0x0000000000017fcc                CNetworkLayer::AddRoute(unsigned char const*, unsigned char const*)
                0x0000000000017fd4                CNetworkLayer::GetGateway(unsigned char const*) const
 .text          0x000000000001804c      0x5b8 ./lib/net/libnet.a(linklayer.o)
                0x000000000001804c                CLinkLayer::CLinkLayer(CNetConfig*, CNetDeviceLayer*)
                0x000000000001804c                CLinkLayer::CLinkLayer(CNetConfig*, CNetDeviceLayer*)
                0x00000000000180d0                CLinkLayer::~CLinkLayer()
                0x00000000000180d0                CLinkLayer::~CLinkLayer()
                0x0000000000018130                CLinkLayer::Initialize()
                0x00000000000181b4                CLinkLayer::Process()
                0x00000000000183c4                CLinkLayer::Send(CIPAddress const&, void const*, unsigned int)
                0x0000000000018590                CLinkLayer::Receive(void*, unsigned int*)
 .text          0x0000000000018604      0x300 ./lib/net/libnet.a(netdevlayer.o)
                0x0000000000018604                CNetDeviceLayer::CNetDeviceLayer(CNetConfig*)
                0x0000000000018604                CNetDeviceLayer::CNetDeviceLayer(CNetConfig*)
                0x0000000000018634                CNetDeviceLayer::~CNetDeviceLayer()
                0x0000000000018634                CNetDeviceLayer::~CNetDeviceLayer()
                0x0000000000018674                CNetDeviceLayer::Initialize()
                0x0000000000018720                CNetDeviceLayer::Process()
                0x0000000000018850                CNetDeviceLayer::GetMACAddress() const
                0x00000000000188a4                CNetDeviceLayer::Send(void const*, unsigned int)
                0x00000000000188b0                CNetDeviceLayer::Receive(void*, unsigned int*)
 .text          0x0000000000018904      0x980 ./lib/net/libnet.a(arphandler.o)
                0x0000000000018904                CARPHandler::TimerHandler(unsigned int, void*, void*)
                0x00000000000189c8                CARPHandler::CARPHandler(CNetConfig*, CNetDeviceLayer*, CNetQueue*)
                0x00000000000189c8                CARPHandler::CARPHandler(CNetConfig*, CNetDeviceLayer*, CNetQueue*)
                0x0000000000018a94                CARPHandler::~CARPHandler()
                0x0000000000018a94                CARPHandler::~CARPHandler()
                0x0000000000018ab4                CARPHandler::ReplyReceived(CIPAddress const&, CMACAddress const&)
                0x0000000000018b5c                CARPHandler::RequestReceived(CIPAddress const&, CMACAddress const&)
                0x0000000000018c3c                CARPHandler::SendPacket(int, CIPAddress const&, CMACAddress const&)
                0x0000000000018d94                CARPHandler::Process()
                0x0000000000019008                CARPHandler::Resolve(CIPAddress const&, CMACAddress*)
 .text          0x0000000000019284      0x628 ./lib/net/libnet.a(icmphandler.o)
                0x0000000000019284                CICMPHandler::CICMPHandler(CNetConfig*, CNetworkLayer*, CNetQueue*, CNetQueue*)
                0x0000000000019284                CICMPHandler::CICMPHandler(CNetConfig*, CNetworkLayer*, CNetQueue*, CNetQueue*)
                0x0000000000019368                CICMPHandler::~CICMPHandler()
                0x0000000000019368                CICMPHandler::~CICMPHandler()
                0x0000000000019388                CICMPHandler::EnqueueNotification(TICMPNotificationType, TIPHeader*, TICMPDataDatagramHeader*)
                0x0000000000019494                CICMPHandler::Process()
 .text          0x00000000000198ac      0x264 ./lib/net/libnet.a(routecache.o)
                0x00000000000198ac                CRouteCache::CRouteCache()
                0x00000000000198ac                CRouteCache::CRouteCache()
                0x00000000000198c8                CRouteCache::Flush()
                0x0000000000019910                CRouteCache::~CRouteCache()
                0x0000000000019910                CRouteCache::~CRouteCache()
                0x000000000001992c                CRouteCache::AddRoute(unsigned char const*, unsigned char const*)
                0x0000000000019a38                CRouteCache::GetRoute(unsigned char const*) const
 .text          0x0000000000019b10      0x230 ./lib/net/libnet.a(netconnection.o)
                0x0000000000019b10                CNetConnection::CNetConnection(CNetConfig*, CNetworkLayer*, CIPAddress&, unsigned short, unsigned short, int)
                0x0000000000019b10                CNetConnection::CNetConnection(CNetConfig*, CNetworkLayer*, CIPAddress&, unsigned short, unsigned short, int)
                0x0000000000019bd0                CNetConnection::CNetConnection(CNetConfig*, CNetworkLayer*, unsigned short, int)
                0x0000000000019bd0                CNetConnection::CNetConnection(CNetConfig*, CNetworkLayer*, unsigned short, int)
                0x0000000000019c7c                CNetConnection::~CNetConnection()
                0x0000000000019c7c                CNetConnection::~CNetConnection()
                0x0000000000019cb0                CNetConnection::~CNetConnection()
                0x0000000000019cf0                CNetConnection::GetForeignIP() const
                0x0000000000019cf8                CNetConnection::GetOwnPort() const
                0x0000000000019d38                CNetConnection::GetProtocol() const
 .text          0x0000000000019d40      0xa40 ./lib/net/libnet.a(udpconnection.o)
                0x0000000000019d40                CUDPConnection::Accept(CIPAddress*, unsigned short*)
                0x0000000000019d48                CUDPConnection::Close()
                0x0000000000019d64                CUDPConnection::SetOptionBroadcast(int)
                0x0000000000019d70                CUDPConnection::IsTerminated() const
                0x0000000000019d80                CUDPConnection::Process()
                0x0000000000019d84                CUDPConnection::~CUDPConnection()
                0x0000000000019d84                CUDPConnection::~CUDPConnection()
                0x0000000000019ddc                CUDPConnection::~CUDPConnection()
                0x0000000000019dfc                CUDPConnection::Send(void const*, unsigned int, int)
                0x0000000000019fd8                CUDPConnection::Receive(void*, int)
                0x000000000001a0dc                CUDPConnection::ReceiveFrom(void*, int, CIPAddress*, unsigned short*)
                0x000000000001a214                CUDPConnection::Connect()
                0x000000000001a24c                CUDPConnection::SendTo(void const*, unsigned int, int, CIPAddress&, unsigned short)
                0x000000000001a448                CUDPConnection::PacketReceived(void const*, unsigned int, CIPAddress&, CIPAddress&, int)
                0x000000000001a5f8                CUDPConnection::NotificationReceived(TICMPNotificationType, CIPAddress&, CIPAddress&, unsigned short, unsigned short, int)
                0x000000000001a6b8                CUDPConnection::CUDPConnection(CNetConfig*, CNetworkLayer*, CIPAddress&, unsigned short, unsigned short)
                0x000000000001a6b8                CUDPConnection::CUDPConnection(CNetConfig*, CNetworkLayer*, CIPAddress&, unsigned short, unsigned short)
                0x000000000001a724                CUDPConnection::CUDPConnection(CNetConfig*, CNetworkLayer*, unsigned short)
                0x000000000001a724                CUDPConnection::CUDPConnection(CNetConfig*, CNetworkLayer*, unsigned short)
 .text          0x000000000001a780     0x2108 ./lib/net/libnet.a(tcpconnection.o)
                0x000000000001a780                CTCPConnection::SendTo(void const*, unsigned int, int, CIPAddress&, unsigned short)
                0x000000000001a798                CTCPConnection::SetOptionBroadcast(int)
                0x000000000001a7a0                CTCPConnection::IsTerminated() const
                0x000000000001a7b0                CTCPConnection::ReceiveFrom(void*, int, CIPAddress*, unsigned short*)
                0x000000000001a804                CTCPConnection::Send(void const*, unsigned int, int)
                0x000000000001a91c                CTCPConnection::Receive(void*, int)
                0x000000000001a9dc                CTCPConnection::NotificationReceived(TICMPNotificationType, CIPAddress&, CIPAddress&, unsigned short, unsigned short, int)
                0x000000000001aa98                CTCPConnection::CTCPConnection(CNetConfig*, CNetworkLayer*, unsigned short)
                0x000000000001aa98                CTCPConnection::CTCPConnection(CNetConfig*, CNetworkLayer*, unsigned short)
                0x000000000001ab70                CTCPConnection::SendSegment(unsigned int, unsigned int, unsigned int, void const*, unsigned int)
                0x000000000001ad48                CTCPConnection::ScanOptions(TTCPHeader*)
                0x000000000001adfc                CTCPConnection::CalculateISN()
                0x000000000001ae68                CTCPConnection::StopTimer(unsigned int)
                0x000000000001af14                CTCPConnection::~CTCPConnection()
                0x000000000001af14                CTCPConnection::~CTCPConnection()
                0x000000000001afd0                CTCPConnection::~CTCPConnection()
                0x000000000001aff0                CTCPConnection::Close()
                0x000000000001b118                CTCPConnection::StartTimer(unsigned int, unsigned int)
                0x000000000001b1e0                CTCPConnection::CTCPConnection(CNetConfig*, CNetworkLayer*, CIPAddress&, unsigned short, unsigned short)
                0x000000000001b1e0                CTCPConnection::CTCPConnection(CNetConfig*, CNetworkLayer*, CIPAddress&, unsigned short, unsigned short)
                0x000000000001b34c                CTCPConnection::Process()
                0x000000000001b654                CTCPConnection::DumpStatus()
                0x000000000001b6d0                CTCPConnection::NewState(TTCPState, unsigned int)
                0x000000000001b778                CTCPConnection::UnexpectedState(unsigned int)
                0x000000000001b7bc                CTCPConnection::Connect()
                0x000000000001b840                CTCPConnection::Accept(CIPAddress*, unsigned short*)
                0x000000000001b930                CTCPConnection::PacketReceived(void const*, unsigned int, CIPAddress&, CIPAddress&, int)
                0x000000000001c648                CTCPConnection::TimerHandler(unsigned int)
                0x000000000001c82c                CTCPConnection::TimerStub(unsigned int, void*, void*)
 .text          0x000000000001c888      0x484 ./lib/net/libnet.a(retransmissionqueue.o)
                0x000000000001c888                CRetransmissionQueue::CRetransmissionQueue(unsigned int)
                0x000000000001c888                CRetransmissionQueue::CRetransmissionQueue(unsigned int)
                0x000000000001c8e0                CRetransmissionQueue::~CRetransmissionQueue()
                0x000000000001c8e0                CRetransmissionQueue::~CRetransmissionQueue()
                0x000000000001c8fc                CRetransmissionQueue::IsEmpty() const
                0x000000000001c914                CRetransmissionQueue::GetFreeSpace() const
                0x000000000001c9c8                CRetransmissionQueue::Write(void const*, unsigned int)
                0x000000000001cab4                CRetransmissionQueue::GetBytesAvailable() const
                0x000000000001cb60                CRetransmissionQueue::Read(void*, unsigned int)
                0x000000000001cc4c                CRetransmissionQueue::Advance(unsigned int)
                0x000000000001ccec                CRetransmissionQueue::Reset()
                0x000000000001ccf8                CRetransmissionQueue::Flush()
 .text          0x000000000001cd0c      0x30c ./lib/net/libnet.a(retranstimeoutcalc.o)
                0x000000000001cd0c                CRetransmissionTimeoutCalculator::CRetransmissionTimeoutCalculator()
                0x000000000001cd0c                CRetransmissionTimeoutCalculator::CRetransmissionTimeoutCalculator()
                0x000000000001cd70                CRetransmissionTimeoutCalculator::~CRetransmissionTimeoutCalculator()
                0x000000000001cd70                CRetransmissionTimeoutCalculator::~CRetransmissionTimeoutCalculator()
                0x000000000001cd74                CRetransmissionTimeoutCalculator::GetRTO() const
                0x000000000001cd7c                CRetransmissionTimeoutCalculator::Initialize(unsigned int)
                0x000000000001cdf0                CRetransmissionTimeoutCalculator::SegmentSent(unsigned int, unsigned int)
                0x000000000001ce90                CRetransmissionTimeoutCalculator::RetransmissionTimerExpired()
                0x000000000001cef8                CRetransmissionTimeoutCalculator::Calculate(unsigned int)
                0x000000000001cf84                CRetransmissionTimeoutCalculator::SegmentAcknowledged(unsigned int)
 .text          0x000000000001d018      0x320 ./lib/net/libnet.a(tcprejector.o)
                0x000000000001d018                CTCPRejector::~CTCPRejector()
                0x000000000001d018                CTCPRejector::~CTCPRejector()
                0x000000000001d050                CTCPRejector::~CTCPRejector()
                0x000000000001d070                CTCPRejector::CTCPRejector(CNetConfig*, CNetworkLayer*)
                0x000000000001d070                CTCPRejector::CTCPRejector(CNetConfig*, CNetworkLayer*)
                0x000000000001d0b0                CTCPRejector::SendSegment(unsigned int, unsigned int, unsigned int)
                0x000000000001d1d0                CTCPRejector::PacketReceived(void const*, unsigned int, CIPAddress&, CIPAddress&, int)
 .text._ZN12CTCPRejector7ConnectEv
                0x000000000001d338        0x8 ./lib/net/libnet.a(tcprejector.o)
                0x000000000001d338                CTCPRejector::Connect()
 .text._ZN12CTCPRejector6AcceptEP10CIPAddressPt
                0x000000000001d340        0x8 ./lib/net/libnet.a(tcprejector.o)
                0x000000000001d340                CTCPRejector::Accept(CIPAddress*, unsigned short*)
 .text._ZN12CTCPRejector5CloseEv
                0x000000000001d348        0x8 ./lib/net/libnet.a(tcprejector.o)
                0x000000000001d348                CTCPRejector::Close()
 .text._ZN12CTCPRejector4SendEPKvji
                0x000000000001d350        0x8 ./lib/net/libnet.a(tcprejector.o)
                0x000000000001d350                CTCPRejector::Send(void const*, unsigned int, int)
 .text._ZN12CTCPRejector7ReceiveEPvi
                0x000000000001d358        0x8 ./lib/net/libnet.a(tcprejector.o)
                0x000000000001d358                CTCPRejector::Receive(void*, int)
 .text._ZN12CTCPRejector6SendToEPKvjiR10CIPAddresst
                0x000000000001d360        0x8 ./lib/net/libnet.a(tcprejector.o)
                0x000000000001d360                CTCPRejector::SendTo(void const*, unsigned int, int, CIPAddress&, unsigned short)
 .text._ZN12CTCPRejector11ReceiveFromEPviP10CIPAddressPt
                0x000000000001d368        0x8 ./lib/net/libnet.a(tcprejector.o)
                0x000000000001d368                CTCPRejector::ReceiveFrom(void*, int, CIPAddress*, unsigned short*)
 .text._ZN12CTCPRejector18SetOptionBroadcastEi
                0x000000000001d370        0x8 ./lib/net/libnet.a(tcprejector.o)
                0x000000000001d370                CTCPRejector::SetOptionBroadcast(int)
 .text._ZNK12CTCPRejector12IsTerminatedEv
                0x000000000001d378        0x8 ./lib/net/libnet.a(tcprejector.o)
                0x000000000001d378                CTCPRejector::IsTerminated() const
 .text._ZN12CTCPRejector7ProcessEv
                0x000000000001d380        0x4 ./lib/net/libnet.a(tcprejector.o)
                0x000000000001d380                CTCPRejector::Process()
 .text._ZN12CTCPRejector20NotificationReceivedE21TICMPNotificationTypeR10CIPAddressS2_tti
                0x000000000001d384        0x8 ./lib/net/libnet.a(tcprejector.o)
                0x000000000001d384                CTCPRejector::NotificationReceived(TICMPNotificationType, CIPAddress&, CIPAddress&, unsigned short, unsigned short, int)
 .text          0x000000000001d38c      0x1d0 ./lib/net/libnet.a(netconfig.o)
                0x000000000001d38c                CNetConfig::~CNetConfig()
                0x000000000001d38c                CNetConfig::~CNetConfig()
                0x000000000001d3c4                CNetConfig::SetDHCP(int)
                0x000000000001d3cc                CNetConfig::SetDefaultGateway(unsigned int)
                0x000000000001d3d4                CNetConfig::SetDNSServer(unsigned int)
                0x000000000001d3dc                CNetConfig::SetDefaultGateway(unsigned char const*)
                0x000000000001d3e4                CNetConfig::SetDNSServer(unsigned char const*)
                0x000000000001d3ec                CNetConfig::GetIPAddress() const
                0x000000000001d3f4                CNetConfig::IsDHCPUsed() const
                0x000000000001d3fc                CNetConfig::GetNetMask() const
                0x000000000001d404                CNetConfig::GetDefaultGateway() const
                0x000000000001d40c                CNetConfig::GetDNSServer() const
                0x000000000001d414                CNetConfig::GetBroadcastAddress() const
                0x000000000001d41c                CNetConfig::UpdateBroadcastAddress()
                0x000000000001d45c                CNetConfig::Reset()
                0x000000000001d4a8                CNetConfig::CNetConfig()
                0x000000000001d4a8                CNetConfig::CNetConfig()
                0x000000000001d4ec                CNetConfig::SetIPAddress(unsigned int)
                0x000000000001d508                CNetConfig::SetNetMask(unsigned int)
                0x000000000001d524                CNetConfig::SetIPAddress(unsigned char const*)
                0x000000000001d540                CNetConfig::SetNetMask(unsigned char const*)
 .text          0x000000000001d55c      0x5ac ./lib/net/libnet.a(ipaddress.o)
                0x000000000001d55c                CIPAddress::CIPAddress()
                0x000000000001d55c                CIPAddress::CIPAddress()
                0x000000000001d568                CIPAddress::CIPAddress(unsigned int)
                0x000000000001d568                CIPAddress::CIPAddress(unsigned int)
                0x000000000001d578                CIPAddress::CIPAddress(CIPAddress const&)
                0x000000000001d578                CIPAddress::CIPAddress(CIPAddress const&)
                0x000000000001d5c0                CIPAddress::~CIPAddress()
                0x000000000001d5c0                CIPAddress::~CIPAddress()
                0x000000000001d5c4                CIPAddress::operator==(CIPAddress const&) const
                0x000000000001d634                CIPAddress::operator!=(CIPAddress const&) const
                0x000000000001d6a0                CIPAddress::operator==(unsigned char const*) const
                0x000000000001d714                CIPAddress::operator!=(unsigned char const*) const
                0x000000000001d728                CIPAddress::operator==(unsigned int) const
                0x000000000001d76c                CIPAddress::operator!=(unsigned int) const
                0x000000000001d7ac                CIPAddress::operator=(unsigned int)
                0x000000000001d7bc                CIPAddress::Set(unsigned int)
                0x000000000001d7cc                CIPAddress::Set(unsigned char const*)
                0x000000000001d814                CIPAddress::CIPAddress(unsigned char const*)
                0x000000000001d814                CIPAddress::CIPAddress(unsigned char const*)
                0x000000000001d828                CIPAddress::Set(CIPAddress const&)
                0x000000000001d868                CIPAddress::SetBroadcast()
                0x000000000001d878                CIPAddress::operator unsigned int() const
                0x000000000001d8ac                CIPAddress::Get() const
                0x000000000001d8e0                CIPAddress::CopyTo(unsigned char*) const
                0x000000000001d950                CIPAddress::IsNull() const
                0x000000000001d98c                CIPAddress::IsBroadcast() const
                0x000000000001d9cc                CIPAddress::GetSize() const
                0x000000000001d9d4                CIPAddress::Format(CString*) const
                0x000000000001da38                CIPAddress::OnSameNetwork(CIPAddress const&, unsigned char const*) const
 .text          0x000000000001db08      0x3a0 ./lib/net/libnet.a(netqueue.o)
                0x000000000001db08                CNetQueue::CNetQueue()
                0x000000000001db08                CNetQueue::CNetQueue()
                0x000000000001db1c                CNetQueue::IsEmpty() const
                0x000000000001db2c                CNetQueue::Flush()
                0x000000000001dc18                CNetQueue::~CNetQueue()
                0x000000000001dc18                CNetQueue::~CNetQueue()
                0x000000000001dc2c                CNetQueue::Enqueue(void const*, unsigned int, void*)
                0x000000000001dd70                CNetQueue::Dequeue(void*, void**)
 .text          0x000000000001dea8      0x2e8 ./lib/net/libnet.a(checksumcalculator.o)
                0x000000000001dea8                CChecksumCalculator::CChecksumCalculator(CIPAddress const&, int)
                0x000000000001dea8                CChecksumCalculator::CChecksumCalculator(CIPAddress const&, int)
                0x000000000001ded8                CChecksumCalculator::CChecksumCalculator(CIPAddress const&, CIPAddress const&, int)
                0x000000000001ded8                CChecksumCalculator::CChecksumCalculator(CIPAddress const&, CIPAddress const&, int)
                0x000000000001df1c                CChecksumCalculator::~CChecksumCalculator()
                0x000000000001df1c                CChecksumCalculator::~CChecksumCalculator()
                0x000000000001df20                CChecksumCalculator::SetSourceAddress(CIPAddress const&)
                0x000000000001df30                CChecksumCalculator::SetDestinationAddress(CIPAddress const&)
                0x000000000001df50                CChecksumCalculator::CalculateChunk(void const*, unsigned int, unsigned int)
                0x000000000001e004                CChecksumCalculator::Calculate(void const*, unsigned int)
                0x000000000001e0dc                CChecksumCalculator::SimpleCalculate(void const*, unsigned int)
                0x000000000001e168                CChecksumCalculator::FoldResult(unsigned int)
 .text          0x000000000001e190      0x4cc ./lib/net/libnet.a(dnsclient.o)
                0x000000000001e190                CDNSClient::CDNSClient(CNetSubSystem*)
                0x000000000001e190                CDNSClient::CDNSClient(CNetSubSystem*)
                0x000000000001e1cc                CDNSClient::~CDNSClient()
                0x000000000001e1cc                CDNSClient::~CDNSClient()
                0x000000000001e1d0                CDNSClient::Resolve(char const*, CIPAddress*)
 .text          0x000000000001e65c     0x12a0 ./lib/net/libnet.a(dhcpclient.o)
                0x000000000001e65c                CDHCPClient::~CDHCPClient()
                0x000000000001e65c                CDHCPClient::~CDHCPClient()
                0x000000000001e690                CDHCPClient::~CDHCPClient()
                0x000000000001e6d0                CDHCPClient::CDHCPClient(CNetSubSystem*)
                0x000000000001e6d0                CDHCPClient::CDHCPClient(CNetSubSystem*)
                0x000000000001e774                CDHCPClient::IsBound() const
                0x000000000001e77c                CDHCPClient::HaltNetwork()
                0x000000000001e7c8                CDHCPClient::SendMessage(unsigned char const*, unsigned int)
                0x000000000001e910                CDHCPClient::SendDiscover()
                0x000000000001e928                CDHCPClient::CheckConfig()
                0x000000000001ea90                CDHCPClient::GetUnaligned(void const*)
                0x000000000001eac4                CDHCPClient::ScanOptions(unsigned char const*, unsigned int)
                0x000000000001ecf8                CDHCPClient::ReceiveMessage()
                0x000000000001eeb4                CDHCPClient::GetXID() const
                0x000000000001ef34                CDHCPClient::SetUnaligned(void*, unsigned int)
                0x000000000001ef80                CDHCPClient::SendRequest(unsigned int)
                0x000000000001efdc                CDHCPClient::SendAndReceive(int, unsigned int)
                0x000000000001f174                CDHCPClient::RenewOrRebind(int, unsigned int)
                0x000000000001f4b8                CDHCPClient::SelectAndRequest()
                0x000000000001f780                CDHCPClient::Run()
 .text          0x000000000001f8fc      0x2a8 ./lib/fs/libfs.a(partitionmanager.o)
                0x000000000001f8fc                CPartitionManager::CPartitionManager(CDevice*, char const*)
                0x000000000001f8fc                CPartitionManager::CPartitionManager(CDevice*, char const*)
                0x000000000001f92c                CPartitionManager::~CPartitionManager()
                0x000000000001f92c                CPartitionManager::~CPartitionManager()
                0x000000000001f97c                CPartitionManager::Initialize()
 .text          0x000000000001fba4      0x304 ./lib/fs/libfs.a(partition.o)
                0x000000000001fba4                CPartition::Read(void*, unsigned int)
                0x000000000001fc54                CPartition::Write(void const*, unsigned int)
                0x000000000001fd04                CPartition::~CPartition()
                0x000000000001fd04                CPartition::~CPartition()
                0x000000000001fd2c                CPartition::~CPartition()
                0x000000000001fd60                CPartition::Seek(unsigned long long)
                0x000000000001fe38                CPartition::CPartition(CDevice*, unsigned int, unsigned int)
                0x000000000001fe38                CPartition::CPartition(CDevice*, unsigned int, unsigned int)
 .text          0x000000000001fea8      0x208 ./lib/sched/libsched.a(task.o)
                0x000000000001fea8                CTask::Run()
                0x000000000001fec0                CTask::~CTask()
                0x000000000001fec0                CTask::~CTask()
                0x000000000001ff18                CTask::~CTask()
                0x000000000001ff38                CTask::TaskEntry(void*)
                0x000000000001ff9c                CTask::InitializeRegs()
                0x0000000000020000                CTask::CTask(unsigned int)
                0x0000000000020000                CTask::CTask(unsigned int)
 .text          0x00000000000200b0      0x67c ./lib/sched/libsched.a(scheduler.o)
                0x00000000000200b0                CScheduler::CScheduler()
                0x00000000000200b0                CScheduler::CScheduler()
                0x0000000000020118                CScheduler::AddTask(CTask*)
                0x00000000000201c4                CScheduler::RemoveTask(CTask*)
                0x000000000002023c                CScheduler::~CScheduler()
                0x000000000002023c                CScheduler::~CScheduler()
                0x00000000000202cc                CScheduler::WakeTask(CTask**)
                0x0000000000020354                CScheduler::GetNextTask()
                0x000000000002043c                CScheduler::Yield()
                0x00000000000205d4                CScheduler::usSleep(unsigned int)
                0x00000000000205e0                CScheduler::Sleep(unsigned int)
                0x000000000002063c                CScheduler::MsSleep(unsigned int)
                0x0000000000020658                CScheduler::BlockTask(CTask**)
                0x00000000000206f4                CScheduler::Get()
 .text          0x000000000002072c        0xc ./lib/sched/libsched.a(taskswitch.o)
                0x000000000002072c                TaskSwitch
 .text          0x0000000000020738       0xfc ./lib/sched/libsched.a(synchronizationevent.o)
                0x0000000000020738                CSynchronizationEvent::CSynchronizationEvent(int)
                0x0000000000020738                CSynchronizationEvent::CSynchronizationEvent(int)
                0x0000000000020748                CSynchronizationEvent::~CSynchronizationEvent()
                0x0000000000020748                CSynchronizationEvent::~CSynchronizationEvent()
                0x000000000002077c                CSynchronizationEvent::GetState()
                0x0000000000020784                CSynchronizationEvent::Clear()
                0x0000000000020790                CSynchronizationEvent::Set()
                0x00000000000207c8                CSynchronizationEvent::Wait()
 .text          0x0000000000020834      0x20c ./lib/libcircle.a(actled.o)
                0x0000000000020834                CActLED::~CActLED()
                0x0000000000020834                CActLED::~CActLED()
                0x0000000000020848                CActLED::On()
                0x0000000000020888                CActLED::Off()
                0x00000000000208c8                CActLED::CActLED()
                0x00000000000208c8                CActLED::CActLED()
                0x00000000000209e4                CActLED::Blink(unsigned int, unsigned int, unsigned int)
                0x0000000000020a30                CActLED::Get()
 .text          0x0000000000020a40      0x1d0 ./lib/libcircle.a(bcmpropertytags.o)
                0x0000000000020a40                CBcmPropertyTags::CBcmPropertyTags()
                0x0000000000020a40                CBcmPropertyTags::CBcmPropertyTags()
                0x0000000000020a58                CBcmPropertyTags::~CBcmPropertyTags()
                0x0000000000020a58                CBcmPropertyTags::~CBcmPropertyTags()
                0x0000000000020a6c                CBcmPropertyTags::GetTags(void*, unsigned int)
                0x0000000000020b60                CBcmPropertyTags::GetTag(unsigned int, void*, unsigned int, unsigned int)
 .text          0x0000000000020c10      0xc94 ./lib/libcircle.a(gpiopin.o)
                0x0000000000020c10                CGPIOPin::~CGPIOPin()
                0x0000000000020c10                CGPIOPin::~CGPIOPin()
                0x0000000000020c14                CGPIOPin::~CGPIOPin()
                0x0000000000020c2c                CGPIOPin::Write(unsigned int)
                0x0000000000020cbc                CGPIOPin::Read() const
                0x0000000000020d14                CGPIOPin::Invert()
                0x0000000000020d54                CGPIOPin::ConnectInterrupt(void (*)(void*), void*)
                0x0000000000020e68                CGPIOPin::DisconnectInterrupt()
                0x0000000000020f54                CGPIOPin::EnableInterrupt(TGPIOInterrupt)
                0x0000000000021088                CGPIOPin::DisableInterrupt()
                0x0000000000021148                CGPIOPin::EnableInterrupt2(TGPIOInterrupt)
                0x000000000002127c                CGPIOPin::DisableInterrupt2()
                0x000000000002133c                CGPIOPin::ReadAll()
                0x000000000002134c                CGPIOPin::SetPullUpMode(unsigned int)
                0x00000000000213ec                CGPIOPin::SetAlternateFunction(unsigned int)
                0x00000000000214c0                CGPIOPin::SetMode(TGPIOMode, int)
                0x0000000000021684                CGPIOPin::CGPIOPin(unsigned int, TGPIOMode, CGPIOManager*)
                0x0000000000021684                CGPIOPin::CGPIOPin(unsigned int, TGPIOMode, CGPIOManager*)
                0x0000000000021738                CGPIOPin::InterruptHandler()
                0x00000000000217e8                CGPIOPin::DisableAllInterrupts(unsigned int)
 .text.startup  0x00000000000218a4       0x14 ./lib/libcircle.a(gpiopin.o)
 .text          0x00000000000218b8       0x30 ./lib/libcircle.a(libstub.o)
                0x00000000000218b8                __aeabi_uidiv
                0x00000000000218c8                __aeabi_uidivmod
                0x00000000000218e4                __aeabi_idiv
 .text          0x00000000000218e8      0x278 ./lib/libcircle.a(memory.o)
                0x00000000000218e8                CMemorySystem::~CMemorySystem()
                0x00000000000218e8                CMemorySystem::~CMemorySystem()
                0x0000000000021964                CMemorySystem::GetMemSize() const
                0x000000000002196c                CMemorySystem::EnableMMU()
                0x0000000000021a78                CMemorySystem::CMemorySystem(int)
                0x0000000000021a78                CMemorySystem::CMemorySystem(int)
 .text          0x0000000000021b60       0x18 ./lib/libcircle.a(new.o)
                0x0000000000021b60                operator new(unsigned int)
                0x0000000000021b64                operator new[](unsigned int)
                0x0000000000021b68                operator delete(void*)
                0x0000000000021b6c                operator delete[](void*)
                0x0000000000021b70                operator delete(void*, unsigned int)
                0x0000000000021b74                operator delete[](void*, unsigned int)
 .text          0x0000000000021b78       0x18 ./lib/libcircle.a(purecall.o)
                0x0000000000021b78                __cxa_pure_virtual
 .text          0x0000000000021b90      0x128 ./lib/libcircle.a(synchronize.o)
                0x0000000000021b90                EnterCritical
                0x0000000000021c48                LeaveCritical
                0x0000000000021c98                SyncDataAndInstructionCache
 .text          0x0000000000021cb8       0xe0 ./lib/libcircle.a(sysinit.o)
                0x0000000000021cb8                __aeabi_atexit
                0x0000000000021cbc                halt
                0x0000000000021cc8                reboot
                0x0000000000021cec                sysinit
 .text          0x0000000000021d98      0xb98 ./lib/libcircle.a(timer.o)
                0x0000000000021d98                CTimer::CTimer(CInterruptSystem*)
                0x0000000000021d98                CTimer::CTimer(CInterruptSystem*)
                0x0000000000021e18                CTimer::~CTimer()
                0x0000000000021e18                CTimer::~CTimer()
                0x0000000000021f00                CTimer::SetTimeZone(int)
                0x0000000000021f20                CTimer::GetTimeZone() const
                0x0000000000021f28                CTimer::SetTime(unsigned int, int)
                0x0000000000021fa8                CTimer::GetClockTicks()
                0x0000000000021fb8                CTimer::GetTicks() const
                0x0000000000021fc0                CTimer::GetUptime() const
                0x0000000000021fc8                CTimer::GetTime() const
                0x0000000000021fd0                CTimer::GetUniversalTime() const
                0x0000000000021ff0                CTimer::GetTimeString()
                0x00000000000221dc                CTimer::StartKernelTimer(unsigned int, void (*)(unsigned int, void*, void*), void*, void*)
                0x000000000002233c                CTimer::CancelKernelTimer(unsigned int)
                0x00000000000223f4                CTimer::PollKernelTimers()
                0x0000000000022550                CTimer::InterruptHandler()
                0x0000000000022664                CTimer::InterruptHandler(void*)
                0x00000000000226a0                CTimer::TuneMsDelay()
                0x0000000000022748                CTimer::Initialize()
                0x00000000000227c4                CTimer::SimpleMsDelay(unsigned int)
                0x0000000000022804                CTimer::SimpleusDelay(unsigned int)
                0x0000000000022834                CTimer::IsLeapYear(unsigned int)
                0x0000000000022880                CTimer::GetDaysOfMonth(unsigned int, unsigned int)
                0x00000000000228f8                CTimer::Get()
 .text          0x0000000000022930      0x460 ./lib/libcircle.a(util.o)
                0x0000000000022930                memset
                0x0000000000022954                memcmp
                0x00000000000229b0                strlen
                0x00000000000229d8                strcmp
                0x0000000000022a44                strcpy
                0x0000000000022a70                strncpy
                0x0000000000022abc                strcat
                0x0000000000022b00                strchr
                0x0000000000022b40                strtok_r
                0x0000000000022c0c                strtoul
                0x0000000000022d8c                char2int
 .text          0x0000000000022d90       0x5c ./lib/libcircle.a(util_fast.o)
                0x0000000000022d90                memcpy
 .text          0x0000000000022dec       0x40 ./lib/libcircle.a(device.o)
                0x0000000000022dec                CDevice::~CDevice()
                0x0000000000022dec                CDevice::~CDevice()
                0x0000000000022df0                CDevice::Write(void const*, unsigned int)
                0x0000000000022df0                CDevice::Read(void*, unsigned int)
                0x0000000000022df8                CDevice::Seek(unsigned long long)
                0x0000000000022e04                CDevice::~CDevice()
                0x0000000000022e1c                CDevice::CDevice()
                0x0000000000022e1c                CDevice::CDevice()
 .text          0x0000000000022e2c      0x514 ./lib/libcircle.a(koptions.o)
                0x0000000000022e8c                CKernelOptions::~CKernelOptions()
                0x0000000000022e8c                CKernelOptions::~CKernelOptions()
                0x0000000000022ea0                CKernelOptions::GetWidth() const
                0x0000000000022ea8                CKernelOptions::GetHeight() const
                0x0000000000022eb0                CKernelOptions::GetLogDevice() const
                0x0000000000022ebc                CKernelOptions::GetLogLevel() const
                0x0000000000022ec4                CKernelOptions::GetKeyMap() const
                0x0000000000022ecc                CKernelOptions::GetUSBPowerDelay() const
                0x0000000000022ed4                CKernelOptions::GetCPUSpeed() const
                0x0000000000022edc                CKernelOptions::GetSoCMaxTemp() const
                0x0000000000022ee4                CKernelOptions::Get()
                0x0000000000022ef4                CKernelOptions::GetToken()
                0x0000000000022f70                CKernelOptions::CKernelOptions()
                0x0000000000022f70                CKernelOptions::CKernelOptions()
                0x00000000000232e8                CKernelOptions::GetOptionValue(char*)
                0x0000000000023320                CKernelOptions::GetDecimal(char*)
 .text          0x0000000000023340      0x220 ./lib/libcircle.a(pagetable.o)
                0x0000000000023340                CPageTable::CPageTable()
                0x0000000000023340                CPageTable::CPageTable()
                0x00000000000233f0                CPageTable::CPageTable(unsigned int)
                0x00000000000233f0                CPageTable::CPageTable(unsigned int)
                0x0000000000023530                CPageTable::~CPageTable()
                0x0000000000023530                CPageTable::~CPageTable()
                0x0000000000023554                CPageTable::GetBaseAddress() const
 .text          0x0000000000023560     0x1230 ./lib/libcircle.a(screen.o)
                0x0000000000023560                CScreenDevice::~CScreenDevice()
                0x0000000000023560                CScreenDevice::~CScreenDevice()
                0x00000000000235d8                CScreenDevice::~CScreenDevice()
                0x0000000000023694                CScreenDevice::CScreenDevice(unsigned int, unsigned int, int)
                0x0000000000023694                CScreenDevice::CScreenDevice(unsigned int, unsigned int, int)
                0x000000000002370c                CScreenDevice::GetWidth() const
                0x0000000000023714                CScreenDevice::GetHeight() const
                0x000000000002371c                CScreenDevice::GetColumns() const
                0x0000000000023740                CScreenDevice::GetRows() const
                0x0000000000023764                CScreenDevice::GetStatus()
                0x00000000000237d4                CScreenDevice::SetStatus(TScreenStatus)
                0x00000000000238f0                CScreenDevice::CarriageReturn()
                0x00000000000238fc                CScreenDevice::CursorHome()
                0x0000000000023910                CScreenDevice::CursorLeft()
                0x000000000002397c                CScreenDevice::CursorMove(unsigned int, unsigned int)
                0x00000000000239dc                CScreenDevice::CursorUp()
                0x0000000000023a0c                CScreenDevice::DeleteChars(unsigned int)
                0x0000000000023a10                CScreenDevice::DeleteLines(unsigned int)
                0x0000000000023a14                CScreenDevice::InsertLines(unsigned int)
                0x0000000000023a18                CScreenDevice::InsertMode(int)
                0x0000000000023a20                CScreenDevice::ReverseScroll()
                0x0000000000023a24                CScreenDevice::SetCursorMode(int)