Archive member included to satisfy reference by file (symbol)

./lib/usb/libusb.a(dwhcidevice.o)
                              kernel.o (CDWHCIDevice::~CDWHCIDevice())
./lib/usb/libusb.a(dwhciregister.o)
                              ./lib/usb/libusb.a(dwhcidevice.o) (CDWHCIRegister::CDWHCIRegister(unsigned int))
./lib/usb/libusb.a(dwhcixferstagedata.o)
                              ./lib/usb/libusb.a(dwhcidevice.o) (CDWHCITransferStageData::~CDWHCITransferStageData())
./lib/usb/libusb.a(usbdevice.o)
                              ./lib/usb/libusb.a(dwhcixferstagedata.o) (CUSBDevice::GetAddress() const)
./lib/usb/libusb.a(usbendpoint.o)
                              ./lib/usb/libusb.a(usbdevice.o) (CUSBEndpoint::CUSBEndpoint(CUSBDevice*))
./lib/usb/libusb.a(usbhostcontroller.o)
                              ./lib/usb/libusb.a(dwhcidevice.o) (CUSBHostController::CUSBHostController())
./lib/usb/libusb.a(usbrequest.o)
                              ./lib/usb/libusb.a(usbhostcontroller.o) (CUSBRequest::CUSBRequest(CUSBEndpoint*, void*, unsigned int, TSetupData*))
./lib/usb/libusb.a(usbdevicefactory.o)
                              ./lib/usb/libusb.a(usbdevice.o) (CUSBDeviceFactory::GetDevice(CUSBFunction*, CString*))
./lib/usb/libusb.a(usbstandardhub.o)
                              ./lib/usb/libusb.a(usbdevicefactory.o) (CUSBStandardHub::CUSBStandardHub(CUSBFunction*))
./lib/usb/libusb.a(usbmassdevice.o)
                              ./lib/usb/libusb.a(usbdevicefactory.o) (CUSBBulkOnlyMassStorageDevice::CUSBBulkOnlyMassStorageDevice(CUSBFunction*))
./lib/usb/libusb.a(dwhciframeschednper.o)
                              ./lib/usb/libusb.a(dwhcixferstagedata.o) (CDWHCIFrameSchedulerNonPeriodic::CDWHCIFrameSchedulerNonPeriodic())
./lib/usb/libusb.a(dwhciframeschedper.o)
                              ./lib/usb/libusb.a(dwhcixferstagedata.o) (CDWHCIFrameSchedulerPeriodic::CDWHCIFrameSchedulerPeriodic())
./lib/usb/libusb.a(usbkeyboard.o)
                              ./lib/usb/libusb.a(usbdevicefactory.o) (CUSBKeyboardDevice::CUSBKeyboardDevice(CUSBFunction*))
./lib/usb/libusb.a(dwhcirootport.o)
                              ./lib/usb/libusb.a(dwhcidevice.o) (CDWHCIRootPort::CDWHCIRootPort(CDWHCIDevice*))
./lib/usb/libusb.a(usbhiddevice.o)
                              ./lib/usb/libusb.a(usbkeyboard.o) (CUSBHIDDevice::CUSBHIDDevice(CUSBFunction*, unsigned int))
./lib/usb/libusb.a(usbmouse.o)
                              ./lib/usb/libusb.a(usbdevicefactory.o) (CUSBMouseDevice::CUSBMouseDevice(CUSBFunction*))
./lib/usb/libusb.a(usbgamepad.o)
                              ./lib/usb/libusb.a(usbdevicefactory.o) (CUSBGamePadDevice::CUSBGamePadDevice(CUSBFunction*))
./lib/usb/libusb.a(usbfunction.o)
                              ./lib/usb/libusb.a(usbstandardhub.o) (CUSBFunction::Initialize())
./lib/usb/libusb.a(dwhciframeschednsplit.o)
                              ./lib/usb/libusb.a(dwhcixferstagedata.o) (CDWHCIFrameSchedulerNoSplit::CDWHCIFrameSchedulerNoSplit(int))
./lib/usb/libusb.a(usbprinter.o)
                              ./lib/usb/libusb.a(usbdevicefactory.o) (CUSBPrinterDevice::CUSBPrinterDevice(CUSBFunction*))
./lib/usb/libusb.a(usbbluetooth.o)
                              ./lib/usb/libusb.a(usbdevicefactory.o) (CUSBBluetoothDevice::CUSBBluetoothDevice(CUSBFunction*))
./lib/usb/libusb.a(usbmidi.o)
                              ./lib/usb/libusb.a(usbdevicefactory.o) (CUSBMIDIDevice::CUSBMIDIDevice(CUSBFunction*))
./lib/usb/libusb.a(usbcdcethernet.o)
                              ./lib/usb/libusb.a(usbdevicefactory.o) (CUSBCDCEthernetDevice::CUSBCDCEthernetDevice(CUSBFunction*))
./lib/usb/libusb.a(usbconfigparser.o)
                              ./lib/usb/libusb.a(usbdevice.o) (CUSBConfigurationParser::CUSBConfigurationParser(void const*, unsigned int))
./lib/usb/libusb.a(usbstring.o)
                              ./lib/usb/libusb.a(usbcdcethernet.o) (CUSBString::CUSBString(CUSBDevice*))
./lib/usb/libusb.a(smsc951x.o)
                              ./lib/usb/libusb.a(usbdevicefactory.o) (CSMSC951xDevice::CSMSC951xDevice(CUSBFunction*))
./lib/usb/libusb.a(macaddress.o)
                              ./lib/usb/libusb.a(usbcdcethernet.o) (CMACAddress::CMACAddress())
./lib/usb/libusb.a(netdevice.o)
                              ./lib/usb/libusb.a(usbcdcethernet.o) (CNetDevice::CNetDevice(CUSBFunction*))
./lib/input/libinput.a(keyboardbehaviour.o)
                              ./lib/usb/libusb.a(usbkeyboard.o) (CKeyboardBehaviour::CKeyboardBehaviour())
./lib/input/libinput.a(keymap.o)
                              ./lib/input/libinput.a(keyboardbehaviour.o) (CKeyMap::~CKeyMap())
./lib/input/libinput.a(mousebehaviour.o)
                              ./lib/usb/libusb.a(usbmouse.o) (CMouseBehaviour::CMouseBehaviour())
./lib/net/libnet.a(netsubsystem.o)
                              kernel.o (CNetSubSystem::CNetSubSystem(unsigned char const*, unsigned char const*, unsigned char const*, unsigned char const*))
[...]
Memory Configuration

Name             Origin             Length             Attributes
*default*        0x0000000000000000 0xffffffffffffffff

Linker script and memory map

                0x0000000000008000                . = 0x8000

.text           0x0000000000008000    0x21a00
 *(.text*)
 .text          0x0000000000008000       0x70 ./lib/startup.o
                0x0000000000008000                _start
                0x0000000000008064                _start_secondary
 .text          0x0000000000008070        0x0 main.o
 .text.startup  0x0000000000008070       0x60 main.o
                0x0000000000008070                main
 .text          0x00000000000080d0      0x53c kernel.o
                0x00000000000080d0                CKernel::CKernel()
                0x00000000000080d0                CKernel::CKernel()
                0x0000000000008208                CKernel::Initialize()
                0x00000000000082c8                tfoo(unsigned int, void const*)
                0x0000000000008300                tfooinf(unsigned int, void const*)
                0x0000000000008348                CKernel::Run()
                0x0000000000008480                CKernel::TimerHandler(unsigned int, void*, void*)
                0x0000000000008488                CKernel::~CKernel()
                0x0000000000008488                CKernel::~CKernel()
                0x0000000000008540                CKernel::KeyPressedHandler(char const*)
 .text          0x000000000000860c       0xb0 Thread.o
                0x000000000000860c                Thread::Run()
                0x000000000000861c                Thread::~Thread()
                0x000000000000861c                Thread::~Thread()
                0x0000000000008648                Thread::~Thread()
                0x0000000000008680                Thread::Thread(void (*)(unsigned int, void const*), unsigned int, void const*)
                0x0000000000008680                Thread::Thread(void (*)(unsigned int, void const*), unsigned int, void const*)
 .text          0x00000000000086bc     0x1084 HTTPClient.o
                0x00000000000086bc                HTTPClient::~HTTPClient()
                0x00000000000086bc                HTTPClient::~HTTPClient()
                0x0000000000008710                HTTPClient::~HTTPClient()
                0x0000000000008730                my_strstr(char*, char const*, int&)
                0x00000000000087dc                HTTPClient::HTTPClient(CNetSubSystem*, CPWMSoundDevice*, CScreenDevice*, CSocket*, unsigned int, unsigned short)
                0x00000000000087dc                HTTPClient::HTTPClient(CNetSubSystem*, CPWMSoundDevice*, CScreenDevice*, CSocket*, unsigned int, unsigned short)
                0x000000000000884c                HTTPClient::GetLinkForPhase2()
                0x00000000000089c8                HTTPClient::GetDownloadLink()
                0x0000000000008c90                HTTPClient::ParseMethod(char*)
                0x0000000000008dfc                HTTPClient::ParseHeaderField(char*)
                0x0000000000008f34                HTTPClient::ParseRequest()
                0x00000000000091d0                HTTPClient::Request(char const*)
                0x000000000000970c                HTTPClient::Run()
 .text          0x0000000000009740        0x0 CoreManager.o
 .text          0x0000000000009740       0xbc Keyboard.o
                0x0000000000009740                Keyboard::Keyboard(CUSBKeyboardDevice*)
                0x0000000000009740                Keyboard::Keyboard(CUSBKeyboardDevice*)
                0x0000000000009760                Keyboard::~Keyboard()
                0x0000000000009760                Keyboard::~Keyboard()
                0x0000000000009774                Keyboard::Get()
                0x0000000000009784                Keyboard::AppendToBuffer(char)
                0x00000000000097e0                Keyboard::ClearBuffer()
                0x00000000000097f0                Keyboard::IsEndOfLine()
                0x00000000000097f8                Keyboard::GetBuffer()
 .text          0x00000000000097fc     0x24a4 ./lib/usb/libusb.a(dwhcidevice.o)
                0x00000000000097fc                CDWHCIDevice::CompletionRoutine(CUSBRequest*, void*, void*)
                0x000000000000985c                CDWHCIDevice::~CDWHCIDevice()
                0x000000000000985c                CDWHCIDevice::~CDWHCIDevice()
                0x0000000000009890                CDWHCIDevice::~CDWHCIDevice()
                0x000000000000992c                CDWHCIDevice::CDWHCIDevice(CInterruptSystem*, CTimer*)
                0x000000000000992c                CDWHCIDevice::CDWHCIDevice(CInterruptSystem*, CTimer*)
                0x0000000000009a10                CDWHCIDevice::GetPortSpeed()
                0x0000000000009a5c                CDWHCIDevice::OvercurrentDetected()
                0x0000000000009a94                CDWHCIDevice::DisableRootPort()
                0x0000000000009ad8                CDWHCIDevice::PowerOn()
                0x0000000000009b40                CDWHCIDevice::EnableGlobalInterrupts()
                0x0000000000009b84                CDWHCIDevice::EnableCommonInterrupts()
                0x0000000000009bbc                CDWHCIDevice::EnableHostInterrupts()
                0x0000000000009c18                CDWHCIDevice::EnableChannelInterrupt(unsigned int)
                0x0000000000009c8c                CDWHCIDevice::DisableChannelInterrupt(unsigned int)
                0x0000000000009d00                CDWHCIDevice::StartChannel(CDWHCITransferStageData*)
                0x000000000000a0c8                CDWHCIDevice::StartTransaction(CDWHCITransferStageData*)
                0x000000000000a1e4                CDWHCIDevice::TimerHandler(CDWHCITransferStageData*)
                0x000000000000a29c                CDWHCIDevice::TimerStub(unsigned int, void*, void*)
                0x000000000000a308                CDWHCIDevice::AllocateChannel()
                0x000000000000a3e0                CDWHCIDevice::FreeChannel(unsigned int)
                0x000000000000a478                CDWHCIDevice::TransferStageAsync(CUSBRequest*, int, int)
                0x000000000000a5d4                CDWHCIDevice::SubmitAsyncRequest(CUSBRequest*)
                0x000000000000a698                CDWHCIDevice::ChannelInterruptHandler(unsigned int)
                0x000000000000ab58                CDWHCIDevice::InterruptHandler()
                0x000000000000ac48                CDWHCIDevice::InterruptStub(void*)
                0x000000000000ac84                CDWHCIDevice::AllocateWaitBlock()
                0x000000000000acf8                CDWHCIDevice::FreeWaitBlock(unsigned int)
                0x000000000000ad8c                CDWHCIDevice::TransferStage(CUSBRequest*, int, int)
                0x000000000000ae78                CDWHCIDevice::SubmitBlockingRequest(CUSBRequest*)
                0x000000000000b09c                CDWHCIDevice::WaitForBit(CDWHCIRegister*, unsigned int, int, unsigned int)
                0x000000000000b1a4                CDWHCIDevice::EnableRootPort()
                0x000000000000b264                CDWHCIDevice::Reset()
                0x000000000000b308                CDWHCIDevice::InitCore()
                0x000000000000b554                CDWHCIDevice::FlushTxFIFO(unsigned int)
                0x000000000000b5f0                CDWHCIDevice::FlushRxFIFO()
                0x000000000000b670                CDWHCIDevice::InitHost()
                0x000000000000b868                CDWHCIDevice::Initialize()
                0x000000000000ba98                CDWHCIDevice::DumpRegister(char const*, unsigned int)
                0x000000000000baf8                CDWHCIDevice::DumpStatus(unsigned int)
 .text          0x000000000000bca0      0x2f8 ./lib/usb/libusb.a(dwhciregister.o)
                0x000000000000bca0                CDWHCIRegister::CDWHCIRegister(unsigned int)
                0x000000000000bca0                CDWHCIRegister::CDWHCIRegister(unsigned int)
                0x000000000000bcb0                CDWHCIRegister::CDWHCIRegister(unsigned int, unsigned int)
                0x000000000000bcb0                CDWHCIRegister::CDWHCIRegister(unsigned int, unsigned int)
                0x000000000000bcc0                CDWHCIRegister::~CDWHCIRegister()
                0x000000000000bcc0                CDWHCIRegister::~CDWHCIRegister()
                0x000000000000bcc4                CDWHCIRegister::Read()
                0x000000000000bce0                CDWHCIRegister::Write()
                0x000000000000bd1c                CDWHCIRegister::Get() const
                0x000000000000bd50                CDWHCIRegister::Set(unsigned int)
                0x000000000000bd60                CDWHCIRegister::IsSet(unsigned int) const
                0x000000000000bda8                CDWHCIRegister::And(unsigned int)
                0x000000000000bde8                CDWHCIRegister::Or(unsigned int)
                0x000000000000be28                CDWHCIRegister::ClearBit(unsigned int)
                0x000000000000be90                CDWHCIRegister::SetBit(unsigned int)
                0x000000000000bef8                CDWHCIRegister::ClearAll()
                0x000000000000bf0c                CDWHCIRegister::SetAll()
                0x000000000000bf20                CDWHCIRegister::Dump() const
 .text          0x000000000000bf98      0x964 ./lib/usb/libusb.a(dwhcixferstagedata.o)
                0x000000000000bf98                CDWHCITransferStageData::~CDWHCITransferStageData()
                0x000000000000bf98                CDWHCITransferStageData::~CDWHCITransferStageData()
                0x000000000000bfdc                CDWHCITransferStageData::TransactionComplete(unsigned int, unsigned int, unsigned int)
                0x000000000000c1a0                CDWHCITransferStageData::SetSplitComplete(int)
                0x000000000000c1d8                CDWHCITransferStageData::SetState(unsigned int)
                0x000000000000c1e0                CDWHCITransferStageData::GetState() const
                0x000000000000c1e8                CDWHCITransferStageData::SetSubState(unsigned int)
                0x000000000000c1f0                CDWHCITransferStageData::GetSubState() const
                0x000000000000c1f8                CDWHCITransferStageData::BeginSplitCycle()
                0x000000000000c200                CDWHCITransferStageData::GetChannelNumber() const
                0x000000000000c208                CDWHCITransferStageData::IsPeriodic() const
                0x000000000000c258                CDWHCITransferStageData::CDWHCITransferStageData(unsigned int, CUSBRequest*, int, int)
                0x000000000000c258                CDWHCITransferStageData::CDWHCITransferStageData(unsigned int, CUSBRequest*, int, int)
                0x000000000000c50c                CDWHCITransferStageData::GetDeviceAddress() const
                0x000000000000c550                CDWHCITransferStageData::GetEndpointType() const
                0x000000000000c5cc                CDWHCITransferStageData::GetEndpointNumber() const
                0x000000000000c610                CDWHCITransferStageData::GetMaxPacketSize() const
                0x000000000000c618                CDWHCITransferStageData::GetSpeed() const
                0x000000000000c620                CDWHCITransferStageData::GetPID() const
                0x000000000000c6a0                CDWHCITransferStageData::IsDirectionIn() const
                0x000000000000c6a8                CDWHCITransferStageData::IsStatusStage() const
                0x000000000000c6b0                CDWHCITransferStageData::GetDMAAddress() const
                0x000000000000c6f0                CDWHCITransferStageData::GetBytesToTransfer() const
                0x000000000000c6f8                CDWHCITransferStageData::GetPacketsToTransfer() const
                0x000000000000c700                CDWHCITransferStageData::IsSplit() const
                0x000000000000c708                CDWHCITransferStageData::IsSplitComplete() const
                0x000000000000c73c                CDWHCITransferStageData::GetHubAddress() const
                0x000000000000c7ac                CDWHCITransferStageData::GetHubPortAddress() const
                0x000000000000c81c                CDWHCITransferStageData::GetSplitPosition() const
                0x000000000000c824                CDWHCITransferStageData::GetStatusMask() const
                0x000000000000c850                CDWHCITransferStageData::GetTransactionStatus() const
                0x000000000000c890                CDWHCITransferStageData::IsStageComplete() const
                0x000000000000c8a0                CDWHCITransferStageData::GetResultLen() const
                0x000000000000c8b4                CDWHCITransferStageData::GetURB() const
                0x000000000000c8f4                CDWHCITransferStageData::GetFrameScheduler() const
 .text          0x000000000000c8fc      0xf1c ./lib/usb/libusb.a(usbdevice.o)
                0x000000000000c8fc                CUSBDevice::~CUSBDevice()
                0x000000000000c8fc                CUSBDevice::~CUSBDevice()
                0x000000000000c9b4                CUSBDevice::~CUSBDevice()
                0x000000000000c9d4                CUSBDevice::CUSBDevice(CUSBHostController*, TUSBSpeed, int, unsigned char, unsigned char)
                0x000000000000c9d4                CUSBDevice::CUSBDevice(CUSBHostController*, TUSBSpeed, int, unsigned char, unsigned char)
                0x000000000000cac0                CUSBDevice::GetName(TDeviceNameSelector) const
                0x000000000000cbd4                CUSBDevice::GetNames() const
                0x000000000000cd10                CUSBDevice::SetAddress(unsigned char)
                0x000000000000cd44                CUSBDevice::GetAddress() const
                0x000000000000cd4c                CUSBDevice::GetSpeed() const
                0x000000000000cd54                CUSBDevice::IsSplit() const
                0x000000000000cd5c                CUSBDevice::GetHubAddress() const
                0x000000000000cd64                CUSBDevice::GetHubPortNumber() const
                0x000000000000cd6c                CUSBDevice::GetEndpoint0() const
                0x000000000000cdac                CUSBDevice::GetHost() const
                0x000000000000cdec                CUSBDevice::GetDeviceDescriptor() const
                0x000000000000ce2c                CUSBDevice::GetConfigurationDescriptor() const
                0x000000000000ce6c                CUSBDevice::GetDescriptor(unsigned char)
                0x000000000000ceb8                CUSBDevice::ConfigurationError(char const*) const
                0x000000000000cf04                CUSBDevice::LogWrite(TLogSeverity, char const*, ...)
                0x000000000000cfb8                CUSBDevice::Initialize()
                0x000000000000d70c                CUSBDevice::Configure()
 .text          0x000000000000d818      0x498 ./lib/usb/libusb.a(usbendpoint.o)
                0x000000000000d818                CUSBEndpoint::CUSBEndpoint(CUSBDevice*)
                0x000000000000d818                CUSBEndpoint::CUSBEndpoint(CUSBDevice*)
                0x000000000000d878                CUSBEndpoint::CUSBEndpoint(CUSBDevice*, TUSBEndpointDescriptor const*)
                0x000000000000d878                CUSBEndpoint::CUSBEndpoint(CUSBDevice*, TUSBEndpointDescriptor const*)
                0x000000000000da34                CUSBEndpoint::CUSBEndpoint(CUSBEndpoint*, CUSBDevice*)
                0x000000000000da34                CUSBEndpoint::CUSBEndpoint(CUSBEndpoint*, CUSBDevice*)
                0x000000000000dac4                CUSBEndpoint::~CUSBEndpoint()
                0x000000000000dac4                CUSBEndpoint::~CUSBEndpoint()
                0x000000000000dac8                CUSBEndpoint::GetDevice() const
                0x000000000000db08                CUSBEndpoint::GetNumber() const
                0x000000000000db10                CUSBEndpoint::GetType() const
                0x000000000000db18                CUSBEndpoint::IsDirectionIn() const
                0x000000000000db20                CUSBEndpoint::SetMaxPacketSize(unsigned int)
                0x000000000000db28                CUSBEndpoint::GetMaxPacketSize() const
                0x000000000000db30                CUSBEndpoint::GetInterval() const
                0x000000000000db64                CUSBEndpoint::GetNextPID(int)
                0x000000000000dbac                CUSBEndpoint::SkipPID(unsigned int, int)
                0x000000000000dc78                CUSBEndpoint::ResetPID()
 .text          0x000000000000dcb0      0x204 ./lib/usb/libusb.a(usbhostcontroller.o)
                0x000000000000dcb0                CUSBHostController::CUSBHostController()
                0x000000000000dcb0                CUSBHostController::CUSBHostController()
                0x000000000000dcc0                CUSBHostController::~CUSBHostController()
                0x000000000000dcc0                CUSBHostController::~CUSBHostController()
                0x000000000000dcc4                CUSBHostController::~CUSBHostController()
                0x000000000000dcdc                CUSBHostController::ControlMessage(CUSBEndpoint*, unsigned char, unsigned char, unsigned short, unsigned short, void*, unsigned short)
                0x000000000000dd88                CUSBHostController::GetDescriptor(CUSBEndpoint*, unsigned char, unsigned char, void*, unsigned int, unsigned char, unsigned short)
                0x000000000000ddbc                CUSBHostController::SetAddress(CUSBEndpoint*, unsigned char)
                0x000000000000de08                CUSBHostController::SetConfiguration(CUSBEndpoint*, unsigned char)
                0x000000000000de54                CUSBHostController::Transfer(CUSBEndpoint*, void*, unsigned int)
 .text          0x000000000000deb4      0x264 ./lib/usb/libusb.a(usbrequest.o)
                0x000000000000deb4                CUSBRequest::CUSBRequest(CUSBEndpoint*, void*, unsigned int, TSetupData*)
                0x000000000000deb4                CUSBRequest::CUSBRequest(CUSBEndpoint*, void*, unsigned int, TSetupData*)
                0x000000000000df4c                CUSBRequest::~CUSBRequest()
                0x000000000000df4c                CUSBRequest::~CUSBRequest()
                0x000000000000df50                CUSBRequest::GetEndpoint() const
                0x000000000000df90                CUSBRequest::SetStatus(int)
                0x000000000000df98                CUSBRequest::SetResultLen(unsigned int)
                0x000000000000dfa0                CUSBRequest::GetStatus() const
                0x000000000000dfa8                CUSBRequest::GetResultLength() const
                0x000000000000dfdc                CUSBRequest::GetSetupData()
                0x000000000000e03c                CUSBRequest::GetBuffer()
                0x000000000000e088                CUSBRequest::GetBufLen() const
                0x000000000000e090                CUSBRequest::SetCompletionRoutine(void (*)(CUSBRequest*, void*, void*), void*, void*)
                0x000000000000e0bc                CUSBRequest::CallCompletionRoutine()
                0x000000000000e104                CUSBRequest::SetCompleteOnNAK()
                0x000000000000e110                CUSBRequest::IsCompleteOnNAK() const
 .text          0x000000000000e118      0x2dc ./lib/usb/libusb.a(usbdevicefactory.o)
                0x000000000000e118                CUSBDeviceFactory::GetDevice(CUSBFunction*, CString*)
 .text          0x000000000000e3f4      0xac0 ./lib/usb/libusb.a(usbstandardhub.o)
                0x000000000000e3f4                CUSBStandardHub::~CUSBStandardHub()
                0x000000000000e3f4                CUSBStandardHub::~CUSBStandardHub()
                0x000000000000e48c                CUSBStandardHub::~CUSBStandardHub()
                0x000000000000e4ac                CUSBStandardHub::CUSBStandardHub(CUSBFunction*)
                0x000000000000e4ac                CUSBStandardHub::CUSBStandardHub(CUSBFunction*)
                0x000000000000e4f8                CUSBStandardHub::EnumeratePorts()
                0x000000000000ec90                CUSBStandardHub::Configure()
 .text          0x000000000000eeb4      0xc9c ./lib/usb/libusb.a(usbmassdevice.o)
                0x000000000000eeb4                CUSBBulkOnlyMassStorageDevice::Seek(unsigned long long)
                0x000000000000eec4                CUSBBulkOnlyMassStorageDevice::~CUSBBulkOnlyMassStorageDevice()
                0x000000000000eec4                CUSBBulkOnlyMassStorageDevice::~CUSBBulkOnlyMassStorageDevice()
                0x000000000000ef60                CUSBBulkOnlyMassStorageDevice::~CUSBBulkOnlyMassStorageDevice()
                0x000000000000ef80                CUSBBulkOnlyMassStorageDevice::CUSBBulkOnlyMassStorageDevice(CUSBFunction*)
                0x000000000000ef80                CUSBBulkOnlyMassStorageDevice::CUSBBulkOnlyMassStorageDevice(CUSBFunction*)
                0x000000000000efc0                CUSBBulkOnlyMassStorageDevice::GetCapacity() const
                0x000000000000efc8                CUSBBulkOnlyMassStorageDevice::Command(void*, unsigned int, void*, unsigned int, int)
                0x000000000000f274                CUSBBulkOnlyMassStorageDevice::TryRead(void*, unsigned int)
                0x000000000000f388                CUSBBulkOnlyMassStorageDevice::TryWrite(void const*, unsigned int)
                0x000000000000f498                CUSBBulkOnlyMassStorageDevice::Reset()
                0x000000000000f5f4                CUSBBulkOnlyMassStorageDevice::Read(void*, unsigned int)
                0x000000000000f65c                CUSBBulkOnlyMassStorageDevice::Write(void const*, unsigned int)
                0x000000000000f6c4                CUSBBulkOnlyMassStorageDevice::Configure()
 .text          0x000000000000fb50      0x22c ./lib/usb/libusb.a(dwhciframeschednper.o)
                0x000000000000fb50                CDWHCIFrameSchedulerNonPeriodic::~CDWHCIFrameSchedulerNonPeriodic()
                0x000000000000fb50                CDWHCIFrameSchedulerNonPeriodic::~CDWHCIFrameSchedulerNonPeriodic()
                0x000000000000fb54                CDWHCIFrameSchedulerNonPeriodic::StartSplit()
                0x000000000000fb60                CDWHCIFrameSchedulerNonPeriodic::WaitForFrame()
                0x000000000000fb64                CDWHCIFrameSchedulerNonPeriodic::IsOddFrame() const
                0x000000000000fb6c                CDWHCIFrameSchedulerNonPeriodic::~CDWHCIFrameSchedulerNonPeriodic()
                0x000000000000fb84                CDWHCIFrameSchedulerNonPeriodic::CompleteSplit()
                0x000000000000fc04                CDWHCIFrameSchedulerNonPeriodic::TransactionComplete(unsigned int)
                0x000000000000fd28                CDWHCIFrameSchedulerNonPeriodic::CDWHCIFrameSchedulerNonPeriodic()
                0x000000000000fd28                CDWHCIFrameSchedulerNonPeriodic::CDWHCIFrameSchedulerNonPeriodic()
 .text          0x000000000000fd7c      0x2c4 ./lib/usb/libusb.a(dwhciframeschedper.o)
                0x000000000000fd7c                CDWHCIFrameSchedulerPeriodic::~CDWHCIFrameSchedulerPeriodic()
                0x000000000000fd7c                CDWHCIFrameSchedulerPeriodic::~CDWHCIFrameSchedulerPeriodic()
                0x000000000000fd80                CDWHCIFrameSchedulerPeriodic::StartSplit()
                0x000000000000fd94                CDWHCIFrameSchedulerPeriodic::IsOddFrame() const
                0x000000000000fda0                CDWHCIFrameSchedulerPeriodic::~CDWHCIFrameSchedulerPeriodic()
                0x000000000000fdb8                CDWHCIFrameSchedulerPeriodic::WaitForFrame()
                0x000000000000fe28                CDWHCIFrameSchedulerPeriodic::CompleteSplit()
                0x000000000000fec4                CDWHCIFrameSchedulerPeriodic::TransactionComplete(unsigned int)
                0x000000000000ffe4                CDWHCIFrameSchedulerPeriodic::CDWHCIFrameSchedulerPeriodic()
                0x000000000000ffe4                CDWHCIFrameSchedulerPeriodic::CDWHCIFrameSchedulerPeriodic()
 .text          0x0000000000010040      0x440 ./lib/usb/libusb.a(usbkeyboard.o)
                0x0000000000010040                CUSBKeyboardDevice::~CUSBKeyboardDevice()
                0x0000000000010040                CUSBKeyboardDevice::~CUSBKeyboardDevice()
                0x0000000000010074                CUSBKeyboardDevice::~CUSBKeyboardDevice()
                0x00000000000100b4                CUSBKeyboardDevice::ReportHandler(unsigned char const*)
                0x0000000000010218                CUSBKeyboardDevice::CUSBKeyboardDevice(CUSBFunction*)
                0x0000000000010218                CUSBKeyboardDevice::CUSBKeyboardDevice(CUSBFunction*)
                0x0000000000010264                CUSBKeyboardDevice::RegisterKeyPressedHandler(void (*)(char const*))
                0x000000000001026c                CUSBKeyboardDevice::RegisterSelectConsoleHandler(void (*)(unsigned int))
                0x0000000000010274                CUSBKeyboardDevice::RegisterShutdownHandler(void (*)())
                0x000000000001027c                CUSBKeyboardDevice::GetLEDStatus() const
                0x00000000000102a4                CUSBKeyboardDevice::RegisterKeyStatusHandlerRaw(void (*)(unsigned char, unsigned char const*))
                0x00000000000102dc                CUSBKeyboardDevice::SetLEDs(unsigned char)
                0x000000000001034c                CUSBKeyboardDevice::UpdateLEDs()
                0x00000000000103a8                CUSBKeyboardDevice::FindByte(unsigned char const*, unsigned char, unsigned int)
                0x00000000000103d4                CUSBKeyboardDevice::Configure()
 .text          0x0000000000010480      0x1fc ./lib/usb/libusb.a(dwhcirootport.o)
                0x0000000000010480                CDWHCIRootPort::CDWHCIRootPort(CDWHCIDevice*)
                0x0000000000010480                CDWHCIRootPort::CDWHCIRootPort(CDWHCIDevice*)
                0x00000000000104c0                CDWHCIRootPort::~CDWHCIRootPort()
                0x00000000000104c0                CDWHCIRootPort::~CDWHCIRootPort()
                0x00000000000104e8                CDWHCIRootPort::Initialize()
 .text          0x000000000001067c      0x558 ./lib/usb/libusb.a(usbhiddevice.o)
                0x000000000001067c                CUSBHIDDevice::CUSBHIDDevice(CUSBFunction*, unsigned int)
                0x000000000001067c                CUSBHIDDevice::CUSBHIDDevice(CUSBFunction*, unsigned int)
                0x00000000000106c8                CUSBHIDDevice::~CUSBHIDDevice()
                0x00000000000106c8                CUSBHIDDevice::~CUSBHIDDevice()
                0x000000000001072c                CUSBHIDDevice::~CUSBHIDDevice()
                0x000000000001074c                CUSBHIDDevice::StartRequest()
                0x000000000001087c                CUSBHIDDevice::Configure(unsigned int)
                0x0000000000010a94                CUSBHIDDevice::CompletionRoutine(CUSBRequest*)
                0x0000000000010b8c                CUSBHIDDevice::CompletionStub(CUSBRequest*, void*, void*)
 .text          0x0000000000010bd4      0x228 ./lib/usb/libusb.a(usbmouse.o)
                0x0000000000010bd4                CUSBMouseDevice::~CUSBMouseDevice()
                0x0000000000010bd4                CUSBMouseDevice::~CUSBMouseDevice()
                0x0000000000010c08                CUSBMouseDevice::~CUSBMouseDevice()
                0x0000000000010c48                CUSBMouseDevice::ReportHandler(unsigned char const*)
                0x0000000000010ca4                CUSBMouseDevice::CUSBMouseDevice(CUSBFunction*)
                0x0000000000010ca4                CUSBMouseDevice::CUSBMouseDevice(CUSBFunction*)
                0x0000000000010cd8                CUSBMouseDevice::Setup(unsigned int, unsigned int)
                0x0000000000010ce0                CUSBMouseDevice::RegisterEventHandler(void (*)(TMouseEvent, unsigned int, unsigned int, unsigned int))
                0x0000000000010ce8                CUSBMouseDevice::SetCursor(unsigned int, unsigned int)
                0x0000000000010cf0                CUSBMouseDevice::ShowCursor(int)
                0x0000000000010cf8                CUSBMouseDevice::RegisterStatusHandler(void (*)(unsigned int, int, int))
                0x0000000000010d50                CUSBMouseDevice::Configure()
 .text          0x0000000000010dfc      0xae4 ./lib/usb/libusb.a(usbgamepad.o)
                0x0000000000010dfc                CUSBGamePadDevice::~CUSBGamePadDevice()
                0x0000000000010dfc                CUSBGamePadDevice::~CUSBGamePadDevice()
                0x0000000000010e40                CUSBGamePadDevice::~CUSBGamePadDevice()
                0x0000000000010e60                CUSBGamePadDevice::CUSBGamePadDevice(CUSBFunction*)
                0x0000000000010e60                CUSBGamePadDevice::CUSBGamePadDevice(CUSBFunction*)
                0x0000000000010ee4                CUSBGamePadDevice::RegisterStatusHandler(void (*)(unsigned int, TGamePadState const*))
                0x0000000000010f3c                CUSBGamePadDevice::BitGetUnsigned(void const*, unsigned int, unsigned int)
                0x0000000000011040                CUSBGamePadDevice::BitGetSigned(void const*, unsigned int, unsigned int)
                0x0000000000011068                CUSBGamePadDevice::DecodeReport(unsigned char const*)
                0x00000000000114d4                CUSBGamePadDevice::GetReport()
                0x000000000001159c                CUSBGamePadDevice::ReportHandler(unsigned char const*)
                0x00000000000115d4                CUSBGamePadDevice::PS3Configure()
                0x00000000000116ac                CUSBGamePadDevice::Configure()
 .text          0x00000000000118e0      0x614 ./lib/usb/libusb.a(usbfunction.o)
                0x00000000000118e0                CUSBFunction::Initialize()
                0x00000000000118e8                CUSBFunction::~CUSBFunction()
                0x00000000000118e8                CUSBFunction::~CUSBFunction()
                0x0000000000011940                CUSBFunction::~CUSBFunction()
                0x0000000000011960                CUSBFunction::CUSBFunction(CUSBDevice*, CUSBConfigurationParser*)
                0x0000000000011960                CUSBFunction::CUSBFunction(CUSBDevice*, CUSBConfigurationParser*)
                0x0000000000011a2c                CUSBFunction::CUSBFunction(CUSBFunction*)
                0x0000000000011a2c                CUSBFunction::CUSBFunction(CUSBFunction*)
                0x0000000000011b3c                CUSBFunction::GetInterfaceName() const
                0x0000000000011ba8                CUSBFunction::GetNumEndpoints() const
                0x0000000000011be8                CUSBFunction::GetDevice() const
                0x0000000000011c28                CUSBFunction::GetEndpoint0() const
                0x0000000000011c6c                CUSBFunction::GetHost() const
                0x0000000000011cb0                CUSBFunction::Configure()
                0x0000000000011d74                CUSBFunction::GetDescriptor(unsigned char)
                0x0000000000011dc0                CUSBFunction::ConfigurationError(char const*) const
                0x0000000000011e34                CUSBFunction::GetInterfaceNumber() const
                0x0000000000011e74                CUSBFunction::GetInterfaceSubClass() const
                0x0000000000011eb4                CUSBFunction::GetInterfaceProtocol() const
 .text          0x0000000000011ef4       0xfc ./lib/usb/libusb.a(dwhciframeschednsplit.o)
                0x0000000000011ef4                CDWHCIFrameSchedulerNoSplit::~CDWHCIFrameSchedulerNoSplit()
                0x0000000000011ef4                CDWHCIFrameSchedulerNoSplit::~CDWHCIFrameSchedulerNoSplit()
                0x0000000000011ef8                CDWHCIFrameSchedulerNoSplit::IsOddFrame() const
                0x0000000000011f04                CDWHCIFrameSchedulerNoSplit::~CDWHCIFrameSchedulerNoSplit()
                0x0000000000011f1c                CDWHCIFrameSchedulerNoSplit::StartSplit()
                0x0000000000011f34                CDWHCIFrameSchedulerNoSplit::CompleteSplit()
                0x0000000000011f58                CDWHCIFrameSchedulerNoSplit::TransactionComplete(unsigned int)
                0x0000000000011f70                CDWHCIFrameSchedulerNoSplit::WaitForFrame()
                0x0000000000011fd4                CDWHCIFrameSchedulerNoSplit::CDWHCIFrameSchedulerNoSplit(int)
                0x0000000000011fd4                CDWHCIFrameSchedulerNoSplit::CDWHCIFrameSchedulerNoSplit(int)
 .text          0x0000000000011ff0      0x36c ./lib/usb/libusb.a(usbprinter.o)
                0x0000000000011ff0                CUSBPrinterDevice::~CUSBPrinterDevice()
                0x0000000000011ff0                CUSBPrinterDevice::~CUSBPrinterDevice()
                0x0000000000012064                CUSBPrinterDevice::~CUSBPrinterDevice()
                0x0000000000012084                CUSBPrinterDevice::Write(void const*, unsigned int)
                0x0000000000012128                CUSBPrinterDevice::CUSBPrinterDevice(CUSBFunction*)
                0x0000000000012128                CUSBPrinterDevice::CUSBPrinterDevice(CUSBFunction*)
                0x0000000000012158                CUSBPrinterDevice::Configure()
 .text          0x000000000001235c      0x694 ./lib/usb/libusb.a(usbbluetooth.o)
                0x000000000001235c                CUSBBluetoothDevice::~CUSBBluetoothDevice()
                0x000000000001235c                CUSBBluetoothDevice::~CUSBBluetoothDevice()
                0x0000000000012418                CUSBBluetoothDevice::~CUSBBluetoothDevice()
                0x0000000000012438                CUSBBluetoothDevice::CUSBBluetoothDevice(CUSBFunction*)
                0x0000000000012438                CUSBBluetoothDevice::CUSBBluetoothDevice(CUSBFunction*)
                0x0000000000012474                CUSBBluetoothDevice::SendHCICommand(void const*, unsigned int)
                0x00000000000124d4                CUSBBluetoothDevice::StartRequest()
                0x00000000000125f8                CUSBBluetoothDevice::RegisterHCIEventHandler(void (*)(void const*, unsigned int))
                0x000000000001263c                CUSBBluetoothDevice::CompletionRoutine(CUSBRequest*)
                0x000000000001277c                CUSBBluetoothDevice::CompletionStub(CUSBRequest*, void*, void*)
                0x00000000000127c4                CUSBBluetoothDevice::Configure()
 .text          0x00000000000129f0      0x72c ./lib/usb/libusb.a(usbmidi.o)
                0x00000000000129f0                CUSBMIDIDevice::~CUSBMIDIDevice()
                0x00000000000129f0                CUSBMIDIDevice::~CUSBMIDIDevice()
                0x0000000000012a54                CUSBMIDIDevice::~CUSBMIDIDevice()
                0x0000000000012a74                CUSBMIDIDevice::CUSBMIDIDevice(CUSBFunction*)
                0x0000000000012a74                CUSBMIDIDevice::CUSBMIDIDevice(CUSBFunction*)
                0x0000000000012aac                CUSBMIDIDevice::RegisterPacketHandler(void (*)(unsigned int, unsigned char*, unsigned int))
                0x0000000000012b04                CUSBMIDIDevice::StartRequest()
                0x0000000000012c3c                CUSBMIDIDevice::CompletionRoutine(CUSBRequest*)
                0x0000000000012e18                CUSBMIDIDevice::CompletionStub(CUSBRequest*, void*, void*)
                0x0000000000012e60                CUSBMIDIDevice::TimerHandler(unsigned int)
                0x0000000000012ea0                CUSBMIDIDevice::TimerStub(unsigned int, void*, void*)
                0x0000000000012ee8                CUSBMIDIDevice::Configure()
 .text          0x000000000001311c      0x5ac ./lib/usb/libusb.a(usbcdcethernet.o)
                0x000000000001311c                CUSBCDCEthernetDevice::GetMACAddress() const
                0x0000000000013124                CUSBCDCEthernetDevice::~CUSBCDCEthernetDevice()
                0x0000000000013124                CUSBCDCEthernetDevice::~CUSBCDCEthernetDevice()
                0x00000000000131a0                CUSBCDCEthernetDevice::~CUSBCDCEthernetDevice()
                0x00000000000131c0                CUSBCDCEthernetDevice::SendFrame(void const*, unsigned int)
                0x0000000000013260                CUSBCDCEthernetDevice::ReceiveFrame(void*, unsigned int*)
                0x000000000001335c                CUSBCDCEthernetDevice::CUSBCDCEthernetDevice(CUSBFunction*)
                0x000000000001335c                CUSBCDCEthernetDevice::CUSBCDCEthernetDevice(CUSBFunction*)
                0x0000000000013390                CUSBCDCEthernetDevice::InitMACAddress(unsigned char)
                0x0000000000013490                CUSBCDCEthernetDevice::Configure()
 .text          0x00000000000136c8      0x36c ./lib/usb/libusb.a(usbconfigparser.o)
                0x00000000000136c8                CUSBConfigurationParser::CUSBConfigurationParser(void const*, unsigned int)
                0x00000000000136c8                CUSBConfigurationParser::CUSBConfigurationParser(void const*, unsigned int)
                0x0000000000013820                CUSBConfigurationParser::CUSBConfigurationParser(CUSBConfigurationParser*)
                0x0000000000013820                CUSBConfigurationParser::CUSBConfigurationParser(CUSBConfigurationParser*)
                0x0000000000013880                CUSBConfigurationParser::~CUSBConfigurationParser()
                0x0000000000013880                CUSBConfigurationParser::~CUSBConfigurationParser()
                0x0000000000013884                CUSBConfigurationParser::IsValid() const
                0x000000000001388c                CUSBConfigurationParser::GetDescriptor(unsigned char)
                0x000000000001396c                CUSBConfigurationParser::GetCurrentDescriptor()
                0x00000000000139c8                CUSBConfigurationParser::Error(char const*) const
 .text          0x0000000000013a34      0x5c4 ./lib/usb/libusb.a(usbstring.o)
                0x0000000000013a34                CUSBString::CUSBString(CUSBDevice*)
                0x0000000000013a34                CUSBString::CUSBString(CUSBDevice*)
                0x0000000000013ab4                CUSBString::CUSBString(CUSBString*)
                0x0000000000013ab4                CUSBString::CUSBString(CUSBString*)
                0x0000000000013b88                CUSBString::~CUSBString()
                0x0000000000013b88                CUSBString::~CUSBString()
                0x0000000000013bc8                CUSBString::GetFromDescriptor(unsigned char, unsigned short)
                0x0000000000013e6c                CUSBString::Get() const
                0x0000000000013e74                CUSBString::GetLanguageID()
 .text          0x0000000000013ff8      0x910 ./lib/usb/libusb.a(smsc951x.o)
                0x0000000000013ff8                CSMSC951xDevice::GetMACAddress() const
                0x0000000000014000                CSMSC951xDevice::~CSMSC951xDevice()
                0x0000000000014000                CSMSC951xDevice::~CSMSC951xDevice()
                0x0000000000014090                CSMSC951xDevice::~CSMSC951xDevice()
                0x00000000000140b0                CSMSC951xDevice::ReceiveFrame(void*, unsigned int*)
                0x0000000000014244                CSMSC951xDevice::SendFrame(void const*, unsigned int)
                0x0000000000014320                CSMSC951xDevice::CSMSC951xDevice(CUSBFunction*)
                0x0000000000014320                CSMSC951xDevice::CSMSC951xDevice(CUSBFunction*)
                0x0000000000014364                CSMSC951xDevice::WriteReg(unsigned int, unsigned int)
                0x00000000000143cc                CSMSC951xDevice::ReadReg(unsigned int, unsigned int*)
                0x0000000000014434                CSMSC951xDevice::DumpReg(char const*, unsigned int)
                0x00000000000144ac                CSMSC951xDevice::DumpRegs()
                0x0000000000014644                CSMSC951xDevice::Configure()
 .text          0x0000000000014908      0x2d0 ./lib/usb/libusb.a(macaddress.o)
                0x0000000000014908                CMACAddress::CMACAddress()
                0x0000000000014908                CMACAddress::CMACAddress()
                0x0000000000014914                CMACAddress::~CMACAddress()
                0x0000000000014914                CMACAddress::~CMACAddress()
                0x0000000000014918                CMACAddress::operator==(CMACAddress const&) const
                0x00000000000149a0                CMACAddress::operator!=(CMACAddress const&) const
                0x00000000000149b4                CMACAddress::Set(unsigned char const*)
                0x00000000000149fc                CMACAddress::CMACAddress(unsigned char const*)
                0x00000000000149fc                CMACAddress::CMACAddress(unsigned char const*)
                0x0000000000014a10                CMACAddress::SetBroadcast()
                0x0000000000014a34                CMACAddress::Get() const
                0x0000000000014a68                CMACAddress::CopyTo(unsigned char*) const
                0x0000000000014ad8                CMACAddress::IsBroadcast() const
                0x0000000000014b34                CMACAddress::GetSize() const
                0x0000000000014b3c                CMACAddress::Format(CString*) const
 .text          0x0000000000014bd8       0xd8 ./lib/usb/libusb.a(netdevice.o)
                0x0000000000014bd8                CNetDevice::CNetDevice(CUSBFunction*)
                0x0000000000014bd8                CNetDevice::CNetDevice(CUSBFunction*)
                0x0000000000014bf8                CNetDevice::~CNetDevice()
                0x0000000000014bf8                CNetDevice::~CNetDevice()
                0x0000000000014c18                CNetDevice::~CNetDevice()
                0x0000000000014c44                CNetDevice::AddNetDevice()
 .text          0x0000000000014cb0      0x374 ./lib/input/libinput.a(keyboardbehaviour.o)
                0x0000000000014cb0                CKeyboardBehaviour::CKeyboardBehaviour()
                0x0000000000014cb0                CKeyboardBehaviour::CKeyboardBehaviour()
                0x0000000000014ce4                CKeyboardBehaviour::~CKeyboardBehaviour()
                0x0000000000014ce4                CKeyboardBehaviour::~CKeyboardBehaviour()
                0x0000000000014d0c                CKeyboardBehaviour::RegisterKeyPressedHandler(void (*)(char const*))
                0x0000000000014d44                CKeyboardBehaviour::RegisterSelectConsoleHandler(void (*)(unsigned int))
                0x0000000000014d7c                CKeyboardBehaviour::RegisterShutdownHandler(void (*)())
                0x0000000000014db4                CKeyboardBehaviour::GetLEDStatus() const
                0x0000000000014dbc                CKeyboardBehaviour::GenerateKeyEvent(unsigned char)
                0x0000000000014e9c                CKeyboardBehaviour::KeyPressed(unsigned char)
                0x0000000000014ee0                CKeyboardBehaviour::KeyReleased(unsigned char)
                0x0000000000014f48                CKeyboardBehaviour::TimerHandler(unsigned int)
                0x0000000000014fdc                CKeyboardBehaviour::TimerStub(unsigned int, void*, void*)
 .text          0x0000000000015024      0x3c4 ./lib/input/libinput.a(keymap.o)
                0x0000000000015024                CKeyMap::~CKeyMap()
                0x0000000000015024                CKeyMap::~CKeyMap()
                0x0000000000015028                CKeyMap::ClearTable(unsigned char)
                0x0000000000015060                CKeyMap::SetEntry(unsigned char, unsigned char, unsigned short)
                0x00000000000150b0                CKeyMap::Translate(unsigned char, unsigned char)
                0x00000000000151c8                CKeyMap::GetString(unsigned short, unsigned char, char*) const
                0x0000000000015284                CKeyMap::GetLEDStatus() const
                0x00000000000152b4                CKeyMap::LookupDefaultMap(char const*)
                0x0000000000015344                CKeyMap::CKeyMap()
                0x0000000000015344                CKeyMap::CKeyMap()
 .text          0x00000000000153e8      0x500 ./lib/input/libinput.a(mousebehaviour.o)
                0x00000000000153e8                CMouseBehaviour::CMouseBehaviour()
                0x00000000000153e8                CMouseBehaviour::CMouseBehaviour()
                0x000000000001540c                CMouseBehaviour::~CMouseBehaviour()
                0x000000000001540c                CMouseBehaviour::~CMouseBehaviour()
                0x0000000000015410                CMouseBehaviour::Setup(unsigned int, unsigned int)
                0x000000000001556c                CMouseBehaviour::RegisterEventHandler(void (*)(TMouseEvent, unsigned int, unsigned int, unsigned int))
                0x00000000000155c4                CMouseBehaviour::SetCursorState(unsigned int, unsigned int, int)
                0x000000000001563c                CMouseBehaviour::SetCursor(unsigned int, unsigned int)
                0x00000000000156ec                CMouseBehaviour::ShowCursor(int)
                0x0000000000015768                CMouseBehaviour::MouseStatusChanged(unsigned int, int, int)
 .text          0x00000000000158e8      0x308 ./lib/net/libnet.a(netsubsystem.o)
                0x00000000000158e8                CNetSubSystem::CNetSubSystem(unsigned char const*, unsigned char const*, unsigned char const*, unsigned char const*)
                0x00000000000158e8                CNetSubSystem::CNetSubSystem(unsigned char const*, unsigned char const*, unsigned char const*, unsigned char const*)
                0x00000000000159c4                CNetSubSystem::~CNetSubSystem()
                0x00000000000159c4                CNetSubSystem::~CNetSubSystem()
                0x0000000000015a1c                CNetSubSystem::Initialize()
                0x0000000000015b58                CNetSubSystem::Process()
                0x0000000000015b84                CNetSubSystem::GetConfig()
                0x0000000000015b88                CNetSubSystem::GetNetDeviceLayer()
                0x0000000000015b90                CNetSubSystem::GetTransportLayer()
                0x0000000000015b98                CNetSubSystem::IsRunning() const
 .text          0x0000000000015bf0       0xd4 ./lib/net/libnet.a(nettask.o)
                0x0000000000015bf0                CNetTask::~CNetTask()
                0x0000000000015bf0                CNetTask::~CNetTask()
                0x0000000000015c18                CNetTask::~CNetTask()
                0x0000000000015c4c                CNetTask::Run()
                0x0000000000015c98                CNetTask::CNetTask(CNetSubSystem*)
                0x0000000000015c98                CNetTask::CNetTask(CNetSubSystem*)
 .text          0x0000000000015cc4      0x928 ./lib/net/libnet.a(socket.o)
                0x0000000000015cc4                CSocket::CSocket(CNetSubSystem*, int)
                0x0000000000015cc4                CSocket::CSocket(CNetSubSystem*, int)
                0x0000000000015d78                CSocket::CSocket(CSocket&)
                0x0000000000015d78                CSocket::CSocket(CSocket&)
                0x0000000000015e14                CSocket::~CSocket()
                0x0000000000015e14                CSocket::~CSocket()
                0x0000000000015e78                CSocket::Bind(unsigned short)
                0x0000000000015ed8                CSocket::Connect(CIPAddress&, unsigned short)
                0x0000000000015fd8                CSocket::Listen()
                0x0000000000016054                CSocket::Accept(CIPAddress*, unsigned short*)
                0x0000000000016178                CSocket::Send(void const*, unsigned int, int)
                0x0000000000016224                CSocket::Receive(void*, unsigned int, int)
                0x0000000000016314                CSocket::SendTo(void const*, unsigned int, int, CIPAddress&, unsigned short)
                0x0000000000016418                CSocket::ReceiveFrom(void*, unsigned int, int, CIPAddress*, unsigned short*)
                0x0000000000016520                CSocket::SetOptionBroadcast(int)
                0x0000000000016590                CSocket::GetForeignIP() const
 .text          0x00000000000165ec      0xffc ./lib/net/libnet.a(transportlayer.o)
                0x00000000000165ec                CTransportLayer::CTransportLayer(CNetConfig*, CNetworkLayer*)
                0x00000000000165ec                CTransportLayer::CTransportLayer(CNetConfig*, CNetworkLayer*)
                0x0000000000016698                CTransportLayer::Initialize()
                0x00000000000166d8                CTransportLayer::Bind(unsigned short, int)
                0x0000000000016858                CTransportLayer::Connect(CIPAddress&, unsigned short, unsigned short, int)
                0x0000000000016af8                CTransportLayer::Listen(unsigned short, int)
                0x0000000000016c70                CTransportLayer::Accept(CIPAddress*, unsigned short*, int)
                0x0000000000016d48                CTransportLayer::Disconnect(int)
                0x0000000000016dc8                CTransportLayer::Send(void const*, unsigned int, int, int)
                0x0000000000016eb0                CTransportLayer::Receive(void*, int, int)
                0x0000000000016f64                CTransportLayer::SendTo(void const*, unsigned int, int, CIPAddress&, unsigned short, int)
                0x000000000001705c                CTransportLayer::ReceiveFrom(void*, int, CIPAddress*, unsigned short*, int)
                0x0000000000017128                CTransportLayer::SetOptionBroadcast(int, int)
                0x00000000000171b0                CTransportLayer::GetForeignIP(int) const
                0x0000000000017220                CTransportLayer::~CTransportLayer()
                0x0000000000017220                CTransportLayer::~CTransportLayer()
                0x00000000000172b8                CTransportLayer::Process()
 .text          0x00000000000175e8      0x9e0 ./lib/net/libnet.a(networklayer.o)
                0x00000000000175e8                CNetworkLayer::CNetworkLayer(CNetConfig*, CLinkLayer*)
                0x00000000000175e8                CNetworkLayer::CNetworkLayer(CNetConfig*, CLinkLayer*)
                0x000000000001767c                CNetworkLayer::~CNetworkLayer()
                0x000000000001767c                CNetworkLayer::~CNetworkLayer()
                0x00000000000176f0                CNetworkLayer::Initialize()
                0x000000000001779c                CNetworkLayer::Process()
                0x0000000000017a24                CNetworkLayer::Send(CIPAddress const&, void const*, unsigned int, int)
                0x0000000000017c88                CNetworkLayer::Receive(void*, unsigned int*, CIPAddress*, CIPAddress*, int*)
                0x0000000000017dd4                CNetworkLayer::ReceiveNotification(TICMPNotificationType*, CIPAddress*, CIPAddress*, unsigned short*, unsigned short*, int*)
                0x0000000000017f48                CNetworkLayer::AddRoute(unsigned char const*, unsigned char const*)
                0x0000000000017f50                CNetworkLayer::GetGateway(unsigned char const*) const
 .text          0x0000000000017fc8      0x5b8 ./lib/net/libnet.a(linklayer.o)
                0x0000000000017fc8                CLinkLayer::CLinkLayer(CNetConfig*, CNetDeviceLayer*)
                0x0000000000017fc8                CLinkLayer::CLinkLayer(CNetConfig*, CNetDeviceLayer*)
                0x000000000001804c                CLinkLayer::~CLinkLayer()
                0x000000000001804c                CLinkLayer::~CLinkLayer()
                0x00000000000180ac                CLinkLayer::Initialize()
                0x0000000000018130                CLinkLayer::Process()
                0x0000000000018340                CLinkLayer::Send(CIPAddress const&, void const*, unsigned int)
                0x000000000001850c                CLinkLayer::Receive(void*, unsigned int*)
 .text          0x0000000000018580      0x300 ./lib/net/libnet.a(netdevlayer.o)
                0x0000000000018580                CNetDeviceLayer::CNetDeviceLayer(CNetConfig*)
                0x0000000000018580                CNetDeviceLayer::CNetDeviceLayer(CNetConfig*)
                0x00000000000185b0                CNetDeviceLayer::~CNetDeviceLayer()
                0x00000000000185b0                CNetDeviceLayer::~CNetDeviceLayer()
                0x00000000000185f0                CNetDeviceLayer::Initialize()
                0x000000000001869c                CNetDeviceLayer::Process()
                0x00000000000187cc                CNetDeviceLayer::GetMACAddress() const
                0x0000000000018820                CNetDeviceLayer::Send(void const*, unsigned int)
                0x000000000001882c                CNetDeviceLayer::Receive(void*, unsigned int*)
 .text          0x0000000000018880      0x980 ./lib/net/libnet.a(arphandler.o)
                0x0000000000018880                CARPHandler::TimerHandler(unsigned int, void*, void*)
                0x0000000000018944                CARPHandler::CARPHandler(CNetConfig*, CNetDeviceLayer*, CNetQueue*)
                0x0000000000018944                CARPHandler::CARPHandler(CNetConfig*, CNetDeviceLayer*, CNetQueue*)
                0x0000000000018a10                CARPHandler::~CARPHandler()
                0x0000000000018a10                CARPHandler::~CARPHandler()
                0x0000000000018a30                CARPHandler::ReplyReceived(CIPAddress const&, CMACAddress const&)
                0x0000000000018ad8                CARPHandler::RequestReceived(CIPAddress const&, CMACAddress const&)
                0x0000000000018bb8                CARPHandler::SendPacket(int, CIPAddress const&, CMACAddress const&)
                0x0000000000018d10                CARPHandler::Process()
                0x0000000000018f84                CARPHandler::Resolve(CIPAddress const&, CMACAddress*)
 .text          0x0000000000019200      0x628 ./lib/net/libnet.a(icmphandler.o)
                0x0000000000019200                CICMPHandler::CICMPHandler(CNetConfig*, CNetworkLayer*, CNetQueue*, CNetQueue*)
                0x0000000000019200                CICMPHandler::CICMPHandler(CNetConfig*, CNetworkLayer*, CNetQueue*, CNetQueue*)
                0x00000000000192e4                CICMPHandler::~CICMPHandler()
                0x00000000000192e4                CICMPHandler::~CICMPHandler()
                0x0000000000019304                CICMPHandler::EnqueueNotification(TICMPNotificationType, TIPHeader*, TICMPDataDatagramHeader*)
                0x0000000000019410                CICMPHandler::Process()
 .text          0x0000000000019828      0x264 ./lib/net/libnet.a(routecache.o)
                0x0000000000019828                CRouteCache::CRouteCache()
                0x0000000000019828                CRouteCache::CRouteCache()
                0x0000000000019844                CRouteCache::Flush()
                0x000000000001988c                CRouteCache::~CRouteCache()
                0x000000000001988c                CRouteCache::~CRouteCache()
                0x00000000000198a8                CRouteCache::AddRoute(unsigned char const*, unsigned char const*)
                0x00000000000199b4                CRouteCache::GetRoute(unsigned char const*) const
 .text          0x0000000000019a8c      0x230 ./lib/net/libnet.a(netconnection.o)
                0x0000000000019a8c                CNetConnection::CNetConnection(CNetConfig*, CNetworkLayer*, CIPAddress&, unsigned short, unsigned short, int)
                0x0000000000019a8c                CNetConnection::CNetConnection(CNetConfig*, CNetworkLayer*, CIPAddress&, unsigned short, unsigned short, int)
                0x0000000000019b4c                CNetConnection::CNetConnection(CNetConfig*, CNetworkLayer*, unsigned short, int)
                0x0000000000019b4c                CNetConnection::CNetConnection(CNetConfig*, CNetworkLayer*, unsigned short, int)
                0x0000000000019bf8                CNetConnection::~CNetConnection()
                0x0000000000019bf8                CNetConnection::~CNetConnection()
                0x0000000000019c2c                CNetConnection::~CNetConnection()
                0x0000000000019c6c                CNetConnection::GetForeignIP() const
                0x0000000000019c74                CNetConnection::GetOwnPort() const
                0x0000000000019cb4                CNetConnection::GetProtocol() const
 .text          0x0000000000019cbc      0xa40 ./lib/net/libnet.a(udpconnection.o)
                0x0000000000019cbc                CUDPConnection::Accept(CIPAddress*, unsigned short*)
                0x0000000000019cc4                CUDPConnection::Close()
                0x0000000000019ce0                CUDPConnection::SetOptionBroadcast(int)
                0x0000000000019cec                CUDPConnection::IsTerminated() const
                0x0000000000019cfc                CUDPConnection::Process()
                0x0000000000019d00                CUDPConnection::~CUDPConnection()
                0x0000000000019d00                CUDPConnection::~CUDPConnection()
                0x0000000000019d58                CUDPConnection::~CUDPConnection()
                0x0000000000019d78                CUDPConnection::Send(void const*, unsigned int, int)
                0x0000000000019f54                CUDPConnection::Receive(void*, int)
                0x000000000001a058                CUDPConnection::ReceiveFrom(void*, int, CIPAddress*, unsigned short*)
                0x000000000001a190                CUDPConnection::Connect()
                0x000000000001a1c8                CUDPConnection::SendTo(void const*, unsigned int, int, CIPAddress&, unsigned short)
                0x000000000001a3c4                CUDPConnection::PacketReceived(void const*, unsigned int, CIPAddress&, CIPAddress&, int)
                0x000000000001a574                CUDPConnection::NotificationReceived(TICMPNotificationType, CIPAddress&, CIPAddress&, unsigned short, unsigned short, int)
                0x000000000001a634                CUDPConnection::CUDPConnection(CNetConfig*, CNetworkLayer*, CIPAddress&, unsigned short, unsigned short)
                0x000000000001a634                CUDPConnection::CUDPConnection(CNetConfig*, CNetworkLayer*, CIPAddress&, unsigned short, unsigned short)
                0x000000000001a6a0                CUDPConnection::CUDPConnection(CNetConfig*, CNetworkLayer*, unsigned short)
                0x000000000001a6a0                CUDPConnection::CUDPConnection(CNetConfig*, CNetworkLayer*, unsigned short)
 .text          0x000000000001a6fc     0x2108 ./lib/net/libnet.a(tcpconnection.o)
                0x000000000001a6fc                CTCPConnection::SendTo(void const*, unsigned int, int, CIPAddress&, unsigned short)
                0x000000000001a714                CTCPConnection::SetOptionBroadcast(int)
                0x000000000001a71c                CTCPConnection::IsTerminated() const
                0x000000000001a72c                CTCPConnection::ReceiveFrom(void*, int, CIPAddress*, unsigned short*)
                0x000000000001a780                CTCPConnection::Send(void const*, unsigned int, int)
                0x000000000001a898                CTCPConnection::Receive(void*, int)
                0x000000000001a958                CTCPConnection::NotificationReceived(TICMPNotificationType, CIPAddress&, CIPAddress&, unsigned short, unsigned short, int)
                0x000000000001aa14                CTCPConnection::CTCPConnection(CNetConfig*, CNetworkLayer*, unsigned short)
                0x000000000001aa14                CTCPConnection::CTCPConnection(CNetConfig*, CNetworkLayer*, unsigned short)
                0x000000000001aaec                CTCPConnection::SendSegment(unsigned int, unsigned int, unsigned int, void const*, unsigned int)
                0x000000000001acc4                CTCPConnection::ScanOptions(TTCPHeader*)
                0x000000000001ad78                CTCPConnection::CalculateISN()
                0x000000000001ade4                CTCPConnection::StopTimer(unsigned int)
                0x000000000001ae90                CTCPConnection::~CTCPConnection()
                0x000000000001ae90                CTCPConnection::~CTCPConnection()
                0x000000000001af4c                CTCPConnection::~CTCPConnection()
                0x000000000001af6c                CTCPConnection::Close()
                0x000000000001b094                CTCPConnection::StartTimer(unsigned int, unsigned int)
                0x000000000001b15c                CTCPConnection::CTCPConnection(CNetConfig*, CNetworkLayer*, CIPAddress&, unsigned short, unsigned short)
                0x000000000001b15c                CTCPConnection::CTCPConnection(CNetConfig*, CNetworkLayer*, CIPAddress&, unsigned short, unsigned short)
                0x000000000001b2c8                CTCPConnection::Process()
                0x000000000001b5d0                CTCPConnection::DumpStatus()
                0x000000000001b64c                CTCPConnection::NewState(TTCPState, unsigned int)
                0x000000000001b6f4                CTCPConnection::UnexpectedState(unsigned int)
                0x000000000001b738                CTCPConnection::Connect()
                0x000000000001b7bc                CTCPConnection::Accept(CIPAddress*, unsigned short*)
                0x000000000001b8ac                CTCPConnection::PacketReceived(void const*, unsigned int, CIPAddress&, CIPAddress&, int)
                0x000000000001c5c4                CTCPConnection::TimerHandler(unsigned int)
                0x000000000001c7a8                CTCPConnection::TimerStub(unsigned int, void*, void*)
 .text          0x000000000001c804      0x484 ./lib/net/libnet.a(retransmissionqueue.o)
                0x000000000001c804                CRetransmissionQueue::CRetransmissionQueue(unsigned int)
                0x000000000001c804                CRetransmissionQueue::CRetransmissionQueue(unsigned int)
                0x000000000001c85c                CRetransmissionQueue::~CRetransmissionQueue()
                0x000000000001c85c                CRetransmissionQueue::~CRetransmissionQueue()
                0x000000000001c878                CRetransmissionQueue::IsEmpty() const
                0x000000000001c890                CRetransmissionQueue::GetFreeSpace() const
                0x000000000001c944                CRetransmissionQueue::Write(void const*, unsigned int)
                0x000000000001ca30                CRetransmissionQueue::GetBytesAvailable() const
                0x000000000001cadc                CRetransmissionQueue::Read(void*, unsigned int)
                0x000000000001cbc8                CRetransmissionQueue::Advance(unsigned int)
                0x000000000001cc68                CRetransmissionQueue::Reset()
                0x000000000001cc74                CRetransmissionQueue::Flush()
 .text          0x000000000001cc88      0x30c ./lib/net/libnet.a(retranstimeoutcalc.o)
                0x000000000001cc88                CRetransmissionTimeoutCalculator::CRetransmissionTimeoutCalculator()
                0x000000000001cc88                CRetransmissionTimeoutCalculator::CRetransmissionTimeoutCalculator()
                0x000000000001ccec                CRetransmissionTimeoutCalculator::~CRetransmissionTimeoutCalculator()
                0x000000000001ccec                CRetransmissionTimeoutCalculator::~CRetransmissionTimeoutCalculator()
                0x000000000001ccf0                CRetransmissionTimeoutCalculator::GetRTO() const
                0x000000000001ccf8                CRetransmissionTimeoutCalculator::Initialize(unsigned int)
                0x000000000001cd6c                CRetransmissionTimeoutCalculator::SegmentSent(unsigned int, unsigned int)
                0x000000000001ce0c                CRetransmissionTimeoutCalculator::RetransmissionTimerExpired()
                0x000000000001ce74                CRetransmissionTimeoutCalculator::Calculate(unsigned int)
                0x000000000001cf00                CRetransmissionTimeoutCalculator::SegmentAcknowledged(unsigned int)
 .text          0x000000000001cf94      0x320 ./lib/net/libnet.a(tcprejector.o)
                0x000000000001cf94                CTCPRejector::~CTCPRejector()
                0x000000000001cf94                CTCPRejector::~CTCPRejector()
                0x000000000001cfcc                CTCPRejector::~CTCPRejector()
                0x000000000001cfec                CTCPRejector::CTCPRejector(CNetConfig*, CNetworkLayer*)
                0x000000000001cfec                CTCPRejector::CTCPRejector(CNetConfig*, CNetworkLayer*)
                0x000000000001d02c                CTCPRejector::SendSegment(unsigned int, unsigned int, unsigned int)
                0x000000000001d14c                CTCPRejector::PacketReceived(void const*, unsigned int, CIPAddress&, CIPAddress&, int)
 .text._ZN12CTCPRejector7ConnectEv
                0x000000000001d2b4        0x8 ./lib/net/libnet.a(tcprejector.o)
                0x000000000001d2b4                CTCPRejector::Connect()
 .text._ZN12CTCPRejector6AcceptEP10CIPAddressPt
                0x000000000001d2bc        0x8 ./lib/net/libnet.a(tcprejector.o)
                0x000000000001d2bc                CTCPRejector::Accept(CIPAddress*, unsigned short*)
 .text._ZN12CTCPRejector5CloseEv
                0x000000000001d2c4        0x8 ./lib/net/libnet.a(tcprejector.o)
                0x000000000001d2c4                CTCPRejector::Close()
 .text._ZN12CTCPRejector4SendEPKvji
                0x000000000001d2cc        0x8 ./lib/net/libnet.a(tcprejector.o)
                0x000000000001d2cc                CTCPRejector::Send(void const*, unsigned int, int)
 .text._ZN12CTCPRejector7ReceiveEPvi
                0x000000000001d2d4        0x8 ./lib/net/libnet.a(tcprejector.o)
                0x000000000001d2d4                CTCPRejector::Receive(void*, int)
 .text._ZN12CTCPRejector6SendToEPKvjiR10CIPAddresst
                0x000000000001d2dc        0x8 ./lib/net/libnet.a(tcprejector.o)
                0x000000000001d2dc                CTCPRejector::SendTo(void const*, unsigned int, int, CIPAddress&, unsigned short)
 .text._ZN12CTCPRejector11ReceiveFromEPviP10CIPAddressPt
                0x000000000001d2e4        0x8 ./lib/net/libnet.a(tcprejector.o)
                0x000000000001d2e4                CTCPRejector::ReceiveFrom(void*, int, CIPAddress*, unsigned short*)
 .text._ZN12CTCPRejector18SetOptionBroadcastEi
                0x000000000001d2ec        0x8 ./lib/net/libnet.a(tcprejector.o)
                0x000000000001d2ec                CTCPRejector::SetOptionBroadcast(int)
 .text._ZNK12CTCPRejector12IsTerminatedEv
                0x000000000001d2f4        0x8 ./lib/net/libnet.a(tcprejector.o)
                0x000000000001d2f4                CTCPRejector::IsTerminated() const
 .text._ZN12CTCPRejector7ProcessEv
                0x000000000001d2fc        0x4 ./lib/net/libnet.a(tcprejector.o)
                0x000000000001d2fc                CTCPRejector::Process()
 .text._ZN12CTCPRejector20NotificationReceivedE21TICMPNotificationTypeR10CIPAddressS2_tti
                0x000000000001d300        0x8 ./lib/net/libnet.a(tcprejector.o)
                0x000000000001d300                CTCPRejector::NotificationReceived(TICMPNotificationType, CIPAddress&, CIPAddress&, unsigned short, unsigned short, int)
 .text          0x000000000001d308      0x1d0 ./lib/net/libnet.a(netconfig.o)
                0x000000000001d308                CNetConfig::~CNetConfig()
                0x000000000001d308                CNetConfig::~CNetConfig()
                0x000000000001d340                CNetConfig::SetDHCP(int)
                0x000000000001d348                CNetConfig::SetDefaultGateway(unsigned int)
                0x000000000001d350                CNetConfig::SetDNSServer(unsigned int)
                0x000000000001d358                CNetConfig::SetDefaultGateway(unsigned char const*)
                0x000000000001d360                CNetConfig::SetDNSServer(unsigned char const*)
                0x000000000001d368                CNetConfig::GetIPAddress() const
                0x000000000001d370                CNetConfig::IsDHCPUsed() const
                0x000000000001d378                CNetConfig::GetNetMask() const
                0x000000000001d380                CNetConfig::GetDefaultGateway() const
                0x000000000001d388                CNetConfig::GetDNSServer() const
                0x000000000001d390                CNetConfig::GetBroadcastAddress() const
                0x000000000001d398                CNetConfig::UpdateBroadcastAddress()
                0x000000000001d3d8                CNetConfig::Reset()
                0x000000000001d424                CNetConfig::CNetConfig()
                0x000000000001d424                CNetConfig::CNetConfig()
                0x000000000001d468                CNetConfig::SetIPAddress(unsigned int)
                0x000000000001d484                CNetConfig::SetNetMask(unsigned int)
                0x000000000001d4a0                CNetConfig::SetIPAddress(unsigned char const*)
                0x000000000001d4bc                CNetConfig::SetNetMask(unsigned char const*)
 .text          0x000000000001d4d8      0x5d8 ./lib/net/libnet.a(ipaddress.o)
                0x000000000001d4d8                CIPAddress::CIPAddress()
                0x000000000001d4d8                CIPAddress::CIPAddress()
                0x000000000001d4e4                CIPAddress::CIPAddress(unsigned int)
                0x000000000001d4e4                CIPAddress::CIPAddress(unsigned int)
                0x000000000001d4f4                CIPAddress::CIPAddress(CIPAddress const&)
                0x000000000001d4f4                CIPAddress::CIPAddress(CIPAddress const&)
                0x000000000001d538                CIPAddress::~CIPAddress()
                0x000000000001d538                CIPAddress::~CIPAddress()
                0x000000000001d53c                CIPAddress::operator==(CIPAddress const&) const
                0x000000000001d5ac                CIPAddress::operator!=(CIPAddress const&) const
                0x000000000001d618                CIPAddress::operator==(unsigned char const*) const
                0x000000000001d68c                CIPAddress::operator!=(unsigned char const*) const
                0x000000000001d6a0                CIPAddress::operator==(unsigned int) const
                0x000000000001d6e4                CIPAddress::operator!=(unsigned int) const
                0x000000000001d724                CIPAddress::operator=(unsigned int)
                0x000000000001d734                CIPAddress::Set(unsigned int)
                0x000000000001d744                CIPAddress::Set(unsigned char const*)
                0x000000000001d78c                CIPAddress::CIPAddress(unsigned char const*)
                0x000000000001d78c                CIPAddress::CIPAddress(unsigned char const*)
                0x000000000001d7a0                CIPAddress::Set(CIPAddress const&)
                0x000000000001d7e0                CIPAddress::SetBroadcast()
                0x000000000001d7f0                CIPAddress::operator unsigned int() const
                0x000000000001d824                CIPAddress::Get() const
                0x000000000001d858                CIPAddress::CopyTo(unsigned char*) const
                0x000000000001d8c8                CIPAddress::IsNull() const
                0x000000000001d904                CIPAddress::IsBroadcast() const
                0x000000000001d944                CIPAddress::GetSize() const
                0x000000000001d94c                CIPAddress::Format(CString*) const
                0x000000000001d9e0                CIPAddress::OnSameNetwork(CIPAddress const&, unsigned char const*) const
 .text          0x000000000001dab0      0x3a0 ./lib/net/libnet.a(netqueue.o)
                0x000000000001dab0                CNetQueue::CNetQueue()
                0x000000000001dab0                CNetQueue::CNetQueue()
                0x000000000001dac4                CNetQueue::IsEmpty() const
                0x000000000001dad4                CNetQueue::Flush()
                0x000000000001dbc0                CNetQueue::~CNetQueue()
                0x000000000001dbc0                CNetQueue::~CNetQueue()
                0x000000000001dbd4                CNetQueue::Enqueue(void const*, unsigned int, void*)
                0x000000000001dd18                CNetQueue::Dequeue(void*, void**)
 .text          0x000000000001de50      0x2e8 ./lib/net/libnet.a(checksumcalculator.o)
                0x000000000001de50                CChecksumCalculator::CChecksumCalculator(CIPAddress const&, int)
                0x000000000001de50                CChecksumCalculator::CChecksumCalculator(CIPAddress const&, int)
                0x000000000001de80                CChecksumCalculator::CChecksumCalculator(CIPAddress const&, CIPAddress const&, int)
                0x000000000001de80                CChecksumCalculator::CChecksumCalculator(CIPAddress const&, CIPAddress const&, int)
                0x000000000001dec4                CChecksumCalculator::~CChecksumCalculator()
                0x000000000001dec4                CChecksumCalculator::~CChecksumCalculator()
                0x000000000001dec8                CChecksumCalculator::SetSourceAddress(CIPAddress const&)
                0x000000000001ded8                CChecksumCalculator::SetDestinationAddress(CIPAddress const&)
                0x000000000001def8                CChecksumCalculator::CalculateChunk(void const*, unsigned int, unsigned int)
                0x000000000001dfac                CChecksumCalculator::Calculate(void const*, unsigned int)
                0x000000000001e084                CChecksumCalculator::SimpleCalculate(void const*, unsigned int)
                0x000000000001e110                CChecksumCalculator::FoldResult(unsigned int)
 .text          0x000000000001e138     0x12a0 ./lib/net/libnet.a(dhcpclient.o)
                0x000000000001e138                CDHCPClient::~CDHCPClient()
                0x000000000001e138                CDHCPClient::~CDHCPClient()
                0x000000000001e16c                CDHCPClient::~CDHCPClient()
                0x000000000001e1ac                CDHCPClient::CDHCPClient(CNetSubSystem*)
                0x000000000001e1ac                CDHCPClient::CDHCPClient(CNetSubSystem*)
                0x000000000001e250                CDHCPClient::IsBound() const
                0x000000000001e258                CDHCPClient::HaltNetwork()
                0x000000000001e2a4                CDHCPClient::SendMessage(unsigned char const*, unsigned int)
                0x000000000001e3ec                CDHCPClient::SendDiscover()
                0x000000000001e404                CDHCPClient::CheckConfig()
                0x000000000001e56c                CDHCPClient::GetUnaligned(void const*)
                0x000000000001e5a0                CDHCPClient::ScanOptions(unsigned char const*, unsigned int)
                0x000000000001e7d4                CDHCPClient::ReceiveMessage()
                0x000000000001e990                CDHCPClient::GetXID() const
                0x000000000001ea10                CDHCPClient::SetUnaligned(void*, unsigned int)
                0x000000000001ea5c                CDHCPClient::SendRequest(unsigned int)
                0x000000000001eab8                CDHCPClient::SendAndReceive(int, unsigned int)
                0x000000000001ec50                CDHCPClient::RenewOrRebind(int, unsigned int)
                0x000000000001ef94                CDHCPClient::SelectAndRequest()
                0x000000000001f25c                CDHCPClient::Run()
 .text          0x000000000001f3d8      0x2a8 ./lib/fs/libfs.a(partitionmanager.o)
                0x000000000001f3d8                CPartitionManager::CPartitionManager(CDevice*, char const*)
                0x000000000001f3d8                CPartitionManager::CPartitionManager(CDevice*, char const*)
                0x000000000001f408                CPartitionManager::~CPartitionManager()
                0x000000000001f408                CPartitionManager::~CPartitionManager()
                0x000000000001f458                CPartitionManager::Initialize()
 .text          0x000000000001f680      0x304 ./lib/fs/libfs.a(partition.o)
                0x000000000001f680                CPartition::Read(void*, unsigned int)
                0x000000000001f730                CPartition::Write(void const*, unsigned int)
                0x000000000001f7e0                CPartition::~CPartition()
                0x000000000001f7e0                CPartition::~CPartition()
                0x000000000001f808                CPartition::~CPartition()
                0x000000000001f83c                CPartition::Seek(unsigned long long)
                0x000000000001f914                CPartition::CPartition(CDevice*, unsigned int, unsigned int)
                0x000000000001f914                CPartition::CPartition(CDevice*, unsigned int, unsigned int)
 .text          0x000000000001f984      0x208 ./lib/sched/libsched.a(task.o)
                0x000000000001f984                CTask::Run()
                0x000000000001f99c                CTask::~CTask()
                0x000000000001f99c                CTask::~CTask()
                0x000000000001f9f4                CTask::~CTask()
                0x000000000001fa14                CTask::TaskEntry(void*)
                0x000000000001fa78                CTask::InitializeRegs()
                0x000000000001fadc                CTask::CTask(unsigned int)
                0x000000000001fadc                CTask::CTask(unsigned int)
 .text          0x000000000001fb8c      0x67c ./lib/sched/libsched.a(scheduler.o)
                0x000000000001fb8c                CScheduler::CScheduler()
                0x000000000001fb8c                CScheduler::CScheduler()
                0x000000000001fbf4                CScheduler::AddTask(CTask*)
                0x000000000001fca0                CScheduler::RemoveTask(CTask*)
                0x000000000001fd18                CScheduler::~CScheduler()
                0x000000000001fd18                CScheduler::~CScheduler()
                0x000000000001fda8                CScheduler::WakeTask(CTask**)
                0x000000000001fe30                CScheduler::GetNextTask()
                0x000000000001ff18                CScheduler::Yield()
                0x00000000000200b0                CScheduler::usSleep(unsigned int)
                0x00000000000200bc                CScheduler::Sleep(unsigned int)
                0x0000000000020118                CScheduler::MsSleep(unsigned int)
                0x0000000000020134                CScheduler::BlockTask(CTask**)
                0x00000000000201d0                CScheduler::Get()
 .text          0x0000000000020208        0xc ./lib/sched/libsched.a(taskswitch.o)
                0x0000000000020208                TaskSwitch
 .text          0x0000000000020214       0xfc ./lib/sched/libsched.a(synchronizationevent.o)
                0x0000000000020214                CSynchronizationEvent::CSynchronizationEvent(int)
                0x0000000000020214                CSynchronizationEvent::CSynchronizationEvent(int)
                0x0000000000020224                CSynchronizationEvent::~CSynchronizationEvent()
                0x0000000000020224                CSynchronizationEvent::~CSynchronizationEvent()
                0x0000000000020258                CSynchronizationEvent::GetState()
                0x0000000000020260                CSynchronizationEvent::Clear()
                0x000000000002026c                CSynchronizationEvent::Set()
                0x00000000000202a4                CSynchronizationEvent::Wait()
 .text          0x0000000000020310      0x20c ./lib/libcircle.a(actled.o)
                0x0000000000020310                CActLED::~CActLED()
                0x0000000000020310                CActLED::~CActLED()
                0x0000000000020324                CActLED::On()
                0x0000000000020364                CActLED::Off()
                0x00000000000203a4                CActLED::CActLED()
                0x00000000000203a4                CActLED::CActLED()
                0x00000000000204c0                CActLED::Blink(unsigned int, unsigned int, unsigned int)
                0x000000000002050c                CActLED::Get()
 .text          0x000000000002051c      0x1d0 ./lib/libcircle.a(bcmpropertytags.o)
                0x000000000002051c                CBcmPropertyTags::CBcmPropertyTags()
                0x000000000002051c                CBcmPropertyTags::CBcmPropertyTags()
                0x0000000000020534                CBcmPropertyTags::~CBcmPropertyTags()
                0x0000000000020534                CBcmPropertyTags::~CBcmPropertyTags()
                0x0000000000020548                CBcmPropertyTags::GetTags(void*, unsigned int)
                0x000000000002063c                CBcmPropertyTags::GetTag(unsigned int, void*, unsigned int, unsigned int)
 .text          0x00000000000206ec      0xc94 ./lib/libcircle.a(gpiopin.o)
                0x00000000000206ec                CGPIOPin::~CGPIOPin()
                0x00000000000206ec                CGPIOPin::~CGPIOPin()
                0x00000000000206f0                CGPIOPin::~CGPIOPin()
                0x0000000000020708                CGPIOPin::Write(unsigned int)
                0x0000000000020798                CGPIOPin::Read() const
                0x00000000000207f0                CGPIOPin::Invert()
                0x0000000000020830                CGPIOPin::ConnectInterrupt(void (*)(void*), void*)
                0x0000000000020944                CGPIOPin::DisconnectInterrupt()
                0x0000000000020a30                CGPIOPin::EnableInterrupt(TGPIOInterrupt)
                0x0000000000020b64                CGPIOPin::DisableInterrupt()
                0x0000000000020c24                CGPIOPin::EnableInterrupt2(TGPIOInterrupt)
                0x0000000000020d58                CGPIOPin::DisableInterrupt2()
                0x0000000000020e18                CGPIOPin::ReadAll()
                0x0000000000020e28                CGPIOPin::SetPullUpMode(unsigned int)
                0x0000000000020ec8                CGPIOPin::SetAlternateFunction(unsigned int)
                0x0000000000020f9c                CGPIOPin::SetMode(TGPIOMode, int)
                0x0000000000021160                CGPIOPin::CGPIOPin(unsigned int, TGPIOMode, CGPIOManager*)
                0x0000000000021160                CGPIOPin::CGPIOPin(unsigned int, TGPIOMode, CGPIOManager*)
                0x0000000000021214                CGPIOPin::InterruptHandler()
                0x00000000000212c4                CGPIOPin::DisableAllInterrupts(unsigned int)
 .text.startup  0x0000000000021380       0x14 ./lib/libcircle.a(gpiopin.o)
 .text          0x0000000000021394       0x30 ./lib/libcircle.a(libstub.o)
                0x0000000000021394                __aeabi_uidiv
                0x00000000000213a4                __aeabi_uidivmod
                0x00000000000213c0                __aeabi_idiv
 .text          0x00000000000213c4      0x278 ./lib/libcircle.a(memory.o)
                0x00000000000213c4                CMemorySystem::~CMemorySystem()
                0x00000000000213c4                CMemorySystem::~CMemorySystem()
                0x0000000000021440                CMemorySystem::GetMemSize() const
                0x0000000000021448                CMemorySystem::EnableMMU()
                0x0000000000021554                CMemorySystem::CMemorySystem(int)
                0x0000000000021554                CMemorySystem::CMemorySystem(int)
 .text          0x000000000002163c       0x18 ./lib/libcircle.a(new.o)
                0x000000000002163c                operator new(unsigned int)
                0x0000000000021640                operator new[](unsigned int)
                0x0000000000021644                operator delete(void*)
                0x0000000000021648                operator delete[](void*)
                0x000000000002164c                operator delete(void*, unsigned int)
                0x0000000000021650                operator delete[](void*, unsigned int)
 .text          0x0000000000021654       0x18 ./lib/libcircle.a(purecall.o)
                0x0000000000021654                __cxa_pure_virtual
 .text          0x000000000002166c      0x128 ./lib/libcircle.a(synchronize.o)
                0x000000000002166c                EnterCritical
                0x0000000000021724                LeaveCritical
                0x0000000000021774                SyncDataAndInstructionCache
 .text          0x0000000000021794       0xe0 ./lib/libcircle.a(sysinit.o)
                0x0000000000021794                __aeabi_atexit
                0x0000000000021798                halt
                0x00000000000217a4                reboot
                0x00000000000217c8                sysinit
 .text          0x0000000000021874      0xb98 ./lib/libcircle.a(timer.o)
                0x0000000000021874                CTimer::CTimer(CInterruptSystem*)
                0x0000000000021874                CTimer::CTimer(CInterruptSystem*)
                0x00000000000218f4                CTimer::~CTimer()
                0x00000000000218f4                CTimer::~CTimer()
                0x00000000000219dc                CTimer::SetTimeZone(int)
                0x00000000000219fc                CTimer::GetTimeZone() const
                0x0000000000021a04                CTimer::SetTime(unsigned int, int)
                0x0000000000021a84                CTimer::GetClockTicks()
                0x0000000000021a94                CTimer::GetTicks() const
                0x0000000000021a9c                CTimer::GetUptime() const
                0x0000000000021aa4                CTimer::GetTime() const
                0x0000000000021aac                CTimer::GetUniversalTime() const
                0x0000000000021acc                CTimer::GetTimeString()
                0x0000000000021cb8                CTimer::StartKernelTimer(unsigned int, void (*)(unsigned int, void*, void*), void*, void*)
                0x0000000000021e18                CTimer::CancelKernelTimer(unsigned int)
                0x0000000000021ed0                CTimer::PollKernelTimers()
                0x000000000002202c                CTimer::InterruptHandler()
                0x0000000000022140                CTimer::InterruptHandler(void*)
                0x000000000002217c                CTimer::TuneMsDelay()
                0x0000000000022224                CTimer::Initialize()
                0x00000000000222a0                CTimer::SimpleMsDelay(unsigned int)
                0x00000000000222e0                CTimer::SimpleusDelay(unsigned int)
                0x0000000000022310                CTimer::IsLeapYear(unsigned int)
                0x000000000002235c                CTimer::GetDaysOfMonth(unsigned int, unsigned int)
                0x00000000000223d4                CTimer::Get()
 .text          0x000000000002240c      0x460 ./lib/libcircle.a(util.o)
                0x000000000002240c                memset
                0x0000000000022430                memcmp
                0x000000000002248c                strlen
                0x00000000000224b4                strcmp
                0x0000000000022520                strcpy
                0x000000000002254c                strncpy
                0x0000000000022598                strcat
                0x00000000000225dc                strchr
                0x000000000002261c                strtok_r
                0x00000000000226e8                strtoul
                0x0000000000022868                char2int
 .text          0x000000000002286c       0x5c ./lib/libcircle.a(util_fast.o)
                0x000000000002286c                memcpy
 .text          0x00000000000228c8       0x40 ./lib/libcircle.a(device.o)
                0x00000000000228c8                CDevice::~CDevice()
                0x00000000000228c8                CDevice::~CDevice()
                0x00000000000228cc                CDevice::Write(void const*, unsigned int)
                0x00000000000228cc                CDevice::Read(void*, unsigned int)
                0x00000000000228d4                CDevice::Seek(unsigned long long)
                0x00000000000228e0                CDevice::~CDevice()
                0x00000000000228f8                CDevice::CDevice()
                0x00000000000228f8                CDevice::CDevice()
 .text          0x0000000000022908      0x514 ./lib/libcircle.a(koptions.o)
                0x0000000000022968                CKernelOptions::~CKernelOptions()
                0x0000000000022968                CKernelOptions::~CKernelOptions()
                0x000000000002297c                CKernelOptions::GetWidth() const
                0x0000000000022984                CKernelOptions::GetHeight() const
                0x000000000002298c                CKernelOptions::GetLogDevice() const
                0x0000000000022998                CKernelOptions::GetLogLevel() const
                0x00000000000229a0                CKernelOptions::GetKeyMap() const
                0x00000000000229a8                CKernelOptions::GetUSBPowerDelay() const
                0x00000000000229b0                CKernelOptions::GetCPUSpeed() const
                0x00000000000229b8                CKernelOptions::GetSoCMaxTemp() const
                0x00000000000229c0                CKernelOptions::Get()
                0x00000000000229d0                CKernelOptions::GetToken()
                0x0000000000022a4c                CKernelOptions::CKernelOptions()
                0x0000000000022a4c                CKernelOptions::CKernelOptions()
                0x0000000000022dc4                CKernelOptions::GetOptionValue(char*)
                0x0000000000022dfc                CKernelOptions::GetDecimal(char*)
 .text          0x0000000000022e1c      0x220 ./lib/libcircle.a(pagetable.o)
                0x0000000000022e1c                CPageTable::CPageTable()
                0x0000000000022e1c                CPageTable::CPageTable()
                0x0000000000022ecc                CPageTable::CPageTable(unsigned int)
                0x0000000000022ecc                CPageTable::CPageTable(unsigned int)
                0x000000000002300c                CPageTable::~CPageTable()
                0x000000000002300c                CPageTable::~CPageTable()
                0x0000000000023030                CPageTable::GetBaseAddress() const
 .text          0x000000000002303c     0x1230 ./lib/libcircle.a(screen.o)
                0x000000000002303c                CScreenDevice::~CScreenDevice()
                0x000000000002303c                CScreenDevice::~CScreenDevice()
                0x00000000000230b4                CScreenDevice::~CScreenDevice()
                0x0000000000023170                CScreenDevice::CScreenDevice(unsigned int, unsigned int, int)
                0x0000000000023170                CScreenDevice::CScreenDevice(unsigned int, unsigned int, int)
                0x00000000000231e8                CScreenDevice::GetWidth() const
                0x00000000000231f0                CScreenDevice::GetHeight() const
                0x00000000000231f8                CScreenDevice::GetColumns() const
                0x000000000002321c                CScreenDevice::GetRows() const
                0x0000000000023240                CScreenDevice::GetStatus()
                0x00000000000232b0                CScreenDevice::SetStatus(TScreenStatus)
                0x00000000000233cc                CScreenDevice::CarriageReturn()
                0x00000000000233d8                CScreenDevice::CursorHome()
                0x00000000000233ec                CScreenDevice::CursorLeft()
                0x0000000000023458                CScreenDevice::CursorMove(unsigned int, unsigned int)
                0x00000000000234b8                CScreenDevice::CursorUp()
                0x00000000000234e8                CScreenDevice::DeleteChars(unsigned int)
                0x00000000000234ec                CScreenDevice::DeleteLines(unsigned int)
                0x00000000000234f0                CScreenDevice::InsertLines(unsigned int)
                0x00000000000234f4                CScreenDevice::InsertMode(int)
                0x00000000000234fc                CScreenDevice::ReverseScroll()
                0x0000000000023500                CScreenDevice::SetCursorMode(int)
                0x0000000000023508                CScreenDevice::SetScrollRegion(unsigned int, unsigned int)
                0x0000000000023584                CScreenDevice::SetStandoutMode(unsigned int)
                0x0000000000023624                CScreenDevice::Scroll()
                0x00000000000236c8                CScreenDevice::CursorDown()
                0x0000000000023714                CScreenDevice::NewLine()
                0x0000000000023720                CScreenDevice::CursorRight()
                0x000000000002375c                CScreenDevice::Tabulator()
                0x00000000000237a8                CScreenDevice::DisplayChar(char, unsigned int, unsigned int, unsigned short)
                0x0000000000023878                CScreenDevice::DisplayChar(char)