Archive member included to satisfy reference by file (symbol)

./lib/usb/libusb.a(dwhcidevice.o)
                              kernel.o (CDWHCIDevice::~CDWHCIDevice())
./lib/usb/libusb.a(dwhciregister.o)
                              ./lib/usb/libusb.a(dwhcidevice.o) (CDWHCIRegister::CDWHCIRegister(unsigned int))
./lib/usb/libusb.a(dwhcixferstagedata.o)
                              ./lib/usb/libusb.a(dwhcidevice.o) (CDWHCITransferStageData::~CDWHCITransferStageData())
./lib/usb/libusb.a(usbdevice.o)
                              ./lib/usb/libusb.a(dwhcixferstagedata.o) (CUSBDevice::GetAddress() const)
./lib/usb/libusb.a(usbendpoint.o)
                              ./lib/usb/libusb.a(usbdevice.o) (CUSBEndpoint::CUSBEndpoint(CUSBDevice*))
./lib/usb/libusb.a(usbhostcontroller.o)
                              ./lib/usb/libusb.a(dwhcidevice.o) (CUSBHostController::CUSBHostController())
./lib/usb/libusb.a(usbrequest.o)
                              ./lib/usb/libusb.a(usbhostcontroller.o) (CUSBRequest::CUSBRequest(CUSBEndpoint*, void*, unsigned int, TSetupData*))
./lib/usb/libusb.a(usbdevicefactory.o)
                              ./lib/usb/libusb.a(usbdevice.o) (CUSBDeviceFactory::GetDevice(CUSBFunction*, CString*))
./lib/usb/libusb.a(usbstandardhub.o)
                              ./lib/usb/libusb.a(usbdevicefactory.o) (CUSBStandardHub::CUSBStandardHub(CUSBFunction*))
./lib/usb/libusb.a(usbmassdevice.o)
                              ./lib/usb/libusb.a(usbdevicefactory.o) (CUSBBulkOnlyMassStorageDevice::CUSBBulkOnlyMassStorageDevice(CUSBFunction*))
./lib/usb/libusb.a(dwhciframeschednper.o)
                              ./lib/usb/libusb.a(dwhcixferstagedata.o) (CDWHCIFrameSchedulerNonPeriodic::CDWHCIFrameSchedulerNonPeriodic())
./lib/usb/libusb.a(dwhciframeschedper.o)
                              ./lib/usb/libusb.a(dwhcixferstagedata.o) (CDWHCIFrameSchedulerPeriodic::CDWHCIFrameSchedulerPeriodic())
./lib/usb/libusb.a(usbkeyboard.o)
                              ./lib/usb/libusb.a(usbdevicefactory.o) (CUSBKeyboardDevice::CUSBKeyboardDevice(CUSBFunction*))
./lib/usb/libusb.a(dwhcirootport.o)
                              ./lib/usb/libusb.a(dwhcidevice.o) (CDWHCIRootPort::CDWHCIRootPort(CDWHCIDevice*))
./lib/usb/libusb.a(usbhiddevice.o)
                              ./lib/usb/libusb.a(usbkeyboard.o) (CUSBHIDDevice::CUSBHIDDevice(CUSBFunction*, unsigned int))
./lib/usb/libusb.a(usbmouse.o)
                              ./lib/usb/libusb.a(usbdevicefactory.o) (CUSBMouseDevice::CUSBMouseDevice(CUSBFunction*))
./lib/usb/libusb.a(usbgamepad.o)
                              ./lib/usb/libusb.a(usbdevicefactory.o) (CUSBGamePadDevice::CUSBGamePadDevice(CUSBFunction*))
./lib/usb/libusb.a(usbfunction.o)
                              ./lib/usb/libusb.a(usbstandardhub.o) (CUSBFunction::Initialize())
./lib/usb/libusb.a(dwhciframeschednsplit.o)
                              ./lib/usb/libusb.a(dwhcixferstagedata.o) (CDWHCIFrameSchedulerNoSplit::CDWHCIFrameSchedulerNoSplit(int))
./lib/usb/libusb.a(usbprinter.o)
                              ./lib/usb/libusb.a(usbdevicefactory.o) (CUSBPrinterDevice::CUSBPrinterDevice(CUSBFunction*))
./lib/usb/libusb.a(usbbluetooth.o)
                              ./lib/usb/libusb.a(usbdevicefactory.o) (CUSBBluetoothDevice::CUSBBluetoothDevice(CUSBFunction*))
./lib/usb/libusb.a(usbmidi.o)
                              ./lib/usb/libusb.a(usbdevicefactory.o) (CUSBMIDIDevice::CUSBMIDIDevice(CUSBFunction*))
./lib/usb/libusb.a(usbcdcethernet.o)
                              ./lib/usb/libusb.a(usbdevicefactory.o) (CUSBCDCEthernetDevice::CUSBCDCEthernetDevice(CUSBFunction*))
./lib/usb/libusb.a(usbconfigparser.o)
                              ./lib/usb/libusb.a(usbdevice.o) (CUSBConfigurationParser::CUSBConfigurationParser(void const*, unsigned int))
./lib/usb/libusb.a(usbstring.o)
                              ./lib/usb/libusb.a(usbcdcethernet.o) (CUSBString::CUSBString(CUSBDevice*))
./lib/usb/libusb.a(smsc951x.o)
                              ./lib/usb/libusb.a(usbdevicefactory.o) (CSMSC951xDevice::CSMSC951xDevice(CUSBFunction*))
./lib/usb/libusb.a(macaddress.o)
                              ./lib/usb/libusb.a(usbcdcethernet.o) (CMACAddress::CMACAddress())
./lib/usb/libusb.a(netdevice.o)
                              ./lib/usb/libusb.a(usbcdcethernet.o) (CNetDevice::CNetDevice(CUSBFunction*))
./lib/input/libinput.a(keyboardbehaviour.o)
                              ./lib/usb/libusb.a(usbkeyboard.o) (CKeyboardBehaviour::CKeyboardBehaviour())
./lib/input/libinput.a(keymap.o)
                              ./lib/input/libinput.a(keyboardbehaviour.o) (CKeyMap::~CKeyMap())
./lib/input/libinput.a(mousebehaviour.o)
                              ./lib/usb/libusb.a(usbmouse.o) (CMouseBehaviour::CMouseBehaviour())
./lib/net/libnet.a(netsubsystem.o)
                              kernel.o (CNetSubSystem::CNetSubSystem(unsigned char const*, unsigned char const*, unsigned char const*, unsigned char const*))
[...]
Memory Configuration

Name             Origin             Length             Attributes
*default*        0x0000000000000000 0xffffffffffffffff

Linker script and memory map

                0x0000000000008000                . = 0x8000

.text           0x0000000000008000    0x22330
 *(.text*)
 .text          0x0000000000008000       0x70 ./lib/startup.o
                0x0000000000008000                _start
                0x0000000000008064                _start_secondary
 .text          0x0000000000008070        0x0 main.o
 .text.startup  0x0000000000008070       0x60 main.o
                0x0000000000008070                main
 .text          0x00000000000080d0      0x7d0 kernel.o
                0x00000000000080d0                CKernel::CKernel()
                0x00000000000080d0                CKernel::CKernel()
                0x0000000000008218                CKernel::Initialize()
                0x00000000000082d8                tfoo(unsigned int, void const*)
                0x0000000000008310                tfooinf(unsigned int, void const*)
                0x0000000000008358                modifysong(char*, char*)
                0x00000000000083c0                CKernel::Run()
                0x000000000000870c                CKernel::TimerHandler(unsigned int, void*, void*)
                0x0000000000008714                CKernel::~CKernel()
                0x0000000000008714                CKernel::~CKernel()
                0x00000000000087d4                CKernel::KeyPressedHandler(char const*)
 .text          0x00000000000088a0       0xb0 Thread.o
                0x00000000000088a0                Thread::Run()
                0x00000000000088b0                Thread::~Thread()
                0x00000000000088b0                Thread::~Thread()
                0x00000000000088dc                Thread::~Thread()
                0x0000000000008914                Thread::Thread(void (*)(unsigned int, void const*), unsigned int, void const*)
                0x0000000000008914                Thread::Thread(void (*)(unsigned int, void const*), unsigned int, void const*)
 .text          0x0000000000008950     0x1280 HTTPClient.o
                0x0000000000008950                HTTPClient::~HTTPClient()
                0x0000000000008950                HTTPClient::~HTTPClient()
                0x0000000000008994                HTTPClient::~HTTPClient()
                0x00000000000089b4                my_strstr(char*, char const*, int&)
                0x0000000000008a60                HTTPClient::HTTPClient(CNetSubSystem*, CPWMSoundDevice*, CScreenDevice*, char*, int, int, CSocket*, unsigned int, int)
                0x0000000000008a60                HTTPClient::HTTPClient(CNetSubSystem*, CPWMSoundDevice*, CScreenDevice*, char*, int, int, CSocket*, unsigned int, int)
                0x0000000000008ae4                HTTPClient::GetLinkForPhase2()
                0x0000000000008cc4                HTTPClient::GetDownloadLink()
                0x0000000000009068                HTTPClient::getnewlocation()
                0x0000000000009158                HTTPClient::ParseMethod(char*)
                0x00000000000092c4                HTTPClient::ParseHeaderField(char*)
                0x00000000000093fc                HTTPClient::ParseRequest()
                0x0000000000009698                HTTPClient::Request(char*)
                0x0000000000009b78                HTTPClient::Run()
 .text          0x0000000000009bd0        0x0 CoreManager.o
 .text          0x0000000000009bd0       0xbc Keyboard.o
                0x0000000000009bd0                Keyboard::Keyboard(CUSBKeyboardDevice*)
                0x0000000000009bd0                Keyboard::Keyboard(CUSBKeyboardDevice*)
                0x0000000000009bf0                Keyboard::~Keyboard()
                0x0000000000009bf0                Keyboard::~Keyboard()
                0x0000000000009c04                Keyboard::Get()
                0x0000000000009c14                Keyboard::AppendToBuffer(char)
                0x0000000000009c70                Keyboard::ClearBuffer()
                0x0000000000009c80                Keyboard::IsEndOfLine()
                0x0000000000009c88                Keyboard::GetBuffer()
 .text          0x0000000000009c8c     0x24a4 ./lib/usb/libusb.a(dwhcidevice.o)
                0x0000000000009c8c                CDWHCIDevice::CompletionRoutine(CUSBRequest*, void*, void*)
                0x0000000000009cec                CDWHCIDevice::~CDWHCIDevice()
                0x0000000000009cec                CDWHCIDevice::~CDWHCIDevice()
                0x0000000000009d20                CDWHCIDevice::~CDWHCIDevice()
                0x0000000000009dbc                CDWHCIDevice::CDWHCIDevice(CInterruptSystem*, CTimer*)
                0x0000000000009dbc                CDWHCIDevice::CDWHCIDevice(CInterruptSystem*, CTimer*)
                0x0000000000009ea0                CDWHCIDevice::GetPortSpeed()
                0x0000000000009eec                CDWHCIDevice::OvercurrentDetected()
                0x0000000000009f24                CDWHCIDevice::DisableRootPort()
                0x0000000000009f68                CDWHCIDevice::PowerOn()
                0x0000000000009fd0                CDWHCIDevice::EnableGlobalInterrupts()
                0x000000000000a014                CDWHCIDevice::EnableCommonInterrupts()
                0x000000000000a04c                CDWHCIDevice::EnableHostInterrupts()
                0x000000000000a0a8                CDWHCIDevice::EnableChannelInterrupt(unsigned int)
                0x000000000000a11c                CDWHCIDevice::DisableChannelInterrupt(unsigned int)
                0x000000000000a190                CDWHCIDevice::StartChannel(CDWHCITransferStageData*)
                0x000000000000a558                CDWHCIDevice::StartTransaction(CDWHCITransferStageData*)
                0x000000000000a674                CDWHCIDevice::TimerHandler(CDWHCITransferStageData*)
                0x000000000000a72c                CDWHCIDevice::TimerStub(unsigned int, void*, void*)
                0x000000000000a798                CDWHCIDevice::AllocateChannel()
                0x000000000000a870                CDWHCIDevice::FreeChannel(unsigned int)
                0x000000000000a908                CDWHCIDevice::TransferStageAsync(CUSBRequest*, int, int)
                0x000000000000aa64                CDWHCIDevice::SubmitAsyncRequest(CUSBRequest*)
                0x000000000000ab28                CDWHCIDevice::ChannelInterruptHandler(unsigned int)
                0x000000000000afe8                CDWHCIDevice::InterruptHandler()
                0x000000000000b0d8                CDWHCIDevice::InterruptStub(void*)
                0x000000000000b114                CDWHCIDevice::AllocateWaitBlock()
                0x000000000000b188                CDWHCIDevice::FreeWaitBlock(unsigned int)
                0x000000000000b21c                CDWHCIDevice::TransferStage(CUSBRequest*, int, int)
                0x000000000000b308                CDWHCIDevice::SubmitBlockingRequest(CUSBRequest*)
                0x000000000000b52c                CDWHCIDevice::WaitForBit(CDWHCIRegister*, unsigned int, int, unsigned int)
                0x000000000000b634                CDWHCIDevice::EnableRootPort()
                0x000000000000b6f4                CDWHCIDevice::Reset()
                0x000000000000b798                CDWHCIDevice::InitCore()
                0x000000000000b9e4                CDWHCIDevice::FlushTxFIFO(unsigned int)
                0x000000000000ba80                CDWHCIDevice::FlushRxFIFO()
                0x000000000000bb00                CDWHCIDevice::InitHost()
                0x000000000000bcf8                CDWHCIDevice::Initialize()
                0x000000000000bf28                CDWHCIDevice::DumpRegister(char const*, unsigned int)
                0x000000000000bf88                CDWHCIDevice::DumpStatus(unsigned int)
 .text          0x000000000000c130      0x2f8 ./lib/usb/libusb.a(dwhciregister.o)
                0x000000000000c130                CDWHCIRegister::CDWHCIRegister(unsigned int)
                0x000000000000c130                CDWHCIRegister::CDWHCIRegister(unsigned int)
                0x000000000000c140                CDWHCIRegister::CDWHCIRegister(unsigned int, unsigned int)
                0x000000000000c140                CDWHCIRegister::CDWHCIRegister(unsigned int, unsigned int)
                0x000000000000c150                CDWHCIRegister::~CDWHCIRegister()
                0x000000000000c150                CDWHCIRegister::~CDWHCIRegister()
                0x000000000000c154                CDWHCIRegister::Read()
                0x000000000000c170                CDWHCIRegister::Write()
                0x000000000000c1ac                CDWHCIRegister::Get() const
                0x000000000000c1e0                CDWHCIRegister::Set(unsigned int)
                0x000000000000c1f0                CDWHCIRegister::IsSet(unsigned int) const
                0x000000000000c238                CDWHCIRegister::And(unsigned int)
                0x000000000000c278                CDWHCIRegister::Or(unsigned int)
                0x000000000000c2b8                CDWHCIRegister::ClearBit(unsigned int)
                0x000000000000c320                CDWHCIRegister::SetBit(unsigned int)
                0x000000000000c388                CDWHCIRegister::ClearAll()
                0x000000000000c39c                CDWHCIRegister::SetAll()
                0x000000000000c3b0                CDWHCIRegister::Dump() const
 .text          0x000000000000c428      0x964 ./lib/usb/libusb.a(dwhcixferstagedata.o)
                0x000000000000c428                CDWHCITransferStageData::~CDWHCITransferStageData()
                0x000000000000c428                CDWHCITransferStageData::~CDWHCITransferStageData()
                0x000000000000c46c                CDWHCITransferStageData::TransactionComplete(unsigned int, unsigned int, unsigned int)
                0x000000000000c630                CDWHCITransferStageData::SetSplitComplete(int)
                0x000000000000c668                CDWHCITransferStageData::SetState(unsigned int)
                0x000000000000c670                CDWHCITransferStageData::GetState() const
                0x000000000000c678                CDWHCITransferStageData::SetSubState(unsigned int)
                0x000000000000c680                CDWHCITransferStageData::GetSubState() const
                0x000000000000c688                CDWHCITransferStageData::BeginSplitCycle()
                0x000000000000c690                CDWHCITransferStageData::GetChannelNumber() const
                0x000000000000c698                CDWHCITransferStageData::IsPeriodic() const
                0x000000000000c6e8                CDWHCITransferStageData::CDWHCITransferStageData(unsigned int, CUSBRequest*, int, int)
                0x000000000000c6e8                CDWHCITransferStageData::CDWHCITransferStageData(unsigned int, CUSBRequest*, int, int)
                0x000000000000c99c                CDWHCITransferStageData::GetDeviceAddress() const
                0x000000000000c9e0                CDWHCITransferStageData::GetEndpointType() const
                0x000000000000ca5c                CDWHCITransferStageData::GetEndpointNumber() const
                0x000000000000caa0                CDWHCITransferStageData::GetMaxPacketSize() const
                0x000000000000caa8                CDWHCITransferStageData::GetSpeed() const
                0x000000000000cab0                CDWHCITransferStageData::GetPID() const
                0x000000000000cb30                CDWHCITransferStageData::IsDirectionIn() const
                0x000000000000cb38                CDWHCITransferStageData::IsStatusStage() const
                0x000000000000cb40                CDWHCITransferStageData::GetDMAAddress() const
                0x000000000000cb80                CDWHCITransferStageData::GetBytesToTransfer() const
                0x000000000000cb88                CDWHCITransferStageData::GetPacketsToTransfer() const
                0x000000000000cb90                CDWHCITransferStageData::IsSplit() const
                0x000000000000cb98                CDWHCITransferStageData::IsSplitComplete() const
                0x000000000000cbcc                CDWHCITransferStageData::GetHubAddress() const
                0x000000000000cc3c                CDWHCITransferStageData::GetHubPortAddress() const
                0x000000000000ccac                CDWHCITransferStageData::GetSplitPosition() const
                0x000000000000ccb4                CDWHCITransferStageData::GetStatusMask() const
                0x000000000000cce0                CDWHCITransferStageData::GetTransactionStatus() const
                0x000000000000cd20                CDWHCITransferStageData::IsStageComplete() const
                0x000000000000cd30                CDWHCITransferStageData::GetResultLen() const
                0x000000000000cd44                CDWHCITransferStageData::GetURB() const
                0x000000000000cd84                CDWHCITransferStageData::GetFrameScheduler() const
 .text          0x000000000000cd8c      0xf1c ./lib/usb/libusb.a(usbdevice.o)
                0x000000000000cd8c                CUSBDevice::~CUSBDevice()
                0x000000000000cd8c                CUSBDevice::~CUSBDevice()
                0x000000000000ce44                CUSBDevice::~CUSBDevice()
                0x000000000000ce64                CUSBDevice::CUSBDevice(CUSBHostController*, TUSBSpeed, int, unsigned char, unsigned char)
                0x000000000000ce64                CUSBDevice::CUSBDevice(CUSBHostController*, TUSBSpeed, int, unsigned char, unsigned char)
                0x000000000000cf50                CUSBDevice::GetName(TDeviceNameSelector) const
                0x000000000000d064                CUSBDevice::GetNames() const
                0x000000000000d1a0                CUSBDevice::SetAddress(unsigned char)
                0x000000000000d1d4                CUSBDevice::GetAddress() const
                0x000000000000d1dc                CUSBDevice::GetSpeed() const
                0x000000000000d1e4                CUSBDevice::IsSplit() const
                0x000000000000d1ec                CUSBDevice::GetHubAddress() const
                0x000000000000d1f4                CUSBDevice::GetHubPortNumber() const
                0x000000000000d1fc                CUSBDevice::GetEndpoint0() const
                0x000000000000d23c                CUSBDevice::GetHost() const
                0x000000000000d27c                CUSBDevice::GetDeviceDescriptor() const
                0x000000000000d2bc                CUSBDevice::GetConfigurationDescriptor() const
                0x000000000000d2fc                CUSBDevice::GetDescriptor(unsigned char)
                0x000000000000d348                CUSBDevice::ConfigurationError(char const*) const
                0x000000000000d394                CUSBDevice::LogWrite(TLogSeverity, char const*, ...)
                0x000000000000d448                CUSBDevice::Initialize()
                0x000000000000db9c                CUSBDevice::Configure()
 .text          0x000000000000dca8      0x498 ./lib/usb/libusb.a(usbendpoint.o)
                0x000000000000dca8                CUSBEndpoint::CUSBEndpoint(CUSBDevice*)
                0x000000000000dca8                CUSBEndpoint::CUSBEndpoint(CUSBDevice*)
                0x000000000000dd08                CUSBEndpoint::CUSBEndpoint(CUSBDevice*, TUSBEndpointDescriptor const*)
                0x000000000000dd08                CUSBEndpoint::CUSBEndpoint(CUSBDevice*, TUSBEndpointDescriptor const*)
                0x000000000000dec4                CUSBEndpoint::CUSBEndpoint(CUSBEndpoint*, CUSBDevice*)
                0x000000000000dec4                CUSBEndpoint::CUSBEndpoint(CUSBEndpoint*, CUSBDevice*)
                0x000000000000df54                CUSBEndpoint::~CUSBEndpoint()
                0x000000000000df54                CUSBEndpoint::~CUSBEndpoint()
                0x000000000000df58                CUSBEndpoint::GetDevice() const
                0x000000000000df98                CUSBEndpoint::GetNumber() const
                0x000000000000dfa0                CUSBEndpoint::GetType() const
                0x000000000000dfa8                CUSBEndpoint::IsDirectionIn() const
                0x000000000000dfb0                CUSBEndpoint::SetMaxPacketSize(unsigned int)
                0x000000000000dfb8                CUSBEndpoint::GetMaxPacketSize() const
                0x000000000000dfc0                CUSBEndpoint::GetInterval() const
                0x000000000000dff4                CUSBEndpoint::GetNextPID(int)
                0x000000000000e03c                CUSBEndpoint::SkipPID(unsigned int, int)
                0x000000000000e108                CUSBEndpoint::ResetPID()
 .text          0x000000000000e140      0x204 ./lib/usb/libusb.a(usbhostcontroller.o)
                0x000000000000e140                CUSBHostController::CUSBHostController()
                0x000000000000e140                CUSBHostController::CUSBHostController()
                0x000000000000e150                CUSBHostController::~CUSBHostController()
                0x000000000000e150                CUSBHostController::~CUSBHostController()
                0x000000000000e154                CUSBHostController::~CUSBHostController()
                0x000000000000e16c                CUSBHostController::ControlMessage(CUSBEndpoint*, unsigned char, unsigned char, unsigned short, unsigned short, void*, unsigned short)
                0x000000000000e218                CUSBHostController::GetDescriptor(CUSBEndpoint*, unsigned char, unsigned char, void*, unsigned int, unsigned char, unsigned short)
                0x000000000000e24c                CUSBHostController::SetAddress(CUSBEndpoint*, unsigned char)
                0x000000000000e298                CUSBHostController::SetConfiguration(CUSBEndpoint*, unsigned char)
                0x000000000000e2e4                CUSBHostController::Transfer(CUSBEndpoint*, void*, unsigned int)
 .text          0x000000000000e344      0x264 ./lib/usb/libusb.a(usbrequest.o)
                0x000000000000e344                CUSBRequest::CUSBRequest(CUSBEndpoint*, void*, unsigned int, TSetupData*)
                0x000000000000e344                CUSBRequest::CUSBRequest(CUSBEndpoint*, void*, unsigned int, TSetupData*)
                0x000000000000e3dc                CUSBRequest::~CUSBRequest()
                0x000000000000e3dc                CUSBRequest::~CUSBRequest()
                0x000000000000e3e0                CUSBRequest::GetEndpoint() const
                0x000000000000e420                CUSBRequest::SetStatus(int)
                0x000000000000e428                CUSBRequest::SetResultLen(unsigned int)
                0x000000000000e430                CUSBRequest::GetStatus() const
                0x000000000000e438                CUSBRequest::GetResultLength() const
                0x000000000000e46c                CUSBRequest::GetSetupData()
                0x000000000000e4cc                CUSBRequest::GetBuffer()
                0x000000000000e518                CUSBRequest::GetBufLen() const
                0x000000000000e520                CUSBRequest::SetCompletionRoutine(void (*)(CUSBRequest*, void*, void*), void*, void*)
                0x000000000000e54c                CUSBRequest::CallCompletionRoutine()
                0x000000000000e594                CUSBRequest::SetCompleteOnNAK()
                0x000000000000e5a0                CUSBRequest::IsCompleteOnNAK() const
 .text          0x000000000000e5a8      0x2dc ./lib/usb/libusb.a(usbdevicefactory.o)
                0x000000000000e5a8                CUSBDeviceFactory::GetDevice(CUSBFunction*, CString*)
 .text          0x000000000000e884      0xac0 ./lib/usb/libusb.a(usbstandardhub.o)
                0x000000000000e884                CUSBStandardHub::~CUSBStandardHub()
                0x000000000000e884                CUSBStandardHub::~CUSBStandardHub()
                0x000000000000e91c                CUSBStandardHub::~CUSBStandardHub()
                0x000000000000e93c                CUSBStandardHub::CUSBStandardHub(CUSBFunction*)
                0x000000000000e93c                CUSBStandardHub::CUSBStandardHub(CUSBFunction*)
                0x000000000000e988                CUSBStandardHub::EnumeratePorts()
                0x000000000000f120                CUSBStandardHub::Configure()
 .text          0x000000000000f344      0xc9c ./lib/usb/libusb.a(usbmassdevice.o)
                0x000000000000f344                CUSBBulkOnlyMassStorageDevice::Seek(unsigned long long)
                0x000000000000f354                CUSBBulkOnlyMassStorageDevice::~CUSBBulkOnlyMassStorageDevice()
                0x000000000000f354                CUSBBulkOnlyMassStorageDevice::~CUSBBulkOnlyMassStorageDevice()
                0x000000000000f3f0                CUSBBulkOnlyMassStorageDevice::~CUSBBulkOnlyMassStorageDevice()
                0x000000000000f410                CUSBBulkOnlyMassStorageDevice::CUSBBulkOnlyMassStorageDevice(CUSBFunction*)
                0x000000000000f410                CUSBBulkOnlyMassStorageDevice::CUSBBulkOnlyMassStorageDevice(CUSBFunction*)
                0x000000000000f450                CUSBBulkOnlyMassStorageDevice::GetCapacity() const
                0x000000000000f458                CUSBBulkOnlyMassStorageDevice::Command(void*, unsigned int, void*, unsigned int, int)
                0x000000000000f704                CUSBBulkOnlyMassStorageDevice::TryRead(void*, unsigned int)
                0x000000000000f818                CUSBBulkOnlyMassStorageDevice::TryWrite(void const*, unsigned int)
                0x000000000000f928                CUSBBulkOnlyMassStorageDevice::Reset()
                0x000000000000fa84                CUSBBulkOnlyMassStorageDevice::Read(void*, unsigned int)
                0x000000000000faec                CUSBBulkOnlyMassStorageDevice::Write(void const*, unsigned int)
                0x000000000000fb54                CUSBBulkOnlyMassStorageDevice::Configure()
 .text          0x000000000000ffe0      0x22c ./lib/usb/libusb.a(dwhciframeschednper.o)
                0x000000000000ffe0                CDWHCIFrameSchedulerNonPeriodic::~CDWHCIFrameSchedulerNonPeriodic()
                0x000000000000ffe0                CDWHCIFrameSchedulerNonPeriodic::~CDWHCIFrameSchedulerNonPeriodic()
                0x000000000000ffe4                CDWHCIFrameSchedulerNonPeriodic::StartSplit()
                0x000000000000fff0                CDWHCIFrameSchedulerNonPeriodic::WaitForFrame()
                0x000000000000fff4                CDWHCIFrameSchedulerNonPeriodic::IsOddFrame() const
                0x000000000000fffc                CDWHCIFrameSchedulerNonPeriodic::~CDWHCIFrameSchedulerNonPeriodic()
                0x0000000000010014                CDWHCIFrameSchedulerNonPeriodic::CompleteSplit()
                0x0000000000010094                CDWHCIFrameSchedulerNonPeriodic::TransactionComplete(unsigned int)
                0x00000000000101b8                CDWHCIFrameSchedulerNonPeriodic::CDWHCIFrameSchedulerNonPeriodic()
                0x00000000000101b8                CDWHCIFrameSchedulerNonPeriodic::CDWHCIFrameSchedulerNonPeriodic()
 .text          0x000000000001020c      0x2c4 ./lib/usb/libusb.a(dwhciframeschedper.o)
                0x000000000001020c                CDWHCIFrameSchedulerPeriodic::~CDWHCIFrameSchedulerPeriodic()
                0x000000000001020c                CDWHCIFrameSchedulerPeriodic::~CDWHCIFrameSchedulerPeriodic()
                0x0000000000010210                CDWHCIFrameSchedulerPeriodic::StartSplit()
                0x0000000000010224                CDWHCIFrameSchedulerPeriodic::IsOddFrame() const
                0x0000000000010230                CDWHCIFrameSchedulerPeriodic::~CDWHCIFrameSchedulerPeriodic()
                0x0000000000010248                CDWHCIFrameSchedulerPeriodic::WaitForFrame()
                0x00000000000102b8                CDWHCIFrameSchedulerPeriodic::CompleteSplit()
                0x0000000000010354                CDWHCIFrameSchedulerPeriodic::TransactionComplete(unsigned int)
                0x0000000000010474                CDWHCIFrameSchedulerPeriodic::CDWHCIFrameSchedulerPeriodic()
                0x0000000000010474                CDWHCIFrameSchedulerPeriodic::CDWHCIFrameSchedulerPeriodic()
 .text          0x00000000000104d0      0x440 ./lib/usb/libusb.a(usbkeyboard.o)
                0x00000000000104d0                CUSBKeyboardDevice::~CUSBKeyboardDevice()
                0x00000000000104d0                CUSBKeyboardDevice::~CUSBKeyboardDevice()
                0x0000000000010504                CUSBKeyboardDevice::~CUSBKeyboardDevice()
                0x0000000000010544                CUSBKeyboardDevice::ReportHandler(unsigned char const*)
                0x00000000000106a8                CUSBKeyboardDevice::CUSBKeyboardDevice(CUSBFunction*)
                0x00000000000106a8                CUSBKeyboardDevice::CUSBKeyboardDevice(CUSBFunction*)
                0x00000000000106f4                CUSBKeyboardDevice::RegisterKeyPressedHandler(void (*)(char const*))
                0x00000000000106fc                CUSBKeyboardDevice::RegisterSelectConsoleHandler(void (*)(unsigned int))
                0x0000000000010704                CUSBKeyboardDevice::RegisterShutdownHandler(void (*)())
                0x000000000001070c                CUSBKeyboardDevice::GetLEDStatus() const
                0x0000000000010734                CUSBKeyboardDevice::RegisterKeyStatusHandlerRaw(void (*)(unsigned char, unsigned char const*))
                0x000000000001076c                CUSBKeyboardDevice::SetLEDs(unsigned char)
                0x00000000000107dc                CUSBKeyboardDevice::UpdateLEDs()
                0x0000000000010838                CUSBKeyboardDevice::FindByte(unsigned char const*, unsigned char, unsigned int)
                0x0000000000010864                CUSBKeyboardDevice::Configure()
 .text          0x0000000000010910      0x1fc ./lib/usb/libusb.a(dwhcirootport.o)
                0x0000000000010910                CDWHCIRootPort::CDWHCIRootPort(CDWHCIDevice*)
                0x0000000000010910                CDWHCIRootPort::CDWHCIRootPort(CDWHCIDevice*)
                0x0000000000010950                CDWHCIRootPort::~CDWHCIRootPort()
                0x0000000000010950                CDWHCIRootPort::~CDWHCIRootPort()
                0x0000000000010978                CDWHCIRootPort::Initialize()
 .text          0x0000000000010b0c      0x558 ./lib/usb/libusb.a(usbhiddevice.o)
                0x0000000000010b0c                CUSBHIDDevice::CUSBHIDDevice(CUSBFunction*, unsigned int)
                0x0000000000010b0c                CUSBHIDDevice::CUSBHIDDevice(CUSBFunction*, unsigned int)
                0x0000000000010b58                CUSBHIDDevice::~CUSBHIDDevice()
                0x0000000000010b58                CUSBHIDDevice::~CUSBHIDDevice()
                0x0000000000010bbc                CUSBHIDDevice::~CUSBHIDDevice()
                0x0000000000010bdc                CUSBHIDDevice::StartRequest()
                0x0000000000010d0c                CUSBHIDDevice::Configure(unsigned int)
                0x0000000000010f24                CUSBHIDDevice::CompletionRoutine(CUSBRequest*)
                0x000000000001101c                CUSBHIDDevice::CompletionStub(CUSBRequest*, void*, void*)
 .text          0x0000000000011064      0x228 ./lib/usb/libusb.a(usbmouse.o)
                0x0000000000011064                CUSBMouseDevice::~CUSBMouseDevice()
                0x0000000000011064                CUSBMouseDevice::~CUSBMouseDevice()
                0x0000000000011098                CUSBMouseDevice::~CUSBMouseDevice()
                0x00000000000110d8                CUSBMouseDevice::ReportHandler(unsigned char const*)
                0x0000000000011134                CUSBMouseDevice::CUSBMouseDevice(CUSBFunction*)
                0x0000000000011134                CUSBMouseDevice::CUSBMouseDevice(CUSBFunction*)
                0x0000000000011168                CUSBMouseDevice::Setup(unsigned int, unsigned int)
                0x0000000000011170                CUSBMouseDevice::RegisterEventHandler(void (*)(TMouseEvent, unsigned int, unsigned int, unsigned int))
                0x0000000000011178                CUSBMouseDevice::SetCursor(unsigned int, unsigned int)
                0x0000000000011180                CUSBMouseDevice::ShowCursor(int)
                0x0000000000011188                CUSBMouseDevice::RegisterStatusHandler(void (*)(unsigned int, int, int))
                0x00000000000111e0                CUSBMouseDevice::Configure()
 .text          0x000000000001128c      0xae4 ./lib/usb/libusb.a(usbgamepad.o)
                0x000000000001128c                CUSBGamePadDevice::~CUSBGamePadDevice()
                0x000000000001128c                CUSBGamePadDevice::~CUSBGamePadDevice()
                0x00000000000112d0                CUSBGamePadDevice::~CUSBGamePadDevice()
                0x00000000000112f0                CUSBGamePadDevice::CUSBGamePadDevice(CUSBFunction*)
                0x00000000000112f0                CUSBGamePadDevice::CUSBGamePadDevice(CUSBFunction*)
                0x0000000000011374                CUSBGamePadDevice::RegisterStatusHandler(void (*)(unsigned int, TGamePadState const*))
                0x00000000000113cc                CUSBGamePadDevice::BitGetUnsigned(void const*, unsigned int, unsigned int)
                0x00000000000114d0                CUSBGamePadDevice::BitGetSigned(void const*, unsigned int, unsigned int)
                0x00000000000114f8                CUSBGamePadDevice::DecodeReport(unsigned char const*)
                0x0000000000011964                CUSBGamePadDevice::GetReport()
                0x0000000000011a2c                CUSBGamePadDevice::ReportHandler(unsigned char const*)
                0x0000000000011a64                CUSBGamePadDevice::PS3Configure()
                0x0000000000011b3c                CUSBGamePadDevice::Configure()
 .text          0x0000000000011d70      0x614 ./lib/usb/libusb.a(usbfunction.o)
                0x0000000000011d70                CUSBFunction::Initialize()
                0x0000000000011d78                CUSBFunction::~CUSBFunction()
                0x0000000000011d78                CUSBFunction::~CUSBFunction()
                0x0000000000011dd0                CUSBFunction::~CUSBFunction()
                0x0000000000011df0                CUSBFunction::CUSBFunction(CUSBDevice*, CUSBConfigurationParser*)
                0x0000000000011df0                CUSBFunction::CUSBFunction(CUSBDevice*, CUSBConfigurationParser*)
                0x0000000000011ebc                CUSBFunction::CUSBFunction(CUSBFunction*)
                0x0000000000011ebc                CUSBFunction::CUSBFunction(CUSBFunction*)
                0x0000000000011fcc                CUSBFunction::GetInterfaceName() const
                0x0000000000012038                CUSBFunction::GetNumEndpoints() const
                0x0000000000012078                CUSBFunction::GetDevice() const
                0x00000000000120b8                CUSBFunction::GetEndpoint0() const
                0x00000000000120fc                CUSBFunction::GetHost() const
                0x0000000000012140                CUSBFunction::Configure()
                0x0000000000012204                CUSBFunction::GetDescriptor(unsigned char)
                0x0000000000012250                CUSBFunction::ConfigurationError(char const*) const
                0x00000000000122c4                CUSBFunction::GetInterfaceNumber() const
                0x0000000000012304                CUSBFunction::GetInterfaceSubClass() const
                0x0000000000012344                CUSBFunction::GetInterfaceProtocol() const
 .text          0x0000000000012384       0xfc ./lib/usb/libusb.a(dwhciframeschednsplit.o)
                0x0000000000012384                CDWHCIFrameSchedulerNoSplit::~CDWHCIFrameSchedulerNoSplit()
                0x0000000000012384                CDWHCIFrameSchedulerNoSplit::~CDWHCIFrameSchedulerNoSplit()
                0x0000000000012388                CDWHCIFrameSchedulerNoSplit::IsOddFrame() const
                0x0000000000012394                CDWHCIFrameSchedulerNoSplit::~CDWHCIFrameSchedulerNoSplit()
                0x00000000000123ac                CDWHCIFrameSchedulerNoSplit::StartSplit()
                0x00000000000123c4                CDWHCIFrameSchedulerNoSplit::CompleteSplit()
                0x00000000000123e8                CDWHCIFrameSchedulerNoSplit::TransactionComplete(unsigned int)
                0x0000000000012400                CDWHCIFrameSchedulerNoSplit::WaitForFrame()
                0x0000000000012464                CDWHCIFrameSchedulerNoSplit::CDWHCIFrameSchedulerNoSplit(int)
                0x0000000000012464                CDWHCIFrameSchedulerNoSplit::CDWHCIFrameSchedulerNoSplit(int)
 .text          0x0000000000012480      0x36c ./lib/usb/libusb.a(usbprinter.o)
                0x0000000000012480                CUSBPrinterDevice::~CUSBPrinterDevice()
                0x0000000000012480                CUSBPrinterDevice::~CUSBPrinterDevice()
                0x00000000000124f4                CUSBPrinterDevice::~CUSBPrinterDevice()
                0x0000000000012514                CUSBPrinterDevice::Write(void const*, unsigned int)
                0x00000000000125b8                CUSBPrinterDevice::CUSBPrinterDevice(CUSBFunction*)
                0x00000000000125b8                CUSBPrinterDevice::CUSBPrinterDevice(CUSBFunction*)
                0x00000000000125e8                CUSBPrinterDevice::Configure()
 .text          0x00000000000127ec      0x694 ./lib/usb/libusb.a(usbbluetooth.o)
                0x00000000000127ec                CUSBBluetoothDevice::~CUSBBluetoothDevice()
                0x00000000000127ec                CUSBBluetoothDevice::~CUSBBluetoothDevice()
                0x00000000000128a8                CUSBBluetoothDevice::~CUSBBluetoothDevice()
                0x00000000000128c8                CUSBBluetoothDevice::CUSBBluetoothDevice(CUSBFunction*)
                0x00000000000128c8                CUSBBluetoothDevice::CUSBBluetoothDevice(CUSBFunction*)
                0x0000000000012904                CUSBBluetoothDevice::SendHCICommand(void const*, unsigned int)
                0x0000000000012964                CUSBBluetoothDevice::StartRequest()
                0x0000000000012a88                CUSBBluetoothDevice::RegisterHCIEventHandler(void (*)(void const*, unsigned int))
                0x0000000000012acc                CUSBBluetoothDevice::CompletionRoutine(CUSBRequest*)
                0x0000000000012c0c                CUSBBluetoothDevice::CompletionStub(CUSBRequest*, void*, void*)
                0x0000000000012c54                CUSBBluetoothDevice::Configure()
 .text          0x0000000000012e80      0x72c ./lib/usb/libusb.a(usbmidi.o)
                0x0000000000012e80                CUSBMIDIDevice::~CUSBMIDIDevice()
                0x0000000000012e80                CUSBMIDIDevice::~CUSBMIDIDevice()
                0x0000000000012ee4                CUSBMIDIDevice::~CUSBMIDIDevice()
                0x0000000000012f04                CUSBMIDIDevice::CUSBMIDIDevice(CUSBFunction*)
                0x0000000000012f04                CUSBMIDIDevice::CUSBMIDIDevice(CUSBFunction*)
                0x0000000000012f3c                CUSBMIDIDevice::RegisterPacketHandler(void (*)(unsigned int, unsigned char*, unsigned int))
                0x0000000000012f94                CUSBMIDIDevice::StartRequest()
                0x00000000000130cc                CUSBMIDIDevice::CompletionRoutine(CUSBRequest*)
                0x00000000000132a8                CUSBMIDIDevice::CompletionStub(CUSBRequest*, void*, void*)
                0x00000000000132f0                CUSBMIDIDevice::TimerHandler(unsigned int)
                0x0000000000013330                CUSBMIDIDevice::TimerStub(unsigned int, void*, void*)
                0x0000000000013378                CUSBMIDIDevice::Configure()
 .text          0x00000000000135ac      0x5ac ./lib/usb/libusb.a(usbcdcethernet.o)
                0x00000000000135ac                CUSBCDCEthernetDevice::GetMACAddress() const
                0x00000000000135b4                CUSBCDCEthernetDevice::~CUSBCDCEthernetDevice()
                0x00000000000135b4                CUSBCDCEthernetDevice::~CUSBCDCEthernetDevice()
                0x0000000000013630                CUSBCDCEthernetDevice::~CUSBCDCEthernetDevice()
                0x0000000000013650                CUSBCDCEthernetDevice::SendFrame(void const*, unsigned int)
                0x00000000000136f0                CUSBCDCEthernetDevice::ReceiveFrame(void*, unsigned int*)
                0x00000000000137ec                CUSBCDCEthernetDevice::CUSBCDCEthernetDevice(CUSBFunction*)
                0x00000000000137ec                CUSBCDCEthernetDevice::CUSBCDCEthernetDevice(CUSBFunction*)
                0x0000000000013820                CUSBCDCEthernetDevice::InitMACAddress(unsigned char)
                0x0000000000013920                CUSBCDCEthernetDevice::Configure()
 .text          0x0000000000013b58      0x36c ./lib/usb/libusb.a(usbconfigparser.o)
                0x0000000000013b58                CUSBConfigurationParser::CUSBConfigurationParser(void const*, unsigned int)
                0x0000000000013b58                CUSBConfigurationParser::CUSBConfigurationParser(void const*, unsigned int)
                0x0000000000013cb0                CUSBConfigurationParser::CUSBConfigurationParser(CUSBConfigurationParser*)
                0x0000000000013cb0                CUSBConfigurationParser::CUSBConfigurationParser(CUSBConfigurationParser*)
                0x0000000000013d10                CUSBConfigurationParser::~CUSBConfigurationParser()
                0x0000000000013d10                CUSBConfigurationParser::~CUSBConfigurationParser()
                0x0000000000013d14                CUSBConfigurationParser::IsValid() const
                0x0000000000013d1c                CUSBConfigurationParser::GetDescriptor(unsigned char)
                0x0000000000013dfc                CUSBConfigurationParser::GetCurrentDescriptor()
                0x0000000000013e58                CUSBConfigurationParser::Error(char const*) const
 .text          0x0000000000013ec4      0x5c4 ./lib/usb/libusb.a(usbstring.o)
                0x0000000000013ec4                CUSBString::CUSBString(CUSBDevice*)
                0x0000000000013ec4                CUSBString::CUSBString(CUSBDevice*)
                0x0000000000013f44                CUSBString::CUSBString(CUSBString*)
                0x0000000000013f44                CUSBString::CUSBString(CUSBString*)
                0x0000000000014018                CUSBString::~CUSBString()
                0x0000000000014018                CUSBString::~CUSBString()
                0x0000000000014058                CUSBString::GetFromDescriptor(unsigned char, unsigned short)
                0x00000000000142fc                CUSBString::Get() const
                0x0000000000014304                CUSBString::GetLanguageID()
 .text          0x0000000000014488      0x910 ./lib/usb/libusb.a(smsc951x.o)
                0x0000000000014488                CSMSC951xDevice::GetMACAddress() const
                0x0000000000014490                CSMSC951xDevice::~CSMSC951xDevice()
                0x0000000000014490                CSMSC951xDevice::~CSMSC951xDevice()
                0x0000000000014520                CSMSC951xDevice::~CSMSC951xDevice()
                0x0000000000014540                CSMSC951xDevice::ReceiveFrame(void*, unsigned int*)
                0x00000000000146d4                CSMSC951xDevice::SendFrame(void const*, unsigned int)
                0x00000000000147b0                CSMSC951xDevice::CSMSC951xDevice(CUSBFunction*)
                0x00000000000147b0                CSMSC951xDevice::CSMSC951xDevice(CUSBFunction*)
                0x00000000000147f4                CSMSC951xDevice::WriteReg(unsigned int, unsigned int)
                0x000000000001485c                CSMSC951xDevice::ReadReg(unsigned int, unsigned int*)
                0x00000000000148c4                CSMSC951xDevice::DumpReg(char const*, unsigned int)
                0x000000000001493c                CSMSC951xDevice::DumpRegs()
                0x0000000000014ad4                CSMSC951xDevice::Configure()
 .text          0x0000000000014d98      0x2d0 ./lib/usb/libusb.a(macaddress.o)
                0x0000000000014d98                CMACAddress::CMACAddress()
                0x0000000000014d98                CMACAddress::CMACAddress()
                0x0000000000014da4                CMACAddress::~CMACAddress()
                0x0000000000014da4                CMACAddress::~CMACAddress()
                0x0000000000014da8                CMACAddress::operator==(CMACAddress const&) const
                0x0000000000014e30                CMACAddress::operator!=(CMACAddress const&) const
                0x0000000000014e44                CMACAddress::Set(unsigned char const*)
                0x0000000000014e8c                CMACAddress::CMACAddress(unsigned char const*)
                0x0000000000014e8c                CMACAddress::CMACAddress(unsigned char const*)
                0x0000000000014ea0                CMACAddress::SetBroadcast()
                0x0000000000014ec4                CMACAddress::Get() const
                0x0000000000014ef8                CMACAddress::CopyTo(unsigned char*) const
                0x0000000000014f68                CMACAddress::IsBroadcast() const
                0x0000000000014fc4                CMACAddress::GetSize() const
                0x0000000000014fcc                CMACAddress::Format(CString*) const
 .text          0x0000000000015068       0xd8 ./lib/usb/libusb.a(netdevice.o)
                0x0000000000015068                CNetDevice::CNetDevice(CUSBFunction*)
                0x0000000000015068                CNetDevice::CNetDevice(CUSBFunction*)
                0x0000000000015088                CNetDevice::~CNetDevice()
                0x0000000000015088                CNetDevice::~CNetDevice()
                0x00000000000150a8                CNetDevice::~CNetDevice()
                0x00000000000150d4                CNetDevice::AddNetDevice()
 .text          0x0000000000015140      0x374 ./lib/input/libinput.a(keyboardbehaviour.o)
                0x0000000000015140                CKeyboardBehaviour::CKeyboardBehaviour()
                0x0000000000015140                CKeyboardBehaviour::CKeyboardBehaviour()
                0x0000000000015174                CKeyboardBehaviour::~CKeyboardBehaviour()
                0x0000000000015174                CKeyboardBehaviour::~CKeyboardBehaviour()
                0x000000000001519c                CKeyboardBehaviour::RegisterKeyPressedHandler(void (*)(char const*))
                0x00000000000151d4                CKeyboardBehaviour::RegisterSelectConsoleHandler(void (*)(unsigned int))
                0x000000000001520c                CKeyboardBehaviour::RegisterShutdownHandler(void (*)())
                0x0000000000015244                CKeyboardBehaviour::GetLEDStatus() const
                0x000000000001524c                CKeyboardBehaviour::GenerateKeyEvent(unsigned char)
                0x000000000001532c                CKeyboardBehaviour::KeyPressed(unsigned char)
                0x0000000000015370                CKeyboardBehaviour::KeyReleased(unsigned char)
                0x00000000000153d8                CKeyboardBehaviour::TimerHandler(unsigned int)
                0x000000000001546c                CKeyboardBehaviour::TimerStub(unsigned int, void*, void*)
 .text          0x00000000000154b4      0x3c4 ./lib/input/libinput.a(keymap.o)
                0x00000000000154b4                CKeyMap::~CKeyMap()
                0x00000000000154b4                CKeyMap::~CKeyMap()
                0x00000000000154b8                CKeyMap::ClearTable(unsigned char)
                0x00000000000154f0                CKeyMap::SetEntry(unsigned char, unsigned char, unsigned short)
                0x0000000000015540                CKeyMap::Translate(unsigned char, unsigned char)
                0x0000000000015658                CKeyMap::GetString(unsigned short, unsigned char, char*) const
                0x0000000000015714                CKeyMap::GetLEDStatus() const
                0x0000000000015744                CKeyMap::LookupDefaultMap(char const*)
                0x00000000000157d4                CKeyMap::CKeyMap()
                0x00000000000157d4                CKeyMap::CKeyMap()
 .text          0x0000000000015878      0x500 ./lib/input/libinput.a(mousebehaviour.o)
                0x0000000000015878                CMouseBehaviour::CMouseBehaviour()
                0x0000000000015878                CMouseBehaviour::CMouseBehaviour()
                0x000000000001589c                CMouseBehaviour::~CMouseBehaviour()
                0x000000000001589c                CMouseBehaviour::~CMouseBehaviour()
                0x00000000000158a0                CMouseBehaviour::Setup(unsigned int, unsigned int)
                0x00000000000159fc                CMouseBehaviour::RegisterEventHandler(void (*)(TMouseEvent, unsigned int, unsigned int, unsigned int))
                0x0000000000015a54                CMouseBehaviour::SetCursorState(unsigned int, unsigned int, int)
                0x0000000000015acc                CMouseBehaviour::SetCursor(unsigned int, unsigned int)
                0x0000000000015b7c                CMouseBehaviour::ShowCursor(int)
                0x0000000000015bf8                CMouseBehaviour::MouseStatusChanged(unsigned int, int, int)
 .text          0x0000000000015d78      0x308 ./lib/net/libnet.a(netsubsystem.o)
                0x0000000000015d78                CNetSubSystem::CNetSubSystem(unsigned char const*, unsigned char const*, unsigned char const*, unsigned char const*)
                0x0000000000015d78                CNetSubSystem::CNetSubSystem(unsigned char const*, unsigned char const*, unsigned char const*, unsigned char const*)
                0x0000000000015e54                CNetSubSystem::~CNetSubSystem()
                0x0000000000015e54                CNetSubSystem::~CNetSubSystem()
                0x0000000000015eac                CNetSubSystem::Initialize()
                0x0000000000015fe8                CNetSubSystem::Process()
                0x0000000000016014                CNetSubSystem::GetConfig()
                0x0000000000016018                CNetSubSystem::GetNetDeviceLayer()
                0x0000000000016020                CNetSubSystem::GetTransportLayer()
                0x0000000000016028                CNetSubSystem::IsRunning() const
 .text          0x0000000000016080       0xd4 ./lib/net/libnet.a(nettask.o)
                0x0000000000016080                CNetTask::~CNetTask()
                0x0000000000016080                CNetTask::~CNetTask()
                0x00000000000160a8                CNetTask::~CNetTask()
                0x00000000000160dc                CNetTask::Run()
                0x0000000000016128                CNetTask::CNetTask(CNetSubSystem*)
                0x0000000000016128                CNetTask::CNetTask(CNetSubSystem*)
 .text          0x0000000000016154      0x928 ./lib/net/libnet.a(socket.o)
                0x0000000000016154                CSocket::CSocket(CNetSubSystem*, int)
                0x0000000000016154                CSocket::CSocket(CNetSubSystem*, int)
                0x0000000000016208                CSocket::CSocket(CSocket&)
                0x0000000000016208                CSocket::CSocket(CSocket&)
                0x00000000000162a4                CSocket::~CSocket()
                0x00000000000162a4                CSocket::~CSocket()
                0x0000000000016308                CSocket::Bind(unsigned short)
                0x0000000000016368                CSocket::Connect(CIPAddress&, unsigned short)
                0x0000000000016468                CSocket::Listen()
                0x00000000000164e4                CSocket::Accept(CIPAddress*, unsigned short*)
                0x0000000000016608                CSocket::Send(void const*, unsigned int, int)
                0x00000000000166b4                CSocket::Receive(void*, unsigned int, int)
                0x00000000000167a4                CSocket::SendTo(void const*, unsigned int, int, CIPAddress&, unsigned short)
                0x00000000000168a8                CSocket::ReceiveFrom(void*, unsigned int, int, CIPAddress*, unsigned short*)
                0x00000000000169b0                CSocket::SetOptionBroadcast(int)
                0x0000000000016a20                CSocket::GetForeignIP() const
 .text          0x0000000000016a7c      0xffc ./lib/net/libnet.a(transportlayer.o)
                0x0000000000016a7c                CTransportLayer::CTransportLayer(CNetConfig*, CNetworkLayer*)
                0x0000000000016a7c                CTransportLayer::CTransportLayer(CNetConfig*, CNetworkLayer*)
                0x0000000000016b28                CTransportLayer::Initialize()
                0x0000000000016b68                CTransportLayer::Bind(unsigned short, int)
                0x0000000000016ce8                CTransportLayer::Connect(CIPAddress&, unsigned short, unsigned short, int)
                0x0000000000016f88                CTransportLayer::Listen(unsigned short, int)
                0x0000000000017100                CTransportLayer::Accept(CIPAddress*, unsigned short*, int)
                0x00000000000171d8                CTransportLayer::Disconnect(int)
                0x0000000000017258                CTransportLayer::Send(void const*, unsigned int, int, int)
                0x0000000000017340                CTransportLayer::Receive(void*, int, int)
                0x00000000000173f4                CTransportLayer::SendTo(void const*, unsigned int, int, CIPAddress&, unsigned short, int)
                0x00000000000174ec                CTransportLayer::ReceiveFrom(void*, int, CIPAddress*, unsigned short*, int)
                0x00000000000175b8                CTransportLayer::SetOptionBroadcast(int, int)
                0x0000000000017640                CTransportLayer::GetForeignIP(int) const
                0x00000000000176b0                CTransportLayer::~CTransportLayer()
                0x00000000000176b0                CTransportLayer::~CTransportLayer()
                0x0000000000017748                CTransportLayer::Process()
 .text          0x0000000000017a78      0x9e0 ./lib/net/libnet.a(networklayer.o)
                0x0000000000017a78                CNetworkLayer::CNetworkLayer(CNetConfig*, CLinkLayer*)
                0x0000000000017a78                CNetworkLayer::CNetworkLayer(CNetConfig*, CLinkLayer*)
                0x0000000000017b0c                CNetworkLayer::~CNetworkLayer()
                0x0000000000017b0c                CNetworkLayer::~CNetworkLayer()
                0x0000000000017b80                CNetworkLayer::Initialize()
                0x0000000000017c2c                CNetworkLayer::Process()
                0x0000000000017eb4                CNetworkLayer::Send(CIPAddress const&, void const*, unsigned int, int)
                0x0000000000018118                CNetworkLayer::Receive(void*, unsigned int*, CIPAddress*, CIPAddress*, int*)
                0x0000000000018264                CNetworkLayer::ReceiveNotification(TICMPNotificationType*, CIPAddress*, CIPAddress*, unsigned short*, unsigned short*, int*)
                0x00000000000183d8                CNetworkLayer::AddRoute(unsigned char const*, unsigned char const*)
                0x00000000000183e0                CNetworkLayer::GetGateway(unsigned char const*) const
 .text          0x0000000000018458      0x5b8 ./lib/net/libnet.a(linklayer.o)
                0x0000000000018458                CLinkLayer::CLinkLayer(CNetConfig*, CNetDeviceLayer*)
                0x0000000000018458                CLinkLayer::CLinkLayer(CNetConfig*, CNetDeviceLayer*)
                0x00000000000184dc                CLinkLayer::~CLinkLayer()
                0x00000000000184dc                CLinkLayer::~CLinkLayer()
                0x000000000001853c                CLinkLayer::Initialize()
                0x00000000000185c0                CLinkLayer::Process()
                0x00000000000187d0                CLinkLayer::Send(CIPAddress const&, void const*, unsigned int)
                0x000000000001899c                CLinkLayer::Receive(void*, unsigned int*)
 .text          0x0000000000018a10      0x300 ./lib/net/libnet.a(netdevlayer.o)
                0x0000000000018a10                CNetDeviceLayer::CNetDeviceLayer(CNetConfig*)
                0x0000000000018a10                CNetDeviceLayer::CNetDeviceLayer(CNetConfig*)
                0x0000000000018a40                CNetDeviceLayer::~CNetDeviceLayer()
                0x0000000000018a40                CNetDeviceLayer::~CNetDeviceLayer()
                0x0000000000018a80                CNetDeviceLayer::Initialize()
                0x0000000000018b2c                CNetDeviceLayer::Process()
                0x0000000000018c5c                CNetDeviceLayer::GetMACAddress() const
                0x0000000000018cb0                CNetDeviceLayer::Send(void const*, unsigned int)
                0x0000000000018cbc                CNetDeviceLayer::Receive(void*, unsigned int*)
 .text          0x0000000000018d10      0x980 ./lib/net/libnet.a(arphandler.o)
                0x0000000000018d10                CARPHandler::TimerHandler(unsigned int, void*, void*)
                0x0000000000018dd4                CARPHandler::CARPHandler(CNetConfig*, CNetDeviceLayer*, CNetQueue*)
                0x0000000000018dd4                CARPHandler::CARPHandler(CNetConfig*, CNetDeviceLayer*, CNetQueue*)
                0x0000000000018ea0                CARPHandler::~CARPHandler()
                0x0000000000018ea0                CARPHandler::~CARPHandler()
                0x0000000000018ec0                CARPHandler::ReplyReceived(CIPAddress const&, CMACAddress const&)
                0x0000000000018f68                CARPHandler::RequestReceived(CIPAddress const&, CMACAddress const&)
                0x0000000000019048                CARPHandler::SendPacket(int, CIPAddress const&, CMACAddress const&)
                0x00000000000191a0                CARPHandler::Process()
                0x0000000000019414                CARPHandler::Resolve(CIPAddress const&, CMACAddress*)
 .text          0x0000000000019690      0x628 ./lib/net/libnet.a(icmphandler.o)
                0x0000000000019690                CICMPHandler::CICMPHandler(CNetConfig*, CNetworkLayer*, CNetQueue*, CNetQueue*)
                0x0000000000019690                CICMPHandler::CICMPHandler(CNetConfig*, CNetworkLayer*, CNetQueue*, CNetQueue*)
                0x0000000000019774                CICMPHandler::~CICMPHandler()
                0x0000000000019774                CICMPHandler::~CICMPHandler()
                0x0000000000019794                CICMPHandler::EnqueueNotification(TICMPNotificationType, TIPHeader*, TICMPDataDatagramHeader*)
                0x00000000000198a0                CICMPHandler::Process()
 .text          0x0000000000019cb8      0x264 ./lib/net/libnet.a(routecache.o)
                0x0000000000019cb8                CRouteCache::CRouteCache()
                0x0000000000019cb8                CRouteCache::CRouteCache()
                0x0000000000019cd4                CRouteCache::Flush()
                0x0000000000019d1c                CRouteCache::~CRouteCache()
                0x0000000000019d1c                CRouteCache::~CRouteCache()
                0x0000000000019d38                CRouteCache::AddRoute(unsigned char const*, unsigned char const*)
                0x0000000000019e44                CRouteCache::GetRoute(unsigned char const*) const
 .text          0x0000000000019f1c      0x230 ./lib/net/libnet.a(netconnection.o)
                0x0000000000019f1c                CNetConnection::CNetConnection(CNetConfig*, CNetworkLayer*, CIPAddress&, unsigned short, unsigned short, int)
                0x0000000000019f1c                CNetConnection::CNetConnection(CNetConfig*, CNetworkLayer*, CIPAddress&, unsigned short, unsigned short, int)
                0x0000000000019fdc                CNetConnection::CNetConnection(CNetConfig*, CNetworkLayer*, unsigned short, int)
                0x0000000000019fdc                CNetConnection::CNetConnection(CNetConfig*, CNetworkLayer*, unsigned short, int)
                0x000000000001a088                CNetConnection::~CNetConnection()
                0x000000000001a088                CNetConnection::~CNetConnection()
                0x000000000001a0bc                CNetConnection::~CNetConnection()
                0x000000000001a0fc                CNetConnection::GetForeignIP() const
                0x000000000001a104                CNetConnection::GetOwnPort() const
                0x000000000001a144                CNetConnection::GetProtocol() const
 .text          0x000000000001a14c      0xa40 ./lib/net/libnet.a(udpconnection.o)
                0x000000000001a14c                CUDPConnection::Accept(CIPAddress*, unsigned short*)
                0x000000000001a154                CUDPConnection::Close()
                0x000000000001a170                CUDPConnection::SetOptionBroadcast(int)
                0x000000000001a17c                CUDPConnection::IsTerminated() const
                0x000000000001a18c                CUDPConnection::Process()
                0x000000000001a190                CUDPConnection::~CUDPConnection()
                0x000000000001a190                CUDPConnection::~CUDPConnection()
                0x000000000001a1e8                CUDPConnection::~CUDPConnection()
                0x000000000001a208                CUDPConnection::Send(void const*, unsigned int, int)
                0x000000000001a3e4                CUDPConnection::Receive(void*, int)
                0x000000000001a4e8                CUDPConnection::ReceiveFrom(void*, int, CIPAddress*, unsigned short*)
                0x000000000001a620                CUDPConnection::Connect()
                0x000000000001a658                CUDPConnection::SendTo(void const*, unsigned int, int, CIPAddress&, unsigned short)
                0x000000000001a854                CUDPConnection::PacketReceived(void const*, unsigned int, CIPAddress&, CIPAddress&, int)
                0x000000000001aa04                CUDPConnection::NotificationReceived(TICMPNotificationType, CIPAddress&, CIPAddress&, unsigned short, unsigned short, int)
                0x000000000001aac4                CUDPConnection::CUDPConnection(CNetConfig*, CNetworkLayer*, CIPAddress&, unsigned short, unsigned short)
                0x000000000001aac4                CUDPConnection::CUDPConnection(CNetConfig*, CNetworkLayer*, CIPAddress&, unsigned short, unsigned short)
                0x000000000001ab30                CUDPConnection::CUDPConnection(CNetConfig*, CNetworkLayer*, unsigned short)
                0x000000000001ab30                CUDPConnection::CUDPConnection(CNetConfig*, CNetworkLayer*, unsigned short)
 .text          0x000000000001ab8c     0x2108 ./lib/net/libnet.a(tcpconnection.o)
                0x000000000001ab8c                CTCPConnection::SendTo(void const*, unsigned int, int, CIPAddress&, unsigned short)
                0x000000000001aba4                CTCPConnection::SetOptionBroadcast(int)
                0x000000000001abac                CTCPConnection::IsTerminated() const
                0x000000000001abbc                CTCPConnection::ReceiveFrom(void*, int, CIPAddress*, unsigned short*)
                0x000000000001ac10                CTCPConnection::Send(void const*, unsigned int, int)
                0x000000000001ad28                CTCPConnection::Receive(void*, int)
                0x000000000001ade8                CTCPConnection::NotificationReceived(TICMPNotificationType, CIPAddress&, CIPAddress&, unsigned short, unsigned short, int)
                0x000000000001aea4                CTCPConnection::CTCPConnection(CNetConfig*, CNetworkLayer*, unsigned short)
                0x000000000001aea4                CTCPConnection::CTCPConnection(CNetConfig*, CNetworkLayer*, unsigned short)
                0x000000000001af7c                CTCPConnection::SendSegment(unsigned int, unsigned int, unsigned int, void const*, unsigned int)
                0x000000000001b154                CTCPConnection::ScanOptions(TTCPHeader*)
                0x000000000001b208                CTCPConnection::CalculateISN()
                0x000000000001b274                CTCPConnection::StopTimer(unsigned int)
                0x000000000001b320                CTCPConnection::~CTCPConnection()
                0x000000000001b320                CTCPConnection::~CTCPConnection()
                0x000000000001b3dc                CTCPConnection::~CTCPConnection()
                0x000000000001b3fc                CTCPConnection::Close()
                0x000000000001b524                CTCPConnection::StartTimer(unsigned int, unsigned int)
                0x000000000001b5ec                CTCPConnection::CTCPConnection(CNetConfig*, CNetworkLayer*, CIPAddress&, unsigned short, unsigned short)
                0x000000000001b5ec                CTCPConnection::CTCPConnection(CNetConfig*, CNetworkLayer*, CIPAddress&, unsigned short, unsigned short)
                0x000000000001b758                CTCPConnection::Process()
                0x000000000001ba60                CTCPConnection::DumpStatus()
                0x000000000001badc                CTCPConnection::NewState(TTCPState, unsigned int)
                0x000000000001bb84                CTCPConnection::UnexpectedState(unsigned int)
                0x000000000001bbc8                CTCPConnection::Connect()
                0x000000000001bc4c                CTCPConnection::Accept(CIPAddress*, unsigned short*)
                0x000000000001bd3c                CTCPConnection::PacketReceived(void const*, unsigned int, CIPAddress&, CIPAddress&, int)
                0x000000000001ca54                CTCPConnection::TimerHandler(unsigned int)
                0x000000000001cc38                CTCPConnection::TimerStub(unsigned int, void*, void*)
 .text          0x000000000001cc94      0x484 ./lib/net/libnet.a(retransmissionqueue.o)
                0x000000000001cc94                CRetransmissionQueue::CRetransmissionQueue(unsigned int)
                0x000000000001cc94                CRetransmissionQueue::CRetransmissionQueue(unsigned int)
                0x000000000001ccec                CRetransmissionQueue::~CRetransmissionQueue()
                0x000000000001ccec                CRetransmissionQueue::~CRetransmissionQueue()
                0x000000000001cd08                CRetransmissionQueue::IsEmpty() const
                0x000000000001cd20                CRetransmissionQueue::GetFreeSpace() const
                0x000000000001cdd4                CRetransmissionQueue::Write(void const*, unsigned int)
                0x000000000001cec0                CRetransmissionQueue::GetBytesAvailable() const
                0x000000000001cf6c                CRetransmissionQueue::Read(void*, unsigned int)
                0x000000000001d058                CRetransmissionQueue::Advance(unsigned int)
                0x000000000001d0f8                CRetransmissionQueue::Reset()
                0x000000000001d104                CRetransmissionQueue::Flush()
 .text          0x000000000001d118      0x30c ./lib/net/libnet.a(retranstimeoutcalc.o)
                0x000000000001d118                CRetransmissionTimeoutCalculator::CRetransmissionTimeoutCalculator()
                0x000000000001d118                CRetransmissionTimeoutCalculator::CRetransmissionTimeoutCalculator()
                0x000000000001d17c                CRetransmissionTimeoutCalculator::~CRetransmissionTimeoutCalculator()
                0x000000000001d17c                CRetransmissionTimeoutCalculator::~CRetransmissionTimeoutCalculator()
                0x000000000001d180                CRetransmissionTimeoutCalculator::GetRTO() const
                0x000000000001d188                CRetransmissionTimeoutCalculator::Initialize(unsigned int)
                0x000000000001d1fc                CRetransmissionTimeoutCalculator::SegmentSent(unsigned int, unsigned int)
                0x000000000001d29c                CRetransmissionTimeoutCalculator::RetransmissionTimerExpired()
                0x000000000001d304                CRetransmissionTimeoutCalculator::Calculate(unsigned int)
                0x000000000001d390                CRetransmissionTimeoutCalculator::SegmentAcknowledged(unsigned int)
 .text          0x000000000001d424      0x320 ./lib/net/libnet.a(tcprejector.o)
                0x000000000001d424                CTCPRejector::~CTCPRejector()
                0x000000000001d424                CTCPRejector::~CTCPRejector()
                0x000000000001d45c                CTCPRejector::~CTCPRejector()
                0x000000000001d47c                CTCPRejector::CTCPRejector(CNetConfig*, CNetworkLayer*)
                0x000000000001d47c                CTCPRejector::CTCPRejector(CNetConfig*, CNetworkLayer*)
                0x000000000001d4bc                CTCPRejector::SendSegment(unsigned int, unsigned int, unsigned int)
                0x000000000001d5dc                CTCPRejector::PacketReceived(void const*, unsigned int, CIPAddress&, CIPAddress&, int)
 .text._ZN12CTCPRejector7ConnectEv
                0x000000000001d744        0x8 ./lib/net/libnet.a(tcprejector.o)
                0x000000000001d744                CTCPRejector::Connect()
 .text._ZN12CTCPRejector6AcceptEP10CIPAddressPt
                0x000000000001d74c        0x8 ./lib/net/libnet.a(tcprejector.o)
                0x000000000001d74c                CTCPRejector::Accept(CIPAddress*, unsigned short*)
 .text._ZN12CTCPRejector5CloseEv
                0x000000000001d754        0x8 ./lib/net/libnet.a(tcprejector.o)
                0x000000000001d754                CTCPRejector::Close()
 .text._ZN12CTCPRejector4SendEPKvji
                0x000000000001d75c        0x8 ./lib/net/libnet.a(tcprejector.o)
                0x000000000001d75c                CTCPRejector::Send(void const*, unsigned int, int)
 .text._ZN12CTCPRejector7ReceiveEPvi
                0x000000000001d764        0x8 ./lib/net/libnet.a(tcprejector.o)
                0x000000000001d764                CTCPRejector::Receive(void*, int)
 .text._ZN12CTCPRejector6SendToEPKvjiR10CIPAddresst
                0x000000000001d76c        0x8 ./lib/net/libnet.a(tcprejector.o)
                0x000000000001d76c                CTCPRejector::SendTo(void const*, unsigned int, int, CIPAddress&, unsigned short)
 .text._ZN12CTCPRejector11ReceiveFromEPviP10CIPAddressPt
                0x000000000001d774        0x8 ./lib/net/libnet.a(tcprejector.o)
                0x000000000001d774                CTCPRejector::ReceiveFrom(void*, int, CIPAddress*, unsigned short*)
 .text._ZN12CTCPRejector18SetOptionBroadcastEi
                0x000000000001d77c        0x8 ./lib/net/libnet.a(tcprejector.o)
                0x000000000001d77c                CTCPRejector::SetOptionBroadcast(int)
 .text._ZNK12CTCPRejector12IsTerminatedEv
                0x000000000001d784        0x8 ./lib/net/libnet.a(tcprejector.o)
                0x000000000001d784                CTCPRejector::IsTerminated() const
 .text._ZN12CTCPRejector7ProcessEv
                0x000000000001d78c        0x4 ./lib/net/libnet.a(tcprejector.o)
                0x000000000001d78c                CTCPRejector::Process()
 .text._ZN12CTCPRejector20NotificationReceivedE21TICMPNotificationTypeR10CIPAddressS2_tti
                0x000000000001d790        0x8 ./lib/net/libnet.a(tcprejector.o)
                0x000000000001d790                CTCPRejector::NotificationReceived(TICMPNotificationType, CIPAddress&, CIPAddress&, unsigned short, unsigned short, int)
 .text          0x000000000001d798      0x1d0 ./lib/net/libnet.a(netconfig.o)
                0x000000000001d798                CNetConfig::~CNetConfig()
                0x000000000001d798                CNetConfig::~CNetConfig()
                0x000000000001d7d0                CNetConfig::SetDHCP(int)
                0x000000000001d7d8                CNetConfig::SetDefaultGateway(unsigned int)
                0x000000000001d7e0                CNetConfig::SetDNSServer(unsigned int)
                0x000000000001d7e8                CNetConfig::SetDefaultGateway(unsigned char const*)
                0x000000000001d7f0                CNetConfig::SetDNSServer(unsigned char const*)
                0x000000000001d7f8                CNetConfig::GetIPAddress() const
                0x000000000001d800                CNetConfig::IsDHCPUsed() const
                0x000000000001d808                CNetConfig::GetNetMask() const
                0x000000000001d810                CNetConfig::GetDefaultGateway() const
                0x000000000001d818                CNetConfig::GetDNSServer() const
                0x000000000001d820                CNetConfig::GetBroadcastAddress() const
                0x000000000001d828                CNetConfig::UpdateBroadcastAddress()
                0x000000000001d868                CNetConfig::Reset()
                0x000000000001d8b4                CNetConfig::CNetConfig()
                0x000000000001d8b4                CNetConfig::CNetConfig()
                0x000000000001d8f8                CNetConfig::SetIPAddress(unsigned int)
                0x000000000001d914                CNetConfig::SetNetMask(unsigned int)
                0x000000000001d930                CNetConfig::SetIPAddress(unsigned char const*)
                0x000000000001d94c                CNetConfig::SetNetMask(unsigned char const*)
 .text          0x000000000001d968      0x5ac ./lib/net/libnet.a(ipaddress.o)
                0x000000000001d968                CIPAddress::CIPAddress()
                0x000000000001d968                CIPAddress::CIPAddress()
                0x000000000001d974                CIPAddress::CIPAddress(unsigned int)
                0x000000000001d974                CIPAddress::CIPAddress(unsigned int)
                0x000000000001d984                CIPAddress::CIPAddress(CIPAddress const&)
                0x000000000001d984                CIPAddress::CIPAddress(CIPAddress const&)
                0x000000000001d9cc                CIPAddress::~CIPAddress()
                0x000000000001d9cc                CIPAddress::~CIPAddress()
                0x000000000001d9d0                CIPAddress::operator==(CIPAddress const&) const
                0x000000000001da40                CIPAddress::operator!=(CIPAddress const&) const
                0x000000000001daac                CIPAddress::operator==(unsigned char const*) const
                0x000000000001db20                CIPAddress::operator!=(unsigned char const*) const
                0x000000000001db34                CIPAddress::operator==(unsigned int) const
                0x000000000001db78                CIPAddress::operator!=(unsigned int) const
                0x000000000001dbb8                CIPAddress::operator=(unsigned int)
                0x000000000001dbc8                CIPAddress::Set(unsigned int)
                0x000000000001dbd8                CIPAddress::Set(unsigned char const*)
                0x000000000001dc20                CIPAddress::CIPAddress(unsigned char const*)
                0x000000000001dc20                CIPAddress::CIPAddress(unsigned char const*)
                0x000000000001dc34                CIPAddress::Set(CIPAddress const&)
                0x000000000001dc74                CIPAddress::SetBroadcast()
                0x000000000001dc84                CIPAddress::operator unsigned int() const
                0x000000000001dcb8                CIPAddress::Get() const
                0x000000000001dcec                CIPAddress::CopyTo(unsigned char*) const
                0x000000000001dd5c                CIPAddress::IsNull() const
                0x000000000001dd98                CIPAddress::IsBroadcast() const
                0x000000000001ddd8                CIPAddress::GetSize() const
                0x000000000001dde0                CIPAddress::Format(CString*) const
                0x000000000001de44                CIPAddress::OnSameNetwork(CIPAddress const&, unsigned char const*) const
 .text          0x000000000001df14      0x3a0 ./lib/net/libnet.a(netqueue.o)
                0x000000000001df14                CNetQueue::CNetQueue()
                0x000000000001df14                CNetQueue::CNetQueue()
                0x000000000001df28                CNetQueue::IsEmpty() const
                0x000000000001df38                CNetQueue::Flush()
                0x000000000001e024                CNetQueue::~CNetQueue()
                0x000000000001e024                CNetQueue::~CNetQueue()
                0x000000000001e038                CNetQueue::Enqueue(void const*, unsigned int, void*)
                0x000000000001e17c                CNetQueue::Dequeue(void*, void**)
 .text          0x000000000001e2b4      0x2e8 ./lib/net/libnet.a(checksumcalculator.o)
                0x000000000001e2b4                CChecksumCalculator::CChecksumCalculator(CIPAddress const&, int)
                0x000000000001e2b4                CChecksumCalculator::CChecksumCalculator(CIPAddress const&, int)
                0x000000000001e2e4                CChecksumCalculator::CChecksumCalculator(CIPAddress const&, CIPAddress const&, int)
                0x000000000001e2e4                CChecksumCalculator::CChecksumCalculator(CIPAddress const&, CIPAddress const&, int)
                0x000000000001e328                CChecksumCalculator::~CChecksumCalculator()
                0x000000000001e328                CChecksumCalculator::~CChecksumCalculator()
                0x000000000001e32c                CChecksumCalculator::SetSourceAddress(CIPAddress const&)
                0x000000000001e33c                CChecksumCalculator::SetDestinationAddress(CIPAddress const&)
                0x000000000001e35c                CChecksumCalculator::CalculateChunk(void const*, unsigned int, unsigned int)
                0x000000000001e410                CChecksumCalculator::Calculate(void const*, unsigned int)
                0x000000000001e4e8                CChecksumCalculator::SimpleCalculate(void const*, unsigned int)
                0x000000000001e574                CChecksumCalculator::FoldResult(unsigned int)
 .text          0x000000000001e59c      0x4cc ./lib/net/libnet.a(dnsclient.o)
                0x000000000001e59c                CDNSClient::CDNSClient(CNetSubSystem*)
                0x000000000001e59c                CDNSClient::CDNSClient(CNetSubSystem*)
                0x000000000001e5d8                CDNSClient::~CDNSClient()
                0x000000000001e5d8                CDNSClient::~CDNSClient()
                0x000000000001e5dc                CDNSClient::Resolve(char const*, CIPAddress*)
 .text          0x000000000001ea68     0x12a0 ./lib/net/libnet.a(dhcpclient.o)
                0x000000000001ea68                CDHCPClient::~CDHCPClient()
                0x000000000001ea68                CDHCPClient::~CDHCPClient()
                0x000000000001ea9c                CDHCPClient::~CDHCPClient()
                0x000000000001eadc                CDHCPClient::CDHCPClient(CNetSubSystem*)
                0x000000000001eadc                CDHCPClient::CDHCPClient(CNetSubSystem*)
                0x000000000001eb80                CDHCPClient::IsBound() const
                0x000000000001eb88                CDHCPClient::HaltNetwork()
                0x000000000001ebd4                CDHCPClient::SendMessage(unsigned char const*, unsigned int)
                0x000000000001ed1c                CDHCPClient::SendDiscover()
                0x000000000001ed34                CDHCPClient::CheckConfig()
                0x000000000001ee9c                CDHCPClient::GetUnaligned(void const*)
                0x000000000001eed0                CDHCPClient::ScanOptions(unsigned char const*, unsigned int)
                0x000000000001f104                CDHCPClient::ReceiveMessage()
                0x000000000001f2c0                CDHCPClient::GetXID() const
                0x000000000001f340                CDHCPClient::SetUnaligned(void*, unsigned int)
                0x000000000001f38c                CDHCPClient::SendRequest(unsigned int)
                0x000000000001f3e8                CDHCPClient::SendAndReceive(int, unsigned int)
                0x000000000001f580                CDHCPClient::RenewOrRebind(int, unsigned int)
                0x000000000001f8c4                CDHCPClient::SelectAndRequest()
                0x000000000001fb8c                CDHCPClient::Run()
 .text          0x000000000001fd08      0x2a8 ./lib/fs/libfs.a(partitionmanager.o)
                0x000000000001fd08                CPartitionManager::CPartitionManager(CDevice*, char const*)
                0x000000000001fd08                CPartitionManager::CPartitionManager(CDevice*, char const*)
                0x000000000001fd38                CPartitionManager::~CPartitionManager()
                0x000000000001fd38                CPartitionManager::~CPartitionManager()
                0x000000000001fd88                CPartitionManager::Initialize()
 .text          0x000000000001ffb0      0x304 ./lib/fs/libfs.a(partition.o)
                0x000000000001ffb0                CPartition::Read(void*, unsigned int)
                0x0000000000020060                CPartition::Write(void const*, unsigned int)
                0x0000000000020110                CPartition::~CPartition()
                0x0000000000020110                CPartition::~CPartition()
                0x0000000000020138                CPartition::~CPartition()
                0x000000000002016c                CPartition::Seek(unsigned long long)
                0x0000000000020244                CPartition::CPartition(CDevice*, unsigned int, unsigned int)
                0x0000000000020244                CPartition::CPartition(CDevice*, unsigned int, unsigned int)
 .text          0x00000000000202b4      0x208 ./lib/sched/libsched.a(task.o)
                0x00000000000202b4                CTask::Run()
                0x00000000000202cc                CTask::~CTask()
                0x00000000000202cc                CTask::~CTask()
                0x0000000000020324                CTask::~CTask()
                0x0000000000020344                CTask::TaskEntry(void*)
                0x00000000000203a8                CTask::InitializeRegs()
                0x000000000002040c                CTask::CTask(unsigned int)
                0x000000000002040c                CTask::CTask(unsigned int)
 .text          0x00000000000204bc      0x67c ./lib/sched/libsched.a(scheduler.o)
                0x00000000000204bc                CScheduler::CScheduler()
                0x00000000000204bc                CScheduler::CScheduler()
                0x0000000000020524                CScheduler::AddTask(CTask*)
                0x00000000000205d0                CScheduler::RemoveTask(CTask*)
                0x0000000000020648                CScheduler::~CScheduler()
                0x0000000000020648                CScheduler::~CScheduler()
                0x00000000000206d8                CScheduler::WakeTask(CTask**)
                0x0000000000020760                CScheduler::GetNextTask()
                0x0000000000020848                CScheduler::Yield()
                0x00000000000209e0                CScheduler::usSleep(unsigned int)
                0x00000000000209ec                CScheduler::Sleep(unsigned int)
                0x0000000000020a48                CScheduler::MsSleep(unsigned int)
                0x0000000000020a64                CScheduler::BlockTask(CTask**)
                0x0000000000020b00                CScheduler::Get()
 .text          0x0000000000020b38        0xc ./lib/sched/libsched.a(taskswitch.o)
                0x0000000000020b38                TaskSwitch
 .text          0x0000000000020b44       0xfc ./lib/sched/libsched.a(synchronizationevent.o)
                0x0000000000020b44                CSynchronizationEvent::CSynchronizationEvent(int)
                0x0000000000020b44                CSynchronizationEvent::CSynchronizationEvent(int)
                0x0000000000020b54                CSynchronizationEvent::~CSynchronizationEvent()
                0x0000000000020b54                CSynchronizationEvent::~CSynchronizationEvent()
                0x0000000000020b88                CSynchronizationEvent::GetState()
                0x0000000000020b90                CSynchronizationEvent::Clear()
                0x0000000000020b9c                CSynchronizationEvent::Set()
                0x0000000000020bd4                CSynchronizationEvent::Wait()
 .text          0x0000000000020c40      0x20c ./lib/libcircle.a(actled.o)
                0x0000000000020c40                CActLED::~CActLED()
                0x0000000000020c40                CActLED::~CActLED()
                0x0000000000020c54                CActLED::On()
                0x0000000000020c94                CActLED::Off()
                0x0000000000020cd4                CActLED::CActLED()
                0x0000000000020cd4                CActLED::CActLED()
                0x0000000000020df0                CActLED::Blink(unsigned int, unsigned int, unsigned int)
                0x0000000000020e3c                CActLED::Get()
 .text          0x0000000000020e4c      0x1d0 ./lib/libcircle.a(bcmpropertytags.o)
                0x0000000000020e4c                CBcmPropertyTags::CBcmPropertyTags()
                0x0000000000020e4c                CBcmPropertyTags::CBcmPropertyTags()
                0x0000000000020e64                CBcmPropertyTags::~CBcmPropertyTags()
                0x0000000000020e64                CBcmPropertyTags::~CBcmPropertyTags()
                0x0000000000020e78                CBcmPropertyTags::GetTags(void*, unsigned int)
                0x0000000000020f6c                CBcmPropertyTags::GetTag(unsigned int, void*, unsigned int, unsigned int)
 .text          0x000000000002101c      0xc94 ./lib/libcircle.a(gpiopin.o)
                0x000000000002101c                CGPIOPin::~CGPIOPin()
                0x000000000002101c                CGPIOPin::~CGPIOPin()
                0x0000000000021020                CGPIOPin::~CGPIOPin()
                0x0000000000021038                CGPIOPin::Write(unsigned int)
                0x00000000000210c8                CGPIOPin::Read() const
                0x0000000000021120                CGPIOPin::Invert()
                0x0000000000021160                CGPIOPin::ConnectInterrupt(void (*)(void*), void*)
                0x0000000000021274                CGPIOPin::DisconnectInterrupt()
                0x0000000000021360                CGPIOPin::EnableInterrupt(TGPIOInterrupt)
                0x0000000000021494                CGPIOPin::DisableInterrupt()
                0x0000000000021554                CGPIOPin::EnableInterrupt2(TGPIOInterrupt)
                0x0000000000021688                CGPIOPin::DisableInterrupt2()
                0x0000000000021748                CGPIOPin::ReadAll()
                0x0000000000021758                CGPIOPin::SetPullUpMode(unsigned int)
                0x00000000000217f8                CGPIOPin::SetAlternateFunction(unsigned int)
                0x00000000000218cc                CGPIOPin::SetMode(TGPIOMode, int)
                0x0000000000021a90                CGPIOPin::CGPIOPin(unsigned int, TGPIOMode, CGPIOManager*)
                0x0000000000021a90                CGPIOPin::CGPIOPin(unsigned int, TGPIOMode, CGPIOManager*)
                0x0000000000021b44                CGPIOPin::InterruptHandler()
                0x0000000000021bf4                CGPIOPin::DisableAllInterrupts(unsigned int)
 .text.startup  0x0000000000021cb0       0x14 ./lib/libcircle.a(gpiopin.o)
 .text          0x0000000000021cc4       0x30 ./lib/libcircle.a(libstub.o)
                0x0000000000021cc4                __aeabi_uidiv
                0x0000000000021cd4                __aeabi_uidivmod
                0x0000000000021cf0                __aeabi_idiv
 .text          0x0000000000021cf4      0x278 ./lib/libcircle.a(memory.o)
                0x0000000000021cf4                CMemorySystem::~CMemorySystem()
                0x0000000000021cf4                CMemorySystem::~CMemorySystem()
                0x0000000000021d70                CMemorySystem::GetMemSize() const
                0x0000000000021d78                CMemorySystem::EnableMMU()
                0x0000000000021e84                CMemorySystem::CMemorySystem(int)
                0x0000000000021e84                CMemorySystem::CMemorySystem(int)
 .text          0x0000000000021f6c       0x18 ./lib/libcircle.a(new.o)
                0x0000000000021f6c                operator new(unsigned int)
                0x0000000000021f70                operator new[](unsigned int)
                0x0000000000021f74                operator delete(void*)
                0x0000000000021f78                operator delete[](void*)
                0x0000000000021f7c                operator delete(void*, unsigned int)
                0x0000000000021f80                operator delete[](void*, unsigned int)
 .text          0x0000000000021f84       0x18 ./lib/libcircle.a(purecall.o)
                0x0000000000021f84                __cxa_pure_virtual
 .text          0x0000000000021f9c      0x128 ./lib/libcircle.a(synchronize.o)
                0x0000000000021f9c                EnterCritical
                0x0000000000022054                LeaveCritical
                0x00000000000220a4                SyncDataAndInstructionCache
 .text          0x00000000000220c4       0xe0 ./lib/libcircle.a(sysinit.o)
                0x00000000000220c4                __aeabi_atexit
                0x00000000000220c8                halt
                0x00000000000220d4                reboot
                0x00000000000220f8                sysinit
 .text          0x00000000000221a4      0xb98 ./lib/libcircle.a(timer.o)
                0x00000000000221a4                CTimer::CTimer(CInterruptSystem*)
                0x00000000000221a4                CTimer::CTimer(CInterruptSystem*)
                0x0000000000022224                CTimer::~CTimer()
                0x0000000000022224                CTimer::~CTimer()
                0x000000000002230c                CTimer::SetTimeZone(int)
                0x000000000002232c                CTimer::GetTimeZone() const
                0x0000000000022334                CTimer::SetTime(unsigned int, int)
                0x00000000000223b4                CTimer::GetClockTicks()
                0x00000000000223c4                CTimer::GetTicks() const
                0x00000000000223cc                CTimer::GetUptime() const
                0x00000000000223d4                CTimer::GetTime() const
                0x00000000000223dc                CTimer::GetUniversalTime() const
                0x00000000000223fc                CTimer::GetTimeString()
                0x00000000000225e8                CTimer::StartKernelTimer(unsigned int, void (*)(unsigned int, void*, void*), void*, void*)
                0x0000000000022748                CTimer::CancelKernelTimer(unsigned int)
                0x0000000000022800                CTimer::PollKernelTimers()
                0x000000000002295c                CTimer::InterruptHandler()
                0x0000000000022a70                CTimer::InterruptHandler(void*)
                0x0000000000022aac                CTimer::TuneMsDelay()
                0x0000000000022b54                CTimer::Initialize()
                0x0000000000022bd0                CTimer::SimpleMsDelay(unsigned int)
                0x0000000000022c10                CTimer::SimpleusDelay(unsigned int)
                0x0000000000022c40                CTimer::IsLeapYear(unsigned int)
                0x0000000000022c8c                CTimer::GetDaysOfMonth(unsigned int, unsigned int)
                0x0000000000022d04                CTimer::Get()
 .text          0x0000000000022d3c      0x460 ./lib/libcircle.a(util.o)
                0x0000000000022d3c                memset
                0x0000000000022d60                memcmp
                0x0000000000022dbc                strlen
                0x0000000000022de4                strcmp
                0x0000000000022e50                strcpy
                0x0000000000022e7c                strncpy
                0x0000000000022ec8                strcat
                0x0000000000022f0c                strchr
                0x0000000000022f4c                strtok_r
                0x0000000000023018                strtoul
                0x0000000000023198                char2int
 .text          0x000000000002319c       0x5c ./lib/libcircle.a(util_fast.o)
                0x000000000002319c                memcpy
 .text          0x00000000000231f8       0x40 ./lib/libcircle.a(device.o)
                0x00000000000231f8                CDevice::~CDevice()
                0x00000000000231f8                CDevice::~CDevice()
                0x00000000000231fc                CDevice::Write(void const*, unsigned int)
                0x00000000000231fc                CDevice::Read(void*, unsigned int)
                0x0000000000023204                CDevice::Seek(unsigned long long)
                0x0000000000023210                CDevice::~CDevice()
                0x0000000000023228                CDevice::CDevice()
                0x0000000000023228                CDevice::CDevice()
 .text          0x0000000000023238      0x514 ./lib/libcircle.a(koptions.o)
                0x0000000000023298                CKernelOptions::~CKernelOptions()
                0x0000000000023298                CKernelOptions::~CKernelOptions()
                0x00000000000232ac                CKernelOptions::GetWidth() const
                0x00000000000232b4                CKernelOptions::GetHeight() const
                0x00000000000232bc                CKernelOptions::GetLogDevice() const
                0x00000000000232c8                CKernelOptions::GetLogLevel() const
                0x00000000000232d0                CKernelOptions::GetKeyMap() const
                0x00000000000232d8                CKernelOptions::GetUSBPowerDelay() const
                0x00000000000232e0                CKernelOptions::GetCPUSpeed() const
                0x00000000000232e8                CKernelOptions::GetSoCMaxTemp() const
                0x00000000000232f0                CKernelOptions::Get()
                0x0000000000023300                CKernelOptions::GetToken()
                0x000000000002337c                CKernelOptions::CKernelOptions()
                0x000000000002337c                CKernelOptions::CKernelOptions()
                0x00000000000236f4                CKernelOptions::GetOptionValue(char*)
                0x000000000002372c                CKernelOptions::GetDecimal(char*)
 .text          0x000000000002374c      0x220 ./lib/libcircle.a(pagetable.o)
                0x000000000002374c                CPageTable::CPageTable()
                0x000000000002374c                CPageTable::CPageTable()
                0x00000000000237fc                CPageTable::CPageTable(unsigned int)
                0x00000000000237fc                CPageTable::CPageTable(unsigned int)
                0x000000000002393c                CPageTable::~CPageTable()
                0x000000000002393c                CPageTable::~CPageTable()
                0x0000000000023960                CPageTable::GetBaseAddress() const
 .text          0x000000000002396c     0x1230 ./lib/libcircle.a(screen.o)
                0x000000000002396c                CScreenDevice::~CScreenDevice()
                0x000000000002396c                CScreenDevice::~CScreenDevice()
                0x00000000000239e4                CScreenDevice::~CScreenDevice()
                0x0000000000023aa0                CScreenDevice::CScreenDevice(unsigned int, unsigned int, int)
                0x0000000000023aa0                CScreenDevice::CScreenDevice(unsigned int, unsigned int, int)
                0x0000000000023b18                CScreenDevice::GetWidth() const
                0x0000000000023b20                CScreenDevice::GetHeight() const
                0x0000000000023b28                CScreenDevice::GetColumns() const
                0x0000000000023b4c                CScreenDevice::GetRows() const
                0x0000000000023b70                CScreenDevice::GetStatus()
                0x0000000000023be0                CScreenDevice::SetStatus(TScreenStatus)
                0x0000000000023cfc                CScreenDevice::CarriageReturn()
                0x0000000000023d08                CScreenDevice::CursorHome()
                0x0000000000023d1c                CScreenDevice::CursorLeft()
                0x0000000000023d88                CScreenDevice::CursorMove(unsigned int, unsigned int)
                0x0000000000023de8                CScreenDevice::CursorUp()
                0x0000000000023e18                CScreenDevice::DeleteChars(unsigned int)
                0x0000000000023e1c                CScreenDevice::DeleteLines(unsigned int)
                0x0000000000023e20                CScreenDevice::InsertLines(unsigned int)
                0x0000000000023e24                CScreenDevice::InsertMode(int)
                0x0000000000023e2c                CScreenDevice::ReverseScroll()
                0x0000000000023e30                CScreenDevice::SetCursorMode(int)
                0x0000000000023e38                CScreenDevice::SetScrollRegion(unsigned int, unsigned int)