Archive member included to satisfy reference by file (symbol)

../../lib/usb/libusb.a(dwhcidevice.o)
                              kernel.o (CDWHCIDevice::~CDWHCIDevice())
../../lib/usb/libusb.a(dwhciregister.o)
                              ../../lib/usb/libusb.a(dwhcidevice.o) (CDWHCIRegister::CDWHCIRegister(unsigned int))
../../lib/usb/libusb.a(dwhcixferstagedata.o)
                              ../../lib/usb/libusb.a(dwhcidevice.o) (CDWHCITransferStageData::~CDWHCITransferStageData())
../../lib/usb/libusb.a(usbdevice.o)
                              ../../lib/usb/libusb.a(dwhcixferstagedata.o) (CUSBDevice::GetAddress() const)
../../lib/usb/libusb.a(usbendpoint.o)
                              ../../lib/usb/libusb.a(usbdevice.o) (CUSBEndpoint::CUSBEndpoint(CUSBDevice*))
../../lib/usb/libusb.a(usbhostcontroller.o)
                              ../../lib/usb/libusb.a(dwhcidevice.o) (CUSBHostController::CUSBHostController())
../../lib/usb/libusb.a(usbrequest.o)
                              ../../lib/usb/libusb.a(usbhostcontroller.o) (CUSBRequest::CUSBRequest(CUSBEndpoint*, void*, unsigned int, TSetupData*))
../../lib/usb/libusb.a(usbdevicefactory.o)
                              ../../lib/usb/libusb.a(usbdevice.o) (CUSBDeviceFactory::GetDevice(CUSBFunction*, CString*))
../../lib/usb/libusb.a(usbstandardhub.o)
                              ../../lib/usb/libusb.a(usbdevicefactory.o) (CUSBStandardHub::CUSBStandardHub(CUSBFunction*))
../../lib/usb/libusb.a(usbmassdevice.o)
                              ../../lib/usb/libusb.a(usbdevicefactory.o) (CUSBBulkOnlyMassStorageDevice::CUSBBulkOnlyMassStorageDevice(CUSBFunction*))
../../lib/usb/libusb.a(dwhciframeschednper.o)
                              ../../lib/usb/libusb.a(dwhcixferstagedata.o) (CDWHCIFrameSchedulerNonPeriodic::CDWHCIFrameSchedulerNonPeriodic())
../../lib/usb/libusb.a(dwhciframeschedper.o)
                              ../../lib/usb/libusb.a(dwhcixferstagedata.o) (CDWHCIFrameSchedulerPeriodic::CDWHCIFrameSchedulerPeriodic())
../../lib/usb/libusb.a(usbkeyboard.o)
                              ../../lib/usb/libusb.a(usbdevicefactory.o) (CUSBKeyboardDevice::CUSBKeyboardDevice(CUSBFunction*))
../../lib/usb/libusb.a(dwhcirootport.o)
                              ../../lib/usb/libusb.a(dwhcidevice.o) (CDWHCIRootPort::CDWHCIRootPort(CDWHCIDevice*))
../../lib/usb/libusb.a(usbhiddevice.o)
                              ../../lib/usb/libusb.a(usbkeyboard.o) (CUSBHIDDevice::CUSBHIDDevice(CUSBFunction*, unsigned int))
../../lib/usb/libusb.a(usbmouse.o)
                              ../../lib/usb/libusb.a(usbdevicefactory.o) (CUSBMouseDevice::CUSBMouseDevice(CUSBFunction*))
../../lib/usb/libusb.a(usbgamepad.o)
                              ../../lib/usb/libusb.a(usbdevicefactory.o) (CUSBGamePadDevice::CUSBGamePadDevice(CUSBFunction*))
../../lib/usb/libusb.a(usbfunction.o)
                              ../../lib/usb/libusb.a(usbstandardhub.o) (CUSBFunction::Initialize())
../../lib/usb/libusb.a(dwhciframeschednsplit.o)
                              ../../lib/usb/libusb.a(dwhcixferstagedata.o) (CDWHCIFrameSchedulerNoSplit::CDWHCIFrameSchedulerNoSplit(int))
../../lib/usb/libusb.a(usbprinter.o)
                              ../../lib/usb/libusb.a(usbdevicefactory.o) (CUSBPrinterDevice::CUSBPrinterDevice(CUSBFunction*))
../../lib/usb/libusb.a(usbbluetooth.o)
                              ../../lib/usb/libusb.a(usbdevicefactory.o) (CUSBBluetoothDevice::CUSBBluetoothDevice(CUSBFunction*))
../../lib/usb/libusb.a(usbmidi.o)
                              ../../lib/usb/libusb.a(usbdevicefactory.o) (CUSBMIDIDevice::CUSBMIDIDevice(CUSBFunction*))
../../lib/usb/libusb.a(usbcdcethernet.o)
                              ../../lib/usb/libusb.a(usbdevicefactory.o) (CUSBCDCEthernetDevice::CUSBCDCEthernetDevice(CUSBFunction*))
../../lib/usb/libusb.a(usbconfigparser.o)
                              ../../lib/usb/libusb.a(usbdevice.o) (CUSBConfigurationParser::CUSBConfigurationParser(void const*, unsigned int))
../../lib/usb/libusb.a(usbstring.o)
                              ../../lib/usb/libusb.a(usbcdcethernet.o) (CUSBString::CUSBString(CUSBDevice*))
../../lib/usb/libusb.a(smsc951x.o)
                              ../../lib/usb/libusb.a(usbdevicefactory.o) (CSMSC951xDevice::CSMSC951xDevice(CUSBFunction*))
../../lib/usb/libusb.a(macaddress.o)
                              ../../lib/usb/libusb.a(usbcdcethernet.o) (CMACAddress::CMACAddress())
../../lib/usb/libusb.a(netdevice.o)
                              ../../lib/usb/libusb.a(usbcdcethernet.o) (CNetDevice::CNetDevice(CUSBFunction*))
../../lib/input/libinput.a(keyboardbehaviour.o)
                              ../../lib/usb/libusb.a(usbkeyboard.o) (CKeyboardBehaviour::CKeyboardBehaviour())
../../lib/input/libinput.a(keymap.o)
                              ../../lib/input/libinput.a(keyboardbehaviour.o) (CKeyMap::~CKeyMap())
../../lib/input/libinput.a(mousebehaviour.o)
[...]
Memory Configuration

Name             Origin             Length             Attributes
*default*        0x0000000000000000 0xffffffffffffffff

Linker script and memory map

                0x0000000000008000                . = 0x8000

.text           0x0000000000008000    0x136d8
 *(.text*)
 .text          0x0000000000008000       0x70 ../../lib/startup.o
                0x0000000000008000                _start
                0x0000000000008064                _start_secondary
 .text          0x0000000000008070        0x0 main.o
 .text.startup  0x0000000000008070       0x68 main.o
                0x0000000000008070                main
 .text          0x00000000000080d8      0x370 kernel.o
                0x00000000000080d8                CKernel::CKernel()
                0x00000000000080d8                CKernel::CKernel()
                0x00000000000081c4                CKernel::Initialize()
                0x0000000000008278                CKernel::Run()
                0x00000000000083c4                CKernel::~CKernel()
                0x00000000000083c4                CKernel::~CKernel()
 .text          0x0000000000008448     0x24a4 ../../lib/usb/libusb.a(dwhcidevice.o)
                0x0000000000008448                CDWHCIDevice::CompletionRoutine(CUSBRequest*, void*, void*)
                0x00000000000084a8                CDWHCIDevice::~CDWHCIDevice()
                0x00000000000084a8                CDWHCIDevice::~CDWHCIDevice()
                0x00000000000084dc                CDWHCIDevice::~CDWHCIDevice()
                0x0000000000008578                CDWHCIDevice::CDWHCIDevice(CInterruptSystem*, CTimer*)
                0x0000000000008578                CDWHCIDevice::CDWHCIDevice(CInterruptSystem*, CTimer*)
                0x000000000000865c                CDWHCIDevice::GetPortSpeed()
                0x00000000000086a8                CDWHCIDevice::OvercurrentDetected()
                0x00000000000086e0                CDWHCIDevice::DisableRootPort()
                0x0000000000008724                CDWHCIDevice::PowerOn()
                0x000000000000878c                CDWHCIDevice::EnableGlobalInterrupts()
                0x00000000000087d0                CDWHCIDevice::EnableCommonInterrupts()
                0x0000000000008808                CDWHCIDevice::EnableHostInterrupts()
                0x0000000000008864                CDWHCIDevice::EnableChannelInterrupt(unsigned int)
                0x00000000000088d8                CDWHCIDevice::DisableChannelInterrupt(unsigned int)
                0x000000000000894c                CDWHCIDevice::StartChannel(CDWHCITransferStageData*)
                0x0000000000008d14                CDWHCIDevice::StartTransaction(CDWHCITransferStageData*)
                0x0000000000008e30                CDWHCIDevice::TimerHandler(CDWHCITransferStageData*)
                0x0000000000008ee8                CDWHCIDevice::TimerStub(unsigned int, void*, void*)
                0x0000000000008f54                CDWHCIDevice::AllocateChannel()
                0x000000000000902c                CDWHCIDevice::FreeChannel(unsigned int)
                0x00000000000090c4                CDWHCIDevice::TransferStageAsync(CUSBRequest*, int, int)
                0x0000000000009220                CDWHCIDevice::SubmitAsyncRequest(CUSBRequest*)
                0x00000000000092e4                CDWHCIDevice::ChannelInterruptHandler(unsigned int)
                0x00000000000097a4                CDWHCIDevice::InterruptHandler()
                0x0000000000009894                CDWHCIDevice::InterruptStub(void*)
                0x00000000000098d0                CDWHCIDevice::AllocateWaitBlock()
                0x0000000000009944                CDWHCIDevice::FreeWaitBlock(unsigned int)
                0x00000000000099d8                CDWHCIDevice::TransferStage(CUSBRequest*, int, int)
                0x0000000000009ac4                CDWHCIDevice::SubmitBlockingRequest(CUSBRequest*)
                0x0000000000009ce8                CDWHCIDevice::WaitForBit(CDWHCIRegister*, unsigned int, int, unsigned int)
                0x0000000000009df0                CDWHCIDevice::EnableRootPort()
                0x0000000000009eb0                CDWHCIDevice::Reset()
                0x0000000000009f54                CDWHCIDevice::InitCore()
                0x000000000000a1a0                CDWHCIDevice::FlushTxFIFO(unsigned int)
                0x000000000000a23c                CDWHCIDevice::FlushRxFIFO()
                0x000000000000a2bc                CDWHCIDevice::InitHost()
                0x000000000000a4b4                CDWHCIDevice::Initialize()
                0x000000000000a6e4                CDWHCIDevice::DumpRegister(char const*, unsigned int)
                0x000000000000a744                CDWHCIDevice::DumpStatus(unsigned int)
 .text          0x000000000000a8ec      0x2f8 ../../lib/usb/libusb.a(dwhciregister.o)
                0x000000000000a8ec                CDWHCIRegister::CDWHCIRegister(unsigned int)
                0x000000000000a8ec                CDWHCIRegister::CDWHCIRegister(unsigned int)
                0x000000000000a8fc                CDWHCIRegister::CDWHCIRegister(unsigned int, unsigned int)
                0x000000000000a8fc                CDWHCIRegister::CDWHCIRegister(unsigned int, unsigned int)
                0x000000000000a90c                CDWHCIRegister::~CDWHCIRegister()
                0x000000000000a90c                CDWHCIRegister::~CDWHCIRegister()
                0x000000000000a910                CDWHCIRegister::Read()
                0x000000000000a92c                CDWHCIRegister::Write()
                0x000000000000a968                CDWHCIRegister::Get() const
                0x000000000000a99c                CDWHCIRegister::Set(unsigned int)
                0x000000000000a9ac                CDWHCIRegister::IsSet(unsigned int) const
                0x000000000000a9f4                CDWHCIRegister::And(unsigned int)
                0x000000000000aa34                CDWHCIRegister::Or(unsigned int)
                0x000000000000aa74                CDWHCIRegister::ClearBit(unsigned int)
                0x000000000000aadc                CDWHCIRegister::SetBit(unsigned int)
                0x000000000000ab44                CDWHCIRegister::ClearAll()
                0x000000000000ab58                CDWHCIRegister::SetAll()
                0x000000000000ab6c                CDWHCIRegister::Dump() const
 .text          0x000000000000abe4      0x964 ../../lib/usb/libusb.a(dwhcixferstagedata.o)
                0x000000000000abe4                CDWHCITransferStageData::~CDWHCITransferStageData()
                0x000000000000abe4                CDWHCITransferStageData::~CDWHCITransferStageData()
                0x000000000000ac28                CDWHCITransferStageData::TransactionComplete(unsigned int, unsigned int, unsigned int)
                0x000000000000adec                CDWHCITransferStageData::SetSplitComplete(int)
                0x000000000000ae24                CDWHCITransferStageData::SetState(unsigned int)
                0x000000000000ae2c                CDWHCITransferStageData::GetState() const
                0x000000000000ae34                CDWHCITransferStageData::SetSubState(unsigned int)
                0x000000000000ae3c                CDWHCITransferStageData::GetSubState() const
                0x000000000000ae44                CDWHCITransferStageData::BeginSplitCycle()
                0x000000000000ae4c                CDWHCITransferStageData::GetChannelNumber() const
                0x000000000000ae54                CDWHCITransferStageData::IsPeriodic() const
                0x000000000000aea4                CDWHCITransferStageData::CDWHCITransferStageData(unsigned int, CUSBRequest*, int, int)
                0x000000000000aea4                CDWHCITransferStageData::CDWHCITransferStageData(unsigned int, CUSBRequest*, int, int)
                0x000000000000b158                CDWHCITransferStageData::GetDeviceAddress() const
                0x000000000000b19c                CDWHCITransferStageData::GetEndpointType() const
                0x000000000000b218                CDWHCITransferStageData::GetEndpointNumber() const
                0x000000000000b25c                CDWHCITransferStageData::GetMaxPacketSize() const
                0x000000000000b264                CDWHCITransferStageData::GetSpeed() const
                0x000000000000b26c                CDWHCITransferStageData::GetPID() const
                0x000000000000b2ec                CDWHCITransferStageData::IsDirectionIn() const
                0x000000000000b2f4                CDWHCITransferStageData::IsStatusStage() const
                0x000000000000b2fc                CDWHCITransferStageData::GetDMAAddress() const
                0x000000000000b33c                CDWHCITransferStageData::GetBytesToTransfer() const
                0x000000000000b344                CDWHCITransferStageData::GetPacketsToTransfer() const
                0x000000000000b34c                CDWHCITransferStageData::IsSplit() const
                0x000000000000b354                CDWHCITransferStageData::IsSplitComplete() const
                0x000000000000b388                CDWHCITransferStageData::GetHubAddress() const
                0x000000000000b3f8                CDWHCITransferStageData::GetHubPortAddress() const
                0x000000000000b468                CDWHCITransferStageData::GetSplitPosition() const
                0x000000000000b470                CDWHCITransferStageData::GetStatusMask() const
                0x000000000000b49c                CDWHCITransferStageData::GetTransactionStatus() const
                0x000000000000b4dc                CDWHCITransferStageData::IsStageComplete() const
                0x000000000000b4ec                CDWHCITransferStageData::GetResultLen() const
                0x000000000000b500                CDWHCITransferStageData::GetURB() const
                0x000000000000b540                CDWHCITransferStageData::GetFrameScheduler() const
 .text          0x000000000000b548      0xf1c ../../lib/usb/libusb.a(usbdevice.o)
                0x000000000000b548                CUSBDevice::~CUSBDevice()
                0x000000000000b548                CUSBDevice::~CUSBDevice()
                0x000000000000b600                CUSBDevice::~CUSBDevice()
                0x000000000000b620                CUSBDevice::CUSBDevice(CUSBHostController*, TUSBSpeed, int, unsigned char, unsigned char)
                0x000000000000b620                CUSBDevice::CUSBDevice(CUSBHostController*, TUSBSpeed, int, unsigned char, unsigned char)
                0x000000000000b70c                CUSBDevice::GetName(TDeviceNameSelector) const
                0x000000000000b820                CUSBDevice::GetNames() const
                0x000000000000b95c                CUSBDevice::SetAddress(unsigned char)
                0x000000000000b990                CUSBDevice::GetAddress() const
                0x000000000000b998                CUSBDevice::GetSpeed() const
                0x000000000000b9a0                CUSBDevice::IsSplit() const
                0x000000000000b9a8                CUSBDevice::GetHubAddress() const
                0x000000000000b9b0                CUSBDevice::GetHubPortNumber() const
                0x000000000000b9b8                CUSBDevice::GetEndpoint0() const
                0x000000000000b9f8                CUSBDevice::GetHost() const
                0x000000000000ba38                CUSBDevice::GetDeviceDescriptor() const
                0x000000000000ba78                CUSBDevice::GetConfigurationDescriptor() const
                0x000000000000bab8                CUSBDevice::GetDescriptor(unsigned char)
                0x000000000000bb04                CUSBDevice::ConfigurationError(char const*) const
                0x000000000000bb50                CUSBDevice::LogWrite(TLogSeverity, char const*, ...)
                0x000000000000bc04                CUSBDevice::Initialize()
                0x000000000000c358                CUSBDevice::Configure()
 .text          0x000000000000c464      0x498 ../../lib/usb/libusb.a(usbendpoint.o)
                0x000000000000c464                CUSBEndpoint::CUSBEndpoint(CUSBDevice*)
                0x000000000000c464                CUSBEndpoint::CUSBEndpoint(CUSBDevice*)
                0x000000000000c4c4                CUSBEndpoint::CUSBEndpoint(CUSBDevice*, TUSBEndpointDescriptor const*)
                0x000000000000c4c4                CUSBEndpoint::CUSBEndpoint(CUSBDevice*, TUSBEndpointDescriptor const*)
                0x000000000000c680                CUSBEndpoint::CUSBEndpoint(CUSBEndpoint*, CUSBDevice*)
                0x000000000000c680                CUSBEndpoint::CUSBEndpoint(CUSBEndpoint*, CUSBDevice*)
                0x000000000000c710                CUSBEndpoint::~CUSBEndpoint()
                0x000000000000c710                CUSBEndpoint::~CUSBEndpoint()
                0x000000000000c714                CUSBEndpoint::GetDevice() const
                0x000000000000c754                CUSBEndpoint::GetNumber() const
                0x000000000000c75c                CUSBEndpoint::GetType() const
                0x000000000000c764                CUSBEndpoint::IsDirectionIn() const
                0x000000000000c76c                CUSBEndpoint::SetMaxPacketSize(unsigned int)
                0x000000000000c774                CUSBEndpoint::GetMaxPacketSize() const
                0x000000000000c77c                CUSBEndpoint::GetInterval() const
                0x000000000000c7b0                CUSBEndpoint::GetNextPID(int)
                0x000000000000c7f8                CUSBEndpoint::SkipPID(unsigned int, int)
                0x000000000000c8c4                CUSBEndpoint::ResetPID()
 .text          0x000000000000c8fc      0x204 ../../lib/usb/libusb.a(usbhostcontroller.o)
                0x000000000000c8fc                CUSBHostController::CUSBHostController()
                0x000000000000c8fc                CUSBHostController::CUSBHostController()
                0x000000000000c90c                CUSBHostController::~CUSBHostController()
                0x000000000000c90c                CUSBHostController::~CUSBHostController()
                0x000000000000c910                CUSBHostController::~CUSBHostController()
                0x000000000000c928                CUSBHostController::ControlMessage(CUSBEndpoint*, unsigned char, unsigned char, unsigned short, unsigned short, void*, unsigned short)
                0x000000000000c9d4                CUSBHostController::GetDescriptor(CUSBEndpoint*, unsigned char, unsigned char, void*, unsigned int, unsigned char, unsigned short)
                0x000000000000ca08                CUSBHostController::SetAddress(CUSBEndpoint*, unsigned char)
                0x000000000000ca54                CUSBHostController::SetConfiguration(CUSBEndpoint*, unsigned char)
                0x000000000000caa0                CUSBHostController::Transfer(CUSBEndpoint*, void*, unsigned int)
 .text          0x000000000000cb00      0x264 ../../lib/usb/libusb.a(usbrequest.o)
                0x000000000000cb00                CUSBRequest::CUSBRequest(CUSBEndpoint*, void*, unsigned int, TSetupData*)
                0x000000000000cb00                CUSBRequest::CUSBRequest(CUSBEndpoint*, void*, unsigned int, TSetupData*)
                0x000000000000cb98                CUSBRequest::~CUSBRequest()
                0x000000000000cb98                CUSBRequest::~CUSBRequest()
                0x000000000000cb9c                CUSBRequest::GetEndpoint() const
                0x000000000000cbdc                CUSBRequest::SetStatus(int)
                0x000000000000cbe4                CUSBRequest::SetResultLen(unsigned int)
                0x000000000000cbec                CUSBRequest::GetStatus() const
                0x000000000000cbf4                CUSBRequest::GetResultLength() const
                0x000000000000cc28                CUSBRequest::GetSetupData()
                0x000000000000cc88                CUSBRequest::GetBuffer()
                0x000000000000ccd4                CUSBRequest::GetBufLen() const
                0x000000000000ccdc                CUSBRequest::SetCompletionRoutine(void (*)(CUSBRequest*, void*, void*), void*, void*)
                0x000000000000cd08                CUSBRequest::CallCompletionRoutine()
                0x000000000000cd50                CUSBRequest::SetCompleteOnNAK()
                0x000000000000cd5c                CUSBRequest::IsCompleteOnNAK() const
 .text          0x000000000000cd64      0x2dc ../../lib/usb/libusb.a(usbdevicefactory.o)
                0x000000000000cd64                CUSBDeviceFactory::GetDevice(CUSBFunction*, CString*)
 .text          0x000000000000d040      0xac0 ../../lib/usb/libusb.a(usbstandardhub.o)
                0x000000000000d040                CUSBStandardHub::~CUSBStandardHub()
                0x000000000000d040                CUSBStandardHub::~CUSBStandardHub()
                0x000000000000d0d8                CUSBStandardHub::~CUSBStandardHub()
                0x000000000000d0f8                CUSBStandardHub::CUSBStandardHub(CUSBFunction*)
                0x000000000000d0f8                CUSBStandardHub::CUSBStandardHub(CUSBFunction*)
                0x000000000000d144                CUSBStandardHub::EnumeratePorts()
                0x000000000000d8dc                CUSBStandardHub::Configure()
 .text          0x000000000000db00      0xc9c ../../lib/usb/libusb.a(usbmassdevice.o)
                0x000000000000db00                CUSBBulkOnlyMassStorageDevice::Seek(unsigned long long)
                0x000000000000db10                CUSBBulkOnlyMassStorageDevice::~CUSBBulkOnlyMassStorageDevice()
                0x000000000000db10                CUSBBulkOnlyMassStorageDevice::~CUSBBulkOnlyMassStorageDevice()
                0x000000000000dbac                CUSBBulkOnlyMassStorageDevice::~CUSBBulkOnlyMassStorageDevice()
                0x000000000000dbcc                CUSBBulkOnlyMassStorageDevice::CUSBBulkOnlyMassStorageDevice(CUSBFunction*)
                0x000000000000dbcc                CUSBBulkOnlyMassStorageDevice::CUSBBulkOnlyMassStorageDevice(CUSBFunction*)
                0x000000000000dc0c                CUSBBulkOnlyMassStorageDevice::GetCapacity() const
                0x000000000000dc14                CUSBBulkOnlyMassStorageDevice::Command(void*, unsigned int, void*, unsigned int, int)
                0x000000000000dec0                CUSBBulkOnlyMassStorageDevice::TryRead(void*, unsigned int)
                0x000000000000dfd4                CUSBBulkOnlyMassStorageDevice::TryWrite(void const*, unsigned int)
                0x000000000000e0e4                CUSBBulkOnlyMassStorageDevice::Reset()
                0x000000000000e240                CUSBBulkOnlyMassStorageDevice::Read(void*, unsigned int)
                0x000000000000e2a8                CUSBBulkOnlyMassStorageDevice::Write(void const*, unsigned int)
                0x000000000000e310                CUSBBulkOnlyMassStorageDevice::Configure()
 .text          0x000000000000e79c      0x22c ../../lib/usb/libusb.a(dwhciframeschednper.o)
                0x000000000000e79c                CDWHCIFrameSchedulerNonPeriodic::~CDWHCIFrameSchedulerNonPeriodic()
                0x000000000000e79c                CDWHCIFrameSchedulerNonPeriodic::~CDWHCIFrameSchedulerNonPeriodic()
                0x000000000000e7a0                CDWHCIFrameSchedulerNonPeriodic::StartSplit()
                0x000000000000e7ac                CDWHCIFrameSchedulerNonPeriodic::WaitForFrame()
                0x000000000000e7b0                CDWHCIFrameSchedulerNonPeriodic::IsOddFrame() const
                0x000000000000e7b8                CDWHCIFrameSchedulerNonPeriodic::~CDWHCIFrameSchedulerNonPeriodic()
                0x000000000000e7d0                CDWHCIFrameSchedulerNonPeriodic::CompleteSplit()
                0x000000000000e850                CDWHCIFrameSchedulerNonPeriodic::TransactionComplete(unsigned int)
                0x000000000000e974                CDWHCIFrameSchedulerNonPeriodic::CDWHCIFrameSchedulerNonPeriodic()
                0x000000000000e974                CDWHCIFrameSchedulerNonPeriodic::CDWHCIFrameSchedulerNonPeriodic()
 .text          0x000000000000e9c8      0x2c4 ../../lib/usb/libusb.a(dwhciframeschedper.o)
                0x000000000000e9c8                CDWHCIFrameSchedulerPeriodic::~CDWHCIFrameSchedulerPeriodic()
                0x000000000000e9c8                CDWHCIFrameSchedulerPeriodic::~CDWHCIFrameSchedulerPeriodic()
                0x000000000000e9cc                CDWHCIFrameSchedulerPeriodic::StartSplit()
                0x000000000000e9e0                CDWHCIFrameSchedulerPeriodic::IsOddFrame() const
                0x000000000000e9ec                CDWHCIFrameSchedulerPeriodic::~CDWHCIFrameSchedulerPeriodic()
                0x000000000000ea04                CDWHCIFrameSchedulerPeriodic::WaitForFrame()
                0x000000000000ea74                CDWHCIFrameSchedulerPeriodic::CompleteSplit()
                0x000000000000eb10                CDWHCIFrameSchedulerPeriodic::TransactionComplete(unsigned int)
                0x000000000000ec30                CDWHCIFrameSchedulerPeriodic::CDWHCIFrameSchedulerPeriodic()
                0x000000000000ec30                CDWHCIFrameSchedulerPeriodic::CDWHCIFrameSchedulerPeriodic()
 .text          0x000000000000ec8c      0x440 ../../lib/usb/libusb.a(usbkeyboard.o)
                0x000000000000ec8c                CUSBKeyboardDevice::~CUSBKeyboardDevice()
                0x000000000000ec8c                CUSBKeyboardDevice::~CUSBKeyboardDevice()
                0x000000000000ecc0                CUSBKeyboardDevice::~CUSBKeyboardDevice()
                0x000000000000ed00                CUSBKeyboardDevice::ReportHandler(unsigned char const*)
                0x000000000000ee64                CUSBKeyboardDevice::CUSBKeyboardDevice(CUSBFunction*)
                0x000000000000ee64                CUSBKeyboardDevice::CUSBKeyboardDevice(CUSBFunction*)
                0x000000000000eeb0                CUSBKeyboardDevice::RegisterKeyPressedHandler(void (*)(char const*))
                0x000000000000eeb8                CUSBKeyboardDevice::RegisterSelectConsoleHandler(void (*)(unsigned int))
                0x000000000000eec0                CUSBKeyboardDevice::RegisterShutdownHandler(void (*)())
                0x000000000000eec8                CUSBKeyboardDevice::GetLEDStatus() const
                0x000000000000eef0                CUSBKeyboardDevice::RegisterKeyStatusHandlerRaw(void (*)(unsigned char, unsigned char const*))
                0x000000000000ef28                CUSBKeyboardDevice::SetLEDs(unsigned char)
                0x000000000000ef98                CUSBKeyboardDevice::UpdateLEDs()
                0x000000000000eff4                CUSBKeyboardDevice::FindByte(unsigned char const*, unsigned char, unsigned int)
                0x000000000000f020                CUSBKeyboardDevice::Configure()
 .text          0x000000000000f0cc      0x1fc ../../lib/usb/libusb.a(dwhcirootport.o)
                0x000000000000f0cc                CDWHCIRootPort::CDWHCIRootPort(CDWHCIDevice*)
                0x000000000000f0cc                CDWHCIRootPort::CDWHCIRootPort(CDWHCIDevice*)
                0x000000000000f10c                CDWHCIRootPort::~CDWHCIRootPort()
                0x000000000000f10c                CDWHCIRootPort::~CDWHCIRootPort()
                0x000000000000f134                CDWHCIRootPort::Initialize()
 .text          0x000000000000f2c8      0x558 ../../lib/usb/libusb.a(usbhiddevice.o)
                0x000000000000f2c8                CUSBHIDDevice::CUSBHIDDevice(CUSBFunction*, unsigned int)
                0x000000000000f2c8                CUSBHIDDevice::CUSBHIDDevice(CUSBFunction*, unsigned int)
                0x000000000000f314                CUSBHIDDevice::~CUSBHIDDevice()
                0x000000000000f314                CUSBHIDDevice::~CUSBHIDDevice()
                0x000000000000f378                CUSBHIDDevice::~CUSBHIDDevice()
                0x000000000000f398                CUSBHIDDevice::StartRequest()
                0x000000000000f4c8                CUSBHIDDevice::Configure(unsigned int)
                0x000000000000f6e0                CUSBHIDDevice::CompletionRoutine(CUSBRequest*)
                0x000000000000f7d8                CUSBHIDDevice::CompletionStub(CUSBRequest*, void*, void*)
 .text          0x000000000000f820      0x228 ../../lib/usb/libusb.a(usbmouse.o)
                0x000000000000f820                CUSBMouseDevice::~CUSBMouseDevice()
                0x000000000000f820                CUSBMouseDevice::~CUSBMouseDevice()
                0x000000000000f854                CUSBMouseDevice::~CUSBMouseDevice()
                0x000000000000f894                CUSBMouseDevice::ReportHandler(unsigned char const*)
                0x000000000000f8f0                CUSBMouseDevice::CUSBMouseDevice(CUSBFunction*)
                0x000000000000f8f0                CUSBMouseDevice::CUSBMouseDevice(CUSBFunction*)
                0x000000000000f924                CUSBMouseDevice::Setup(unsigned int, unsigned int)
                0x000000000000f92c                CUSBMouseDevice::RegisterEventHandler(void (*)(TMouseEvent, unsigned int, unsigned int, unsigned int))
                0x000000000000f934                CUSBMouseDevice::SetCursor(unsigned int, unsigned int)
                0x000000000000f93c                CUSBMouseDevice::ShowCursor(int)
                0x000000000000f944                CUSBMouseDevice::RegisterStatusHandler(void (*)(unsigned int, int, int))
                0x000000000000f99c                CUSBMouseDevice::Configure()
 .text          0x000000000000fa48      0xae4 ../../lib/usb/libusb.a(usbgamepad.o)
                0x000000000000fa48                CUSBGamePadDevice::~CUSBGamePadDevice()
                0x000000000000fa48                CUSBGamePadDevice::~CUSBGamePadDevice()
                0x000000000000fa8c                CUSBGamePadDevice::~CUSBGamePadDevice()
                0x000000000000faac                CUSBGamePadDevice::CUSBGamePadDevice(CUSBFunction*)
                0x000000000000faac                CUSBGamePadDevice::CUSBGamePadDevice(CUSBFunction*)
                0x000000000000fb30                CUSBGamePadDevice::RegisterStatusHandler(void (*)(unsigned int, TGamePadState const*))
                0x000000000000fb88                CUSBGamePadDevice::BitGetUnsigned(void const*, unsigned int, unsigned int)
                0x000000000000fc8c                CUSBGamePadDevice::BitGetSigned(void const*, unsigned int, unsigned int)
                0x000000000000fcb4                CUSBGamePadDevice::DecodeReport(unsigned char const*)
                0x0000000000010120                CUSBGamePadDevice::GetReport()
                0x00000000000101e8                CUSBGamePadDevice::ReportHandler(unsigned char const*)
                0x0000000000010220                CUSBGamePadDevice::PS3Configure()
                0x00000000000102f8                CUSBGamePadDevice::Configure()
 .text          0x000000000001052c      0x614 ../../lib/usb/libusb.a(usbfunction.o)
                0x000000000001052c                CUSBFunction::Initialize()
                0x0000000000010534                CUSBFunction::~CUSBFunction()
                0x0000000000010534                CUSBFunction::~CUSBFunction()
                0x000000000001058c                CUSBFunction::~CUSBFunction()
                0x00000000000105ac                CUSBFunction::CUSBFunction(CUSBDevice*, CUSBConfigurationParser*)
                0x00000000000105ac                CUSBFunction::CUSBFunction(CUSBDevice*, CUSBConfigurationParser*)
                0x0000000000010678                CUSBFunction::CUSBFunction(CUSBFunction*)
                0x0000000000010678                CUSBFunction::CUSBFunction(CUSBFunction*)
                0x0000000000010788                CUSBFunction::GetInterfaceName() const
                0x00000000000107f4                CUSBFunction::GetNumEndpoints() const
                0x0000000000010834                CUSBFunction::GetDevice() const
                0x0000000000010874                CUSBFunction::GetEndpoint0() const
                0x00000000000108b8                CUSBFunction::GetHost() const
                0x00000000000108fc                CUSBFunction::Configure()
                0x00000000000109c0                CUSBFunction::GetDescriptor(unsigned char)
                0x0000000000010a0c                CUSBFunction::ConfigurationError(char const*) const
                0x0000000000010a80                CUSBFunction::GetInterfaceNumber() const
                0x0000000000010ac0                CUSBFunction::GetInterfaceSubClass() const
                0x0000000000010b00                CUSBFunction::GetInterfaceProtocol() const
 .text          0x0000000000010b40       0xfc ../../lib/usb/libusb.a(dwhciframeschednsplit.o)
                0x0000000000010b40                CDWHCIFrameSchedulerNoSplit::~CDWHCIFrameSchedulerNoSplit()
                0x0000000000010b40                CDWHCIFrameSchedulerNoSplit::~CDWHCIFrameSchedulerNoSplit()
                0x0000000000010b44                CDWHCIFrameSchedulerNoSplit::IsOddFrame() const
                0x0000000000010b50                CDWHCIFrameSchedulerNoSplit::~CDWHCIFrameSchedulerNoSplit()
                0x0000000000010b68                CDWHCIFrameSchedulerNoSplit::StartSplit()
                0x0000000000010b80                CDWHCIFrameSchedulerNoSplit::CompleteSplit()
                0x0000000000010ba4                CDWHCIFrameSchedulerNoSplit::TransactionComplete(unsigned int)
                0x0000000000010bbc                CDWHCIFrameSchedulerNoSplit::WaitForFrame()
                0x0000000000010c20                CDWHCIFrameSchedulerNoSplit::CDWHCIFrameSchedulerNoSplit(int)
                0x0000000000010c20                CDWHCIFrameSchedulerNoSplit::CDWHCIFrameSchedulerNoSplit(int)
 .text          0x0000000000010c3c      0x36c ../../lib/usb/libusb.a(usbprinter.o)
                0x0000000000010c3c                CUSBPrinterDevice::~CUSBPrinterDevice()
                0x0000000000010c3c                CUSBPrinterDevice::~CUSBPrinterDevice()
                0x0000000000010cb0                CUSBPrinterDevice::~CUSBPrinterDevice()
                0x0000000000010cd0                CUSBPrinterDevice::Write(void const*, unsigned int)
                0x0000000000010d74                CUSBPrinterDevice::CUSBPrinterDevice(CUSBFunction*)
                0x0000000000010d74                CUSBPrinterDevice::CUSBPrinterDevice(CUSBFunction*)
                0x0000000000010da4                CUSBPrinterDevice::Configure()
 .text          0x0000000000010fa8      0x694 ../../lib/usb/libusb.a(usbbluetooth.o)
                0x0000000000010fa8                CUSBBluetoothDevice::~CUSBBluetoothDevice()
                0x0000000000010fa8                CUSBBluetoothDevice::~CUSBBluetoothDevice()
                0x0000000000011064                CUSBBluetoothDevice::~CUSBBluetoothDevice()
                0x0000000000011084                CUSBBluetoothDevice::CUSBBluetoothDevice(CUSBFunction*)
                0x0000000000011084                CUSBBluetoothDevice::CUSBBluetoothDevice(CUSBFunction*)
                0x00000000000110c0                CUSBBluetoothDevice::SendHCICommand(void const*, unsigned int)
                0x0000000000011120                CUSBBluetoothDevice::StartRequest()
                0x0000000000011244                CUSBBluetoothDevice::RegisterHCIEventHandler(void (*)(void const*, unsigned int))
                0x0000000000011288                CUSBBluetoothDevice::CompletionRoutine(CUSBRequest*)
                0x00000000000113c8                CUSBBluetoothDevice::CompletionStub(CUSBRequest*, void*, void*)
                0x0000000000011410                CUSBBluetoothDevice::Configure()
 .text          0x000000000001163c      0x72c ../../lib/usb/libusb.a(usbmidi.o)
                0x000000000001163c                CUSBMIDIDevice::~CUSBMIDIDevice()
                0x000000000001163c                CUSBMIDIDevice::~CUSBMIDIDevice()
                0x00000000000116a0                CUSBMIDIDevice::~CUSBMIDIDevice()
                0x00000000000116c0                CUSBMIDIDevice::CUSBMIDIDevice(CUSBFunction*)
                0x00000000000116c0                CUSBMIDIDevice::CUSBMIDIDevice(CUSBFunction*)
                0x00000000000116f8                CUSBMIDIDevice::RegisterPacketHandler(void (*)(unsigned int, unsigned char*, unsigned int))
                0x0000000000011750                CUSBMIDIDevice::StartRequest()
                0x0000000000011888                CUSBMIDIDevice::CompletionRoutine(CUSBRequest*)
                0x0000000000011a64                CUSBMIDIDevice::CompletionStub(CUSBRequest*, void*, void*)
                0x0000000000011aac                CUSBMIDIDevice::TimerHandler(unsigned int)
                0x0000000000011aec                CUSBMIDIDevice::TimerStub(unsigned int, void*, void*)
                0x0000000000011b34                CUSBMIDIDevice::Configure()
 .text          0x0000000000011d68      0x5ac ../../lib/usb/libusb.a(usbcdcethernet.o)
                0x0000000000011d68                CUSBCDCEthernetDevice::GetMACAddress() const
                0x0000000000011d70                CUSBCDCEthernetDevice::~CUSBCDCEthernetDevice()
                0x0000000000011d70                CUSBCDCEthernetDevice::~CUSBCDCEthernetDevice()
                0x0000000000011dec                CUSBCDCEthernetDevice::~CUSBCDCEthernetDevice()
                0x0000000000011e0c                CUSBCDCEthernetDevice::SendFrame(void const*, unsigned int)
                0x0000000000011eac                CUSBCDCEthernetDevice::ReceiveFrame(void*, unsigned int*)
                0x0000000000011fa8                CUSBCDCEthernetDevice::CUSBCDCEthernetDevice(CUSBFunction*)
                0x0000000000011fa8                CUSBCDCEthernetDevice::CUSBCDCEthernetDevice(CUSBFunction*)
                0x0000000000011fdc                CUSBCDCEthernetDevice::InitMACAddress(unsigned char)
                0x00000000000120dc                CUSBCDCEthernetDevice::Configure()
 .text          0x0000000000012314      0x36c ../../lib/usb/libusb.a(usbconfigparser.o)
                0x0000000000012314                CUSBConfigurationParser::CUSBConfigurationParser(void const*, unsigned int)
                0x0000000000012314                CUSBConfigurationParser::CUSBConfigurationParser(void const*, unsigned int)
                0x000000000001246c                CUSBConfigurationParser::CUSBConfigurationParser(CUSBConfigurationParser*)
                0x000000000001246c                CUSBConfigurationParser::CUSBConfigurationParser(CUSBConfigurationParser*)
                0x00000000000124cc                CUSBConfigurationParser::~CUSBConfigurationParser()
                0x00000000000124cc                CUSBConfigurationParser::~CUSBConfigurationParser()
                0x00000000000124d0                CUSBConfigurationParser::IsValid() const
                0x00000000000124d8                CUSBConfigurationParser::GetDescriptor(unsigned char)
                0x00000000000125b8                CUSBConfigurationParser::GetCurrentDescriptor()
                0x0000000000012614                CUSBConfigurationParser::Error(char const*) const
 .text          0x0000000000012680      0x5c4 ../../lib/usb/libusb.a(usbstring.o)
                0x0000000000012680                CUSBString::CUSBString(CUSBDevice*)
                0x0000000000012680                CUSBString::CUSBString(CUSBDevice*)
                0x0000000000012700                CUSBString::CUSBString(CUSBString*)
                0x0000000000012700                CUSBString::CUSBString(CUSBString*)
                0x00000000000127d4                CUSBString::~CUSBString()
                0x00000000000127d4                CUSBString::~CUSBString()
                0x0000000000012814                CUSBString::GetFromDescriptor(unsigned char, unsigned short)
                0x0000000000012ab8                CUSBString::Get() const
                0x0000000000012ac0                CUSBString::GetLanguageID()
 .text          0x0000000000012c44      0x910 ../../lib/usb/libusb.a(smsc951x.o)
                0x0000000000012c44                CSMSC951xDevice::GetMACAddress() const
                0x0000000000012c4c                CSMSC951xDevice::~CSMSC951xDevice()
                0x0000000000012c4c                CSMSC951xDevice::~CSMSC951xDevice()
                0x0000000000012cdc                CSMSC951xDevice::~CSMSC951xDevice()
                0x0000000000012cfc                CSMSC951xDevice::ReceiveFrame(void*, unsigned int*)
                0x0000000000012e90                CSMSC951xDevice::SendFrame(void const*, unsigned int)
                0x0000000000012f6c                CSMSC951xDevice::CSMSC951xDevice(CUSBFunction*)
                0x0000000000012f6c                CSMSC951xDevice::CSMSC951xDevice(CUSBFunction*)
                0x0000000000012fb0                CSMSC951xDevice::WriteReg(unsigned int, unsigned int)
                0x0000000000013018                CSMSC951xDevice::ReadReg(unsigned int, unsigned int*)
                0x0000000000013080                CSMSC951xDevice::DumpReg(char const*, unsigned int)
                0x00000000000130f8                CSMSC951xDevice::DumpRegs()
                0x0000000000013290                CSMSC951xDevice::Configure()
 .text          0x0000000000013554      0x2d0 ../../lib/usb/libusb.a(macaddress.o)
                0x0000000000013554                CMACAddress::CMACAddress()
                0x0000000000013554                CMACAddress::CMACAddress()
                0x0000000000013560                CMACAddress::~CMACAddress()
                0x0000000000013560                CMACAddress::~CMACAddress()
                0x0000000000013564                CMACAddress::operator==(CMACAddress const&) const
                0x00000000000135ec                CMACAddress::operator!=(CMACAddress const&) const
                0x0000000000013600                CMACAddress::Set(unsigned char const*)
                0x0000000000013648                CMACAddress::CMACAddress(unsigned char const*)
                0x0000000000013648                CMACAddress::CMACAddress(unsigned char const*)
                0x000000000001365c                CMACAddress::SetBroadcast()
                0x0000000000013680                CMACAddress::Get() const
                0x00000000000136b4                CMACAddress::CopyTo(unsigned char*) const
                0x0000000000013724                CMACAddress::IsBroadcast() const
                0x0000000000013780                CMACAddress::GetSize() const
                0x0000000000013788                CMACAddress::Format(CString*) const
 .text          0x0000000000013824       0xd8 ../../lib/usb/libusb.a(netdevice.o)
                0x0000000000013824                CNetDevice::CNetDevice(CUSBFunction*)
                0x0000000000013824                CNetDevice::CNetDevice(CUSBFunction*)
                0x0000000000013844                CNetDevice::~CNetDevice()
                0x0000000000013844                CNetDevice::~CNetDevice()
                0x0000000000013864                CNetDevice::~CNetDevice()
                0x0000000000013890                CNetDevice::AddNetDevice()
 .text          0x00000000000138fc      0x374 ../../lib/input/libinput.a(keyboardbehaviour.o)
                0x00000000000138fc                CKeyboardBehaviour::CKeyboardBehaviour()
                0x00000000000138fc                CKeyboardBehaviour::CKeyboardBehaviour()
                0x0000000000013930                CKeyboardBehaviour::~CKeyboardBehaviour()
                0x0000000000013930                CKeyboardBehaviour::~CKeyboardBehaviour()
                0x0000000000013958                CKeyboardBehaviour::RegisterKeyPressedHandler(void (*)(char const*))
                0x0000000000013990                CKeyboardBehaviour::RegisterSelectConsoleHandler(void (*)(unsigned int))
                0x00000000000139c8                CKeyboardBehaviour::RegisterShutdownHandler(void (*)())
                0x0000000000013a00                CKeyboardBehaviour::GetLEDStatus() const
                0x0000000000013a08                CKeyboardBehaviour::GenerateKeyEvent(unsigned char)
                0x0000000000013ae8                CKeyboardBehaviour::KeyPressed(unsigned char)
                0x0000000000013b2c                CKeyboardBehaviour::KeyReleased(unsigned char)
                0x0000000000013b94                CKeyboardBehaviour::TimerHandler(unsigned int)
                0x0000000000013c28                CKeyboardBehaviour::TimerStub(unsigned int, void*, void*)
 .text          0x0000000000013c70      0x3c4 ../../lib/input/libinput.a(keymap.o)
                0x0000000000013c70                CKeyMap::~CKeyMap()
                0x0000000000013c70                CKeyMap::~CKeyMap()
                0x0000000000013c74                CKeyMap::ClearTable(unsigned char)
                0x0000000000013cac                CKeyMap::SetEntry(unsigned char, unsigned char, unsigned short)
                0x0000000000013cfc                CKeyMap::Translate(unsigned char, unsigned char)
                0x0000000000013e14                CKeyMap::GetString(unsigned short, unsigned char, char*) const
                0x0000000000013ed0                CKeyMap::GetLEDStatus() const
                0x0000000000013f00                CKeyMap::LookupDefaultMap(char const*)
                0x0000000000013f90                CKeyMap::CKeyMap()
                0x0000000000013f90                CKeyMap::CKeyMap()
 .text          0x0000000000014034      0x500 ../../lib/input/libinput.a(mousebehaviour.o)
                0x0000000000014034                CMouseBehaviour::CMouseBehaviour()
                0x0000000000014034                CMouseBehaviour::CMouseBehaviour()
                0x0000000000014058                CMouseBehaviour::~CMouseBehaviour()
                0x0000000000014058                CMouseBehaviour::~CMouseBehaviour()
                0x000000000001405c                CMouseBehaviour::Setup(unsigned int, unsigned int)
                0x00000000000141b8                CMouseBehaviour::RegisterEventHandler(void (*)(TMouseEvent, unsigned int, unsigned int, unsigned int))
                0x0000000000014210                CMouseBehaviour::SetCursorState(unsigned int, unsigned int, int)
                0x0000000000014288                CMouseBehaviour::SetCursor(unsigned int, unsigned int)
                0x0000000000014338                CMouseBehaviour::ShowCursor(int)
                0x00000000000143b4                CMouseBehaviour::MouseStatusChanged(unsigned int, int, int)
 .text          0x0000000000014534      0x2a8 ../../lib/fs/libfs.a(partitionmanager.o)
                0x0000000000014534                CPartitionManager::CPartitionManager(CDevice*, char const*)
                0x0000000000014534                CPartitionManager::CPartitionManager(CDevice*, char const*)
                0x0000000000014564                CPartitionManager::~CPartitionManager()
                0x0000000000014564                CPartitionManager::~CPartitionManager()
                0x00000000000145b4                CPartitionManager::Initialize()
 .text          0x00000000000147dc      0x304 ../../lib/fs/libfs.a(partition.o)
                0x00000000000147dc                CPartition::Read(void*, unsigned int)
                0x000000000001488c                CPartition::Write(void const*, unsigned int)
                0x000000000001493c                CPartition::~CPartition()
                0x000000000001493c                CPartition::~CPartition()
                0x0000000000014964                CPartition::~CPartition()
                0x0000000000014998                CPartition::Seek(unsigned long long)
                0x0000000000014a70                CPartition::CPartition(CDevice*, unsigned int, unsigned int)
                0x0000000000014a70                CPartition::CPartition(CDevice*, unsigned int, unsigned int)
 .text          0x0000000000014ae0      0x20c ../../lib/libcircle.a(actled.o)
                0x0000000000014ae0                CActLED::~CActLED()
                0x0000000000014ae0                CActLED::~CActLED()
                0x0000000000014af4                CActLED::On()
                0x0000000000014b34                CActLED::Off()
                0x0000000000014b74                CActLED::CActLED()
                0x0000000000014b74                CActLED::CActLED()
                0x0000000000014c90                CActLED::Blink(unsigned int, unsigned int, unsigned int)
                0x0000000000014cdc                CActLED::Get()
 .text          0x0000000000014cec      0x10c ../../lib/libcircle.a(bcmpropertytags.o)
                0x0000000000014cec                CBcmPropertyTags::CBcmPropertyTags()
                0x0000000000014cec                CBcmPropertyTags::CBcmPropertyTags()
                0x0000000000014d04                CBcmPropertyTags::~CBcmPropertyTags()
                0x0000000000014d04                CBcmPropertyTags::~CBcmPropertyTags()
                0x0000000000014d18                CBcmPropertyTags::GetTags(void*, unsigned int)
                0x0000000000014d9c                CBcmPropertyTags::GetTag(unsigned int, void*, unsigned int, unsigned int)
 .text          0x0000000000014df8      0x630 ../../lib/libcircle.a(gpiopin.o)
                0x0000000000014df8                CGPIOPin::~CGPIOPin()
                0x0000000000014df8                CGPIOPin::~CGPIOPin()
                0x0000000000014dfc                CGPIOPin::~CGPIOPin()
                0x0000000000014e14                CGPIOPin::Write(unsigned int)
                0x0000000000014e44                CGPIOPin::Read() const
                0x0000000000014e68                CGPIOPin::Invert()
                0x0000000000014ea0                CGPIOPin::ConnectInterrupt(void (*)(void*), void*)
                0x0000000000014eb4                CGPIOPin::DisconnectInterrupt()
                0x0000000000014ec8                CGPIOPin::EnableInterrupt(TGPIOInterrupt)
                0x0000000000014f2c                CGPIOPin::DisableInterrupt()
                0x0000000000014f98                CGPIOPin::EnableInterrupt2(TGPIOInterrupt)
                0x0000000000014ffc                CGPIOPin::DisableInterrupt2()
                0x0000000000015068                CGPIOPin::ReadAll()
                0x0000000000015078                CGPIOPin::SetPullUpMode(unsigned int)
                0x00000000000150f4                CGPIOPin::SetAlternateFunction(unsigned int)
                0x0000000000015178                CGPIOPin::SetMode(TGPIOMode, int)
                0x00000000000152f8                CGPIOPin::CGPIOPin(unsigned int, TGPIOMode, CGPIOManager*)
                0x00000000000152f8                CGPIOPin::CGPIOPin(unsigned int, TGPIOMode, CGPIOManager*)
                0x0000000000015384                CGPIOPin::InterruptHandler()
                0x0000000000015390                CGPIOPin::DisableAllInterrupts(unsigned int)
 .text.startup  0x0000000000015428       0x14 ../../lib/libcircle.a(gpiopin.o)
 .text          0x000000000001543c       0x30 ../../lib/libcircle.a(libstub.o)
                0x000000000001543c                __aeabi_uidiv
                0x000000000001544c                __aeabi_uidivmod
                0x0000000000015468                __aeabi_idiv
 .text          0x000000000001546c      0x1b4 ../../lib/libcircle.a(memory.o)
                0x000000000001546c                CMemorySystem::~CMemorySystem()
                0x000000000001546c                CMemorySystem::~CMemorySystem()
                0x00000000000154e8                CMemorySystem::GetMemSize() const
                0x00000000000154f0                CMemorySystem::EnableMMU()
                0x0000000000015560                CMemorySystem::CMemorySystem(int)
                0x0000000000015560                CMemorySystem::CMemorySystem(int)
 .text          0x0000000000015620       0x18 ../../lib/libcircle.a(new.o)
                0x0000000000015620                operator new(unsigned int)
                0x0000000000015624                operator new[](unsigned int)
                0x0000000000015628                operator delete(void*)
                0x000000000001562c                operator delete[](void*)
                0x0000000000015630                operator delete(void*, unsigned int)
                0x0000000000015634                operator delete[](void*, unsigned int)
 .text          0x0000000000015638        0x4 ../../lib/libcircle.a(purecall.o)
                0x0000000000015638                __cxa_pure_virtual
 .text          0x000000000001563c       0x80 ../../lib/libcircle.a(synchronize.o)
                0x000000000001563c                EnterCritical
                0x0000000000015674                LeaveCritical
                0x000000000001569c                SyncDataAndInstructionCache
 .text          0x00000000000156bc       0xe8 ../../lib/libcircle.a(sysinit.o)
                0x00000000000156bc                __aeabi_atexit
                0x00000000000156c0                halt
                0x00000000000156d4                reboot
                0x00000000000156f8                sysinit
 .text          0x00000000000157a4      0x8f0 ../../lib/libcircle.a(timer.o)
                0x00000000000157a4                CTimer::CTimer(CInterruptSystem*)
                0x00000000000157a4                CTimer::CTimer(CInterruptSystem*)
                0x0000000000015800                CTimer::~CTimer()
                0x0000000000015800                CTimer::~CTimer()
                0x0000000000015870                CTimer::SetTimeZone(int)
                0x0000000000015890                CTimer::GetTimeZone() const
                0x0000000000015898                CTimer::SetTime(unsigned int, int)
                0x0000000000015918                CTimer::GetClockTicks()
                0x0000000000015928                CTimer::GetTicks() const
                0x0000000000015930                CTimer::GetUptime() const
                0x0000000000015938                CTimer::GetTime() const
                0x0000000000015940                CTimer::GetUniversalTime() const
                0x0000000000015960                CTimer::GetTimeString()
                0x0000000000015b4c                CTimer::StartKernelTimer(unsigned int, void (*)(unsigned int, void*, void*), void*, void*)
                0x0000000000015c30                CTimer::CancelKernelTimer(unsigned int)
                0x0000000000015c98                CTimer::PollKernelTimers()
                0x0000000000015d7c                CTimer::InterruptHandler()
                0x0000000000015e60                CTimer::InterruptHandler(void*)
                0x0000000000015e64                CTimer::TuneMsDelay()
                0x0000000000015f08                CTimer::Initialize()
                0x0000000000015f5c                CTimer::SimpleMsDelay(unsigned int)
                0x0000000000015f98                CTimer::SimpleusDelay(unsigned int)
                0x0000000000015fc4                CTimer::IsLeapYear(unsigned int)
                0x000000000001600c                CTimer::GetDaysOfMonth(unsigned int, unsigned int)
                0x0000000000016084                CTimer::Get()
 .text          0x0000000000016094      0x460 ../../lib/libcircle.a(util.o)
                0x0000000000016094                memset
                0x00000000000160b8                memcmp
                0x0000000000016114                strlen
                0x000000000001613c                strcmp
                0x00000000000161a8                strcpy
                0x00000000000161d4                strncpy
                0x0000000000016220                strcat
                0x0000000000016264                strchr
                0x00000000000162a4                strtok_r
                0x0000000000016370                strtoul
                0x00000000000164f0                char2int
 .text          0x00000000000164f4       0x5c ../../lib/libcircle.a(util_fast.o)
                0x00000000000164f4                memcpy
 .text          0x0000000000016550       0x40 ../../lib/libcircle.a(device.o)
                0x0000000000016550                CDevice::~CDevice()
                0x0000000000016550                CDevice::~CDevice()
                0x0000000000016554                CDevice::Read(void*, unsigned int)
                0x0000000000016554                CDevice::Write(void const*, unsigned int)
                0x000000000001655c                CDevice::Seek(unsigned long long)
                0x0000000000016568                CDevice::~CDevice()
                0x0000000000016580                CDevice::CDevice()
                0x0000000000016580                CDevice::CDevice()
 .text          0x0000000000016590      0x50c ../../lib/libcircle.a(koptions.o)
                0x00000000000165e8                CKernelOptions::~CKernelOptions()
                0x00000000000165e8                CKernelOptions::~CKernelOptions()
                0x00000000000165fc                CKernelOptions::GetWidth() const
                0x0000000000016604                CKernelOptions::GetHeight() const
                0x000000000001660c                CKernelOptions::GetLogDevice() const
                0x0000000000016618                CKernelOptions::GetLogLevel() const
                0x0000000000016620                CKernelOptions::GetKeyMap() const
                0x0000000000016628                CKernelOptions::GetUSBPowerDelay() const
                0x0000000000016630                CKernelOptions::GetCPUSpeed() const
                0x0000000000016638                CKernelOptions::GetSoCMaxTemp() const
                0x0000000000016640                CKernelOptions::Get()
                0x0000000000016650                CKernelOptions::GetToken()
                0x00000000000166cc                CKernelOptions::CKernelOptions()
                0x00000000000166cc                CKernelOptions::CKernelOptions()
                0x0000000000016a44                CKernelOptions::GetOptionValue(char*)
                0x0000000000016a7c                CKernelOptions::GetDecimal(char*)
 .text          0x0000000000016a9c      0x1d0 ../../lib/libcircle.a(pagetable.o)
                0x0000000000016a9c                CPageTable::CPageTable()
                0x0000000000016a9c                CPageTable::CPageTable()
                0x0000000000016b4c                CPageTable::CPageTable(unsigned int)
                0x0000000000016b4c                CPageTable::CPageTable(unsigned int)
                0x0000000000016c3c                CPageTable::~CPageTable()
                0x0000000000016c3c                CPageTable::~CPageTable()
                0x0000000000016c60                CPageTable::GetBaseAddress() const
 .text          0x0000000000016c6c     0x1230 ../../lib/libcircle.a(screen.o)
                0x0000000000016c6c                CScreenDevice::~CScreenDevice()
                0x0000000000016c6c                CScreenDevice::~CScreenDevice()
                0x0000000000016ce4                CScreenDevice::~CScreenDevice()
                0x0000000000016da0                CScreenDevice::CScreenDevice(unsigned int, unsigned int, int)
                0x0000000000016da0                CScreenDevice::CScreenDevice(unsigned int, unsigned int, int)
                0x0000000000016e18                CScreenDevice::GetWidth() const
                0x0000000000016e20                CScreenDevice::GetHeight() const
                0x0000000000016e28                CScreenDevice::GetColumns() const
                0x0000000000016e4c                CScreenDevice::GetRows() const
                0x0000000000016e70                CScreenDevice::GetStatus()
                0x0000000000016ee0                CScreenDevice::SetStatus(TScreenStatus)
                0x0000000000016ffc                CScreenDevice::CarriageReturn()
                0x0000000000017008                CScreenDevice::CursorHome()
                0x000000000001701c                CScreenDevice::CursorLeft()
                0x0000000000017088                CScreenDevice::CursorMove(unsigned int, unsigned int)
                0x00000000000170e8                CScreenDevice::CursorUp()
                0x0000000000017118                CScreenDevice::DeleteChars(unsigned int)
                0x000000000001711c                CScreenDevice::DeleteLines(unsigned int)
                0x0000000000017120                CScreenDevice::InsertLines(unsigned int)
                0x0000000000017124                CScreenDevice::InsertMode(int)
                0x000000000001712c                CScreenDevice::ReverseScroll()
                0x0000000000017130                CScreenDevice::SetCursorMode(int)
                0x0000000000017138                CScreenDevice::SetScrollRegion(unsigned int, unsigned int)
                0x00000000000171b4                CScreenDevice::SetStandoutMode(unsigned int)
                0x0000000000017254                CScreenDevice::Scroll()
                0x00000000000172f8                CScreenDevice::CursorDown()
                0x0000000000017344                CScreenDevice::NewLine()
                0x0000000000017350                CScreenDevice::CursorRight()
                0x000000000001738c                CScreenDevice::Tabulator()
                0x00000000000173d8                CScreenDevice::DisplayChar(char, unsigned int, unsigned int, unsigned short)
                0x00000000000174a8                CScreenDevice::DisplayChar(char)
                0x00000000000174e4                CScreenDevice::EraseChar(unsigned int, unsigned int)
                0x0000000000017568                CScreenDevice::ClearLineEnd()
                0x0000000000017610                CScreenDevice::EraseChars(unsigned int)
                0x000000000001761c                CScreenDevice::ClearDisplayEnd()
                0x000000000001769c                CScreenDevice::Write(char)
                0x0000000000017b98                CScreenDevice::Write(void const*, unsigned int)
                0x0000000000017c58                CScreenDevice::Initialize()
                0x0000000000017dcc                CScreenDevice::InvertCursor()
                0x0000000000017ddc                CScreenDevice::SetPixel(unsigned int, unsigned int, unsigned short)
                0x0000000000017e08                CScreenDevice::GetPixel(unsigned int, unsigned int)
                0x0000000000017e40                CScreenDevice::Rotor(unsigned int, unsigned int)
 .text          0x0000000000017e9c       0x68 ../../lib/libcircle.a(chargenerator.o)
                0x0000000000017e9c                CCharGenerator::CCharGenerator()
                0x0000000000017e9c                CCharGenerator::CCharGenerator()
                0x0000000000017ea8                CCharGenerator::~CCharGenerator()
                0x0000000000017ea8                CCharGenerator::~CCharGenerator()
                0x0000000000017eac                CCharGenerator::GetCharWidth() const
                0x0000000000017eb4                CCharGenerator::GetCharHeight() const
                0x0000000000017ebc                CCharGenerator::GetUnderline() const
                0x0000000000017ec4                CCharGenerator::GetPixel(char, unsigned int, unsigned int) const
 .text          0x0000000000017f04      0x1a4 ../../lib/libcircle.a(debug.o)
                0x0000000000017f04                debug_hexdump(void const*, unsigned int, char const*)
                0x0000000000018018                debug_stacktrace(unsigned int const*, char const*)
 .text          0x00000000000180a8      0x1b8 ../../lib/libcircle.a(devicenameservice.o)
                0x00000000000180a8                CDeviceNameService::CDeviceNameService()
                0x00000000000180a8                CDeviceNameService::CDeviceNameService()
                0x00000000000180c4                CDeviceNameService::~CDeviceNameService()
                0x00000000000180c4                CDeviceNameService::~CDeviceNameService()
                0x000000000001812c                CDeviceNameService::AddDevice(char const*, CDevice*, int)
                0x00000000000181a4                CDeviceNameService::GetDevice(char const*, int)
                0x0000000000018250                CDeviceNameService::Get()
 .text          0x0000000000018260      0x460 ../../lib/libcircle.a(logger.o)
                0x0000000000018260                CLogger::CLogger(unsigned int, CTimer*)
                0x0000000000018260                CLogger::CLogger(unsigned int, CTimer*)
                0x00000000000182ac                CLogger::~CLogger()
                0x00000000000182ac                CLogger::~CLogger()
                0x00000000000182dc                CLogger::Get()
                0x00000000000182ec                CLogger::Write(char const*)
                0x0000000000018390                CLogger::Read(void*, unsigned int)
                0x000000000001844c                CLogger::WriteV(char const*, TLogSeverity, char const*, std::__va_list)
                0x000000000001864c                CLogger::Write(char const*, TLogSeverity, char const*, ...)
                0x000000000001867c                CLogger::Initialize(CDevice*)
 .text          0x00000000000186c0      0x830 ../../lib/libcircle.a(serial.o)
                0x00000000000186c0                CSerialDevice::Read(void*, unsigned int)
                0x0000000000018848                CSerialDevice::CSerialDevice(CInterruptSystem*, int)
                0x0000000000018848                CSerialDevice::CSerialDevice(CInterruptSystem*, int)
                0x0000000000018904                CSerialDevice::Initialize(unsigned int)
                0x0000000000018a34                CSerialDevice::GetOptions() const
                0x0000000000018a40                CSerialDevice::SetOptions(unsigned int)
                0x0000000000018a4c                CSerialDevice::Write(unsigned char)
                0x0000000000018b28                CSerialDevice::Write(void const*, unsigned int)
                0x0000000000018cc0                CSerialDevice::InterruptHandler()
                0x0000000000018e3c                CSerialDevice::InterruptStub(void*)
                0x0000000000018e40                CSerialDevice::~CSerialDevice()
                0x0000000000018e40                CSerialDevice::~CSerialDevice()
                0x0000000000018ed0                CSerialDevice::~CSerialDevice()
 .text          0x0000000000018ef0      0xe74 ../../lib/libcircle.a(string.o)
                0x0000000000018ef0                CString::~CString()
                0x0000000000018ef0                CString::~CString()
                0x0000000000018f1c                CString::~CString()
                0x0000000000018fbc                CString::CString()
                0x0000000000018fbc                CString::CString()
                0x0000000000018fd8                CString::CString(char const*)
                0x0000000000018fd8                CString::CString(char const*)
                0x0000000000019018                CString::operator char const*() const
                0x0000000000019030                CString::operator=(char const*)
                0x0000000000019074                CString::GetLength() const
                0x0000000000019084                CString::Append(char const*)
                0x0000000000019108                CString::Compare(char const*) const
                0x0000000000019110                CString::Find(char) const
                0x0000000000019154                CString::PutChar(char, unsigned int)
                0x0000000000019194                CString::PutString(char const*)
                0x00000000000191d8                CString::ReserveSpace(unsigned int)
                0x00000000000191e4                CString::ntoa(char*, unsigned long, unsigned int, int)
                0x000000000001929c                CString::ftoa(char*, double, unsigned int)
                0x0000000000019518                CString::FormatV(char const*, std::__va_list)
                0x0000000000019d38                CString::Format(char const*, ...)
 *fill*         0x0000000000019d64        0x4 
 .text          0x0000000000019d68        0xc ../../lib/libcircle.a(delayloop.o)
                0x0000000000019d68                DelayLoop
 .text          0x0000000000019d74      0x1a4 ../../lib/libcircle.a(exceptionhandler.o)
                0x0000000000019d74                CExceptionHandler::CExceptionHandler()
                0x0000000000019d74                CExceptionHandler::CExceptionHandler()
                0x0000000000019de0                CExceptionHandler::~CExceptionHandler()
                0x0000000000019de0                CExceptionHandler::~CExceptionHandler()
                0x0000000000019df4                CExceptionHandler::Throw(unsigned int)
                0x0000000000019e34                CExceptionHandler::Throw(unsigned int, TAbortFrame*)
                0x0000000000019ef0                CExceptionHandler::Get()
                0x0000000000019f00                ExceptionHandler
 .text          0x0000000000019f18      0x10c ../../lib/libcircle.a(exceptionstub.o)
                0x0000000000019f18                UndefinedInstructionStub
                0x0000000000019f58                PrefetchAbortStub
                0x0000000000019f98                DataAbortStub
                0x0000000000019fd8                IRQStub
                0x0000000000019fe8                FIQStub
 .text          0x000000000001a024      0x37c ../../lib/libcircle.a(interrupt.o)
                0x000000000001a024                CInterruptSystem::CInterruptSystem()
                0x000000000001a024                CInterruptSystem::CInterruptSystem()
                0x000000000001a05c                CInterruptSystem::~CInterruptSystem()
                0x000000000001a05c                CInterruptSystem::~CInterruptSystem()
                0x000000000001a070                CInterruptSystem::Initialize()
                0x000000000001a0d4                CInterruptSystem::ConnectIRQ(unsigned int, void (*)(void*), void*)
                0x000000000001a11c                CInterruptSystem::DisconnectIRQ(unsigned int)
                0x000000000001a16c                CInterruptSystem::ConnectFIQ(unsigned int, void (*)(void*), void*)
                0x000000000001a18c                CInterruptSystem::DisconnectFIQ()
                0x000000000001a1b0                CInterruptSystem::EnableIRQ(unsigned int)
                0x000000000001a1ec                CInterruptSystem::DisableIRQ(unsigned int)
                0x000000000001a228                CInterruptSystem::EnableFIQ(unsigned int)
                0x000000000001a23c                CInterruptSystem::DisableFIQ()
                0x000000000001a250                CInterruptSystem::Get()
                0x000000000001a260                CInterruptSystem::CallIRQHandler(unsigned int)
                0x000000000001a2c4                CInterruptSystem::InterruptHandler()
                0x000000000001a39c                InterruptHandler
 .text          0x000000000001a3a0      0x128 ../../lib/libcircle.a(gpiomanager.o)
                0x000000000001a3a0                CGPIOManager::CGPIOManager(CInterruptSystem*)
                0x000000000001a3a0                CGPIOManager::CGPIOManager(CInterruptSystem*)
                0x000000000001a3cc                CGPIOManager::~CGPIOManager()
                0x000000000001a3cc                CGPIOManager::~CGPIOManager()
                0x000000000001a3f4                CGPIOManager::Initialize()
                0x000000000001a424                CGPIOManager::ConnectInterrupt(CGPIOPin*)
                0x000000000001a434                CGPIOManager::DisconnectInterrupt(CGPIOPin*)
                0x000000000001a448                CGPIOManager::InterruptHandler()
                0x000000000001a4c4                CGPIOManager::InterruptStub(void*)
 .text          0x000000000001a4c8      0x1f8 ../../lib/libcircle.a(virtualgpiopin.o)
                0x000000000001a4c8                CVirtualGPIOPin::~CVirtualGPIOPin()
                0x000000000001a4c8                CVirtualGPIOPin::~CVirtualGPIOPin()
                0x000000000001a4cc                CVirtualGPIOPin::~CVirtualGPIOPin()
                0x000000000001a588                CVirtualGPIOPin::CVirtualGPIOPin(unsigned int)
                0x000000000001a588                CVirtualGPIOPin::CVirtualGPIOPin(unsigned int)
                0x000000000001a678                CVirtualGPIOPin::Write(unsigned int)
                0x000000000001a6b4                CVirtualGPIOPin::Invert()
 .text.startup  0x000000000001a6c0       0x14 ../../lib/libcircle.a(virtualgpiopin.o)
 .text          0x000000000001a6d4      0x378 ../../lib/libcircle.a(machineinfo.o)
                0x000000000001a6d4                CMachineInfo::CMachineInfo()
                0x000000000001a6d4                CMachineInfo::CMachineInfo()
                0x000000000001a89c                CMachineInfo::~CMachineInfo()
                0x000000000001a89c                CMachineInfo::~CMachineInfo()
                0x000000000001a8c0                CMachineInfo::GetMachineModel() const
                0x000000000001a8c8                CMachineInfo::GetMachineName() const
                0x000000000001a8e0                CMachineInfo::GetModelMajor() const
                0x000000000001a8e8                CMachineInfo::GetModelRevision() const
                0x000000000001a8f0                CMachineInfo::GetSoCType() const
                0x000000000001a8f8                CMachineInfo::GetRAMSize() const
                0x000000000001a900                CMachineInfo::GetSoCName() const
                0x000000000001a918                CMachineInfo::GetRevisionRaw() const
                0x000000000001a920                CMachineInfo::GetClockRate(unsigned int) const
                0x000000000001a9c8                CMachineInfo::GetGPIOPin(TGPIOVirtualPin) const
                0x000000000001aa1c                CMachineInfo::GetDevice(TDeviceId) const
                0x000000000001aa3c                CMachineInfo::Get()
 .text          0x000000000001aa4c      0x1f4 ../../lib/libcircle.a(cache-v7.o)
                0x000000000001aa4c                InvalidateDataCacheL1Only
                0x000000000001aab8                InvalidateDataCache
                0x000000000001ab60                CleanDataCache
                0x000000000001ac08                CleanAndInvalidateDataCacheRange
 .text          0x000000000001ac40      0x174 ../../lib/libcircle.a(ptrlist.o)
                0x000000000001ac40                CPtrList::CPtrList()
                0x000000000001ac40                CPtrList::CPtrList()
                0x000000000001ac4c                CPtrList::~CPtrList()
                0x000000000001ac4c                CPtrList::~CPtrList()
                0x000000000001ac50                CPtrList::GetFirst()
                0x000000000001ac58                CPtrList::GetNext(TPtrListElement*)
                0x000000000001ac60                CPtrList::GetPtr(TPtrListElement*)
                0x000000000001ac68                CPtrList::InsertBefore(TPtrListElement*, void*)
                0x000000000001acd0                CPtrList::InsertAfter(TPtrListElement*, void*)
                0x000000000001ad2c                CPtrList::Remove(TPtrListElement*)
                0x000000000001ad78                CPtrList::Find(void*)
 .text          0x000000000001adb4      0x2f0 ../../lib/libcircle.a(alloc.o)
                0x000000000001adb4                mem_init
                0x000000000001adec                mem_get_size
                0x000000000001ae14                malloc
                0x000000000001af14                free
                0x000000000001afa8                palloc
                0x000000000001b038                pfree
 .text.startup  0x000000000001b0a4       0x18 ../../lib/libcircle.a(alloc.o)
 .text          0x000000000001b0bc      0x148 ../../lib/libcircle.a(bcmmailbox.o)
                0x000000000001b0bc                CBcmMailBox::CBcmMailBox(unsigned int)
                0x000000000001b0bc                CBcmMailBox::CBcmMailBox(unsigned int)
                0x000000000001b0c8                CBcmMailBox::~CBcmMailBox()
                0x000000000001b0c8                CBcmMailBox::~CBcmMailBox()
                0x000000000001b0cc                CBcmMailBox::WriteRead(unsigned int)
                0x000000000001b17c                CBcmMailBox::Flush()
                0x000000000001b1b0                CBcmMailBox::Read()
                0x000000000001b1e0                CBcmMailBox::Write(unsigned int)
 .text          0x000000000001b204      0x114 ../../lib/libcircle.a(libhelper.o)
                0x000000000001b204                __Divide
                0x000000000001b2b4                __DivideInteger
 .text          0x000000000001b318      0x3c0 ../../lib/libcircle.a(bcmframebuffer.o)
                0x000000000001b39c                CBcmFrameBuffer::CBcmFrameBuffer(unsigned int, unsigned int, unsigned int, unsigned int, unsigned int)
                0x000000000001b39c                CBcmFrameBuffer::CBcmFrameBuffer(unsigned int, unsigned int, unsigned int, unsigned int, unsigned int)
                0x000000000001b4d4                CBcmFrameBuffer::~CBcmFrameBuffer()
                0x000000000001b4d4                CBcmFrameBuffer::~CBcmFrameBuffer()
                0x000000000001b4f0                CBcmFrameBuffer::SetPalette(unsigned char, unsigned short)
                0x000000000001b52c                CBcmFrameBuffer::SetPalette32(unsigned char, unsigned int)
                0x000000000001b544                CBcmFrameBuffer::Initialize()
                0x000000000001b608                CBcmFrameBuffer::GetWidth() const
                0x000000000001b610                CBcmFrameBuffer::GetHeight() const
                0x000000000001b618                CBcmFrameBuffer::GetVirtWidth() const
                0x000000000001b620                CBcmFrameBuffer::GetVirtHeight() const
                0x000000000001b628                CBcmFrameBuffer::GetPitch() const
                0x000000000001b630                CBcmFrameBuffer::GetDepth() const
                0x000000000001b638                CBcmFrameBuffer::GetBuffer() const
                0x000000000001b640                CBcmFrameBuffer::GetSize() const
                0x000000000001b648                CBcmFrameBuffer::UpdatePalette()
                0x000000000001b660                CBcmFrameBuffer::SetVirtualOffset(unsigned int, unsigned int)
                0x000000000001b6d8                _etext = .

.glue_7         0x000000000001b6d8        0x0
 .glue_7        0x000000000001b6d8        0x0 linker stubs

.glue_7t        0x000000000001b6d8        0x0
 .glue_7t       0x000000000001b6d8        0x0 linker stubs

.vfp11_veneer   0x000000000001b6d8        0x0
 .vfp11_veneer  0x000000000001b6d8        0x0 linker stubs

.v4_bx          0x000000000001b6d8        0x0
 .v4_bx         0x000000000001b6d8        0x0 linker stubs

.iplt           0x000000000001b6d8        0x0
 .iplt          0x000000000001b6d8        0x0 ../../lib/startup.o

.rodata         0x000000000001b6d8     0x51f8
 *(.rodata*)
 .rodata        0x000000000001b6d8        0x7 kernel.o
 *fill*         0x000000000001b6df        0x1 
 .rodata.str1.4
                0x000000000001b6e0       0xa1 kernel.o
 *fill*         0x000000000001b781        0x3 
 .rodata        0x000000000001b784       0x23 ../../lib/usb/libusb.a(dwhcidevice.o)
                0x000000000001b784                vtable for CDWHCIDevice
 *fill*         0x000000000001b7a7        0x1 
 .rodata.str1.4
                0x000000000001b7a8      0x55a ../../lib/usb/libusb.a(dwhcidevice.o)
                                        0x55e (size before relaxing)
 *fill*         0x000000000001bd02        0x2 
 .rodata.str1.4
                0x000000000001bd04       0x7d ../../lib/usb/libusb.a(dwhciregister.o)
 *fill*         0x000000000001bd81        0x3 
 .rodata.str1.4
                0x000000000001bd84      0x14a ../../lib/usb/libusb.a(dwhcixferstagedata.o)
                                        0x14e (size before relaxing)
 *fill*         0x000000000001bece        0x2 
 .rodata        0x000000000001bed0       0x1f ../../lib/usb/libusb.a(usbdevice.o)
                0x000000000001bed0                vtable for CUSBDevice
 *fill*         0x000000000001beef        0x1 
 .rodata.str1.4
                0x000000000001bef0      0x332 ../../lib/usb/libusb.a(usbdevice.o)
                                        0x356 (size before relaxing)
 *fill*         0x000000000001c222        0x2 
 .rodata.str1.4
                0x000000000001c224      0x137 ../../lib/usb/libusb.a(usbendpoint.o)
                                        0x14b (size before relaxing)
 *fill*         0x000000000001c35b        0x1 
 .rodata        0x000000000001c35c       0x18 ../../lib/usb/libusb.a(usbhostcontroller.o)
                0x000000000001c35c                vtable for CUSBHostController
 .rodata.str1.4
                0x000000000001c374       0x9e ../../lib/usb/libusb.a(usbrequest.o)
                                         0xb2 (size before relaxing)
 *fill*         0x000000000001c412        0x2 
 .rodata.str1.4
                0x000000000001c414       0xea ../../lib/usb/libusb.a(usbdevicefactory.o)
                                         0xf6 (size before relaxing)
 *fill*         0x000000000001c4fe        0x2 
 .rodata        0x000000000001c500       0x2b ../../lib/usb/libusb.a(usbstandardhub.o)
                0x000000000001c500                vtable for CUSBStandardHub
 *fill*         0x000000000001c52b        0x1 
 .rodata.str1.4
                0x000000000001c52c      0x22c ../../lib/usb/libusb.a(usbstandardhub.o)
 .rodata        0x000000000001c758       0x29 ../../lib/usb/libusb.a(usbmassdevice.o)
                0x000000000001c758                vtable for CUSBBulkOnlyMassStorageDevice
 *fill*         0x000000000001c781        0x3 
 .rodata.str1.4
                0x000000000001c784      0x24e ../../lib/usb/libusb.a(usbmassdevice.o)
                                        0x282 (size before relaxing)
 *fill*         0x000000000001c9d2        0x2 
 .rodata        0x000000000001c9d4       0x24 ../../lib/usb/libusb.a(dwhciframeschednper.o)
                0x000000000001c9d4                vtable for CDWHCIFrameSchedulerNonPeriodic
 .rodata.str1.4
                0x000000000001c9f8       0x58 ../../lib/usb/libusb.a(dwhciframeschednper.o)
                                         0x6a (size before relaxing)
 .rodata        0x000000000001ca50       0x24 ../../lib/usb/libusb.a(dwhciframeschedper.o)
                0x000000000001ca50                vtable for CDWHCIFrameSchedulerPeriodic
 .rodata.str1.4
                0x000000000001ca74       0x17 ../../lib/usb/libusb.a(dwhciframeschedper.o)
                                         0x6a (size before relaxing)
 *fill*         0x000000000001ca8b        0x1 
 .rodata        0x000000000001ca8c       0x2f ../../lib/usb/libusb.a(usbkeyboard.o)
                0x000000000001ca8c                vtable for CUSBKeyboardDevice
 *fill*         0x000000000001cabb        0x1 
 .rodata.str1.4
                0x000000000001cabc       0x67 ../../lib/usb/libusb.a(usbkeyboard.o)
 *fill*         0x000000000001cb23        0x1 
 .rodata        0x000000000001cb24        0x7 ../../lib/usb/libusb.a(dwhcirootport.o)
 *fill*         0x000000000001cb2b        0x1 
 .rodata.str1.4
                0x000000000001cb2c       0x83 ../../lib/usb/libusb.a(dwhcirootport.o)
                                         0x93 (size before relaxing)
 *fill*         0x000000000001cbaf        0x1 
 .rodata        0x000000000001cbb0       0x2f ../../lib/usb/libusb.a(usbhiddevice.o)
                0x000000000001cbb0                vtable for CUSBHIDDevice
 *fill*         0x000000000001cbdf        0x1 
 .rodata.str1.4
                0x000000000001cbe0       0xd7 ../../lib/usb/libusb.a(usbhiddevice.o)
                                        0x107 (size before relaxing)
 *fill*         0x000000000001ccb7        0x1 
 .rodata        0x000000000001ccb8       0x2f ../../lib/usb/libusb.a(usbmouse.o)
                0x000000000001ccb8                vtable for CUSBMouseDevice
 *fill*         0x000000000001cce7        0x1 
 .rodata.str1.4
                0x000000000001cce8       0x49 ../../lib/usb/libusb.a(usbmouse.o)
                                         0x65 (size before relaxing)
 *fill*         0x000000000001cd31        0x3 
 .rodata        0x000000000001cd34       0x37 ../../lib/usb/libusb.a(usbgamepad.o)
                0x000000000001cd34                vtable for CUSBGamePadDevice
 *fill*         0x000000000001cd6b        0x1 
 .rodata.str1.4
                0x000000000001cd6c       0xab ../../lib/usb/libusb.a(usbgamepad.o)
                                         0xf7 (size before relaxing)
 *fill*         0x000000000001ce17        0x1 
 .rodata        0x000000000001ce18       0x2b ../../lib/usb/libusb.a(usbfunction.o)
                0x000000000001ce18                vtable for CUSBFunction
 *fill*         0x000000000001ce43        0x1 
 .rodata.str1.4
                0x000000000001ce44       0x85 ../../lib/usb/libusb.a(usbfunction.o)
                                         0xcd (size before relaxing)
 *fill*         0x000000000001cec9        0x3 
 .rodata        0x000000000001cecc       0x24 ../../lib/usb/libusb.a(dwhciframeschednsplit.o)
                0x000000000001cecc                vtable for CDWHCIFrameSchedulerNoSplit
 .rodata.str1.4
                0x000000000001cef0       0x1a ../../lib/usb/libusb.a(dwhciframeschednsplit.o)
                                         0x1e (size before relaxing)
 *fill*         0x000000000001cf0a        0x2 
 .rodata        0x000000000001cf0c       0x29 ../../lib/usb/libusb.a(usbprinter.o)
                0x000000000001cf0c                vtable for CUSBPrinterDevice
 *fill*         0x000000000001cf35        0x3 
 .rodata.str1.4
                0x000000000001cf38       0x43 ../../lib/usb/libusb.a(usbprinter.o)
                                         0x77 (size before relaxing)
 *fill*         0x000000000001cf7b        0x1 
 .rodata        0x000000000001cf7c       0x2a ../../lib/usb/libusb.a(usbbluetooth.o)
                0x000000000001cf7c                vtable for CUSBBluetoothDevice
 *fill*         0x000000000001cfa6        0x2 
 .rodata.str1.4
                0x000000000001cfa8       0x96 ../../lib/usb/libusb.a(usbbluetooth.o)
                                         0xfa (size before relaxing)
 *fill*         0x000000000001d03e        0x2 
 .rodata        0x000000000001d040       0x6a ../../lib/usb/libusb.a(usbmidi.o)
                0x000000000001d040                vtable for CUSBMIDIDevice
 *fill*         0x000000000001d0aa        0x2 
 .rodata.str1.4
                0x000000000001d0ac       0xd0 ../../lib/usb/libusb.a(usbmidi.o)
                                        0x130 (size before relaxing)
 .rodata        0x000000000001d17c       0x38 ../../lib/usb/libusb.a(usbcdcethernet.o)
                0x000000000001d17c                vtable for CUSBCDCEthernetDevice
 .rodata.str1.4
                0x000000000001d1b4       0xb2 ../../lib/usb/libusb.a(usbcdcethernet.o)
                                         0xd9 (size before relaxing)
 *fill*         0x000000000001d266        0x2 
 .rodata.str1.4
                0x000000000001d268       0x9b ../../lib/usb/libusb.a(usbconfigparser.o)
                                         0xb7 (size before relaxing)
 *fill*         0x000000000001d303        0x1 
 .rodata.str1.4
                0x000000000001d304       0x9b ../../lib/usb/libusb.a(usbstring.o)
                                         0xbb (size before relaxing)
 *fill*         0x000000000001d39f        0x1 
 .rodata        0x000000000001d3a0       0x39 ../../lib/usb/libusb.a(smsc951x.o)
                0x000000000001d3a0                vtable for CSMSC951xDevice
 *fill*         0x000000000001d3d9        0x3 
 .rodata.str1.4
                0x000000000001d3dc      0x170 ../../lib/usb/libusb.a(smsc951x.o)
                                        0x214 (size before relaxing)
 .rodata.str1.4
                0x000000000001d54c       0x4e ../../lib/usb/libusb.a(macaddress.o)
                                         0x6a (size before relaxing)
 *fill*         0x000000000001d59a        0x2 
 .rodata        0x000000000001d59c       0x30 ../../lib/usb/libusb.a(netdevice.o)
                0x000000000001d59c                vtable for CNetDevice
 .rodata.str1.4
                0x000000000001d5cc        0x6 ../../lib/usb/libusb.a(netdevice.o)
 *fill*         0x000000000001d5d2        0x2 
 .rodata.str1.4
                0x000000000001d5d4       0x77 ../../lib/input/libinput.a(keyboardbehaviour.o)
                                         0x93 (size before relaxing)
 *fill*         0x000000000001d64b        0x1 
 .rodata        0x000000000001d64c     0x1800 ../../lib/input/libinput.a(keymap.o)
                0x000000000001d64c                CKeyMap::s_DefaultMap
 .rodata.str1.4
                0x000000000001ee4c      0x112 ../../lib/input/libinput.a(keymap.o)
                                        0x126 (size before relaxing)
 *fill*         0x000000000001ef5e        0x2 
 .rodata        0x000000000001ef60      0x400 ../../lib/input/libinput.a(mousebehaviour.o)
 .rodata.str1.4
                0x000000000001f360       0xb6 ../../lib/input/libinput.a(mousebehaviour.o)
                                         0xce (size before relaxing)
 *fill*         0x000000000001f416        0x2 
 .rodata        0x000000000001f418        0x6 ../../lib/fs/libfs.a(partitionmanager.o)
 *fill*         0x000000000001f41e        0x2 
 .rodata.str1.4
                0x000000000001f420       0x80 ../../lib/fs/libfs.a(partitionmanager.o)
 .rodata        0x000000000001f4a0       0x1c ../../lib/fs/libfs.a(partition.o)
                0x000000000001f4a0                vtable for CPartition
 .rodata.str1.4
                0x000000000001f4bc        0xe ../../lib/fs/libfs.a(partition.o)
                                         0x1f (size before relaxing)
 *fill*         0x000000000001f4ca        0x2 
 .rodata        0x000000000001f4cc       0x28 ../../lib/libcircle.a(gpiopin.o)
                0x000000000001f4e4                vtable for CGPIOPin
 .rodata        0x000000000001f4f4       0x36 ../../lib/libcircle.a(timer.o)
                0x000000000001f4f4                CTimer::s_nDaysOfMonth
 *fill*         0x000000000001f52a        0x2 
 .rodata.str1.4
                0x000000000001f52c       0x78 ../../lib/libcircle.a(timer.o)
 .rodata        0x000000000001f5a4       0x1c ../../lib/libcircle.a(device.o)
                0x000000000001f5a4                vtable for CDevice
 .rodata.str1.4
                0x000000000001f5c0       0x5e ../../lib/libcircle.a(koptions.o)
                                         0x62 (size before relaxing)
 *fill*         0x000000000001f61e        0x2 
 .rodata        0x000000000001f620       0x21 ../../lib/libcircle.a(screen.o)
                0x000000000001f620                vtable for CScreenDevice
 .rodata.str1.4
                0x000000000001f641        0x5 ../../lib/libcircle.a(screen.o)
 *fill*         0x000000000001f641        0x3 
 .rodata        0x000000000001f644      0xdf0 ../../lib/libcircle.a(chargenerator.o)
 .rodata        0x0000000000020434        0x6 ../../lib/libcircle.a(debug.o)
 *fill*         0x000000000002043a        0x2 
 .rodata.str1.4
                0x000000000002043c       0x8e ../../lib/libcircle.a(debug.o)
 *fill*         0x00000000000204ca        0x2 
 .rodata.str1.4
                0x00000000000204cc       0x33 ../../lib/libcircle.a(logger.o)
                                         0x3b (size before relaxing)
 *fill*         0x00000000000204ff        0x1 
 .rodata        0x0000000000020500       0x1c ../../lib/libcircle.a(serial.o)
                0x0000000000020500                vtable for CSerialDevice
 .rodata.str1.4
                0x000000000002051c        0x6 ../../lib/libcircle.a(serial.o)
 *fill*         0x0000000000020522        0x2 
 .rodata        0x0000000000020524       0x10 ../../lib/libcircle.a(string.o)
                0x0000000000020524                vtable for CString
 .rodata.str1.4
                0x0000000000020534        0x9 ../../lib/libcircle.a(string.o)
                                          0xd (size before relaxing)
 *fill*         0x000000000002053d        0x3 
 .rodata        0x0000000000020540        0x7 ../../lib/libcircle.a(exceptionhandler.o)
 *fill*         0x0000000000020547        0x1 
 .rodata.str1.4
                0x0000000000020548       0x97 ../../lib/libcircle.a(exceptionhandler.o)
 *fill*         0x00000000000205df        0x1 
 .rodata        0x00000000000205e0       0x10 ../../lib/libcircle.a(virtualgpiopin.o)
                0x00000000000205e0                vtable for CVirtualGPIOPin
 .rodata        0x00000000000205f0      0x1cc ../../lib/libcircle.a(machineinfo.o)
 .rodata.str1.4
                0x00000000000207bc      0x114 ../../lib/libcircle.a(machineinfo.o)
                                        0x111 (size before relaxing)
                0x00000000000208d0                __init_start = .

.rel.dyn        0x00000000000208d0        0x0
 .rel.iplt      0x00000000000208d0        0x0 ../../lib/startup.o

.init_array     0x00000000000208d0        0xc
 *(.init_array*)
 .init_array    0x00000000000208d0        0x4 ../../lib/libcircle.a(gpiopin.o)
 .init_array    0x00000000000208d4        0x4 ../../lib/libcircle.a(virtualgpiopin.o)
 .init_array    0x00000000000208d8        0x4 ../../lib/libcircle.a(alloc.o)
                0x00000000000208dc                __init_end = .

.data           0x00000000000208dc      0x230
 *(.data*)
 .data          0x00000000000208dc        0x0 ../../lib/startup.o
 .data          0x00000000000208dc        0x0 main.o
 .data          0x00000000000208dc        0x0 kernel.o
 .data          0x00000000000208dc        0x0 ../../lib/usb/libusb.a(dwhcidevice.o)
 .data          0x00000000000208dc        0x0 ../../lib/usb/libusb.a(dwhciregister.o)
 .data          0x00000000000208dc        0x0 ../../lib/usb/libusb.a(dwhcixferstagedata.o)
 .data          0x00000000000208dc        0x1 ../../lib/usb/libusb.a(usbdevice.o)
                0x00000000000208dc                CUSBDevice::s_ucNextAddress
 .data          0x00000000000208dd        0x0 ../../lib/usb/libusb.a(usbendpoint.o)
 .data          0x00000000000208dd        0x0 ../../lib/usb/libusb.a(usbhostcontroller.o)
 .data          0x00000000000208dd        0x0 ../../lib/usb/libusb.a(usbrequest.o)
 .data          0x00000000000208dd        0x0 ../../lib/usb/libusb.a(usbdevicefactory.o)
 *fill*         0x00000000000208dd        0x3 
 .data          0x00000000000208e0        0x4 ../../lib/usb/libusb.a(usbstandardhub.o)
                0x00000000000208e0                CUSBStandardHub::s_nDeviceNumber
 .data          0x00000000000208e4        0x4 ../../lib/usb/libusb.a(usbmassdevice.o)
                0x00000000000208e4                CUSBBulkOnlyMassStorageDevice::s_nDeviceNumber
 .data          0x00000000000208e8        0x0 ../../lib/usb/libusb.a(dwhciframeschednper.o)
 .data          0x00000000000208e8        0x0 ../../lib/usb/libusb.a(dwhciframeschedper.o)
 .data          0x00000000000208e8        0x4 ../../lib/usb/libusb.a(usbkeyboard.o)
                0x00000000000208e8                CUSBKeyboardDevice::s_nDeviceNumber
 .data          0x00000000000208ec        0x0 ../../lib/usb/libusb.a(dwhcirootport.o)
 .data          0x00000000000208ec        0x0 ../../lib/usb/libusb.a(usbhiddevice.o)
 .data          0x00000000000208ec        0x4 ../../lib/usb/libusb.a(usbmouse.o)
                0x00000000000208ec                CUSBMouseDevice::s_nDeviceNumber
 .data          0x00000000000208f0       0x38 ../../lib/usb/libusb.a(usbgamepad.o)
                0x0000000000020924                CUSBGamePadDevice::s_nDeviceNumber
 .data          0x0000000000020928        0x0 ../../lib/usb/libusb.a(usbfunction.o)
 .data          0x0000000000020928        0x0 ../../lib/usb/libusb.a(dwhciframeschednsplit.o)
 .data          0x0000000000020928        0x4 ../../lib/usb/libusb.a(usbprinter.o)
                0x0000000000020928                CUSBPrinterDevice::s_nDeviceNumber
 .data          0x000000000002092c        0x4 ../../lib/usb/libusb.a(usbbluetooth.o)
                0x000000000002092c                CUSBBluetoothDevice::s_nDeviceNumber
 .data          0x0000000000020930        0x4 ../../lib/usb/libusb.a(usbmidi.o)
                0x0000000000020930                CUSBMIDIDevice::s_nDeviceNumber
 .data          0x0000000000020934        0x0 ../../lib/usb/libusb.a(usbcdcethernet.o)
 .data          0x0000000000020934        0x0 ../../lib/usb/libusb.a(usbconfigparser.o)
 .data          0x0000000000020934        0x0 ../../lib/usb/libusb.a(usbstring.o)
 .data          0x0000000000020934        0x0 ../../lib/usb/libusb.a(smsc951x.o)
 .data          0x0000000000020934        0x0 ../../lib/usb/libusb.a(macaddress.o)
 .data          0x0000000000020934        0x0 ../../lib/usb/libusb.a(netdevice.o)
 .data          0x0000000000020934        0x0 ../../lib/input/libinput.a(keyboardbehaviour.o)
 .data          0x0000000000020934       0xe8 ../../lib/input/libinput.a(keymap.o)
                0x0000000000020934                CKeyMap::s_KeyStrings
                0x0000000000020a00                CKeyMap::s_MapDirectory
 .data          0x0000000000020a1c        0x0 ../../lib/input/libinput.a(mousebehaviour.o)
 .data          0x0000000000020a1c        0x0 ../../lib/fs/libfs.a(partitionmanager.o)
 .data          0x0000000000020a1c        0x0 ../../lib/fs/libfs.a(partition.o)