Archive member included to satisfy reference by file (symbol)

../../lib/sched/libsched.a(task.o)
                              screentask.o (CTask::~CTask())
../../lib/sched/libsched.a(scheduler.o)
                              kernel.o (CScheduler::CScheduler())
../../lib/sched/libsched.a(taskswitch.o)
                              ../../lib/sched/libsched.a(scheduler.o) (TaskSwitch)
../../lib/sched/libsched.a(synchronizationevent.o)
                              kernel.o (CSynchronizationEvent::CSynchronizationEvent(int))
../../lib/libcircle.a(actled.o)
                              kernel.o (CActLED::~CActLED())
../../lib/libcircle.a(bcmpropertytags.o)
                              ../../lib/libcircle.a(actled.o) (CBcmPropertyTags::CBcmPropertyTags())
../../lib/libcircle.a(gpiopin.o)
                              ../../lib/libcircle.a(actled.o) (CGPIOPin::Write(unsigned int))
../../lib/libcircle.a(memory.o)
                              kernel.o (CMemorySystem::~CMemorySystem())
../../lib/libcircle.a(new.o)  kernel.o (operator new(unsigned int))
../../lib/libcircle.a(synchronize.o)
                              ../../lib/libcircle.a(gpiopin.o) (EnterCritical)
../../lib/libcircle.a(sysinit.o)
                              main.o (halt)
../../lib/libcircle.a(timer.o)
                              kernel.o (CTimer::CTimer(CInterruptSystem*))
../../lib/libcircle.a(util.o)
                              primetask.o (memset)
../../lib/libcircle.a(util_fast.o)
                              ../../lib/libcircle.a(bcmpropertytags.o) (memcpy)
../../lib/libcircle.a(koptions.o)
                              kernel.o (CKernelOptions::~CKernelOptions())
../../lib/libcircle.a(pagetable.o)
                              ../../lib/libcircle.a(memory.o) (CPageTable::CPageTable())
../../lib/libcircle.a(screen.o)
                              kernel.o (CScreenDevice::~CScreenDevice())
../../lib/libcircle.a(assert.o)
                              kernel.o (assertion_failed)
../../lib/libcircle.a(chargenerator.o)
                              ../../lib/libcircle.a(screen.o) (CCharGenerator::CCharGenerator())
../../lib/libcircle.a(debug.o)
                              ../../lib/libcircle.a(assert.o) (debug_stacktrace(unsigned int const*, char const*))
../../lib/libcircle.a(devicenameservice.o)
                              kernel.o (CDeviceNameService::CDeviceNameService())
../../lib/libcircle.a(logger.o)
                              kernel.o (CLogger::CLogger(unsigned int, CTimer*))
../../lib/libcircle.a(serial.o)
                              kernel.o (CSerialDevice::CSerialDevice(CInterruptSystem*, int))
../../lib/libcircle.a(string.o)
                              screentask.o (CString::~CString())
../../lib/libcircle.a(delayloop.o)
                              ../../lib/libcircle.a(timer.o) (DelayLoop)
../../lib/libcircle.a(exceptionhandler.o)
                              kernel.o (CExceptionHandler::CExceptionHandler())
../../lib/libcircle.a(exceptionstub.o)
                              ../../lib/libcircle.a(exceptionhandler.o) (UndefinedInstructionStub)
../../lib/libcircle.a(interrupt.o)
                              kernel.o (CInterruptSystem::CInterruptSystem())
../../lib/libcircle.a(gpiomanager.o)
                              ../../lib/libcircle.a(gpiopin.o) (CGPIOManager::ConnectInterrupt(CGPIOPin*))
../../lib/libcircle.a(virtualgpiopin.o)
                              ../../lib/libcircle.a(actled.o) (CVirtualGPIOPin::CVirtualGPIOPin(unsigned int))
../../lib/libcircle.a(machineinfo.o)
                              ../../lib/libcircle.a(sysinit.o) (CMachineInfo::CMachineInfo())
../../lib/libcircle.a(cache-v7.o)
                              ../../lib/libcircle.a(sysinit.o) (InvalidateDataCacheL1Only)
../../lib/libcircle.a(ptrlist.o)
                              ../../lib/libcircle.a(timer.o) (CPtrList::CPtrList())
../../lib/libcircle.a(alloc.o)
                              ../../lib/libcircle.a(memory.o) (mem_init)
../../lib/libcircle.a(bcmmailbox.o)
                              ../../lib/libcircle.a(bcmpropertytags.o) (CBcmMailBox::CBcmMailBox(unsigned int))
../../lib/libcircle.a(libstub.o)
                              ../../lib/libcircle.a(timer.o) (__aeabi_uidiv)
../../lib/libcircle.a(bcmframebuffer.o)
                              ../../lib/libcircle.a(screen.o) (CBcmFrameBuffer::CBcmFrameBuffer(unsigned int, unsigned int, unsigned int, unsigned int, unsigned int))
../../lib/libcircle.a(device.o)
                              ../../lib/libcircle.a(screen.o) (CDevice::~CDevice())
../../lib/libcircle.a(libhelper.o)
                              ../../lib/libcircle.a(libstub.o) (__Divide)

Memory Configuration

Name             Origin             Length             Attributes
*default*        0x0000000000000000 0xffffffffffffffff

Linker script and memory map

                0x0000000000008000                . = 0x8000

.text           0x0000000000008000     0x9660
 *(.text*)
 .text          0x0000000000008000       0x70 ../../lib/startup.o
                0x0000000000008000                _start
                0x0000000000008064                _start_secondary
 .text          0x0000000000008070        0x0 main.o
 .text.startup  0x0000000000008070       0x60 main.o
                0x0000000000008070                main
 .text          0x00000000000080d0      0x340 kernel.o
                0x00000000000080d0                CKernel::TimerHandler(unsigned int, void*, void*)
                0x0000000000008114                CKernel::CKernel()
                0x0000000000008114                CKernel::CKernel()
                0x0000000000008208                CKernel::Initialize()
                0x00000000000082a8                CKernel::~CKernel()
                0x00000000000082a8                CKernel::~CKernel()
                0x0000000000008338                CKernel::Run()
 .text          0x0000000000008410      0x144 screentask.o
                0x0000000000008410                CScreenTask::~CScreenTask()
                0x0000000000008410                CScreenTask::~CScreenTask()
                0x0000000000008430                CScreenTask::~CScreenTask()
                0x000000000000845c                CScreenTask::CScreenTask(unsigned int, CScreenDevice*)
                0x000000000000845c                CScreenTask::CScreenTask(unsigned int, CScreenDevice*)
                0x0000000000008490                CScreenTask::Run()
 .text          0x0000000000008554      0x1f0 primetask.o
                0x0000000000008554                CPrimeTask::~CPrimeTask()
                0x0000000000008554                CPrimeTask::~CPrimeTask()
                0x0000000000008574                CPrimeTask::~CPrimeTask()
                0x00000000000085a4                CPrimeTask::CPrimeTask(CScreenDevice*)
                0x00000000000085a4                CPrimeTask::CPrimeTask(CScreenDevice*)
                0x00000000000085d0                CPrimeTask::IsPrime(unsigned int)
                0x00000000000085f4                CPrimeTask::NotPrime(unsigned int)
                0x0000000000008614                CPrimeTask::Run()
 .text          0x0000000000008744       0xc4 ledtask.o
                0x0000000000008744                CLEDTask::~CLEDTask()
                0x0000000000008744                CLEDTask::~CLEDTask()
                0x0000000000008764                CLEDTask::~CLEDTask()
                0x0000000000008790                CLEDTask::Run()
                0x00000000000087dc                CLEDTask::CLEDTask(CActLED*)
                0x00000000000087dc                CLEDTask::CLEDTask(CActLED*)
 .text          0x0000000000008808      0x208 ../../lib/sched/libsched.a(task.o)
                0x0000000000008808                CTask::Run()
                0x0000000000008820                CTask::~CTask()
                0x0000000000008820                CTask::~CTask()
                0x0000000000008878                CTask::~CTask()
                0x0000000000008898                CTask::TaskEntry(void*)
                0x00000000000088fc                CTask::InitializeRegs()
                0x0000000000008960                CTask::CTask(unsigned int)
                0x0000000000008960                CTask::CTask(unsigned int)
 .text          0x0000000000008a10      0x67c ../../lib/sched/libsched.a(scheduler.o)
                0x0000000000008a10                CScheduler::CScheduler()
                0x0000000000008a10                CScheduler::CScheduler()
                0x0000000000008a78                CScheduler::AddTask(CTask*)
                0x0000000000008b24                CScheduler::RemoveTask(CTask*)
                0x0000000000008b9c                CScheduler::~CScheduler()
                0x0000000000008b9c                CScheduler::~CScheduler()
                0x0000000000008c2c                CScheduler::WakeTask(CTask**)
                0x0000000000008cb4                CScheduler::GetNextTask()
                0x0000000000008d9c                CScheduler::Yield()
                0x0000000000008f34                CScheduler::usSleep(unsigned int)
                0x0000000000008f40                CScheduler::Sleep(unsigned int)
                0x0000000000008f9c                CScheduler::MsSleep(unsigned int)
                0x0000000000008fb8                CScheduler::BlockTask(CTask**)
                0x0000000000009054                CScheduler::Get()
 .text          0x000000000000908c        0xc ../../lib/sched/libsched.a(taskswitch.o)
                0x000000000000908c                TaskSwitch
 .text          0x0000000000009098       0xfc ../../lib/sched/libsched.a(synchronizationevent.o)
                0x0000000000009098                CSynchronizationEvent::CSynchronizationEvent(int)
                0x0000000000009098                CSynchronizationEvent::CSynchronizationEvent(int)
                0x00000000000090a8                CSynchronizationEvent::~CSynchronizationEvent()
                0x00000000000090a8                CSynchronizationEvent::~CSynchronizationEvent()
                0x00000000000090dc                CSynchronizationEvent::GetState()
                0x00000000000090e4                CSynchronizationEvent::Clear()
                0x00000000000090f0                CSynchronizationEvent::Set()
                0x0000000000009128                CSynchronizationEvent::Wait()
 .text          0x0000000000009194      0x20c ../../lib/libcircle.a(actled.o)
                0x0000000000009194                CActLED::~CActLED()
                0x0000000000009194                CActLED::~CActLED()
                0x00000000000091a8                CActLED::On()
                0x00000000000091e8                CActLED::Off()
                0x0000000000009228                CActLED::CActLED()
                0x0000000000009228                CActLED::CActLED()
                0x0000000000009344                CActLED::Blink(unsigned int, unsigned int, unsigned int)
                0x0000000000009390                CActLED::Get()
 .text          0x00000000000093a0      0x1d0 ../../lib/libcircle.a(bcmpropertytags.o)
                0x00000000000093a0                CBcmPropertyTags::CBcmPropertyTags()
                0x00000000000093a0                CBcmPropertyTags::CBcmPropertyTags()
                0x00000000000093b8                CBcmPropertyTags::~CBcmPropertyTags()
                0x00000000000093b8                CBcmPropertyTags::~CBcmPropertyTags()
                0x00000000000093cc                CBcmPropertyTags::GetTags(void*, unsigned int)
                0x00000000000094c0                CBcmPropertyTags::GetTag(unsigned int, void*, unsigned int, unsigned int)
 .text          0x0000000000009570      0xc94 ../../lib/libcircle.a(gpiopin.o)
                0x0000000000009570                CGPIOPin::~CGPIOPin()
                0x0000000000009570                CGPIOPin::~CGPIOPin()
                0x0000000000009574                CGPIOPin::~CGPIOPin()
                0x000000000000958c                CGPIOPin::Write(unsigned int)
                0x000000000000961c                CGPIOPin::Read() const
                0x0000000000009674                CGPIOPin::Invert()
                0x00000000000096b4                CGPIOPin::ConnectInterrupt(void (*)(void*), void*)
                0x00000000000097c8                CGPIOPin::DisconnectInterrupt()
                0x00000000000098b4                CGPIOPin::EnableInterrupt(TGPIOInterrupt)
                0x00000000000099e8                CGPIOPin::DisableInterrupt()
                0x0000000000009aa8                CGPIOPin::EnableInterrupt2(TGPIOInterrupt)
                0x0000000000009bdc                CGPIOPin::DisableInterrupt2()
                0x0000000000009c9c                CGPIOPin::ReadAll()
                0x0000000000009cac                CGPIOPin::SetPullUpMode(unsigned int)
                0x0000000000009d4c                CGPIOPin::SetAlternateFunction(unsigned int)
                0x0000000000009e20                CGPIOPin::SetMode(TGPIOMode, int)
                0x0000000000009fe4                CGPIOPin::CGPIOPin(unsigned int, TGPIOMode, CGPIOManager*)
                0x0000000000009fe4                CGPIOPin::CGPIOPin(unsigned int, TGPIOMode, CGPIOManager*)
                0x000000000000a098                CGPIOPin::InterruptHandler()
                0x000000000000a148                CGPIOPin::DisableAllInterrupts(unsigned int)
 .text.startup  0x000000000000a204       0x14 ../../lib/libcircle.a(gpiopin.o)
 .text          0x000000000000a218      0x278 ../../lib/libcircle.a(memory.o)
                0x000000000000a218                CMemorySystem::~CMemorySystem()
                0x000000000000a218                CMemorySystem::~CMemorySystem()
                0x000000000000a294                CMemorySystem::GetMemSize() const
                0x000000000000a29c                CMemorySystem::EnableMMU()
                0x000000000000a3a8                CMemorySystem::CMemorySystem(int)
                0x000000000000a3a8                CMemorySystem::CMemorySystem(int)
 .text          0x000000000000a490       0x18 ../../lib/libcircle.a(new.o)
                0x000000000000a490                operator new(unsigned int)
                0x000000000000a494                operator new[](unsigned int)
                0x000000000000a498                operator delete(void*)
                0x000000000000a49c                operator delete[](void*)
                0x000000000000a4a0                operator delete(void*, unsigned int)
                0x000000000000a4a4                operator delete[](void*, unsigned int)
 .text          0x000000000000a4a8      0x128 ../../lib/libcircle.a(synchronize.o)
                0x000000000000a4a8                EnterCritical
                0x000000000000a560                LeaveCritical
                0x000000000000a5b0                SyncDataAndInstructionCache
 .text          0x000000000000a5d0       0xe8 ../../lib/libcircle.a(sysinit.o)
                0x000000000000a5d0                __aeabi_atexit
                0x000000000000a5d4                halt
                0x000000000000a5e8                reboot
                0x000000000000a60c                sysinit
 .text          0x000000000000a6b8      0xb90 ../../lib/libcircle.a(timer.o)
                0x000000000000a6b8                CTimer::CTimer(CInterruptSystem*)
                0x000000000000a6b8                CTimer::CTimer(CInterruptSystem*)
                0x000000000000a738                CTimer::~CTimer()
                0x000000000000a738                CTimer::~CTimer()
                0x000000000000a820                CTimer::SetTimeZone(int)
                0x000000000000a840                CTimer::GetTimeZone() const
                0x000000000000a848                CTimer::SetTime(unsigned int, int)
                0x000000000000a8c8                CTimer::GetClockTicks()
                0x000000000000a8d8                CTimer::GetTicks() const
                0x000000000000a8e0                CTimer::GetUptime() const
                0x000000000000a8e8                CTimer::GetTime() const
                0x000000000000a8f0                CTimer::GetUniversalTime() const
                0x000000000000a910                CTimer::GetTimeString()
                0x000000000000aafc                CTimer::StartKernelTimer(unsigned int, void (*)(unsigned int, void*, void*), void*, void*)
                0x000000000000ac64                CTimer::CancelKernelTimer(unsigned int)
                0x000000000000ad1c                CTimer::PollKernelTimers()
                0x000000000000ae78                CTimer::InterruptHandler()
                0x000000000000af8c                CTimer::InterruptHandler(void*)
                0x000000000000afc8                CTimer::TuneMsDelay()
                0x000000000000b06c                CTimer::Initialize()
                0x000000000000b0e8                CTimer::SimpleMsDelay(unsigned int)
                0x000000000000b124                CTimer::SimpleusDelay(unsigned int)
                0x000000000000b150                CTimer::IsLeapYear(unsigned int)
                0x000000000000b198                CTimer::GetDaysOfMonth(unsigned int, unsigned int)
                0x000000000000b210                CTimer::Get()
 .text          0x000000000000b248      0x460 ../../lib/libcircle.a(util.o)
                0x000000000000b248                memset
                0x000000000000b26c                memcmp
                0x000000000000b2c8                strlen
                0x000000000000b2f0                strcmp
                0x000000000000b35c                strcpy
                0x000000000000b388                strncpy
                0x000000000000b3d4                strcat
                0x000000000000b418                strchr
                0x000000000000b458                strtok_r
                0x000000000000b524                strtoul
                0x000000000000b6a4                char2int
 .text          0x000000000000b6a8       0x5c ../../lib/libcircle.a(util_fast.o)
                0x000000000000b6a8                memcpy
 .text          0x000000000000b704      0x50c ../../lib/libcircle.a(koptions.o)
                0x000000000000b75c                CKernelOptions::~CKernelOptions()
                0x000000000000b75c                CKernelOptions::~CKernelOptions()
                0x000000000000b770                CKernelOptions::GetWidth() const
                0x000000000000b778                CKernelOptions::GetHeight() const
                0x000000000000b780                CKernelOptions::GetLogDevice() const
                0x000000000000b78c                CKernelOptions::GetLogLevel() const
                0x000000000000b794                CKernelOptions::GetKeyMap() const
                0x000000000000b79c                CKernelOptions::GetUSBPowerDelay() const
                0x000000000000b7a4                CKernelOptions::GetCPUSpeed() const
                0x000000000000b7ac                CKernelOptions::GetSoCMaxTemp() const
                0x000000000000b7b4                CKernelOptions::Get()
                0x000000000000b7c4                CKernelOptions::GetToken()
                0x000000000000b840                CKernelOptions::CKernelOptions()
                0x000000000000b840                CKernelOptions::CKernelOptions()
                0x000000000000bbb8                CKernelOptions::GetOptionValue(char*)
                0x000000000000bbf0                CKernelOptions::GetDecimal(char*)
 .text          0x000000000000bc10      0x220 ../../lib/libcircle.a(pagetable.o)
                0x000000000000bc10                CPageTable::CPageTable()
                0x000000000000bc10                CPageTable::CPageTable()
                0x000000000000bcc0                CPageTable::CPageTable(unsigned int)
                0x000000000000bcc0                CPageTable::CPageTable(unsigned int)
                0x000000000000be00                CPageTable::~CPageTable()
                0x000000000000be00                CPageTable::~CPageTable()
                0x000000000000be24                CPageTable::GetBaseAddress() const
 .text          0x000000000000be30     0x1230 ../../lib/libcircle.a(screen.o)
                0x000000000000be30                CScreenDevice::~CScreenDevice()
                0x000000000000be30                CScreenDevice::~CScreenDevice()
                0x000000000000bea8                CScreenDevice::~CScreenDevice()
                0x000000000000bf64                CScreenDevice::CScreenDevice(unsigned int, unsigned int, int)
                0x000000000000bf64                CScreenDevice::CScreenDevice(unsigned int, unsigned int, int)
                0x000000000000bfdc                CScreenDevice::GetWidth() const
                0x000000000000bfe4                CScreenDevice::GetHeight() const
                0x000000000000bfec                CScreenDevice::GetColumns() const
                0x000000000000c010                CScreenDevice::GetRows() const
                0x000000000000c034                CScreenDevice::GetStatus()
                0x000000000000c0a4                CScreenDevice::SetStatus(TScreenStatus)
                0x000000000000c1c0                CScreenDevice::CarriageReturn()
                0x000000000000c1cc                CScreenDevice::CursorHome()
                0x000000000000c1e0                CScreenDevice::CursorLeft()
                0x000000000000c24c                CScreenDevice::CursorMove(unsigned int, unsigned int)
                0x000000000000c2ac                CScreenDevice::CursorUp()
                0x000000000000c2dc                CScreenDevice::DeleteChars(unsigned int)
                0x000000000000c2e0                CScreenDevice::DeleteLines(unsigned int)
                0x000000000000c2e4                CScreenDevice::InsertLines(unsigned int)
                0x000000000000c2e8                CScreenDevice::InsertMode(int)
                0x000000000000c2f0                CScreenDevice::ReverseScroll()
                0x000000000000c2f4                CScreenDevice::SetCursorMode(int)
                0x000000000000c2fc                CScreenDevice::SetScrollRegion(unsigned int, unsigned int)
                0x000000000000c378                CScreenDevice::SetStandoutMode(unsigned int)
                0x000000000000c418                CScreenDevice::Scroll()
                0x000000000000c4bc                CScreenDevice::CursorDown()
                0x000000000000c508                CScreenDevice::NewLine()
                0x000000000000c514                CScreenDevice::CursorRight()
                0x000000000000c550                CScreenDevice::Tabulator()
                0x000000000000c59c                CScreenDevice::DisplayChar(char, unsigned int, unsigned int, unsigned short)
                0x000000000000c66c                CScreenDevice::DisplayChar(char)
                0x000000000000c6a8                CScreenDevice::EraseChar(unsigned int, unsigned int)
                0x000000000000c72c                CScreenDevice::ClearLineEnd()
                0x000000000000c7d4                CScreenDevice::EraseChars(unsigned int)
                0x000000000000c7e0                CScreenDevice::ClearDisplayEnd()
                0x000000000000c860                CScreenDevice::Write(char)
                0x000000000000cd5c                CScreenDevice::Write(void const*, unsigned int)
                0x000000000000ce1c                CScreenDevice::Initialize()
                0x000000000000cf90                CScreenDevice::InvertCursor()
                0x000000000000cfa0                CScreenDevice::SetPixel(unsigned int, unsigned int, unsigned short)
                0x000000000000cfcc                CScreenDevice::GetPixel(unsigned int, unsigned int)
                0x000000000000d004                CScreenDevice::Rotor(unsigned int, unsigned int)
 .text          0x000000000000d060       0x90 ../../lib/libcircle.a(assert.o)
                0x000000000000d060                assertion_failed
 .text          0x000000000000d0f0       0xa8 ../../lib/libcircle.a(chargenerator.o)
                0x000000000000d0f0                CCharGenerator::CCharGenerator()
                0x000000000000d0f0                CCharGenerator::CCharGenerator()
                0x000000000000d0fc                CCharGenerator::~CCharGenerator()
                0x000000000000d0fc                CCharGenerator::~CCharGenerator()
                0x000000000000d100                CCharGenerator::GetCharWidth() const
                0x000000000000d108                CCharGenerator::GetCharHeight() const
                0x000000000000d110                CCharGenerator::GetUnderline() const
                0x000000000000d118                CCharGenerator::GetPixel(char, unsigned int, unsigned int) const
 .text          0x000000000000d198      0x1a4 ../../lib/libcircle.a(debug.o)
                0x000000000000d198                debug_hexdump(void const*, unsigned int, char const*)
                0x000000000000d2ac                debug_stacktrace(unsigned int const*, char const*)
 .text          0x000000000000d33c      0x2bc ../../lib/libcircle.a(devicenameservice.o)
                0x000000000000d33c                CDeviceNameService::CDeviceNameService()
                0x000000000000d33c                CDeviceNameService::CDeviceNameService()
                0x000000000000d388                CDeviceNameService::~CDeviceNameService()
                0x000000000000d388                CDeviceNameService::~CDeviceNameService()
                0x000000000000d3f0                CDeviceNameService::AddDevice(char const*, CDevice*, int)
                0x000000000000d4b0                CDeviceNameService::GetDevice(char const*, int)
                0x000000000000d5c0                CDeviceNameService::Get()
 .text          0x000000000000d5f8      0x460 ../../lib/libcircle.a(logger.o)
                0x000000000000d5f8                CLogger::CLogger(unsigned int, CTimer*)
                0x000000000000d5f8                CLogger::CLogger(unsigned int, CTimer*)
                0x000000000000d644                CLogger::~CLogger()
                0x000000000000d644                CLogger::~CLogger()
                0x000000000000d674                CLogger::Get()
                0x000000000000d684                CLogger::Write(char const*)
                0x000000000000d728                CLogger::Read(void*, unsigned int)
                0x000000000000d7e4                CLogger::WriteV(char const*, TLogSeverity, char const*, std::__va_list)
                0x000000000000d9e4                CLogger::Write(char const*, TLogSeverity, char const*, ...)
                0x000000000000da14                CLogger::Initialize(CDevice*)
 .text          0x000000000000da58      0x96c ../../lib/libcircle.a(serial.o)
                0x000000000000da58                CSerialDevice::Read(void*, unsigned int)
                0x000000000000dc00                CSerialDevice::CSerialDevice(CInterruptSystem*, int)
                0x000000000000dc00                CSerialDevice::CSerialDevice(CInterruptSystem*, int)
                0x000000000000dcbc                CSerialDevice::Initialize(unsigned int)
                0x000000000000de94                CSerialDevice::GetOptions() const
                0x000000000000dea0                CSerialDevice::SetOptions(unsigned int)
                0x000000000000deac                CSerialDevice::Write(unsigned char)
                0x000000000000df88                CSerialDevice::Write(void const*, unsigned int)
                0x000000000000e138                CSerialDevice::InterruptHandler()
                0x000000000000e2b4                CSerialDevice::InterruptStub(void*)
                0x000000000000e2f0                CSerialDevice::~CSerialDevice()
                0x000000000000e2f0                CSerialDevice::~CSerialDevice()
                0x000000000000e3a4                CSerialDevice::~CSerialDevice()
 *fill*         0x000000000000e3c4        0x4 
 .text          0x000000000000e3c8      0xe74 ../../lib/libcircle.a(string.o)
                0x000000000000e3c8                CString::~CString()
                0x000000000000e3c8                CString::~CString()
                0x000000000000e3f4                CString::~CString()
                0x000000000000e494                CString::CString()
                0x000000000000e494                CString::CString()
                0x000000000000e4b0                CString::CString(char const*)
                0x000000000000e4b0                CString::CString(char const*)
                0x000000000000e4f0                CString::operator char const*() const
                0x000000000000e508                CString::operator=(char const*)
                0x000000000000e54c                CString::GetLength() const
                0x000000000000e55c                CString::Append(char const*)
                0x000000000000e5e0                CString::Compare(char const*) const
                0x000000000000e5e8                CString::Find(char) const
                0x000000000000e62c                CString::PutChar(char, unsigned int)
                0x000000000000e66c                CString::PutString(char const*)
                0x000000000000e6b0                CString::ReserveSpace(unsigned int)
                0x000000000000e6bc                CString::ntoa(char*, unsigned long, unsigned int, int)
                0x000000000000e774                CString::ftoa(char*, double, unsigned int)
                0x000000000000e9f0                CString::FormatV(char const*, std::__va_list)
                0x000000000000f210                CString::Format(char const*, ...)
 *fill*         0x000000000000f23c        0x4 
 .text          0x000000000000f240        0xc ../../lib/libcircle.a(delayloop.o)
                0x000000000000f240                DelayLoop
 .text          0x000000000000f24c      0x258 ../../lib/libcircle.a(exceptionhandler.o)
                0x000000000000f24c                CExceptionHandler::CExceptionHandler()
                0x000000000000f24c                CExceptionHandler::CExceptionHandler()
                0x000000000000f2dc                CExceptionHandler::~CExceptionHandler()
                0x000000000000f2dc                CExceptionHandler::~CExceptionHandler()
                0x000000000000f2f0                CExceptionHandler::Throw(unsigned int)
                0x000000000000f330                CExceptionHandler::Throw(unsigned int, TAbortFrame*)
                0x000000000000f410                CExceptionHandler::Get()
                0x000000000000f448                ExceptionHandler
 .text          0x000000000000f4a4      0x10c ../../lib/libcircle.a(exceptionstub.o)
                0x000000000000f4a4                UndefinedInstructionStub
                0x000000000000f4e4                PrefetchAbortStub
                0x000000000000f524                DataAbortStub
                0x000000000000f564                IRQStub
                0x000000000000f574                FIQStub
 .text          0x000000000000f5b0      0x540 ../../lib/libcircle.a(interrupt.o)
                0x000000000000f5b0                CInterruptSystem::CInterruptSystem()
                0x000000000000f5b0                CInterruptSystem::CInterruptSystem()
                0x000000000000f5e8                CInterruptSystem::~CInterruptSystem()
                0x000000000000f5e8                CInterruptSystem::~CInterruptSystem()
                0x000000000000f5fc                CInterruptSystem::Initialize()
                0x000000000000f660                CInterruptSystem::ConnectFIQ(unsigned int, void (*)(void*), void*)
                0x000000000000f71c                CInterruptSystem::DisconnectFIQ()
                0x000000000000f76c                CInterruptSystem::EnableIRQ(unsigned int)
                0x000000000000f7dc                CInterruptSystem::ConnectIRQ(unsigned int, void (*)(void*), void*)
                0x000000000000f850                CInterruptSystem::DisableIRQ(unsigned int)
                0x000000000000f8c0                CInterruptSystem::DisconnectIRQ(unsigned int)
                0x000000000000f940                CInterruptSystem::EnableFIQ(unsigned int)
                0x000000000000f97c                CInterruptSystem::DisableFIQ()
                0x000000000000f990                CInterruptSystem::Get()
                0x000000000000f9c8                CInterruptSystem::CallIRQHandler(unsigned int)
                0x000000000000fa34                CInterruptSystem::InterruptHandler()
                0x000000000000faec                InterruptHandler
 .text          0x000000000000faf0      0x398 ../../lib/libcircle.a(gpiomanager.o)
                0x000000000000faf0                CGPIOManager::CGPIOManager(CInterruptSystem*)
                0x000000000000faf0                CGPIOManager::CGPIOManager(CInterruptSystem*)
                0x000000000000fb1c                CGPIOManager::~CGPIOManager()
                0x000000000000fb1c                CGPIOManager::~CGPIOManager()
                0x000000000000fba8                CGPIOManager::Initialize()
                0x000000000000fc30                CGPIOManager::ConnectInterrupt(CGPIOPin*)
                0x000000000000fce0                CGPIOManager::DisconnectInterrupt(CGPIOPin*)
                0x000000000000fda4                CGPIOManager::InterruptHandler()
                0x000000000000fe4c                CGPIOManager::InterruptStub(void*)
 .text          0x000000000000fe88      0x1f8 ../../lib/libcircle.a(virtualgpiopin.o)
                0x000000000000fe88                CVirtualGPIOPin::~CVirtualGPIOPin()
                0x000000000000fe88                CVirtualGPIOPin::~CVirtualGPIOPin()
                0x000000000000fe8c                CVirtualGPIOPin::~CVirtualGPIOPin()
                0x000000000000ff48                CVirtualGPIOPin::CVirtualGPIOPin(unsigned int)
                0x000000000000ff48                CVirtualGPIOPin::CVirtualGPIOPin(unsigned int)
                0x0000000000010038                CVirtualGPIOPin::Write(unsigned int)
                0x0000000000010074                CVirtualGPIOPin::Invert()
 .text.startup  0x0000000000010080       0x14 ../../lib/libcircle.a(virtualgpiopin.o)
 .text          0x0000000000010094      0x3f4 ../../lib/libcircle.a(machineinfo.o)
                0x0000000000010094                CMachineInfo::CMachineInfo()
                0x0000000000010094                CMachineInfo::CMachineInfo()
                0x000000000001025c                CMachineInfo::~CMachineInfo()
                0x000000000001025c                CMachineInfo::~CMachineInfo()
                0x0000000000010280                CMachineInfo::GetMachineModel() const
                0x0000000000010288                CMachineInfo::GetMachineName() const
                0x00000000000102a0                CMachineInfo::GetModelMajor() const
                0x00000000000102a8                CMachineInfo::GetModelRevision() const
                0x00000000000102b0                CMachineInfo::GetSoCType() const
                0x00000000000102b8                CMachineInfo::GetRAMSize() const
                0x00000000000102c0                CMachineInfo::GetSoCName() const
                0x00000000000102d8                CMachineInfo::GetRevisionRaw() const
                0x00000000000102e0                CMachineInfo::GetClockRate(unsigned int) const
                0x00000000000103a4                CMachineInfo::GetGPIOPin(TGPIOVirtualPin) const
                0x0000000000010414                CMachineInfo::GetDevice(TDeviceId) const
                0x0000000000010450                CMachineInfo::Get()
 .text          0x0000000000010488      0x1f4 ../../lib/libcircle.a(cache-v7.o)
                0x0000000000010488                InvalidateDataCacheL1Only
                0x00000000000104f4                InvalidateDataCache
                0x000000000001059c                CleanDataCache
                0x0000000000010644                CleanAndInvalidateDataCacheRange
 .text          0x000000000001067c      0x50c ../../lib/libcircle.a(ptrlist.o)
                0x000000000001067c                CPtrList::CPtrList()
                0x000000000001067c                CPtrList::CPtrList()
                0x0000000000010688                CPtrList::~CPtrList()
                0x0000000000010688                CPtrList::~CPtrList()
                0x00000000000106bc                CPtrList::GetFirst()
                0x00000000000106c4                CPtrList::GetNext(TPtrListElement*)
                0x0000000000010720                CPtrList::GetPtr(TPtrListElement*)
                0x000000000001077c                CPtrList::InsertBefore(TPtrListElement*, void*)
                0x0000000000010894                CPtrList::InsertAfter(TPtrListElement*, void*)
                0x00000000000109a0                CPtrList::Remove(TPtrListElement*)
                0x0000000000010b10                CPtrList::Find(void*)
 .text          0x0000000000010b88      0x3f8 ../../lib/libcircle.a(alloc.o)
                0x0000000000010b88                mem_init
                0x0000000000010bc0                mem_get_size
                0x0000000000010be8                malloc
                0x0000000000010d70                free
                0x0000000000010e2c                palloc
                0x0000000000010f14                pfree
 .text.startup  0x0000000000010f80       0x18 ../../lib/libcircle.a(alloc.o)
 .text          0x0000000000010f98      0x168 ../../lib/libcircle.a(bcmmailbox.o)
                0x0000000000010f98                CBcmMailBox::CBcmMailBox(unsigned int)
                0x0000000000010f98                CBcmMailBox::CBcmMailBox(unsigned int)
                0x0000000000010fa4                CBcmMailBox::~CBcmMailBox()
                0x0000000000010fa4                CBcmMailBox::~CBcmMailBox()
                0x0000000000010fa8                CBcmMailBox::Flush()
                0x0000000000010fdc                CBcmMailBox::Read()
                0x000000000001100c                CBcmMailBox::Write(unsigned int)
                0x0000000000011064                CBcmMailBox::WriteRead(unsigned int)
 .text          0x0000000000011100       0x30 ../../lib/libcircle.a(libstub.o)
                0x0000000000011100                __aeabi_uidiv
                0x0000000000011110                __aeabi_uidivmod
                0x000000000001112c                __aeabi_idiv
 .text          0x0000000000011130      0x3c0 ../../lib/libcircle.a(bcmframebuffer.o)
                0x00000000000111b4                CBcmFrameBuffer::CBcmFrameBuffer(unsigned int, unsigned int, unsigned int, unsigned int, unsigned int)
                0x00000000000111b4                CBcmFrameBuffer::CBcmFrameBuffer(unsigned int, unsigned int, unsigned int, unsigned int, unsigned int)
                0x00000000000112ec                CBcmFrameBuffer::~CBcmFrameBuffer()
                0x00000000000112ec                CBcmFrameBuffer::~CBcmFrameBuffer()
                0x0000000000011308                CBcmFrameBuffer::SetPalette(unsigned char, unsigned short)
                0x0000000000011344                CBcmFrameBuffer::SetPalette32(unsigned char, unsigned int)
                0x000000000001135c                CBcmFrameBuffer::Initialize()
                0x0000000000011420                CBcmFrameBuffer::GetWidth() const
                0x0000000000011428                CBcmFrameBuffer::GetHeight() const
                0x0000000000011430                CBcmFrameBuffer::GetVirtWidth() const
                0x0000000000011438                CBcmFrameBuffer::GetVirtHeight() const
                0x0000000000011440                CBcmFrameBuffer::GetPitch() const
                0x0000000000011448                CBcmFrameBuffer::GetDepth() const
                0x0000000000011450                CBcmFrameBuffer::GetBuffer() const
                0x0000000000011458                CBcmFrameBuffer::GetSize() const
                0x0000000000011460                CBcmFrameBuffer::UpdatePalette()
                0x0000000000011478                CBcmFrameBuffer::SetVirtualOffset(unsigned int, unsigned int)
 .text          0x00000000000114f0       0x40 ../../lib/libcircle.a(device.o)
                0x00000000000114f0                CDevice::~CDevice()
                0x00000000000114f0                CDevice::~CDevice()
                0x00000000000114f4                CDevice::Read(void*, unsigned int)
                0x00000000000114f4                CDevice::Write(void const*, unsigned int)
                0x00000000000114fc                CDevice::Seek(unsigned long long)
                0x0000000000011508                CDevice::~CDevice()
                0x0000000000011520                CDevice::CDevice()
                0x0000000000011520                CDevice::CDevice()
 .text          0x0000000000011530      0x130 ../../lib/libcircle.a(libhelper.o)
                0x0000000000011530                __Divide
                0x00000000000115fc                __DivideInteger
                0x0000000000011660                _etext = .

.glue_7         0x0000000000011660        0x0
 .glue_7        0x0000000000011660        0x0 linker stubs

.glue_7t        0x0000000000011660        0x0
 .glue_7t       0x0000000000011660        0x0 linker stubs

.vfp11_veneer   0x0000000000011660        0x0
 .vfp11_veneer  0x0000000000011660        0x0 linker stubs

.v4_bx          0x0000000000011660        0x0
 .v4_bx         0x0000000000011660        0x0 linker stubs

.iplt           0x0000000000011660        0x0
 .iplt          0x0000000000011660        0x0 ../../lib/startup.o

.rodata         0x0000000000011660     0x2140
 *(.rodata*)
 .rodata        0x0000000000011660       0x13 kernel.o
 *fill*         0x0000000000011673        0x1 
 .rodata.str1.4
                0x0000000000011674       0x3b kernel.o
 *fill*         0x00000000000116af        0x1 
 .rodata        0x00000000000116b0       0x14 screentask.o
                0x00000000000116b0                vtable for CScreenTask
 .rodata.str1.4
                0x00000000000116c4       0x15 screentask.o
 *fill*         0x00000000000116d9        0x3 
 .rodata        0x00000000000116dc       0x14 primetask.o
                0x00000000000116dc                vtable for CPrimeTask
 .rodata.str1.4
                0x00000000000116f0       0x28 primetask.o
 .rodata        0x0000000000011718       0x14 ledtask.o
                0x0000000000011718                vtable for CLEDTask
 .rodata        0x000000000001172c       0x14 ../../lib/sched/libsched.a(task.o)
                0x000000000001172c                vtable for CTask
 .rodata.str1.4
                0x0000000000011740       0x6c ../../lib/sched/libsched.a(task.o)
                                         0x7c (size before relaxing)
 .rodata        0x00000000000117ac        0x6 ../../lib/sched/libsched.a(scheduler.o)
 *fill*         0x00000000000117b2        0x2 
 .rodata.str1.4
                0x00000000000117b4      0x149 ../../lib/sched/libsched.a(scheduler.o)
                                        0x14d (size before relaxing)
 *fill*         0x00000000000118fd        0x3 
 .rodata.str1.4
                0x0000000000011900       0x39 ../../lib/sched/libsched.a(synchronizationevent.o)
 *fill*         0x0000000000011939        0x3 
 .rodata.str1.4
                0x000000000001193c       0x98 ../../lib/libcircle.a(bcmpropertytags.o)
 .rodata        0x00000000000119d4       0x28 ../../lib/libcircle.a(gpiopin.o)
                0x00000000000119ec                vtable for CGPIOPin
 .rodata.str1.4
                0x00000000000119fc      0x28d ../../lib/libcircle.a(gpiopin.o)
                                        0x29d (size before relaxing)
 *fill*         0x0000000000011c89        0x3 
 .rodata.str1.4
                0x0000000000011c8c       0x94 ../../lib/libcircle.a(memory.o)
 .rodata.str1.4
                0x0000000000011d20       0xb5 ../../lib/libcircle.a(synchronize.o)
 *fill*         0x0000000000011dd5        0x3 
 .rodata        0x0000000000011dd8       0x36 ../../lib/libcircle.a(timer.o)
                0x0000000000011dd8                CTimer::s_nDaysOfMonth
 *fill*         0x0000000000011e0e        0x2 
 .rodata.str1.4
                0x0000000000011e10      0x12c ../../lib/libcircle.a(timer.o)
                                        0x168 (size before relaxing)
 .rodata.str1.4
                0x0000000000011f3c       0x62 ../../lib/libcircle.a(koptions.o)
 *fill*         0x0000000000011f9e        0x2 
 .rodata.str1.4
                0x0000000000011fa0       0x3e ../../lib/libcircle.a(pagetable.o)
 *fill*         0x0000000000011fde        0x2 
 .rodata        0x0000000000011fe0       0x21 ../../lib/libcircle.a(screen.o)
                0x0000000000011fe0                vtable for CScreenDevice
 .rodata.str1.4
                0x0000000000012001        0x5 ../../lib/libcircle.a(screen.o)
 *fill*         0x0000000000012001        0x3 
 .rodata.str1.4
                0x0000000000012004       0x1d ../../lib/libcircle.a(assert.o)
 *fill*         0x0000000000012021        0x3 
 .rodata        0x0000000000012024      0xdf0 ../../lib/libcircle.a(chargenerator.o)
 .rodata.str1.4
                0x0000000000012e14       0x29 ../../lib/libcircle.a(chargenerator.o)
 *fill*         0x0000000000012e3d        0x3 
 .rodata        0x0000000000012e40        0x6 ../../lib/libcircle.a(debug.o)
 *fill*         0x0000000000012e46        0x2 
 .rodata.str1.4
                0x0000000000012e48       0x8e ../../lib/libcircle.a(debug.o)
 *fill*         0x0000000000012ed6        0x2 
 .rodata.str1.4
                0x0000000000012ed8       0x70 ../../lib/libcircle.a(devicenameservice.o)
 .rodata.str1.4
                0x0000000000012f48       0x37 ../../lib/libcircle.a(logger.o)
                                         0x3b (size before relaxing)
 *fill*         0x0000000000012f7f        0x1 
 .rodata        0x0000000000012f80       0x1c ../../lib/libcircle.a(serial.o)
                0x0000000000012f80                vtable for CSerialDevice
 .rodata.str1.4
                0x0000000000012f9c       0x92 ../../lib/libcircle.a(serial.o)
                                         0xb8 (size before relaxing)
 *fill*         0x000000000001302e        0x2 
 .rodata        0x0000000000013030       0x10 ../../lib/libcircle.a(string.o)
                0x0000000000013030                vtable for CString
 .rodata.str1.4
                0x0000000000013040        0x9 ../../lib/libcircle.a(string.o)
                                          0xd (size before relaxing)
 *fill*         0x0000000000013049        0x3 
 .rodata        0x000000000001304c        0x7 ../../lib/libcircle.a(exceptionhandler.o)
 *fill*         0x0000000000013053        0x1 
 .rodata.str1.4
                0x0000000000013054       0xbb ../../lib/libcircle.a(exceptionhandler.o)
                                         0xdb (size before relaxing)
 *fill*         0x000000000001310f        0x1 
 .rodata.str1.4
                0x0000000000013110       0x9e ../../lib/libcircle.a(interrupt.o)
                                         0xbd (size before relaxing)
 *fill*         0x00000000000131ae        0x2 
 .rodata.str1.4
                0x00000000000131b0       0x88 ../../lib/libcircle.a(gpiomanager.o)
                                         0x9c (size before relaxing)
 .rodata        0x0000000000013238       0x10 ../../lib/libcircle.a(virtualgpiopin.o)
                0x0000000000013238                vtable for CVirtualGPIOPin
 .rodata        0x0000000000013248      0x1cc ../../lib/libcircle.a(machineinfo.o)
 .rodata.str1.4
                0x0000000000013414      0x119 ../../lib/libcircle.a(machineinfo.o)
                                        0x135 (size before relaxing)
 *fill*         0x000000000001352d        0x3 
 .rodata.str1.4
                0x0000000000013530      0x176 ../../lib/libcircle.a(ptrlist.o)
 *fill*         0x00000000000136a6        0x2 
 .rodata.str1.4
                0x00000000000136a8       0xa8 ../../lib/libcircle.a(alloc.o)
 .rodata.str1.4
                0x0000000000013750       0x23 ../../lib/libcircle.a(bcmmailbox.o)
 *fill*         0x0000000000013773        0x1 
 .rodata        0x0000000000013774       0x1c ../../lib/libcircle.a(device.o)
                0x0000000000013774                vtable for CDevice
 .rodata.str1.4
                0x0000000000013790       0x10 ../../lib/libcircle.a(libhelper.o)
                                         0x12 (size before relaxing)
                0x00000000000137a0                __init_start = .

.rel.dyn        0x00000000000137a0        0x0
 .rel.iplt      0x00000000000137a0        0x0 ../../lib/startup.o

.init_array     0x00000000000137a0        0xc
 *(.init_array*)
 .init_array    0x00000000000137a0        0x4 ../../lib/libcircle.a(gpiopin.o)
 .init_array    0x00000000000137a4        0x4 ../../lib/libcircle.a(virtualgpiopin.o)
 .init_array    0x00000000000137a8        0x4 ../../lib/libcircle.a(alloc.o)
                0x00000000000137ac                __init_end = .

.data           0x00000000000137ac       0xf0
 *(.data*)
 .data          0x00000000000137ac        0x0 ../../lib/startup.o
 .data          0x00000000000137ac        0x0 main.o
 .data          0x00000000000137ac        0x0 kernel.o
 .data          0x00000000000137ac        0x0 screentask.o
 .data          0x00000000000137ac        0x0 primetask.o
 .data          0x00000000000137ac        0x0 ledtask.o
 .data          0x00000000000137ac        0x0 ../../lib/sched/libsched.a(task.o)
 .data          0x00000000000137ac        0x0 ../../lib/sched/libsched.a(scheduler.o)
 .data          0x00000000000137ac        0x0 ../../lib/sched/libsched.a(taskswitch.o)
 .data          0x00000000000137ac        0x0 ../../lib/sched/libsched.a(synchronizationevent.o)
 .data          0x00000000000137ac        0x0 ../../lib/libcircle.a(actled.o)
 .data          0x00000000000137ac        0x0 ../../lib/libcircle.a(bcmpropertytags.o)
 .data          0x00000000000137ac        0x0 ../../lib/libcircle.a(gpiopin.o)
 .data          0x00000000000137ac        0x0 ../../lib/libcircle.a(memory.o)
 .data          0x00000000000137ac        0x0 ../../lib/libcircle.a(new.o)
 .data          0x00000000000137ac        0x0 ../../lib/libcircle.a(synchronize.o)
 .data          0x00000000000137ac        0x0 ../../lib/libcircle.a(sysinit.o)
 .data          0x00000000000137ac       0x30 ../../lib/libcircle.a(timer.o)
                0x00000000000137ac                CTimer::s_pMonthName
 .data          0x00000000000137dc        0x0 ../../lib/libcircle.a(util.o)
 .data          0x00000000000137dc        0x0 ../../lib/libcircle.a(util_fast.o)
 .data          0x00000000000137dc        0x0 ../../lib/libcircle.a(koptions.o)
 .data          0x00000000000137dc        0x0 ../../lib/libcircle.a(pagetable.o)
 .data          0x00000000000137dc        0x0 ../../lib/libcircle.a(screen.o)
 .data          0x00000000000137dc        0x0 ../../lib/libcircle.a(assert.o)
 .data          0x00000000000137dc        0x0 ../../lib/libcircle.a(chargenerator.o)
 .data          0x00000000000137dc        0x0 ../../lib/libcircle.a(debug.o)
 .data          0x00000000000137dc        0x0 ../../lib/libcircle.a(devicenameservice.o)
 .data          0x00000000000137dc        0x0 ../../lib/libcircle.a(logger.o)
 .data          0x00000000000137dc        0x0 ../../lib/libcircle.a(serial.o)
 .data          0x00000000000137dc        0x0 ../../lib/libcircle.a(string.o)
 .data          0x00000000000137dc        0x0 ../../lib/libcircle.a(delayloop.o)
 .data          0x00000000000137dc       0x10 ../../lib/libcircle.a(exceptionhandler.o)
                0x00000000000137dc                CExceptionHandler::s_pExceptionName
 .data          0x00000000000137ec        0x8 ../../lib/libcircle.a(exceptionstub.o)
                0x00000000000137ec                FIQData
 .data          0x00000000000137f4        0x0 ../../lib/libcircle.a(interrupt.o)
 .data          0x00000000000137f4        0x0 ../../lib/libcircle.a(gpiomanager.o)
 .data          0x00000000000137f4        0x0 ../../lib/libcircle.a(virtualgpiopin.o)
 .data          0x00000000000137f4        0x0 ../../lib/libcircle.a(machineinfo.o)
 .data          0x00000000000137f4        0x0 ../../lib/libcircle.a(cache-v7.o)
 .data          0x00000000000137f4        0x0 ../../lib/libcircle.a(ptrlist.o)
 .data          0x00000000000137f4       0x38 ../../lib/libcircle.a(alloc.o)
 .data          0x000000000001382c        0x0 ../../lib/libcircle.a(bcmmailbox.o)
 .data          0x000000000001382c        0x0 ../../lib/libcircle.a(libstub.o)
 .data          0x000000000001382c       0x70 ../../lib/libcircle.a(bcmframebuffer.o)
 .data          0x000000000001389c        0x0 ../../lib/libcircle.a(device.o)
 .data          0x000000000001389c        0x0 ../../lib/libcircle.a(libhelper.o)
                0x000000000001389c                __bss_start = .

.igot.plt       0x000000000001389c        0x0
 .igot.plt      0x000000000001389c        0x0 ../../lib/startup.o

.bss            0x000000000001389c       0xa4
 *(.bss*)
 .bss           0x000000000001389c        0x0 ../../lib/startup.o
 .bss           0x000000000001389c        0x0 main.o
 .bss           0x000000000001389c        0x0 kernel.o
 .bss           0x000000000001389c        0x0 screentask.o
 .bss           0x000000000001389c        0x0 primetask.o
 .bss           0x000000000001389c        0x0 ledtask.o
 .bss           0x000000000001389c        0x0 ../../lib/sched/libsched.a(task.o)
 .bss           0x000000000001389c        0x4 ../../lib/sched/libsched.a(scheduler.o)
                0x000000000001389c                CScheduler::s_pThis
 .bss           0x00000000000138a0        0x0 ../../lib/sched/libsched.a(taskswitch.o)
 .bss           0x00000000000138a0        0x0 ../../lib/sched/libsched.a(synchronizationevent.o)
 .bss           0x00000000000138a0        0x4 ../../lib/libcircle.a(actled.o)
                0x00000000000138a0                CActLED::s_pThis
 .bss           0x00000000000138a4        0x0 ../../lib/libcircle.a(bcmpropertytags.o)
 .bss           0x00000000000138a4        0x4 ../../lib/libcircle.a(gpiopin.o)
                0x00000000000138a4                CGPIOPin::s_SpinLock
 .bss           0x00000000000138a8        0x0 ../../lib/libcircle.a(memory.o)
 .bss           0x00000000000138a8        0x0 ../../lib/libcircle.a(new.o)
 .bss           0x00000000000138a8       0x54 ../../lib/libcircle.a(synchronize.o)
 .bss           0x00000000000138fc        0x4 ../../lib/libcircle.a(sysinit.o)
                0x00000000000138fc                __dso_handle
 .bss           0x0000000000013900        0x4 ../../lib/libcircle.a(timer.o)
                0x0000000000013900                CTimer::s_pThis
 .bss           0x0000000000013904        0x0 ../../lib/libcircle.a(util.o)
 .bss           0x0000000000013904        0x0 ../../lib/libcircle.a(util_fast.o)
 .bss           0x0000000000013904        0x4 ../../lib/libcircle.a(koptions.o)
                0x0000000000013904                CKernelOptions::s_pThis
 .bss           0x0000000000013908        0x0 ../../lib/libcircle.a(pagetable.o)
 .bss           0x0000000000013908        0x0 ../../lib/libcircle.a(screen.o)
 .bss           0x0000000000013908        0x0 ../../lib/libcircle.a(assert.o)
 .bss           0x0000000000013908        0x0 ../../lib/libcircle.a(chargenerator.o)
 .bss           0x0000000000013908        0x0 ../../lib/libcircle.a(debug.o)
 .bss           0x0000000000013908        0x4 ../../lib/libcircle.a(devicenameservice.o)
                0x0000000000013908                CDeviceNameService::s_This
 .bss           0x000000000001390c        0x4 ../../lib/libcircle.a(logger.o)
                0x000000000001390c                CLogger::s_pThis
 .bss           0x0000000000013910        0x0 ../../lib/libcircle.a(serial.o)
 .bss           0x0000000000013910        0x0 ../../lib/libcircle.a(string.o)
 .bss           0x0000000000013910        0x0 ../../lib/libcircle.a(delayloop.o)
 .bss           0x0000000000013910        0x4 ../../lib/libcircle.a(exceptionhandler.o)
                0x0000000000013910                CExceptionHandler::s_pThis
 .bss           0x0000000000013914        0x0 ../../lib/libcircle.a(exceptionstub.o)
 .bss           0x0000000000013914        0x4 ../../lib/libcircle.a(interrupt.o)
                0x0000000000013914                CInterruptSystem::s_pThis
 .bss           0x0000000000013918        0x0 ../../lib/libcircle.a(gpiomanager.o)
 .bss           0x0000000000013918        0x8 ../../lib/libcircle.a(virtualgpiopin.o)
                0x0000000000013918                CVirtualGPIOPin::s_SpinLock
                0x000000000001391c                CVirtualGPIOPin::s_nGPIOBaseAddress
 .bss           0x0000000000013920        0x4 ../../lib/libcircle.a(machineinfo.o)
                0x0000000000013920                CMachineInfo::s_pThis
 .bss           0x0000000000013924        0x0 ../../lib/libcircle.a(cache-v7.o)
 .bss           0x0000000000013924        0x0 ../../lib/libcircle.a(ptrlist.o)
 .bss           0x0000000000013924       0x1c ../../lib/libcircle.a(alloc.o)
 .bss           0x0000000000013940        0x0 ../../lib/libcircle.a(bcmmailbox.o)
 .bss           0x0000000000013940        0x0 ../../lib/libcircle.a(libstub.o)
 .bss           0x0000000000013940        0x0 ../../lib/libcircle.a(bcmframebuffer.o)
 .bss           0x0000000000013940        0x0 ../../lib/libcircle.a(device.o)
 .bss           0x0000000000013940        0x0 ../../lib/libcircle.a(libhelper.o)
                0x0000000000013940                _end = .
LOAD ../../lib/startup.o
LOAD main.o
LOAD kernel.o
LOAD screentask.o
LOAD primetask.o
LOAD ledtask.o
LOAD ../../lib/sched/libsched.a
LOAD ../../lib/libcircle.a
OUTPUT(kernel7.elf elf32-littlearm)

.ARM.attributes
                0x0000000000000000       0x31
 .ARM.attributes
                0x0000000000000000       0x21 ../../lib/startup.o
 .ARM.attributes
                0x0000000000000021       0x35 main.o
 .ARM.attributes
                0x0000000000000056       0x35 kernel.o
 .ARM.attributes
                0x000000000000008b       0x35 screentask.o
 .ARM.attributes
                0x00000000000000c0       0x35 primetask.o
 .ARM.attributes
                0x00000000000000f5       0x35 ledtask.o
 .ARM.attributes
                0x000000000000012a       0x35 ../../lib/sched/libsched.a(task.o)
 .ARM.attributes
                0x000000000000015f       0x35 ../../lib/sched/libsched.a(scheduler.o)
 .ARM.attributes
                0x0000000000000194       0x21 ../../lib/sched/libsched.a(taskswitch.o)
 .ARM.attributes
                0x00000000000001b5       0x35 ../../lib/sched/libsched.a(synchronizationevent.o)
 .ARM.attributes
                0x00000000000001ea       0x35 ../../lib/libcircle.a(actled.o)
 .ARM.attributes
                0x000000000000021f       0x35 ../../lib/libcircle.a(bcmpropertytags.o)
 .ARM.attributes
                0x0000000000000254       0x35 ../../lib/libcircle.a(gpiopin.o)
 .ARM.attributes
                0x0000000000000289       0x35 ../../lib/libcircle.a(memory.o)
 .ARM.attributes
                0x00000000000002be       0x35 ../../lib/libcircle.a(new.o)
 .ARM.attributes
                0x00000000000002f3       0x35 ../../lib/libcircle.a(synchronize.o)
 .ARM.attributes
                0x0000000000000328       0x35 ../../lib/libcircle.a(sysinit.o)
 .ARM.attributes
                0x000000000000035d       0x35 ../../lib/libcircle.a(timer.o)
 .ARM.attributes
                0x0000000000000392       0x35 ../../lib/libcircle.a(util.o)
 .ARM.attributes
                0x00000000000003c7       0x21 ../../lib/libcircle.a(util_fast.o)
 .ARM.attributes
                0x00000000000003e8       0x35 ../../lib/libcircle.a(koptions.o)
 .ARM.attributes
                0x000000000000041d       0x35 ../../lib/libcircle.a(pagetable.o)
 .ARM.attributes
                0x0000000000000452       0x35 ../../lib/libcircle.a(screen.o)
 .ARM.attributes
                0x0000000000000487       0x35 ../../lib/libcircle.a(assert.o)
 .ARM.attributes
                0x00000000000004bc       0x35 ../../lib/libcircle.a(chargenerator.o)
 .ARM.attributes
                0x00000000000004f1       0x35 ../../lib/libcircle.a(debug.o)
 .ARM.attributes
                0x0000000000000526       0x35 ../../lib/libcircle.a(devicenameservice.o)
 .ARM.attributes
                0x000000000000055b       0x35 ../../lib/libcircle.a(logger.o)
 .ARM.attributes
                0x0000000000000590       0x35 ../../lib/libcircle.a(serial.o)
 .ARM.attributes
                0x00000000000005c5       0x35 ../../lib/libcircle.a(string.o)
 .ARM.attributes
                0x00000000000005fa       0x21 ../../lib/libcircle.a(delayloop.o)
 .ARM.attributes
                0x000000000000061b       0x35 ../../lib/libcircle.a(exceptionhandler.o)
 .ARM.attributes
                0x0000000000000650       0x21 ../../lib/libcircle.a(exceptionstub.o)
 .ARM.attributes
                0x0000000000000671       0x35 ../../lib/libcircle.a(interrupt.o)
 .ARM.attributes
                0x00000000000006a6       0x35 ../../lib/libcircle.a(gpiomanager.o)
 .ARM.attributes
                0x00000000000006db       0x35 ../../lib/libcircle.a(virtualgpiopin.o)
 .ARM.attributes
                0x0000000000000710       0x35 ../../lib/libcircle.a(machineinfo.o)
 .ARM.attributes
                0x0000000000000745       0x21 ../../lib/libcircle.a(cache-v7.o)
 .ARM.attributes
                0x0000000000000766       0x35 ../../lib/libcircle.a(ptrlist.o)
 .ARM.attributes
                0x000000000000079b       0x35 ../../lib/libcircle.a(alloc.o)
 .ARM.attributes
                0x00000000000007d0       0x35 ../../lib/libcircle.a(bcmmailbox.o)
 .ARM.attributes
                0x0000000000000805       0x21 ../../lib/libcircle.a(libstub.o)
 .ARM.attributes
                0x0000000000000826       0x35 ../../lib/libcircle.a(bcmframebuffer.o)
 .ARM.attributes
                0x000000000000085b       0x35 ../../lib/libcircle.a(device.o)
 .ARM.attributes
                0x0000000000000890       0x35 ../../lib/libcircle.a(libhelper.o)

.comment        0x0000000000000000       0x2d
 .comment       0x0000000000000000       0x2d main.o
                                         0x2e (size before relaxing)
 .comment       0x000000000000002d       0x2e kernel.o
 .comment       0x000000000000002d       0x2e screentask.o
 .comment       0x000000000000002d       0x2e primetask.o
 .comment       0x000000000000002d       0x2e ledtask.o
 .comment       0x000000000000002d       0x2e ../../lib/sched/libsched.a(task.o)
 .comment       0x000000000000002d       0x2e ../../lib/sched/libsched.a(scheduler.o)
 .comment       0x000000000000002d       0x2e ../../lib/sched/libsched.a(synchronizationevent.o)
 .comment       0x000000000000002d       0x2e ../../lib/libcircle.a(actled.o)
 .comment       0x000000000000002d       0x2e ../../lib/libcircle.a(bcmpropertytags.o)
 .comment       0x000000000000002d       0x2e ../../lib/libcircle.a(gpiopin.o)
 .comment       0x000000000000002d       0x2e ../../lib/libcircle.a(memory.o)
 .comment       0x000000000000002d       0x2e ../../lib/libcircle.a(new.o)
 .comment       0x000000000000002d       0x2e ../../lib/libcircle.a(synchronize.o)
 .comment       0x000000000000002d       0x2e ../../lib/libcircle.a(sysinit.o)
 .comment       0x000000000000002d       0x2e ../../lib/libcircle.a(timer.o)
 .comment       0x000000000000002d       0x2e ../../lib/libcircle.a(util.o)
 .comment       0x000000000000002d       0x2e ../../lib/libcircle.a(koptions.o)
 .comment       0x000000000000002d       0x2e ../../lib/libcircle.a(pagetable.o)
 .comment       0x000000000000002d       0x2e ../../lib/libcircle.a(screen.o)
 .comment       0x000000000000002d       0x2e ../../lib/libcircle.a(assert.o)
 .comment       0x000000000000002d       0x2e ../../lib/libcircle.a(chargenerator.o)
 .comment       0x000000000000002d       0x2e ../../lib/libcircle.a(debug.o)
 .comment       0x000000000000002d       0x2e ../../lib/libcircle.a(devicenameservice.o)
 .comment       0x000000000000002d       0x2e ../../lib/libcircle.a(logger.o)
 .comment       0x000000000000002d       0x2e ../../lib/libcircle.a(serial.o)
 .comment       0x000000000000002d       0x2e ../../lib/libcircle.a(string.o)
 .comment       0x000000000000002d       0x2e ../../lib/libcircle.a(exceptionhandler.o)
 .comment       0x000000000000002d       0x2e ../../lib/libcircle.a(interrupt.o)
 .comment       0x000000000000002d       0x2e ../../lib/libcircle.a(gpiomanager.o)
 .comment       0x000000000000002d       0x2e ../../lib/libcircle.a(virtualgpiopin.o)
 .comment       0x000000000000002d       0x2e ../../lib/libcircle.a(machineinfo.o)
 .comment       0x000000000000002d       0x2e ../../lib/libcircle.a(ptrlist.o)
 .comment       0x000000000000002d       0x2e ../../lib/libcircle.a(alloc.o)
 .comment       0x000000000000002d       0x2e ../../lib/libcircle.a(bcmmailbox.o)
 .comment       0x000000000000002d       0x2e ../../lib/libcircle.a(bcmframebuffer.o)
 .comment       0x000000000000002d       0x2e ../../lib/libcircle.a(device.o)
 .comment       0x000000000000002d       0x2e ../../lib/libcircle.a(libhelper.o)

.debug_info     0x0000000000000000    0x1ea27
 .debug_info    0x0000000000000000     0x18db main.o
 .debug_info    0x00000000000018db     0x1e49 kernel.o
 .debug_info    0x0000000000003724      0x5b5 screentask.o
 .debug_info    0x0000000000003cd9      0x730 primetask.o
 .debug_info    0x0000000000004409      0x5e1 ledtask.o
 .debug_info    0x00000000000049ea      0x847 ../../lib/sched/libsched.a(task.o)
 .debug_info    0x0000000000005231     0x1888 ../../lib/sched/libsched.a(scheduler.o)
 .debug_info    0x0000000000006ab9      0x518 ../../lib/sched/libsched.a(synchronizationevent.o)
 .debug_info    0x0000000000006fd1      0xfce ../../lib/libcircle.a(actled.o)
 .debug_info    0x0000000000007f9f      0x60a ../../lib/libcircle.a(bcmpropertytags.o)
 .debug_info    0x00000000000085a9     0x2356 ../../lib/libcircle.a(gpiopin.o)
 .debug_info    0x000000000000a8ff      0x973 ../../lib/libcircle.a(memory.o)
 .debug_info    0x000000000000b272      0x1a7 ../../lib/libcircle.a(new.o)
 .debug_info    0x000000000000b419      0x1cb ../../lib/libcircle.a(synchronize.o)
 .debug_info    0x000000000000b5e4      0x5c0 ../../lib/libcircle.a(sysinit.o)
 .debug_info    0x000000000000bba4     0x1e25 ../../lib/libcircle.a(timer.o)
 .debug_info    0x000000000000d9c9      0x459 ../../lib/libcircle.a(util.o)
 .debug_info    0x000000000000de22      0xdb9 ../../lib/libcircle.a(koptions.o)
 .debug_info    0x000000000000ebdb      0x4af ../../lib/libcircle.a(pagetable.o)
 .debug_info    0x000000000000f08a     0x2726 ../../lib/libcircle.a(screen.o)
 .debug_info    0x00000000000117b0      0xbbb ../../lib/libcircle.a(assert.o)
 .debug_info    0x000000000001236b      0x389 ../../lib/libcircle.a(chargenerator.o)
 .debug_info    0x00000000000126f4      0xc17 ../../lib/libcircle.a(debug.o)
 .debug_info    0x000000000001330b      0x70b ../../lib/libcircle.a(devicenameservice.o)
 .debug_info    0x0000000000013a16     0x15c8 ../../lib/libcircle.a(logger.o)
 .debug_info    0x0000000000014fde     0x1754 ../../lib/libcircle.a(serial.o)
 .debug_info    0x0000000000016732     0x188a ../../lib/libcircle.a(string.o)
 .debug_info    0x0000000000017fbc     0x1038 ../../lib/libcircle.a(exceptionhandler.o)
 .debug_info    0x0000000000018ff4      0xb7e ../../lib/libcircle.a(interrupt.o)
 .debug_info    0x0000000000019b72      0x95d ../../lib/libcircle.a(gpiomanager.o)
 .debug_info    0x000000000001a4cf      0x8e0 ../../lib/libcircle.a(virtualgpiopin.o)
 .debug_info    0x000000000001adaf      0xbc9 ../../lib/libcircle.a(machineinfo.o)
 .debug_info    0x000000000001b978      0x771 ../../lib/libcircle.a(ptrlist.o)
 .debug_info    0x000000000001c0e9      0x741 ../../lib/libcircle.a(alloc.o)
 .debug_info    0x000000000001c82a      0xe2c ../../lib/libcircle.a(bcmmailbox.o)
 .debug_info    0x000000000001d656      0xcdd ../../lib/libcircle.a(bcmframebuffer.o)
 .debug_info    0x000000000001e333      0x301 ../../lib/libcircle.a(device.o)
 .debug_info    0x000000000001e634      0x3f3 ../../lib/libcircle.a(libhelper.o)

.debug_abbrev   0x0000000000000000     0x77e6
 .debug_abbrev  0x0000000000000000      0x3ae main.o
 .debug_abbrev  0x00000000000003ae      0x496 kernel.o
 .debug_abbrev  0x0000000000000844      0x2a4 screentask.o
 .debug_abbrev  0x0000000000000ae8      0x354 primetask.o
 .debug_abbrev  0x0000000000000e3c      0x27d ledtask.o
 .debug_abbrev  0x00000000000010b9      0x319 ../../lib/sched/libsched.a(task.o)
 .debug_abbrev  0x00000000000013d2      0x4e8 ../../lib/sched/libsched.a(scheduler.o)
 .debug_abbrev  0x00000000000018ba      0x22e ../../lib/sched/libsched.a(synchronizationevent.o)
 .debug_abbrev  0x0000000000001ae8      0x411 ../../lib/libcircle.a(actled.o)
 .debug_abbrev  0x0000000000001ef9      0x214 ../../lib/libcircle.a(bcmpropertytags.o)
 .debug_abbrev  0x000000000000210d      0x5ce ../../lib/libcircle.a(gpiopin.o)
 .debug_abbrev  0x00000000000026db      0x28a ../../lib/libcircle.a(memory.o)
 .debug_abbrev  0x0000000000002965       0xc7 ../../lib/libcircle.a(new.o)
 .debug_abbrev  0x0000000000002a2c       0xc6 ../../lib/libcircle.a(synchronize.o)
 .debug_abbrev  0x0000000000002af2      0x260 ../../lib/libcircle.a(sysinit.o)
 .debug_abbrev  0x0000000000002d52      0x5d0 ../../lib/libcircle.a(timer.o)
 .debug_abbrev  0x0000000000003322      0x17c ../../lib/libcircle.a(util.o)
 .debug_abbrev  0x000000000000349e      0x3c7 ../../lib/libcircle.a(koptions.o)
 .debug_abbrev  0x0000000000003865      0x201 ../../lib/libcircle.a(pagetable.o)
 .debug_abbrev  0x0000000000003a66      0x525 ../../lib/libcircle.a(screen.o)
 .debug_abbrev  0x0000000000003f8b      0x2f9 ../../lib/libcircle.a(assert.o)
 .debug_abbrev  0x0000000000004284      0x193 ../../lib/libcircle.a(chargenerator.o)
 .debug_abbrev  0x0000000000004417      0x2f1 ../../lib/libcircle.a(debug.o)
 .debug_abbrev  0x0000000000004708      0x29d ../../lib/libcircle.a(devicenameservice.o)
 .debug_abbrev  0x00000000000049a5      0x438 ../../lib/libcircle.a(logger.o)
 .debug_abbrev  0x0000000000004ddd      0x505 ../../lib/libcircle.a(serial.o)
 .debug_abbrev  0x00000000000052e2      0x444 ../../lib/libcircle.a(string.o)
 .debug_abbrev  0x0000000000005726      0x408 ../../lib/libcircle.a(exceptionhandler.o)
 .debug_abbrev  0x0000000000005b2e      0x3a1 ../../lib/libcircle.a(interrupt.o)
 .debug_abbrev  0x0000000000005ecf      0x33e ../../lib/libcircle.a(gpiomanager.o)
 .debug_abbrev  0x000000000000620d      0x3d1 ../../lib/libcircle.a(virtualgpiopin.o)
 .debug_abbrev  0x00000000000065de      0x33f ../../lib/libcircle.a(machineinfo.o)
 .debug_abbrev  0x000000000000691d      0x1ad ../../lib/libcircle.a(ptrlist.o)
 .debug_abbrev  0x0000000000006aca      0x28c ../../lib/libcircle.a(alloc.o)
 .debug_abbrev  0x0000000000006d56      0x3cc ../../lib/libcircle.a(bcmmailbox.o)
 .debug_abbrev  0x0000000000007122      0x346 ../../lib/libcircle.a(bcmframebuffer.o)
 .debug_abbrev  0x0000000000007468      0x1d3 ../../lib/libcircle.a(device.o)
 .debug_abbrev  0x000000000000763b      0x1ab ../../lib/libcircle.a(libhelper.o)

.debug_loc      0x0000000000000000     0xb265
 .debug_loc     0x0000000000000000       0x1e main.o
 .debug_loc     0x000000000000001e      0x267 kernel.o
 .debug_loc     0x0000000000000285       0xf1 screentask.o
 .debug_loc     0x0000000000000376      0x1e2 primetask.o
 .debug_loc     0x0000000000000558       0xf5 ledtask.o
 .debug_loc     0x000000000000064d      0x187 ../../lib/sched/libsched.a(task.o)
 .debug_loc     0x00000000000007d4      0x7bd ../../lib/sched/libsched.a(scheduler.o)
 .debug_loc     0x0000000000000f91       0xa4 ../../lib/sched/libsched.a(synchronizationevent.o)
 .debug_loc     0x0000000000001035      0x289 ../../lib/libcircle.a(actled.o)
 .debug_loc     0x00000000000012be      0x214 ../../lib/libcircle.a(bcmpropertytags.o)
 .debug_loc     0x00000000000014d2     0x1005 ../../lib/libcircle.a(gpiopin.o)
 .debug_loc     0x00000000000024d7      0x125 ../../lib/libcircle.a(memory.o)
 .debug_loc     0x00000000000025fc       0x84 ../../lib/libcircle.a(new.o)
 .debug_loc     0x0000000000002680       0x37 ../../lib/libcircle.a(synchronize.o)
 .debug_loc     0x00000000000026b7      0x102 ../../lib/libcircle.a(sysinit.o)
 .debug_loc     0x00000000000027b9      0xfcd ../../lib/libcircle.a(timer.o)
 .debug_loc     0x0000000000003786      0x81c ../../lib/libcircle.a(util.o)
 .debug_loc     0x0000000000003fa2      0x39d ../../lib/libcircle.a(koptions.o)
 .debug_loc     0x000000000000433f      0x122 ../../lib/libcircle.a(pagetable.o)
 .debug_loc     0x0000000000004461     0x1696 ../../lib/libcircle.a(screen.o)
 .debug_loc     0x0000000000005af7       0x5a ../../lib/libcircle.a(assert.o)
 .debug_loc     0x0000000000005b51      0x1b4 ../../lib/libcircle.a(chargenerator.o)
 .debug_loc     0x0000000000005d05      0x159 ../../lib/libcircle.a(debug.o)
 .debug_loc     0x0000000000005e5e      0x33d ../../lib/libcircle.a(devicenameservice.o)
 .debug_loc     0x000000000000619b      0x484 ../../lib/libcircle.a(logger.o)
 .debug_loc     0x000000000000661f      0xdf4 ../../lib/libcircle.a(serial.o)
 .debug_loc     0x0000000000007413     0x19eb ../../lib/libcircle.a(string.o)
 .debug_loc     0x0000000000008dfe      0x283 ../../lib/libcircle.a(exceptionhandler.o)
 .debug_loc     0x0000000000009081      0x66d ../../lib/libcircle.a(interrupt.o)
 .debug_loc     0x00000000000096ee      0x3a6 ../../lib/libcircle.a(gpiomanager.o)
 .debug_loc     0x0000000000009a94      0x32c ../../lib/libcircle.a(virtualgpiopin.o)
 .debug_loc     0x0000000000009dc0      0x305 ../../lib/libcircle.a(machineinfo.o)
 .debug_loc     0x000000000000a0c5      0x352 ../../lib/libcircle.a(ptrlist.o)
 .debug_loc     0x000000000000a417      0x563 ../../lib/libcircle.a(alloc.o)
 .debug_loc     0x000000000000a97a      0x24b ../../lib/libcircle.a(bcmmailbox.o)
 .debug_loc     0x000000000000abc5      0x363 ../../lib/libcircle.a(bcmframebuffer.o)
 .debug_loc     0x000000000000af28       0x60 ../../lib/libcircle.a(device.o)
 .debug_loc     0x000000000000af88      0x2dd ../../lib/libcircle.a(libhelper.o)

.debug_aranges  0x0000000000000000      0x4d8
 .debug_aranges
                0x0000000000000000       0x20 main.o
 .debug_aranges
                0x0000000000000020       0x20 kernel.o
 .debug_aranges
                0x0000000000000040       0x20 screentask.o
 .debug_aranges
                0x0000000000000060       0x20 primetask.o
 .debug_aranges
                0x0000000000000080       0x20 ledtask.o
 .debug_aranges
                0x00000000000000a0       0x20 ../../lib/sched/libsched.a(task.o)
 .debug_aranges
                0x00000000000000c0       0x20 ../../lib/sched/libsched.a(scheduler.o)
 .debug_aranges
                0x00000000000000e0       0x20 ../../lib/sched/libsched.a(synchronizationevent.o)
 .debug_aranges
                0x0000000000000100       0x20 ../../lib/libcircle.a(actled.o)
 .debug_aranges
                0x0000000000000120       0x20 ../../lib/libcircle.a(bcmpropertytags.o)
 .debug_aranges
                0x0000000000000140       0x28 ../../lib/libcircle.a(gpiopin.o)
 .debug_aranges
                0x0000000000000168       0x20 ../../lib/libcircle.a(memory.o)
 .debug_aranges
                0x0000000000000188       0x20 ../../lib/libcircle.a(new.o)
 .debug_aranges
                0x00000000000001a8       0x20 ../../lib/libcircle.a(synchronize.o)
 .debug_aranges
                0x00000000000001c8       0x20 ../../lib/libcircle.a(sysinit.o)
 .debug_aranges
                0x00000000000001e8       0x20 ../../lib/libcircle.a(timer.o)
 .debug_aranges
                0x0000000000000208       0x20 ../../lib/libcircle.a(util.o)
 .debug_aranges
                0x0000000000000228       0x20 ../../lib/libcircle.a(koptions.o)
 .debug_aranges
                0x0000000000000248       0x20 ../../lib/libcircle.a(pagetable.o)
 .debug_aranges
                0x0000000000000268       0x20 ../../lib/libcircle.a(screen.o)
 .debug_aranges
                0x0000000000000288       0x20 ../../lib/libcircle.a(assert.o)
 .debug_aranges
                0x00000000000002a8       0x20 ../../lib/libcircle.a(chargenerator.o)
 .debug_aranges
                0x00000000000002c8       0x20 ../../lib/libcircle.a(debug.o)
 .debug_aranges
                0x00000000000002e8       0x20 ../../lib/libcircle.a(devicenameservice.o)
 .debug_aranges
                0x0000000000000308       0x20 ../../lib/libcircle.a(logger.o)
 .debug_aranges
                0x0000000000000328       0x20 ../../lib/libcircle.a(serial.o)
 .debug_aranges
                0x0000000000000348       0x20 ../../lib/libcircle.a(string.o)
 .debug_aranges
                0x0000000000000368       0x20 ../../lib/libcircle.a(exceptionhandler.o)
 .debug_aranges
                0x0000000000000388       0x20 ../../lib/libcircle.a(interrupt.o)
 .debug_aranges
                0x00000000000003a8       0x20 ../../lib/libcircle.a(gpiomanager.o)
 .debug_aranges
                0x00000000000003c8       0x28 ../../lib/libcircle.a(virtualgpiopin.o)
 .debug_aranges
                0x00000000000003f0       0x20 ../../lib/libcircle.a(machineinfo.o)
 .debug_aranges
                0x0000000000000410       0x20 ../../lib/libcircle.a(ptrlist.o)
 .debug_aranges
                0x0000000000000430       0x28 ../../lib/libcircle.a(alloc.o)
 .debug_aranges
                0x0000000000000458       0x20 ../../lib/libcircle.a(bcmmailbox.o)
 .debug_aranges
                0x0000000000000478       0x20 ../../lib/libcircle.a(bcmframebuffer.o)
 .debug_aranges
                0x0000000000000498       0x20 ../../lib/libcircle.a(device.o)
 .debug_aranges
                0x00000000000004b8       0x20 ../../lib/libcircle.a(libhelper.o)

.debug_ranges   0x0000000000000000     0x1858
 .debug_ranges  0x0000000000000000       0x10 main.o
 .debug_ranges  0x0000000000000010       0x58 screentask.o
 .debug_ranges  0x0000000000000068       0xa0 primetask.o
 .debug_ranges  0x0000000000000108       0x18 ledtask.o
 .debug_ranges  0x0000000000000120      0x100 ../../lib/sched/libsched.a(scheduler.o)
 .debug_ranges  0x0000000000000220       0x60 ../../lib/libcircle.a(actled.o)
 .debug_ranges  0x0000000000000280      0x250 ../../lib/libcircle.a(gpiopin.o)
 .debug_ranges  0x00000000000004d0       0x20 ../../lib/libcircle.a(memory.o)
 .debug_ranges  0x00000000000004f0       0x70 ../../lib/libcircle.a(sysinit.o)
 .debug_ranges  0x0000000000000560      0x2f8 ../../lib/libcircle.a(timer.o)
 .debug_ranges  0x0000000000000858       0x20 ../../lib/libcircle.a(util.o)
 .debug_ranges  0x0000000000000878       0xe8 ../../lib/libcircle.a(koptions.o)
 .debug_ranges  0x0000000000000960       0x58 ../../lib/libcircle.a(pagetable.o)
 .debug_ranges  0x00000000000009b8      0x330 ../../lib/libcircle.a(screen.o)
 .debug_ranges  0x0000000000000ce8       0x58 ../../lib/libcircle.a(debug.o)
 .debug_ranges  0x0000000000000d40       0x98 ../../lib/libcircle.a(devicenameservice.o)
 .debug_ranges  0x0000000000000dd8       0x80 ../../lib/libcircle.a(logger.o)
 .debug_ranges  0x0000000000000e58      0x328 ../../lib/libcircle.a(serial.o)
 .debug_ranges  0x0000000000001180      0x240 ../../lib/libcircle.a(string.o)
 .debug_ranges  0x00000000000013c0       0x38 ../../lib/libcircle.a(exceptionhandler.o)
 .debug_ranges  0x00000000000013f8       0xa8 ../../lib/libcircle.a(interrupt.o)
 .debug_ranges  0x00000000000014a0       0x78 ../../lib/libcircle.a(gpiomanager.o)
 .debug_ranges  0x0000000000001518       0x98 ../../lib/libcircle.a(virtualgpiopin.o)
 .debug_ranges  0x00000000000015b0       0x68 ../../lib/libcircle.a(machineinfo.o)
 .debug_ranges  0x0000000000001618      0x128 ../../lib/libcircle.a(alloc.o)
 .debug_ranges  0x0000000000001740       0xb0 ../../lib/libcircle.a(bcmmailbox.o)
 .debug_ranges  0x00000000000017f0       0x68 ../../lib/libcircle.a(bcmframebuffer.o)

.debug_line     0x0000000000000000     0x4602
 .debug_line    0x0000000000000000      0x1cd main.o
 .debug_line    0x00000000000001cd      0x252 kernel.o
 .debug_line    0x000000000000041f       0xcc screentask.o
 .debug_line    0x00000000000004eb       0xfc primetask.o
 .debug_line    0x00000000000005e7       0xce ledtask.o
 .debug_line    0x00000000000006b5      0x124 ../../lib/sched/libsched.a(task.o)
 .debug_line    0x00000000000007d9      0x2e0 ../../lib/sched/libsched.a(scheduler.o)
 .debug_line    0x0000000000000ab9      0x103 ../../lib/sched/libsched.a(synchronizationevent.o)
 .debug_line    0x0000000000000bbc      0x165 ../../lib/libcircle.a(actled.o)
 .debug_line    0x0000000000000d21      0x10b ../../lib/libcircle.a(bcmpropertytags.o)
 .debug_line    0x0000000000000e2c      0x638 ../../lib/libcircle.a(gpiopin.o)
 .debug_line    0x0000000000001464      0x164 ../../lib/libcircle.a(memory.o)
 .debug_line    0x00000000000015c8       0x5d ../../lib/libcircle.a(new.o)
 .debug_line    0x0000000000001625       0xc3 ../../lib/libcircle.a(synchronize.o)
 .debug_line    0x00000000000016e8       0xeb ../../lib/libcircle.a(sysinit.o)
 .debug_line    0x00000000000017d3      0x516 ../../lib/libcircle.a(timer.o)
 .debug_line    0x0000000000001ce9      0x151 ../../lib/libcircle.a(util.o)
 .debug_line    0x0000000000001e3a      0x1e6 ../../lib/libcircle.a(koptions.o)
 .debug_line    0x0000000000002020      0x162 ../../lib/libcircle.a(pagetable.o)
 .debug_line    0x0000000000002182      0x514 ../../lib/libcircle.a(screen.o)
 .debug_line    0x0000000000002696       0xeb ../../lib/libcircle.a(assert.o)
 .debug_line    0x0000000000002781       0xb8 ../../lib/libcircle.a(chargenerator.o)
 .debug_line    0x0000000000002839      0x117 ../../lib/libcircle.a(debug.o)
 .debug_line    0x0000000000002950      0x1b7 ../../lib/libcircle.a(devicenameservice.o)
 .debug_line    0x0000000000002b07      0x223 ../../lib/libcircle.a(logger.o)
 .debug_line    0x0000000000002d2a      0x458 ../../lib/libcircle.a(serial.o)
 .debug_line    0x0000000000003182      0x3c8 ../../lib/libcircle.a(string.o)
 .debug_line    0x000000000000354a      0x18b ../../lib/libcircle.a(exceptionhandler.o)
 .debug_line    0x00000000000036d5      0x277 ../../lib/libcircle.a(interrupt.o)
 .debug_line    0x000000000000394c      0x1a9 ../../lib/libcircle.a(gpiomanager.o)
 .debug_line    0x0000000000003af5      0x160 ../../lib/libcircle.a(virtualgpiopin.o)
 .debug_line    0x0000000000003c55      0x1ac ../../lib/libcircle.a(machineinfo.o)
 .debug_line    0x0000000000003e01      0x178 ../../lib/libcircle.a(ptrlist.o)
 .debug_line    0x0000000000003f79      0x215 ../../lib/libcircle.a(alloc.o)
 .debug_line    0x000000000000418e      0x1b9 ../../lib/libcircle.a(bcmmailbox.o)
 .debug_line    0x0000000000004347      0x174 ../../lib/libcircle.a(bcmframebuffer.o)
 .debug_line    0x00000000000044bb       0x68 ../../lib/libcircle.a(device.o)
 .debug_line    0x0000000000004523       0xdf ../../lib/libcircle.a(libhelper.o)

.debug_str      0x0000000000000000     0x4fb7
 .debug_str     0x0000000000000000     0x1818 main.o
                                       0x19d6 (size before relaxing)
 .debug_str     0x0000000000001818       0xd0 kernel.o
                                       0x1a9f (size before relaxing)
 .debug_str     0x00000000000018e8      0x182 screentask.o
                                        0x4eb (size before relaxing)
 .debug_str     0x0000000000001a6a      0x12b primetask.o
                                        0x519 (size before relaxing)
 .debug_str     0x0000000000001b95       0xac ledtask.o
                                        0x4be (size before relaxing)
 .debug_str     0x0000000000001c41      0x271 ../../lib/sched/libsched.a(task.o)
                                        0x5cc (size before relaxing)
 .debug_str     0x0000000000001eb2       0xbc ../../lib/sched/libsched.a(scheduler.o)
                                       0x106f (size before relaxing)
 .debug_str     0x0000000000001f6e       0x57 ../../lib/sched/libsched.a(synchronizationevent.o)
                                        0x4b6 (size before relaxing)
 .debug_str     0x0000000000001fc5      0x253 ../../lib/libcircle.a(actled.o)
                                        0xe30 (size before relaxing)
 .debug_str     0x0000000000002218       0xb3 ../../lib/libcircle.a(bcmpropertytags.o)
                                        0x442 (size before relaxing)
 .debug_str     0x00000000000022cb      0xc2d ../../lib/libcircle.a(gpiopin.o)
                                       0x1804 (size before relaxing)
 .debug_str     0x0000000000002ef8       0x8b ../../lib/libcircle.a(memory.o)
                                        0x6f6 (size before relaxing)
 .debug_str     0x0000000000002f83       0x25 ../../lib/libcircle.a(new.o)
                                        0x14a (size before relaxing)
 .debug_str     0x0000000000002fa8       0x54 ../../lib/libcircle.a(synchronize.o)
                                        0x1b8 (size before relaxing)
 .debug_str     0x0000000000002ffc       0x95 ../../lib/libcircle.a(sysinit.o)
                                        0x69c (size before relaxing)
 .debug_str     0x0000000000003091      0x165 ../../lib/libcircle.a(timer.o)
                                        0xf25 (size before relaxing)
 .debug_str     0x00000000000031f6       0xf6 ../../lib/libcircle.a(util.o)
                                        0x255 (size before relaxing)
 .debug_str     0x00000000000032ec       0x75 ../../lib/libcircle.a(koptions.o)
                                        0x797 (size before relaxing)
 .debug_str     0x0000000000003361       0x6c ../../lib/libcircle.a(pagetable.o)
                                        0x2dc (size before relaxing)
 .debug_str     0x00000000000033cd      0xca1 ../../lib/libcircle.a(screen.o)
                                       0x11e0 (size before relaxing)
 .debug_str     0x000000000000406e       0x54 ../../lib/libcircle.a(assert.o)
                                        0xd0d (size before relaxing)
 .debug_str     0x00000000000040c2       0x6d ../../lib/libcircle.a(chargenerator.o)
                                        0x2f7 (size before relaxing)
 .debug_str     0x000000000000412f       0x63 ../../lib/libcircle.a(debug.o)
                                        0xcef (size before relaxing)
 .debug_str     0x0000000000004192       0x74 ../../lib/libcircle.a(devicenameservice.o)
                                        0x411 (size before relaxing)
 .debug_str     0x0000000000004206       0xb4 ../../lib/libcircle.a(logger.o)
                                       0x12da (size before relaxing)
 .debug_str     0x00000000000042ba      0x2b7 ../../lib/libcircle.a(serial.o)
                                        0xf51 (size before relaxing)
 .debug_str     0x0000000000004571      0x24c ../../lib/libcircle.a(string.o)
                                        0x582 (size before relaxing)
 .debug_str     0x00000000000047bd      0x105 ../../lib/libcircle.a(exceptionhandler.o)
                                        0xed8 (size before relaxing)
 .debug_str     0x00000000000048c2       0x74 ../../lib/libcircle.a(interrupt.o)
                                        0x567 (size before relaxing)
 .debug_str     0x0000000000004936       0x5b ../../lib/libcircle.a(gpiomanager.o)
                                        0x6cc (size before relaxing)
 .debug_str     0x0000000000004991      0x17e ../../lib/libcircle.a(virtualgpiopin.o)
                                        0x64a (size before relaxing)
 .debug_str     0x0000000000004b0f       0xaf ../../lib/libcircle.a(machineinfo.o)
                                        0x937 (size before relaxing)
 .debug_str     0x0000000000004bbe       0x48 ../../lib/libcircle.a(ptrlist.o)
                                        0x2f5 (size before relaxing)
 .debug_str     0x0000000000004c06      0x12a ../../lib/libcircle.a(alloc.o)
                                        0x3a9 (size before relaxing)
 .debug_str     0x0000000000004d30       0x3f ../../lib/libcircle.a(bcmmailbox.o)
                                        0xc5d (size before relaxing)
 .debug_str     0x0000000000004d6f      0x120 ../../lib/libcircle.a(bcmframebuffer.o)
                                        0x8ac (size before relaxing)
 .debug_str     0x0000000000004e8f       0xd3 ../../lib/libcircle.a(device.o)
                                        0x202 (size before relaxing)
 .debug_str     0x0000000000004f62       0x55 ../../lib/libcircle.a(libhelper.o)
                                        0x2bc (size before relaxing)

.debug_frame    0x0000000000000000     0x243c
 .debug_frame   0x0000000000000000       0x34 main.o
 .debug_frame   0x0000000000000034       0xb4 kernel.o
 .debug_frame   0x00000000000000e8       0x84 screentask.o
 .debug_frame   0x000000000000016c       0xa4 primetask.o
 .debug_frame   0x0000000000000210       0x78 ledtask.o
 .debug_frame   0x0000000000000288       0xa0 ../../lib/sched/libsched.a(task.o)
 .debug_frame   0x0000000000000328      0x194 ../../lib/sched/libsched.a(scheduler.o)
 .debug_frame   0x00000000000004bc       0x90 ../../lib/sched/libsched.a(synchronizationevent.o)
 .debug_frame   0x000000000000054c       0x98 ../../lib/libcircle.a(actled.o)
 .debug_frame   0x00000000000005e4       0x84 ../../lib/libcircle.a(bcmpropertytags.o)
 .debug_frame   0x0000000000000668      0x2c0 ../../lib/libcircle.a(gpiopin.o)
 .debug_frame   0x0000000000000928       0x78 ../../lib/libcircle.a(memory.o)
 .debug_frame   0x00000000000009a0       0x70 ../../lib/libcircle.a(new.o)
 .debug_frame   0x0000000000000a10       0x5c ../../lib/libcircle.a(synchronize.o)
 .debug_frame   0x0000000000000a6c       0x5c ../../lib/libcircle.a(sysinit.o)
 .debug_frame   0x0000000000000ac8      0x288 ../../lib/libcircle.a(timer.o)
 .debug_frame   0x0000000000000d50       0xdc ../../lib/libcircle.a(util.o)
 .debug_frame   0x0000000000000e2c      0x120 ../../lib/libcircle.a(koptions.o)
 .debug_frame   0x0000000000000f4c       0x70 ../../lib/libcircle.a(pagetable.o)
 .debug_frame   0x0000000000000fbc      0x49c ../../lib/libcircle.a(screen.o)
 .debug_frame   0x0000000000001458       0x34 ../../lib/libcircle.a(assert.o)
 .debug_frame   0x000000000000148c       0x7c ../../lib/libcircle.a(chargenerator.o)
 .debug_frame   0x0000000000001508       0x6c ../../lib/libcircle.a(debug.o)
 .debug_frame   0x0000000000001574       0xb0 ../../lib/libcircle.a(devicenameservice.o)
 .debug_frame   0x0000000000001624      0x108 ../../lib/libcircle.a(logger.o)
 .debug_frame   0x000000000000172c      0x148 ../../lib/libcircle.a(serial.o)
 .debug_frame   0x0000000000001874      0x22c ../../lib/libcircle.a(string.o)
 .debug_frame   0x0000000000001aa0       0xcc ../../lib/libcircle.a(exceptionhandler.o)
 .debug_frame   0x0000000000001b6c      0x18c ../../lib/libcircle.a(interrupt.o)
 .debug_frame   0x0000000000001cf8       0xd8 ../../lib/libcircle.a(gpiomanager.o)
 .debug_frame   0x0000000000001dd0       0xb8 ../../lib/libcircle.a(virtualgpiopin.o)
 .debug_frame   0x0000000000001e88      0x138 ../../lib/libcircle.a(machineinfo.o)
 .debug_frame   0x0000000000001fc0      0x100 ../../lib/libcircle.a(ptrlist.o)
 .debug_frame   0x00000000000020c0       0xc4 ../../lib/libcircle.a(alloc.o)
 .debug_frame   0x0000000000002184       0x90 ../../lib/libcircle.a(bcmmailbox.o)
 .debug_frame   0x0000000000002214      0x168 ../../lib/libcircle.a(bcmframebuffer.o)
 .debug_frame   0x000000000000237c       0x68 ../../lib/libcircle.a(device.o)
 .debug_frame   0x00000000000023e4       0x58 ../../lib/libcircle.a(libhelper.o)
